Java HotSpot(TM) 64-Bit Server VM (25.171-b11) for linux-amd64 JRE (1.8.0_171-b11), built on Mar 28 2018 17:07:08 by "java_re" with gcc 4.3.0 20080428 (Red Hat 4.3.0-8)
Memory: 4k page, physical 1883724k(86784k free), swap 0k(0k free)
CommandLine flags: -XX:+AlwaysPreTouch -XX:CMSInitiatingOccupancyFraction=75 -XX:ErrorFile=logs/hs_err_pid%p.log -XX:GCLogFileSize=67108864 -XX:+HeapDumpOnOutOfMemoryError -XX:HeapDumpPath=data -XX:InitialHeapSize=67108864 -XX:MaxHeapSize=67108864 -XX:MaxNewSize=22372352 -XX:MaxTenuringThreshold=6 -XX:NewSize=22372352 -XX:NumberOfGCLogFiles=32 -XX:OldPLABSize=16 -XX:OldSize=44736512 -XX:-OmitStackTraceInFastThrow -XX:+PrintGC -XX:+PrintGCApplicationStoppedTime -XX:+PrintGCDateStamps -XX:+PrintGCDetails -XX:+PrintGCTimeStamps -XX:+PrintTenuringDistribution -XX:ThreadStackSize=1024 -XX:+UseCMSInitiatingOccupancyOnly -XX:+UseCompressedClassPointers -XX:+UseCompressedOops -XX:+UseConcMarkSweepGC -XX:+UseGCLogFileRotation -XX:+UseParNewGC 
2020-02-15T12:04:43.397+0800: 0.829: Total time for which application threads were stopped: 0.0001266 seconds, Stopping threads took: 0.0000147 seconds
2020-02-15T12:04:43.558+0800: 0.990: Total time for which application threads were stopped: 0.0001428 seconds, Stopping threads took: 0.0000272 seconds
2020-02-15T12:04:44.127+0800: 1.559: Total time for which application threads were stopped: 0.0001773 seconds, Stopping threads took: 0.0000180 seconds
2020-02-15T12:04:44.201+0800: 1.633: [GC (Allocation Failure) 2020-02-15T12:04:44.201+0800: 1.633: [ParNew
Desired survivor size 1114112 bytes, new threshold 1 (max 6)
- age   1:    2221144 bytes,    2221144 total
: 17472K->2176K(19648K), 0.0290359 secs] 17472K->2319K(63360K), 0.0291589 secs] [Times: user=0.01 sys=0.00, real=0.03 secs] 
2020-02-15T12:04:44.230+0800: 1.662: Total time for which application threads were stopped: 0.0293186 seconds, Stopping threads took: 0.0000211 seconds
2020-02-15T12:04:44.618+0800: 2.050: Total time for which application threads were stopped: 0.0002543 seconds, Stopping threads took: 0.0000245 seconds
2020-02-15T12:04:44.644+0800: 2.076: Total time for which application threads were stopped: 0.0001971 seconds, Stopping threads took: 0.0000182 seconds
2020-02-15T12:04:44.656+0800: 2.089: Total time for which application threads were stopped: 0.0002164 seconds, Stopping threads took: 0.0000223 seconds
2020-02-15T12:04:44.682+0800: 2.114: Total time for which application threads were stopped: 0.0002524 seconds, Stopping threads took: 0.0000276 seconds
2020-02-15T12:04:45.073+0800: 2.505: [GC (Allocation Failure) 2020-02-15T12:04:45.073+0800: 2.505: [ParNew
Desired survivor size 1114112 bytes, new threshold 1 (max 6)
- age   1:    2051040 bytes,    2051040 total
: 19648K->2176K(19648K), 0.0148318 secs] 19791K->4680K(63360K), 0.0149342 secs] [Times: user=0.02 sys=0.00, real=0.01 secs] 
2020-02-15T12:04:45.088+0800: 2.520: Total time for which application threads were stopped: 0.0152577 seconds, Stopping threads took: 0.0001359 seconds
2020-02-15T12:04:45.635+0800: 3.067: [GC (Allocation Failure) 2020-02-15T12:04:45.635+0800: 3.067: [ParNew
Desired survivor size 1114112 bytes, new threshold 1 (max 6)
- age   1:    1612272 bytes,    1612272 total
: 19648K->2175K(19648K), 0.0118843 secs] 22152K->6349K(63360K), 0.0119986 secs] [Times: user=0.01 sys=0.00, real=0.01 secs] 
2020-02-15T12:04:45.647+0800: 3.079: Total time for which application threads were stopped: 0.0122075 seconds, Stopping threads took: 0.0000277 seconds
2020-02-15T12:04:45.734+0800: 3.166: Total time for which application threads were stopped: 0.0002598 seconds, Stopping threads took: 0.0000195 seconds
2020-02-15T12:04:46.058+0800: 3.490: [GC (Allocation Failure) 2020-02-15T12:04:46.058+0800: 3.490: [ParNew
Desired survivor size 1114112 bytes, new threshold 1 (max 6)
- age   1:    1791864 bytes,    1791864 total
: 19647K->1767K(19648K), 0.0105335 secs] 23821K->6732K(63360K), 0.0106559 secs] [Times: user=0.01 sys=0.00, real=0.01 secs] 
2020-02-15T12:04:46.068+0800: 3.500: Total time for which application threads were stopped: 0.0109170 seconds, Stopping threads took: 0.0000195 seconds
2020-02-15T12:04:46.441+0800: 3.873: Total time for which application threads were stopped: 0.0003776 seconds, Stopping threads took: 0.0000198 seconds
2020-02-15T12:04:46.671+0800: 4.103: Total time for which application threads were stopped: 0.0003618 seconds, Stopping threads took: 0.0000245 seconds
2020-02-15T12:04:46.982+0800: 4.414: [GC (Allocation Failure) 2020-02-15T12:04:46.982+0800: 4.414: [ParNew
Desired survivor size 1114112 bytes, new threshold 1 (max 6)
- age   1:    1972208 bytes,    1972208 total
: 19239K->2175K(19648K), 0.0156379 secs] 24204K->8669K(63360K), 0.0157631 secs] [Times: user=0.02 sys=0.00, real=0.01 secs] 
2020-02-15T12:04:46.998+0800: 4.430: Total time for which application threads were stopped: 0.0159463 seconds, Stopping threads took: 0.0000243 seconds
2020-02-15T12:04:47.148+0800: 4.580: Total time for which application threads were stopped: 0.0003497 seconds, Stopping threads took: 0.0000219 seconds
2020-02-15T12:04:47.275+0800: 4.707: Total time for which application threads were stopped: 0.0002897 seconds, Stopping threads took: 0.0000210 seconds
2020-02-15T12:04:47.464+0800: 4.896: [GC (Allocation Failure) 2020-02-15T12:04:47.464+0800: 4.896: [ParNew
Desired survivor size 1114112 bytes, new threshold 1 (max 6)
- age   1:    1287672 bytes,    1287672 total
: 19647K->2124K(19648K), 0.0084664 secs] 26141K->9227K(63360K), 0.0085547 secs] [Times: user=0.01 sys=0.00, real=0.01 secs] 
2020-02-15T12:04:47.472+0800: 4.904: Total time for which application threads were stopped: 0.0087366 seconds, Stopping threads took: 0.0000345 seconds
2020-02-15T12:04:47.487+0800: 4.919: Total time for which application threads were stopped: 0.0004088 seconds, Stopping threads took: 0.0000251 seconds
2020-02-15T12:04:47.487+0800: 4.919: Total time for which application threads were stopped: 0.0000386 seconds, Stopping threads took: 0.0000072 seconds
2020-02-15T12:04:47.490+0800: 4.923: Total time for which application threads were stopped: 0.0000363 seconds, Stopping threads took: 0.0000092 seconds
2020-02-15T12:04:47.491+0800: 4.923: Total time for which application threads were stopped: 0.0000254 seconds, Stopping threads took: 0.0000062 seconds
2020-02-15T12:04:47.491+0800: 4.923: Total time for which application threads were stopped: 0.0000246 seconds, Stopping threads took: 0.0000057 seconds
2020-02-15T12:04:47.491+0800: 4.923: Total time for which application threads were stopped: 0.0000226 seconds, Stopping threads took: 0.0000050 seconds
2020-02-15T12:04:47.491+0800: 4.923: Total time for which application threads were stopped: 0.0000224 seconds, Stopping threads took: 0.0000049 seconds
2020-02-15T12:04:47.491+0800: 4.923: Total time for which application threads were stopped: 0.0000221 seconds, Stopping threads took: 0.0000049 seconds
2020-02-15T12:04:47.491+0800: 4.923: Total time for which application threads were stopped: 0.0000222 seconds, Stopping threads took: 0.0000049 seconds
2020-02-15T12:04:47.491+0800: 4.923: Total time for which application threads were stopped: 0.0000223 seconds, Stopping threads took: 0.0000050 seconds
2020-02-15T12:04:47.491+0800: 4.923: Total time for which application threads were stopped: 0.0000218 seconds, Stopping threads took: 0.0000048 seconds
2020-02-15T12:04:47.689+0800: 5.121: [GC (Allocation Failure) 2020-02-15T12:04:47.689+0800: 5.122: [ParNew
Desired survivor size 1114112 bytes, new threshold 1 (max 6)
- age   1:    2227840 bytes,    2227840 total
: 19596K->2176K(19648K), 0.0159062 secs] 26699K->10857K(63360K), 0.0160206 secs] [Times: user=0.01 sys=0.00, real=0.02 secs] 
2020-02-15T12:04:47.705+0800: 5.138: Total time for which application threads were stopped: 0.0162270 seconds, Stopping threads took: 0.0000197 seconds
2020-02-15T12:04:47.878+0800: 5.310: Total time for which application threads were stopped: 0.0001115 seconds, Stopping threads took: 0.0000258 seconds
2020-02-15T12:04:47.914+0800: 5.346: [GC (Allocation Failure) 2020-02-15T12:04:47.914+0800: 5.346: [ParNew
Desired survivor size 1114112 bytes, new threshold 1 (max 6)
- age   1:    1547520 bytes,    1547520 total
: 19648K->2175K(19648K), 0.0069940 secs] 28329K->11681K(63360K), 0.0070996 secs] [Times: user=0.00 sys=0.00, real=0.00 secs] 
2020-02-15T12:04:47.921+0800: 5.353: Total time for which application threads were stopped: 0.0072496 seconds, Stopping threads took: 0.0000251 seconds
2020-02-15T12:04:47.927+0800: 5.359: Total time for which application threads were stopped: 0.0032761 seconds, Stopping threads took: 0.0032279 seconds
2020-02-15T12:04:47.927+0800: 5.359: Total time for which application threads were stopped: 0.0000263 seconds, Stopping threads took: 0.0000088 seconds
2020-02-15T12:04:47.927+0800: 5.359: Total time for which application threads were stopped: 0.0000209 seconds, Stopping threads took: 0.0000054 seconds
2020-02-15T12:04:47.927+0800: 5.360: Total time for which application threads were stopped: 0.0000237 seconds, Stopping threads took: 0.0000062 seconds
2020-02-15T12:04:47.927+0800: 5.360: Total time for which application threads were stopped: 0.0000206 seconds, Stopping threads took: 0.0000050 seconds
2020-02-15T12:04:47.927+0800: 5.360: Total time for which application threads were stopped: 0.0000203 seconds, Stopping threads took: 0.0000050 seconds
2020-02-15T12:04:47.928+0800: 5.360: Total time for which application threads were stopped: 0.0000206 seconds, Stopping threads took: 0.0000051 seconds
2020-02-15T12:04:47.928+0800: 5.360: Total time for which application threads were stopped: 0.0000203 seconds, Stopping threads took: 0.0000049 seconds
2020-02-15T12:04:47.928+0800: 5.360: Total time for which application threads were stopped: 0.0000204 seconds, Stopping threads took: 0.0000050 seconds
2020-02-15T12:04:47.928+0800: 5.360: Total time for which application threads were stopped: 0.0000204 seconds, Stopping threads took: 0.0000050 seconds
2020-02-15T12:04:47.928+0800: 5.360: Total time for which application threads were stopped: 0.0000202 seconds, Stopping threads took: 0.0000050 seconds
2020-02-15T12:04:47.928+0800: 5.360: Total time for which application threads were stopped: 0.0000205 seconds, Stopping threads took: 0.0000049 seconds
2020-02-15T12:04:47.928+0800: 5.360: Total time for which application threads were stopped: 0.0000205 seconds, Stopping threads took: 0.0000050 seconds
2020-02-15T12:04:47.928+0800: 5.360: Total time for which application threads were stopped: 0.0000202 seconds, Stopping threads took: 0.0000048 seconds
2020-02-15T12:04:48.098+0800: 5.530: [GC (Allocation Failure) 2020-02-15T12:04:48.098+0800: 5.530: [ParNew
Desired survivor size 1114112 bytes, new threshold 6 (max 6)
- age   1:     646184 bytes,     646184 total
: 19647K->1680K(19648K), 0.0046296 secs] 29153K->11479K(63360K), 0.0047246 secs] [Times: user=0.01 sys=0.00, real=0.01 secs] 
2020-02-15T12:04:48.103+0800: 5.535: Total time for which application threads were stopped: 0.0048826 seconds, Stopping threads took: 0.0000221 seconds
2020-02-15T12:04:48.110+0800: 5.542: Total time for which application threads were stopped: 0.0023446 seconds, Stopping threads took: 0.0022641 seconds
2020-02-15T12:04:48.110+0800: 5.542: Total time for which application threads were stopped: 0.0000497 seconds, Stopping threads took: 0.0000107 seconds
2020-02-15T12:04:48.110+0800: 5.542: Total time for which application threads were stopped: 0.0000278 seconds, Stopping threads took: 0.0000061 seconds
2020-02-15T12:04:48.110+0800: 5.542: Total time for which application threads were stopped: 0.0000255 seconds, Stopping threads took: 0.0000050 seconds
2020-02-15T12:04:48.110+0800: 5.542: Total time for which application threads were stopped: 0.0000259 seconds, Stopping threads took: 0.0000052 seconds
2020-02-15T12:04:48.110+0800: 5.542: Total time for which application threads were stopped: 0.0000393 seconds, Stopping threads took: 0.0000050 seconds
2020-02-15T12:04:48.166+0800: 5.598: [GC (Allocation Failure) 2020-02-15T12:04:48.166+0800: 5.598: [ParNew
Desired survivor size 1114112 bytes, new threshold 1 (max 6)
- age   1:    2079032 bytes,    2079032 total
- age   2:     148720 bytes,    2227752 total
: 19152K->2176K(19648K), 0.0140053 secs] 28951K->12843K(63360K), 0.0141205 secs] [Times: user=0.01 sys=0.00, real=0.01 secs] 
2020-02-15T12:04:48.180+0800: 5.612: Total time for which application threads were stopped: 0.0142761 seconds, Stopping threads took: 0.0000217 seconds
2020-02-15T12:04:48.251+0800: 5.683: [GC (Allocation Failure) 2020-02-15T12:04:48.251+0800: 5.683: [ParNew
Desired survivor size 1114112 bytes, new threshold 1 (max 6)
- age   1:    2228072 bytes,    2228072 total
: 19648K->2176K(19648K), 0.0088590 secs] 30315K->13366K(63360K), 0.0089544 secs] [Times: user=0.01 sys=0.00, real=0.01 secs] 
2020-02-15T12:04:48.260+0800: 5.692: Total time for which application threads were stopped: 0.0091186 seconds, Stopping threads took: 0.0000188 seconds
2020-02-15T12:04:48.270+0800: 5.702: Total time for which application threads were stopped: 0.0014371 seconds, Stopping threads took: 0.0013514 seconds
2020-02-15T12:04:48.270+0800: 5.702: Total time for which application threads were stopped: 0.0000472 seconds, Stopping threads took: 0.0000095 seconds
2020-02-15T12:04:48.270+0800: 5.702: Total time for which application threads were stopped: 0.0000301 seconds, Stopping threads took: 0.0000055 seconds
2020-02-15T12:04:48.270+0800: 5.702: Total time for which application threads were stopped: 0.0000297 seconds, Stopping threads took: 0.0000052 seconds
2020-02-15T12:04:48.270+0800: 5.702: Total time for which application threads were stopped: 0.0000296 seconds, Stopping threads took: 0.0000053 seconds
2020-02-15T12:04:48.270+0800: 5.702: Total time for which application threads were stopped: 0.0000294 seconds, Stopping threads took: 0.0000051 seconds
2020-02-15T12:04:48.270+0800: 5.702: Total time for which application threads were stopped: 0.0000293 seconds, Stopping threads took: 0.0000052 seconds
2020-02-15T12:04:48.270+0800: 5.702: Total time for which application threads were stopped: 0.0000296 seconds, Stopping threads took: 0.0000051 seconds
2020-02-15T12:04:48.270+0800: 5.702: Total time for which application threads were stopped: 0.0000290 seconds, Stopping threads took: 0.0000051 seconds
2020-02-15T12:04:48.270+0800: 5.702: Total time for which application threads were stopped: 0.0000292 seconds, Stopping threads took: 0.0000050 seconds
2020-02-15T12:04:48.270+0800: 5.702: Total time for which application threads were stopped: 0.0000292 seconds, Stopping threads took: 0.0000052 seconds
2020-02-15T12:04:48.270+0800: 5.702: Total time for which application threads were stopped: 0.0000440 seconds, Stopping threads took: 0.0000057 seconds
2020-02-15T12:04:48.270+0800: 5.703: Total time for which application threads were stopped: 0.0000320 seconds, Stopping threads took: 0.0000062 seconds
2020-02-15T12:04:48.270+0800: 5.703: Total time for which application threads were stopped: 0.0000294 seconds, Stopping threads took: 0.0000050 seconds
2020-02-15T12:04:48.271+0800: 5.703: Total time for which application threads were stopped: 0.0000294 seconds, Stopping threads took: 0.0000051 seconds
2020-02-15T12:04:48.271+0800: 5.703: Total time for which application threads were stopped: 0.0000298 seconds, Stopping threads took: 0.0000051 seconds
2020-02-15T12:04:48.271+0800: 5.703: Total time for which application threads were stopped: 0.0000288 seconds, Stopping threads took: 0.0000051 seconds
2020-02-15T12:04:48.271+0800: 5.703: Total time for which application threads were stopped: 0.0000292 seconds, Stopping threads took: 0.0000052 seconds
2020-02-15T12:04:48.271+0800: 5.703: Total time for which application threads were stopped: 0.0000292 seconds, Stopping threads took: 0.0000053 seconds
2020-02-15T12:04:48.271+0800: 5.703: Total time for which application threads were stopped: 0.0000452 seconds, Stopping threads took: 0.0000052 seconds
2020-02-15T12:04:48.360+0800: 5.793: [GC (Allocation Failure) 2020-02-15T12:04:48.360+0800: 5.793: [ParNew
Desired survivor size 1114112 bytes, new threshold 1 (max 6)
- age   1:    2228184 bytes,    2228184 total
: 19648K->2176K(19648K), 0.0094485 secs] 30838K->14446K(63360K), 0.0095599 secs] [Times: user=0.00 sys=0.00, real=0.01 secs] 
2020-02-15T12:04:48.370+0800: 5.802: Total time for which application threads were stopped: 0.0097517 seconds, Stopping threads took: 0.0000262 seconds
2020-02-15T12:04:48.443+0800: 5.875: [GC (Allocation Failure) 2020-02-15T12:04:48.443+0800: 5.875: [ParNew
Desired survivor size 1114112 bytes, new threshold 1 (max 6)
- age   1:    1586864 bytes,    1586864 total
: 19648K->2176K(19648K), 0.0115379 secs] 31918K->16911K(63360K), 0.0116361 secs] [Times: user=0.01 sys=0.00, real=0.01 secs] 
2020-02-15T12:04:48.454+0800: 5.887: Total time for which application threads were stopped: 0.0117831 seconds, Stopping threads took: 0.0000229 seconds
2020-02-15T12:04:48.504+0800: 5.936: [GC (Allocation Failure) 2020-02-15T12:04:48.504+0800: 5.936: [ParNew
Desired survivor size 1114112 bytes, new threshold 1 (max 6)
- age   1:    2228088 bytes,    2228088 total
: 19648K->2176K(19648K), 0.0211845 secs] 34383K->20726K(63360K), 0.0212982 secs] [Times: user=0.02 sys=0.00, real=0.02 secs] 
2020-02-15T12:04:48.525+0800: 5.957: Total time for which application threads were stopped: 0.0214499 seconds, Stopping threads took: 0.0000261 seconds
2020-02-15T12:04:48.626+0800: 6.058: Total time for which application threads were stopped: 0.0001527 seconds, Stopping threads took: 0.0000247 seconds
2020-02-15T12:04:48.633+0800: 6.065: Total time for which application threads were stopped: 0.0001153 seconds, Stopping threads took: 0.0000199 seconds
2020-02-15T12:04:48.798+0800: 6.230: [GC (Allocation Failure) 2020-02-15T12:04:48.798+0800: 6.230: [ParNew
Desired survivor size 1114112 bytes, new threshold 1 (max 6)
- age   1:    2144136 bytes,    2144136 total
: 19638K->2176K(19648K), 0.0151534 secs] 38189K->23233K(63360K), 0.0152600 secs] [Times: user=0.01 sys=0.00, real=0.02 secs] 
2020-02-15T12:04:48.813+0800: 6.245: Total time for which application threads were stopped: 0.0154537 seconds, Stopping threads took: 0.0000253 seconds
2020-02-15T12:04:48.818+0800: 6.250: Total time for which application threads were stopped: 0.0001205 seconds, Stopping threads took: 0.0000253 seconds
2020-02-15T12:04:48.818+0800: 6.250: Total time for which application threads were stopped: 0.0000489 seconds, Stopping threads took: 0.0000068 seconds
2020-02-15T12:04:48.818+0800: 6.250: Total time for which application threads were stopped: 0.0000578 seconds, Stopping threads took: 0.0000094 seconds
2020-02-15T12:04:48.818+0800: 6.250: Total time for which application threads were stopped: 0.0000394 seconds, Stopping threads took: 0.0000062 seconds
2020-02-15T12:04:48.823+0800: 6.255: Total time for which application threads were stopped: 0.0000581 seconds, Stopping threads took: 0.0000109 seconds
2020-02-15T12:04:48.823+0800: 6.255: Total time for which application threads were stopped: 0.0000432 seconds, Stopping threads took: 0.0000072 seconds
2020-02-15T12:04:48.823+0800: 6.255: Total time for which application threads were stopped: 0.0000383 seconds, Stopping threads took: 0.0000058 seconds
2020-02-15T12:04:48.823+0800: 6.255: Total time for which application threads were stopped: 0.0000398 seconds, Stopping threads took: 0.0000060 seconds
2020-02-15T12:04:48.976+0800: 6.408: [GC (Allocation Failure) 2020-02-15T12:04:48.976+0800: 6.408: [ParNew
Desired survivor size 1114112 bytes, new threshold 1 (max 6)
- age   1:    2228072 bytes,    2228072 total
: 19648K->2176K(19648K), 0.0143178 secs] 40705K->24895K(63360K), 0.0144366 secs] [Times: user=0.02 sys=0.00, real=0.01 secs] 
2020-02-15T12:04:48.991+0800: 6.423: Total time for which application threads were stopped: 0.0146150 seconds, Stopping threads took: 0.0000231 seconds
2020-02-15T12:04:49.168+0800: 6.600: Total time for which application threads were stopped: 0.0004284 seconds, Stopping threads took: 0.0000227 seconds
2020-02-15T12:04:49.356+0800: 6.789: Total time for which application threads were stopped: 0.0003354 seconds, Stopping threads took: 0.0000228 seconds
2020-02-15T12:04:49.366+0800: 6.799: Total time for which application threads were stopped: 0.0004358 seconds, Stopping threads took: 0.0000180 seconds
2020-02-15T12:04:49.394+0800: 6.827: [GC (Allocation Failure) 2020-02-15T12:04:49.395+0800: 6.827: [ParNew
Desired survivor size 1114112 bytes, new threshold 1 (max 6)
- age   1:    1246320 bytes,    1246320 total
: 19648K->2176K(19648K), 0.0221463 secs] 42367K->27764K(63360K), 0.0222867 secs] [Times: user=0.02 sys=0.00, real=0.02 secs] 
2020-02-15T12:04:49.417+0800: 6.849: Total time for which application threads were stopped: 0.0224855 seconds, Stopping threads took: 0.0000256 seconds
2020-02-15T12:04:49.428+0800: 6.861: [GC (CMS Initial Mark) [1 CMS-initial-mark: 25588K(43712K)] 32084K(63360K), 0.0027719 secs] [Times: user=0.00 sys=0.00, real=0.00 secs] 
2020-02-15T12:04:49.431+0800: 6.863: Total time for which application threads were stopped: 0.0045186 seconds, Stopping threads took: 0.0016481 seconds
2020-02-15T12:04:49.431+0800: 6.864: [CMS-concurrent-mark-start]
2020-02-15T12:04:49.499+0800: 6.931: [CMS-concurrent-mark: 0.067/0.067 secs] [Times: user=0.04 sys=0.00, real=0.06 secs] 
2020-02-15T12:04:49.499+0800: 6.931: [CMS-concurrent-preclean-start]
2020-02-15T12:04:49.499+0800: 6.931: [CMS-concurrent-preclean: 0.001/0.001 secs] [Times: user=0.00 sys=0.00, real=0.00 secs] 
2020-02-15T12:04:49.499+0800: 6.931: [CMS-concurrent-abortable-preclean-start]
2020-02-15T12:04:49.541+0800: 6.974: [GC (Allocation Failure) 2020-02-15T12:04:49.542+0800: 6.974: [ParNew
Desired survivor size 1114112 bytes, new threshold 1 (max 6)
- age   1:    1244840 bytes,    1244840 total
: 19648K->2175K(19648K), 0.0225695 secs] 45236K->30321K(63360K), 0.0226866 secs] [Times: user=0.03 sys=0.00, real=0.02 secs] 
2020-02-15T12:04:49.564+0800: 6.996: Total time for which application threads were stopped: 0.0228709 seconds, Stopping threads took: 0.0000319 seconds
2020-02-15T12:04:49.854+0800: 7.286: [GC (Allocation Failure) 2020-02-15T12:04:49.854+0800: 7.287: [ParNew
Desired survivor size 1114112 bytes, new threshold 1 (max 6)
- age   1:    2227560 bytes,    2227560 total
: 19647K->2176K(19648K), 0.0277645 secs] 47793K->31325K(63360K), 0.0279397 secs] [Times: user=0.02 sys=0.00, real=0.03 secs] 
2020-02-15T12:04:49.882+0800: 7.314: Total time for which application threads were stopped: 0.0281741 seconds, Stopping threads took: 0.0000260 seconds
2020-02-15T12:04:49.882+0800: 7.315: [CMS-concurrent-abortable-preclean: 0.075/0.383 secs] [Times: user=0.32 sys=0.01, real=0.39 secs] 
2020-02-15T12:04:49.917+0800: 7.350: [GC (CMS Final Remark) [YG occupancy: 3932 K (19648 K)]2020-02-15T12:04:49.918+0800: 7.350: [Rescan (parallel) , 0.0047519 secs]2020-02-15T12:04:49.923+0800: 7.355: [weak refs processing, 0.0040168 secs]2020-02-15T12:04:49.927+0800: 7.359: [class unloading, 0.0050930 secs]2020-02-15T12:04:49.932+0800: 7.364: [scrub symbol table, 0.0023527 secs]2020-02-15T12:04:49.934+0800: 7.366: [scrub string table, 0.0005145 secs][1 CMS-remark: 29149K(43712K)] 33082K(63360K), 0.0176305 secs] [Times: user=0.01 sys=0.00, real=0.02 secs] 
2020-02-15T12:04:49.935+0800: 7.367: Total time for which application threads were stopped: 0.0484534 seconds, Stopping threads took: 0.0307090 seconds
2020-02-15T12:04:49.940+0800: 7.372: [CMS-concurrent-sweep-start]
2020-02-15T12:04:49.962+0800: 7.394: [CMS-concurrent-sweep: 0.023/0.023 secs] [Times: user=0.02 sys=0.00, real=0.03 secs] 
2020-02-15T12:04:49.962+0800: 7.395: [CMS-concurrent-reset-start]
2020-02-15T12:04:49.963+0800: 7.395: [CMS-concurrent-reset: 0.000/0.000 secs] [Times: user=0.00 sys=0.00, real=0.00 secs] 
2020-02-15T12:04:50.076+0800: 7.508: [GC (Allocation Failure) 2020-02-15T12:04:50.076+0800: 7.508: [ParNew
Desired survivor size 1114112 bytes, new threshold 1 (max 6)
- age   1:    2228040 bytes,    2228040 total
: 19648K->2176K(19648K), 0.0700068 secs] 38265K->25104K(63360K), 0.0701432 secs] [Times: user=0.07 sys=0.00, real=0.07 secs] 
2020-02-15T12:04:50.146+0800: 7.578: Total time for which application threads were stopped: 0.0703716 seconds, Stopping threads took: 0.0000435 seconds
2020-02-15T12:04:50.282+0800: 7.715: [GC (Allocation Failure) 2020-02-15T12:04:50.283+0800: 7.715: [ParNew
Desired survivor size 1114112 bytes, new threshold 6 (max 6)
- age   1:     349248 bytes,     349248 total
: 19648K->2176K(19648K), 0.0072063 secs] 42576K->25929K(63360K), 0.0073627 secs] [Times: user=0.01 sys=0.00, real=0.00 secs] 
2020-02-15T12:04:50.290+0800: 7.722: Total time for which application threads were stopped: 0.0075793 seconds, Stopping threads took: 0.0000348 seconds
2020-02-15T12:04:50.298+0800: 7.730: Total time for which application threads were stopped: 0.0001533 seconds, Stopping threads took: 0.0000733 seconds
2020-02-15T12:04:50.500+0800: 7.932: [GC (Allocation Failure) 2020-02-15T12:04:50.500+0800: 7.932: [ParNew
Desired survivor size 1114112 bytes, new threshold 1 (max 6)
- age   1:    2218088 bytes,    2218088 total
- age   2:       9920 bytes,    2228008 total
: 19648K->2176K(19648K), 0.0173539 secs] 43401K->27497K(63360K), 0.0174654 secs] [Times: user=0.02 sys=0.00, real=0.02 secs] 
2020-02-15T12:04:50.517+0800: 7.949: Total time for which application threads were stopped: 0.0176409 seconds, Stopping threads took: 0.0000313 seconds
2020-02-15T12:04:50.570+0800: 8.002: [GC (Allocation Failure) 2020-02-15T12:04:50.570+0800: 8.002: [ParNew
Desired survivor size 1114112 bytes, new threshold 1 (max 6)
- age   1:    2228128 bytes,    2228128 total
: 19648K->2176K(19648K), 0.0188769 secs] 44969K->30112K(63360K), 0.0190047 secs] [Times: user=0.02 sys=0.00, real=0.02 secs] 
2020-02-15T12:04:50.589+0800: 8.021: Total time for which application threads were stopped: 0.0191947 seconds, Stopping threads took: 0.0000357 seconds
2020-02-15T12:04:50.698+0800: 8.131: [GC (Allocation Failure) 2020-02-15T12:04:50.699+0800: 8.131: [ParNew
Desired survivor size 1114112 bytes, new threshold 1 (max 6)
- age   1:    2122104 bytes,    2122104 total
: 19648K->2176K(19648K), 0.0402329 secs] 47584K->32387K(63360K), 0.0403653 secs] [Times: user=0.03 sys=0.00, real=0.04 secs] 
2020-02-15T12:04:50.739+0800: 8.171: Total time for which application threads were stopped: 0.0405784 seconds, Stopping threads took: 0.0000289 seconds
2020-02-15T12:04:50.822+0800: 8.254: [GC (Allocation Failure) 2020-02-15T12:04:50.822+0800: 8.254: [ParNew
Desired survivor size 1114112 bytes, new threshold 1 (max 6)
- age   1:    1387208 bytes,    1387208 total
: 19648K->2175K(19648K), 0.0139201 secs] 49859K->33132K(63360K), 0.0140707 secs] [Times: user=0.01 sys=0.01, real=0.01 secs] 
2020-02-15T12:04:50.836+0800: 8.269: Total time for which application threads were stopped: 0.0142672 seconds, Stopping threads took: 0.0000273 seconds
2020-02-15T12:04:50.974+0800: 8.406: [GC (Allocation Failure) 2020-02-15T12:04:50.974+0800: 8.406: [ParNew
Desired survivor size 1114112 bytes, new threshold 1 (max 6)
- age   1:    2228112 bytes,    2228112 total
: 19635K->2176K(19648K), 0.0239289 secs] 50591K->34853K(63360K), 0.0240467 secs] [Times: user=0.02 sys=0.00, real=0.02 secs] 
2020-02-15T12:04:50.998+0800: 8.430: Total time for which application threads were stopped: 0.0242163 seconds, Stopping threads took: 0.0000290 seconds
2020-02-15T12:04:51.142+0800: 8.574: [GC (Allocation Failure) 2020-02-15T12:04:51.142+0800: 8.574: [ParNew
Desired survivor size 1114112 bytes, new threshold 1 (max 6)
- age   1:    2228032 bytes,    2228032 total
: 19648K->2176K(19648K), 0.0391015 secs] 52325K->37040K(63360K), 0.0392461 secs] [Times: user=0.04 sys=0.00, real=0.04 secs] 
2020-02-15T12:04:51.184+0800: 8.616: Total time for which application threads were stopped: 0.0419153 seconds, Stopping threads took: 0.0000340 seconds
2020-02-15T12:04:51.232+0800: 8.664: [GC (CMS Initial Mark) [1 CMS-initial-mark: 34864K(43712K)] 39126K(63360K), 0.0033531 secs] [Times: user=0.00 sys=0.00, real=0.00 secs] 
2020-02-15T12:04:51.235+0800: 8.667: Total time for which application threads were stopped: 0.0271563 seconds, Stopping threads took: 0.0236731 seconds
2020-02-15T12:04:51.235+0800: 8.667: [CMS-concurrent-mark-start]
2020-02-15T12:04:51.277+0800: 8.709: [CMS-concurrent-mark: 0.042/0.042 secs] [Times: user=0.04 sys=0.00, real=0.04 secs] 
2020-02-15T12:04:51.277+0800: 8.709: [CMS-concurrent-preclean-start]
2020-02-15T12:04:51.278+0800: 8.710: [CMS-concurrent-preclean: 0.001/0.001 secs] [Times: user=0.01 sys=0.00, real=0.00 secs] 
2020-02-15T12:04:51.278+0800: 8.710: [CMS-concurrent-abortable-preclean-start]
2020-02-15T12:04:51.392+0800: 8.824: [GC (Allocation Failure) 2020-02-15T12:04:51.392+0800: 8.824: [ParNew
Desired survivor size 1114112 bytes, new threshold 6 (max 6)
- age   1:     607432 bytes,     607432 total
: 19648K->2176K(19648K), 0.0284324 secs] 54512K->38953K(63360K), 0.0285731 secs] [Times: user=0.02 sys=0.00, real=0.02 secs] 
2020-02-15T12:04:51.421+0800: 8.853: Total time for which application threads were stopped: 0.0288010 seconds, Stopping threads took: 0.0000466 seconds
2020-02-15T12:04:51.525+0800: 8.957: [GC (Allocation Failure) 2020-02-15T12:04:51.525+0800: 8.957: [ParNew2020-02-15T12:04:51.542+0800: 8.975: [CMS-concurrent-abortable-preclean: 0.134/0.265 secs] [Times: user=0.22 sys=0.00, real=0.27 secs] 

Desired survivor size 1114112 bytes, new threshold 1 (max 6)
- age   1:    1907944 bytes,    1907944 total
- age   2:     247328 bytes,    2155272 total
: 19648K->2176K(19648K), 0.0283155 secs] 56425K->40016K(63360K), 0.0284523 secs] [Times: user=0.02 sys=0.00, real=0.03 secs] 
2020-02-15T12:04:51.553+0800: 8.986: Total time for which application threads were stopped: 0.0286439 seconds, Stopping threads took: 0.0000315 seconds
2020-02-15T12:04:51.560+0800: 8.992: [GC (CMS Final Remark) [YG occupancy: 7179 K (19648 K)]2020-02-15T12:04:51.560+0800: 8.992: [Rescan (parallel) , 0.0114995 secs]2020-02-15T12:04:51.571+0800: 9.003: [weak refs processing, 0.0251090 secs]2020-02-15T12:04:51.596+0800: 9.029: [class unloading, 0.0103666 secs]2020-02-15T12:04:51.607+0800: 9.039: [scrub symbol table, 0.0131612 secs]2020-02-15T12:04:51.620+0800: 9.052: [scrub string table, 0.0007548 secs][1 CMS-remark: 37840K(43712K)] 45020K(63360K), 0.0612869 secs] [Times: user=0.06 sys=0.00, real=0.06 secs] 
2020-02-15T12:04:51.621+0800: 9.053: Total time for which application threads were stopped: 0.0614221 seconds, Stopping threads took: 0.0000284 seconds
2020-02-15T12:04:51.626+0800: 9.058: [CMS-concurrent-sweep-start]
2020-02-15T12:04:51.692+0800: 9.125: [CMS-concurrent-sweep: 0.066/0.066 secs] [Times: user=0.06 sys=0.00, real=0.07 secs] 
2020-02-15T12:04:51.692+0800: 9.125: [CMS-concurrent-reset-start]
2020-02-15T12:04:51.693+0800: 9.125: [CMS-concurrent-reset: 0.000/0.000 secs] [Times: user=0.00 sys=0.00, real=0.00 secs] 
2020-02-15T12:04:51.704+0800: 9.136: [GC (Allocation Failure) 2020-02-15T12:04:51.704+0800: 9.136: [ParNew
Desired survivor size 1114112 bytes, new threshold 1 (max 6)
- age   1:    1959552 bytes,    1959552 total
: 19648K->2175K(19648K), 0.0412212 secs] 43315K->26974K(63360K), 0.0413360 secs] [Times: user=0.01 sys=0.00, real=0.04 secs] 
2020-02-15T12:04:51.745+0800: 9.177: Total time for which application threads were stopped: 0.0415100 seconds, Stopping threads took: 0.0000332 seconds
2020-02-15T12:04:51.798+0800: 9.230: [GC (Allocation Failure) 2020-02-15T12:04:51.798+0800: 9.230: [ParNew
Desired survivor size 1114112 bytes, new threshold 6 (max 6)
- age   1:     584640 bytes,     584640 total
: 19647K->790K(19648K), 0.0029319 secs] 44446K->25628K(63360K), 0.0030146 secs] [Times: user=0.00 sys=0.00, real=0.00 secs] 
2020-02-15T12:04:51.801+0800: 9.233: Total time for which application threads were stopped: 0.0031585 seconds, Stopping threads took: 0.0000345 seconds
2020-02-15T12:04:51.921+0800: 9.354: [GC (Allocation Failure) 2020-02-15T12:04:51.922+0800: 9.354: [ParNew
Desired survivor size 1114112 bytes, new threshold 1 (max 6)
- age   1:    2183224 bytes,    2183224 total
- age   2:      31944 bytes,    2215168 total
: 18262K->2176K(19648K), 0.0160818 secs] 43100K->27464K(63360K), 0.0161821 secs] [Times: user=0.02 sys=0.00, real=0.01 secs] 
2020-02-15T12:04:51.938+0800: 9.370: Total time for which application threads were stopped: 0.0163665 seconds, Stopping threads took: 0.0000263 seconds
2020-02-15T12:04:51.985+0800: 9.417: [GC (Allocation Failure) 2020-02-15T12:04:51.985+0800: 9.417: [ParNew
Desired survivor size 1114112 bytes, new threshold 1 (max 6)
- age   1:    1600528 bytes,    1600528 total
: 19648K->2176K(19648K), 0.0069718 secs] 44936K->28351K(63360K), 0.0070846 secs] [Times: user=0.01 sys=0.00, real=0.01 secs] 
2020-02-15T12:04:51.992+0800: 9.424: Total time for which application threads were stopped: 0.0072587 seconds, Stopping threads took: 0.0000286 seconds
2020-02-15T12:04:52.029+0800: 9.461: [GC (Allocation Failure) 2020-02-15T12:04:52.029+0800: 9.461: [ParNew
Desired survivor size 1114112 bytes, new threshold 1 (max 6)
- age   1:    2221600 bytes,    2221600 total
: 19648K->2176K(19648K), 0.0160832 secs] 45823K->30371K(63360K), 0.0161856 secs] [Times: user=0.02 sys=0.00, real=0.02 secs] 
2020-02-15T12:04:52.045+0800: 9.477: Total time for which application threads were stopped: 0.0163452 seconds, Stopping threads took: 0.0000272 seconds
2020-02-15T12:04:52.089+0800: 9.521: [GC (Allocation Failure) 2020-02-15T12:04:52.089+0800: 9.521: [ParNew
Desired survivor size 1114112 bytes, new threshold 1 (max 6)
- age   1:    2228168 bytes,    2228168 total
: 19648K->2176K(19648K), 0.0189886 secs] 47843K->32796K(63360K), 0.0190965 secs] [Times: user=0.02 sys=0.00, real=0.02 secs] 
2020-02-15T12:04:52.108+0800: 9.540: Total time for which application threads were stopped: 0.0192442 seconds, Stopping threads took: 0.0000252 seconds
2020-02-15T12:04:52.196+0800: 9.628: [GC (Allocation Failure) 2020-02-15T12:04:52.196+0800: 9.628: [ParNew
Desired survivor size 1114112 bytes, new threshold 1 (max 6)
- age   1:    1344600 bytes,    1344600 total
: 19648K->2175K(19648K), 0.0125803 secs] 50268K->34131K(63360K), 0.0126922 secs] [Times: user=0.01 sys=0.00, real=0.01 secs] 
2020-02-15T12:04:52.209+0800: 9.641: Total time for which application threads were stopped: 0.0128447 seconds, Stopping threads took: 0.0000261 seconds
2020-02-15T12:04:52.258+0800: 9.690: [GC (Allocation Failure) 2020-02-15T12:04:52.258+0800: 9.691: [ParNew
Desired survivor size 1114112 bytes, new threshold 1 (max 6)
- age   1:    1224032 bytes,    1224032 total
: 19647K->2175K(19648K), 0.0116766 secs] 51603K->34525K(63360K), 0.0117782 secs] [Times: user=0.01 sys=0.00, real=0.01 secs] 
2020-02-15T12:04:52.270+0800: 9.702: Total time for which application threads were stopped: 0.0119465 seconds, Stopping threads took: 0.0000257 seconds
2020-02-15T12:04:52.341+0800: 9.773: [GC (Allocation Failure) 2020-02-15T12:04:52.341+0800: 9.773: [ParNew
Desired survivor size 1114112 bytes, new threshold 1 (max 6)
- age   1:    1317648 bytes,    1317648 total
: 19647K->1705K(19648K), 0.0045103 secs] 51997K->34101K(63360K), 0.0046014 secs] [Times: user=0.00 sys=0.00, real=0.01 secs] 
2020-02-15T12:04:52.346+0800: 9.778: Total time for which application threads were stopped: 0.0047390 seconds, Stopping threads took: 0.0000260 seconds
2020-02-15T12:04:52.452+0800: 9.884: [GC (Allocation Failure) 2020-02-15T12:04:52.452+0800: 9.884: [ParNew
Desired survivor size 1114112 bytes, new threshold 1 (max 6)
- age   1:    1473792 bytes,    1473792 total
: 19177K->2055K(19648K), 0.0028213 secs] 51573K->34547K(63360K), 0.0028934 secs] [Times: user=0.01 sys=0.00, real=0.00 secs] 
2020-02-15T12:04:52.455+0800: 9.887: Total time for which application threads were stopped: 0.0030141 seconds, Stopping threads took: 0.0000253 seconds
2020-02-15T12:04:52.603+0800: 10.035: [GC (Allocation Failure) 2020-02-15T12:04:52.603+0800: 10.035: [ParNew
Desired survivor size 1114112 bytes, new threshold 1 (max 6)
- age   1:    2227936 bytes,    2227936 total
: 19527K->2176K(19648K), 0.0108253 secs] 52019K->36551K(63360K), 0.0109332 secs] [Times: user=0.01 sys=0.00, real=0.01 secs] 
2020-02-15T12:04:52.614+0800: 10.046: Total time for which application threads were stopped: 0.0110927 seconds, Stopping threads took: 0.0000284 seconds
2020-02-15T12:04:52.643+0800: 10.075: [GC (CMS Initial Mark) [1 CMS-initial-mark: 34375K(43712K)] 39027K(63360K), 0.0036671 secs] [Times: user=0.01 sys=0.00, real=0.00 secs] 
2020-02-15T12:04:52.646+0800: 10.078: Total time for which application threads were stopped: 0.0173177 seconds, Stopping threads took: 0.0135374 seconds
2020-02-15T12:04:52.646+0800: 10.078: [CMS-concurrent-mark-start]
2020-02-15T12:04:52.677+0800: 10.109: [CMS-concurrent-mark: 0.031/0.031 secs] [Times: user=0.03 sys=0.00, real=0.03 secs] 
2020-02-15T12:04:52.677+0800: 10.109: [CMS-concurrent-preclean-start]
2020-02-15T12:04:52.678+0800: 10.110: [CMS-concurrent-preclean: 0.001/0.001 secs] [Times: user=0.00 sys=0.00, real=0.00 secs] 
2020-02-15T12:04:52.678+0800: 10.110: [CMS-concurrent-abortable-preclean-start]
2020-02-15T12:04:52.706+0800: 10.138: [GC (Allocation Failure) 2020-02-15T12:04:52.706+0800: 10.138: [ParNew
Desired survivor size 1114112 bytes, new threshold 1 (max 6)
- age   1:    2228168 bytes,    2228168 total
: 19648K->2176K(19648K), 0.0091281 secs] 54023K->37792K(63360K), 0.0092192 secs] [Times: user=0.01 sys=0.00, real=0.01 secs] 
2020-02-15T12:04:52.715+0800: 10.147: Total time for which application threads were stopped: 0.0093683 seconds, Stopping threads took: 0.0000311 seconds
2020-02-15T12:04:52.749+0800: 10.181: [CMS-concurrent-abortable-preclean: 0.062/0.071 secs] [Times: user=0.07 sys=0.00, real=0.07 secs] 
2020-02-15T12:04:52.770+0800: 10.203: [GC (CMS Final Remark) [YG occupancy: 18849 K (19648 K)]2020-02-15T12:04:52.771+0800: 10.203: [Rescan (parallel) , 0.0066799 secs]2020-02-15T12:04:52.777+0800: 10.209: [weak refs processing, 0.0046719 secs]2020-02-15T12:04:52.782+0800: 10.214: [class unloading, 0.0043207 secs]2020-02-15T12:04:52.786+0800: 10.218: [scrub symbol table, 0.0075933 secs]2020-02-15T12:04:52.794+0800: 10.226: [scrub string table, 0.0005121 secs][1 CMS-remark: 35616K(43712K)] 54465K(63360K), 0.0239817 secs] [Times: user=0.02 sys=0.00, real=0.03 secs] 
2020-02-15T12:04:52.794+0800: 10.227: Total time for which application threads were stopped: 0.0330508 seconds, Stopping threads took: 0.0089906 seconds
2020-02-15T12:04:52.796+0800: 10.228: [CMS-concurrent-sweep-start]
2020-02-15T12:04:52.806+0800: 10.238: [GC (Allocation Failure) 2020-02-15T12:04:52.806+0800: 10.238: [ParNew
Desired survivor size 1114112 bytes, new threshold 1 (max 6)
- age   1:    2228096 bytes,    2228096 total
: 19648K->2176K(19648K), 0.0243462 secs] 50747K->36287K(63360K), 0.0244357 secs] [Times: user=0.03 sys=0.00, real=0.02 secs] 
2020-02-15T12:04:52.830+0800: 10.262: Total time for which application threads were stopped: 0.0245832 seconds, Stopping threads took: 0.0000269 seconds
2020-02-15T12:04:52.864+0800: 10.296: [CMS-concurrent-sweep: 0.043/0.068 secs] [Times: user=0.07 sys=0.00, real=0.07 secs] 
2020-02-15T12:04:52.864+0800: 10.296: [CMS-concurrent-reset-start]
2020-02-15T12:04:52.864+0800: 10.296: [CMS-concurrent-reset: 0.000/0.000 secs] [Times: user=0.00 sys=0.00, real=0.00 secs] 
2020-02-15T12:04:52.887+0800: 10.319: [GC (Allocation Failure) 2020-02-15T12:04:52.887+0800: 10.319: [ParNew
Desired survivor size 1114112 bytes, new threshold 1 (max 6)
- age   1:    2038184 bytes,    2038184 total
: 19648K->2176K(19648K), 0.0131329 secs] 40715K->25591K(63360K), 0.0132309 secs] [Times: user=0.01 sys=0.00, real=0.01 secs] 
2020-02-15T12:04:52.900+0800: 10.332: Total time for which application threads were stopped: 0.0133802 seconds, Stopping threads took: 0.0000288 seconds
2020-02-15T12:04:53.000+0800: 10.432: [GC (Allocation Failure) 2020-02-15T12:04:53.000+0800: 10.432: [ParNew
Desired survivor size 1114112 bytes, new threshold 1 (max 6)
- age   1:    1767368 bytes,    1767368 total
: 19648K->2175K(19648K), 0.0066274 secs] 43063K->26032K(63360K), 0.0067218 secs] [Times: user=0.01 sys=0.00, real=0.01 secs] 
2020-02-15T12:04:53.007+0800: 10.439: Total time for which application threads were stopped: 0.0068512 seconds, Stopping threads took: 0.0000238 seconds
2020-02-15T12:04:53.191+0800: 10.624: [GC (Allocation Failure) 2020-02-15T12:04:53.192+0800: 10.624: [ParNew
Desired survivor size 1114112 bytes, new threshold 1 (max 6)
- age   1:    1376232 bytes,    1376232 total
: 19647K->2175K(19648K), 0.0045438 secs] 43504K->26384K(63360K), 0.0046361 secs] [Times: user=0.00 sys=0.00, real=0.00 secs] 
2020-02-15T12:04:53.196+0800: 10.628: Total time for which application threads were stopped: 0.0047943 seconds, Stopping threads took: 0.0000259 seconds
2020-02-15T12:04:53.240+0800: 10.672: [GC (Allocation Failure) 2020-02-15T12:04:53.240+0800: 10.672: [ParNew
Desired survivor size 1114112 bytes, new threshold 6 (max 6)
- age   1:     835816 bytes,     835816 total
: 19647K->1212K(19648K), 0.0037272 secs] 43856K->25665K(63360K), 0.0038136 secs] [Times: user=0.01 sys=0.00, real=0.01 secs] 
2020-02-15T12:04:53.243+0800: 10.675: Total time for which application threads were stopped: 0.0039370 seconds, Stopping threads took: 0.0000254 seconds
2020-02-15T12:04:53.275+0800: 10.708: [GC (Allocation Failure) 2020-02-15T12:04:53.276+0800: 10.708: [ParNew
Desired survivor size 1114112 bytes, new threshold 1 (max 6)
- age   1:    1864512 bytes,    1864512 total
- age   2:      68112 bytes,    1932624 total
: 18684K->2176K(19648K), 0.0139093 secs] 43137K->27657K(63360K), 0.0139974 secs] [Times: user=0.01 sys=0.00, real=0.01 secs] 
2020-02-15T12:04:53.290+0800: 10.722: Total time for which application threads were stopped: 0.0141422 seconds, Stopping threads took: 0.0000279 seconds
2020-02-15T12:04:53.324+0800: 10.756: [GC (Allocation Failure) 2020-02-15T12:04:53.324+0800: 10.757: [ParNew
Desired survivor size 1114112 bytes, new threshold 1 (max 6)
- age   1:    2076272 bytes,    2076272 total
: 19648K->2176K(19648K), 0.0191242 secs] 45129K->28620K(63360K), 0.0192219 secs] [Times: user=0.02 sys=0.00, real=0.02 secs] 
2020-02-15T12:04:53.344+0800: 10.776: Total time for which application threads were stopped: 0.0193759 seconds, Stopping threads took: 0.0000251 seconds
2020-02-15T12:04:53.386+0800: 10.818: [GC (Allocation Failure) 2020-02-15T12:04:53.386+0800: 10.818: [ParNew
Desired survivor size 1114112 bytes, new threshold 6 (max 6)
- age   1:     787200 bytes,     787200 total
: 19648K->938K(19648K), 0.0029698 secs] 46092K->27422K(63360K), 0.0030434 secs] [Times: user=0.00 sys=0.00, real=0.00 secs] 
2020-02-15T12:04:53.389+0800: 10.821: Total time for which application threads were stopped: 0.0031581 seconds, Stopping threads took: 0.0000246 seconds
2020-02-15T12:04:53.441+0800: 10.873: [GC (Allocation Failure) 2020-02-15T12:04:53.441+0800: 10.873: [ParNew
Desired survivor size 1114112 bytes, new threshold 1 (max 6)
- age   1:    2028008 bytes,    2028008 total
- age   2:      50544 bytes,    2078552 total
: 18410K->2176K(19648K), 0.0075848 secs] 44894K->29442K(63360K), 0.0076698 secs] [Times: user=0.01 sys=0.00, real=0.01 secs] 
2020-02-15T12:04:53.449+0800: 10.881: Total time for which application threads were stopped: 0.0078009 seconds, Stopping threads took: 0.0000249 seconds
2020-02-15T12:04:53.483+0800: 10.915: [GC (Allocation Failure) 2020-02-15T12:04:53.483+0800: 10.915: [ParNew
Desired survivor size 1114112 bytes, new threshold 1 (max 6)
- age   1:    2208976 bytes,    2208976 total
: 19648K->2176K(19648K), 0.0144863 secs] 46914K->30081K(63360K), 0.0145905 secs] [Times: user=0.01 sys=0.00, real=0.01 secs] 
2020-02-15T12:04:53.497+0800: 10.930: Total time for which application threads were stopped: 0.0147256 seconds, Stopping threads took: 0.0000207 seconds
2020-02-15T12:04:53.532+0800: 10.964: Total time for which application threads were stopped: 0.0001412 seconds, Stopping threads took: 0.0000246 seconds
2020-02-15T12:04:53.543+0800: 10.975: [GC (Allocation Failure) 2020-02-15T12:04:53.543+0800: 10.975: [ParNew
Desired survivor size 1114112 bytes, new threshold 6 (max 6)
- age   1:     570464 bytes,     570464 total
: 19648K->703K(19648K), 0.0024811 secs] 47553K->28613K(63360K), 0.0025532 secs] [Times: user=0.00 sys=0.00, real=0.00 secs] 
2020-02-15T12:04:53.546+0800: 10.978: Total time for which application threads were stopped: 0.0026710 seconds, Stopping threads took: 0.0000228 seconds
2020-02-15T12:04:53.586+0800: 11.018: [GC (Allocation Failure) 2020-02-15T12:04:53.586+0800: 11.018: [ParNew
Desired survivor size 1114112 bytes, new threshold 1 (max 6)
- age   1:    2167720 bytes,    2167720 total
- age   2:      31768 bytes,    2199488 total
: 18175K->2175K(19648K), 0.0267004 secs] 46085K->32047K(63360K), 0.0268150 secs] [Times: user=0.03 sys=0.00, real=0.03 secs] 
2020-02-15T12:04:53.612+0800: 11.045: Total time for which application threads were stopped: 0.0269854 seconds, Stopping threads took: 0.0000277 seconds
2020-02-15T12:04:53.694+0800: 11.126: [GC (Allocation Failure) 2020-02-15T12:04:53.694+0800: 11.126: [ParNew
Desired survivor size 1114112 bytes, new threshold 1 (max 6)
- age   1:    1572048 bytes,    1572048 total
: 19647K->2176K(19648K), 0.0202791 secs] 49519K->34643K(63360K), 0.0203788 secs] [Times: user=0.02 sys=0.00, real=0.02 secs] 
2020-02-15T12:04:53.714+0800: 11.146: Total time for which application threads were stopped: 0.0205285 seconds, Stopping threads took: 0.0000240 seconds
2020-02-15T12:04:53.766+0800: 11.198: [GC (Allocation Failure) 2020-02-15T12:04:53.766+0800: 11.198: [ParNew
Desired survivor size 1114112 bytes, new threshold 1 (max 6)
- age   1:    2228000 bytes,    2228000 total
: 19648K->2176K(19648K), 0.0183961 secs] 52115K->35666K(63360K), 0.0184935 secs] [Times: user=0.02 sys=0.00, real=0.02 secs] 
2020-02-15T12:04:53.784+0800: 11.216: Total time for which application threads were stopped: 0.0186396 seconds, Stopping threads took: 0.0000216 seconds
2020-02-15T12:04:53.794+0800: 11.226: [GC (CMS Initial Mark) [1 CMS-initial-mark: 33490K(43712K)] 36716K(63360K), 0.0026700 secs] [Times: user=0.00 sys=0.00, real=0.00 secs] 
2020-02-15T12:04:53.797+0800: 11.229: Total time for which application threads were stopped: 0.0027737 seconds, Stopping threads took: 0.0000449 seconds
2020-02-15T12:04:53.797+0800: 11.229: [CMS-concurrent-mark-start]
2020-02-15T12:04:53.834+0800: 11.266: [CMS-concurrent-mark: 0.037/0.037 secs] [Times: user=0.04 sys=0.00, real=0.04 secs] 
2020-02-15T12:04:53.834+0800: 11.266: [CMS-concurrent-preclean-start]
2020-02-15T12:04:53.839+0800: 11.271: [CMS-concurrent-preclean: 0.005/0.005 secs] [Times: user=0.00 sys=0.00, real=0.00 secs] 
2020-02-15T12:04:53.839+0800: 11.271: [CMS-concurrent-abortable-preclean-start]
2020-02-15T12:04:53.878+0800: 11.310: [GC (Allocation Failure) 2020-02-15T12:04:53.878+0800: 11.310: [ParNew
Desired survivor size 1114112 bytes, new threshold 1 (max 6)
- age   1:    2228104 bytes,    2228104 total
: 19648K->2176K(19648K), 0.0108612 secs] 53138K->36360K(63360K), 0.0109524 secs] [Times: user=0.01 sys=0.00, real=0.01 secs] 
2020-02-15T12:04:53.889+0800: 11.321: Total time for which application threads were stopped: 0.0110921 seconds, Stopping threads took: 0.0000279 seconds
2020-02-15T12:04:54.050+0800: 11.482: [GC (Allocation Failure) 2020-02-15T12:04:54.050+0800: 11.482: [ParNew2020-02-15T12:04:54.055+0800: 11.487: [CMS-concurrent-abortable-preclean: 0.097/0.217 secs] [Times: user=0.22 sys=0.00, real=0.22 secs] 

Desired survivor size 1114112 bytes, new threshold 1 (max 6)
- age   1:    2228136 bytes,    2228136 total
: 19648K->2176K(19648K), 0.0125656 secs] 53832K->36967K(63360K), 0.0126510 secs] [Times: user=0.01 sys=0.00, real=0.02 secs] 
2020-02-15T12:04:54.062+0800: 11.494: Total time for which application threads were stopped: 0.0127959 seconds, Stopping threads took: 0.0000243 seconds
2020-02-15T12:04:54.085+0800: 11.518: [GC (CMS Final Remark) [YG occupancy: 5096 K (19648 K)]2020-02-15T12:04:54.086+0800: 11.518: [Rescan (parallel) , 0.0042957 secs]2020-02-15T12:04:54.090+0800: 11.522: [weak refs processing, 0.0042576 secs]2020-02-15T12:04:54.094+0800: 11.526: [class unloading, 0.0047404 secs]2020-02-15T12:04:54.099+0800: 11.531: [scrub symbol table, 0.0023605 secs]2020-02-15T12:04:54.101+0800: 11.533: [scrub string table, 0.0004872 secs][1 CMS-remark: 34791K(43712K)] 39888K(63360K), 0.0163238 secs] [Times: user=0.02 sys=0.00, real=0.02 secs] 
2020-02-15T12:04:54.102+0800: 11.534: Total time for which application threads were stopped: 0.0313365 seconds, Stopping threads took: 0.0149206 seconds
2020-02-15T12:04:54.111+0800: 11.543: [CMS-concurrent-sweep-start]
2020-02-15T12:04:54.121+0800: 11.553: Total time for which application threads were stopped: 0.0001185 seconds, Stopping threads took: 0.0000520 seconds
2020-02-15T12:04:54.121+0800: 11.553: Total time for which application threads were stopped: 0.0000366 seconds, Stopping threads took: 0.0000068 seconds
2020-02-15T12:04:54.121+0800: 11.553: Total time for which application threads were stopped: 0.0000257 seconds, Stopping threads took: 0.0000054 seconds
2020-02-15T12:04:54.121+0800: 11.553: Total time for which application threads were stopped: 0.0000251 seconds, Stopping threads took: 0.0000051 seconds
2020-02-15T12:04:54.121+0800: 11.553: Total time for which application threads were stopped: 0.0000251 seconds, Stopping threads took: 0.0000053 seconds
2020-02-15T12:04:54.121+0800: 11.553: Total time for which application threads were stopped: 0.0000246 seconds, Stopping threads took: 0.0000052 seconds
2020-02-15T12:04:54.153+0800: 11.585: [CMS-concurrent-sweep: 0.042/0.043 secs] [Times: user=0.04 sys=0.00, real=0.05 secs] 
2020-02-15T12:04:54.153+0800: 11.585: [CMS-concurrent-reset-start]
2020-02-15T12:04:54.153+0800: 11.585: [CMS-concurrent-reset: 0.000/0.000 secs] [Times: user=0.00 sys=0.00, real=0.00 secs] 
2020-02-15T12:04:54.168+0800: 11.600: [GC (Allocation Failure) 2020-02-15T12:04:54.168+0800: 11.601: [ParNew
Desired survivor size 1114112 bytes, new threshold 1 (max 6)
- age   1:    2118824 bytes,    2118824 total
: 19648K->2175K(19648K), 0.0080815 secs] 38629K->21685K(63360K), 0.0081752 secs] [Times: user=0.00 sys=0.00, real=0.01 secs] 
2020-02-15T12:04:54.177+0800: 11.609: Total time for which application threads were stopped: 0.0083429 seconds, Stopping threads took: 0.0000288 seconds
2020-02-15T12:04:54.215+0800: 11.647: [GC (Allocation Failure) 2020-02-15T12:04:54.215+0800: 11.647: [ParNew
Desired survivor size 1114112 bytes, new threshold 1 (max 6)
- age   1:    2228160 bytes,    2228160 total
: 19647K->2176K(19648K), 0.0140448 secs] 39157K->22724K(63360K), 0.0141404 secs] [Times: user=0.01 sys=0.00, real=0.01 secs] 
2020-02-15T12:04:54.229+0800: 11.661: Total time for which application threads were stopped: 0.0142841 seconds, Stopping threads took: 0.0000280 seconds
2020-02-15T12:04:54.267+0800: 11.699: [GC (Allocation Failure) 2020-02-15T12:04:54.267+0800: 11.699: [ParNew
Desired survivor size 1114112 bytes, new threshold 1 (max 6)
- age   1:    2228160 bytes,    2228160 total
: 19648K->2176K(19648K), 0.0210987 secs] 40196K->25358K(63360K), 0.0211985 secs] [Times: user=0.02 sys=0.00, real=0.02 secs] 
2020-02-15T12:04:54.288+0800: 11.720: Total time for which application threads were stopped: 0.0213619 seconds, Stopping threads took: 0.0000259 seconds
2020-02-15T12:04:54.328+0800: 11.760: [GC (Allocation Failure) 2020-02-15T12:04:54.328+0800: 11.760: [ParNew
Desired survivor size 1114112 bytes, new threshold 1 (max 6)
- age   1:    1998536 bytes,    1998536 total
: 19648K->2175K(19648K), 0.0169351 secs] 42830K->27522K(63360K), 0.0170493 secs] [Times: user=0.02 sys=0.00, real=0.02 secs] 
2020-02-15T12:04:54.345+0800: 11.777: Total time for which application threads were stopped: 0.0172022 seconds, Stopping threads took: 0.0000266 seconds
2020-02-15T12:04:54.531+0800: 11.963: [GC (Allocation Failure) 2020-02-15T12:04:54.531+0800: 11.963: [ParNew
Desired survivor size 1114112 bytes, new threshold 6 (max 6)
- age   1:    1040624 bytes,    1040624 total
: 19647K->2176K(19648K), 0.0042296 secs] 44994K->28002K(63360K), 0.0043067 secs] [Times: user=0.00 sys=0.00, real=0.01 secs] 
2020-02-15T12:04:54.535+0800: 11.967: Total time for which application threads were stopped: 0.0044386 seconds, Stopping threads took: 0.0000220 seconds
2020-02-15T12:04:54.650+0800: 12.082: [GC (Allocation Failure) 2020-02-15T12:04:54.650+0800: 12.082: [ParNew
Desired survivor size 1114112 bytes, new threshold 6 (max 6)
- age   1:     801136 bytes,     801136 total
- age   2:      75528 bytes,     876664 total
: 19648K->1479K(19648K), 0.0038852 secs] 45474K->27305K(63360K), 0.0039522 secs] [Times: user=0.00 sys=0.00, real=0.01 secs] 
2020-02-15T12:04:54.654+0800: 12.086: Total time for which application threads were stopped: 0.0040976 seconds, Stopping threads took: 0.0000185 seconds
2020-02-15T12:04:55.277+0800: 12.709: [GC (Allocation Failure) 2020-02-15T12:04:55.277+0800: 12.709: [ParNew
Desired survivor size 1114112 bytes, new threshold 1 (max 6)
- age   1:    1866456 bytes,    1866456 total
- age   2:     109840 bytes,    1976296 total
- age   3:      72816 bytes,    2049112 total
: 18951K->2110K(19648K), 0.0129359 secs] 44777K->27936K(63360K), 0.0130434 secs] [Times: user=0.01 sys=0.00, real=0.01 secs] 
2020-02-15T12:04:55.290+0800: 12.722: Total time for which application threads were stopped: 0.0132271 seconds, Stopping threads took: 0.0000266 seconds
2020-02-15T12:04:55.556+0800: 12.988: [GC (Allocation Failure) 2020-02-15T12:04:55.556+0800: 12.988: [ParNew
Desired survivor size 1114112 bytes, new threshold 6 (max 6)
- age   1:     241800 bytes,     241800 total
: 19582K->549K(19648K), 0.0050090 secs] 45408K->27014K(63360K), 0.0050900 secs] [Times: user=0.01 sys=0.00, real=0.00 secs] 
2020-02-15T12:04:55.561+0800: 12.993: Total time for which application threads were stopped: 0.0052616 seconds, Stopping threads took: 0.0000268 seconds
2020-02-15T12:04:55.833+0800: 13.265: [GC (Allocation Failure) 2020-02-15T12:04:55.833+0800: 13.265: [ParNew
Desired survivor size 1114112 bytes, new threshold 1 (max 6)
- age   1:    1227648 bytes,    1227648 total
- age   2:      87136 bytes,    1314784 total
: 18021K->1456K(19648K), 0.0045742 secs] 44486K->27922K(63360K), 0.0046555 secs] [Times: user=0.01 sys=0.00, real=0.00 secs] 
2020-02-15T12:04:55.838+0800: 13.270: Total time for which application threads were stopped: 0.0047952 seconds, Stopping threads took: 0.0000204 seconds
2020-02-15T12:04:55.962+0800: 13.394: Total time for which application threads were stopped: 0.0004461 seconds, Stopping threads took: 0.0000314 seconds
2020-02-15T12:04:56.088+0800: 13.520: [GC (Allocation Failure) 2020-02-15T12:04:56.088+0800: 13.520: [ParNew
Desired survivor size 1114112 bytes, new threshold 1 (max 6)
- age   1:    2187776 bytes,    2187776 total
: 18928K->2176K(19648K), 0.0167360 secs] 45394K->29882K(63360K), 0.0168413 secs] [Times: user=0.02 sys=0.00, real=0.02 secs] 
2020-02-15T12:04:56.105+0800: 13.537: Total time for which application threads were stopped: 0.0170119 seconds, Stopping threads took: 0.0000176 seconds
2020-02-15T12:04:56.170+0800: 13.602: Total time for which application threads were stopped: 0.0004853 seconds, Stopping threads took: 0.0000189 seconds
2020-02-15T12:04:56.464+0800: 13.896: [GC (Allocation Failure) 2020-02-15T12:04:56.464+0800: 13.896: [ParNew
Desired survivor size 1114112 bytes, new threshold 1 (max 6)
- age   1:    2228160 bytes,    2228160 total
: 19648K->2176K(19648K), 0.0659792 secs] 47354K->32430K(63360K), 0.0660853 secs] [Times: user=0.05 sys=0.00, real=0.06 secs] 
2020-02-15T12:04:56.530+0800: 13.962: Total time for which application threads were stopped: 0.0662442 seconds, Stopping threads took: 0.0000209 seconds
2020-02-15T12:04:56.754+0800: 14.186: [GC (Allocation Failure) 2020-02-15T12:04:56.754+0800: 14.186: [ParNew
Desired survivor size 1114112 bytes, new threshold 1 (max 6)
- age   1:    2055856 bytes,    2055856 total
: 19648K->2176K(19648K), 0.0442444 secs] 49902K->34601K(63360K), 0.0443472 secs] [Times: user=0.04 sys=0.00, real=0.04 secs] 
2020-02-15T12:04:56.799+0800: 14.231: Total time for which application threads were stopped: 0.0445108 seconds, Stopping threads took: 0.0000236 seconds
2020-02-15T12:04:56.946+0800: 14.378: [GC (Allocation Failure) 2020-02-15T12:04:56.946+0800: 14.378: [ParNew
Desired survivor size 1114112 bytes, new threshold 6 (max 6)
- age   1:     849104 bytes,     849104 total
: 19648K->2000K(19648K), 0.0248267 secs] 52073K->36426K(63360K), 0.0249287 secs] [Times: user=0.02 sys=0.00, real=0.02 secs] 
2020-02-15T12:04:56.970+0800: 14.403: Total time for which application threads were stopped: 0.0250795 seconds, Stopping threads took: 0.0000222 seconds
2020-02-15T12:04:56.998+0800: 14.431: [GC (CMS Initial Mark) [1 CMS-initial-mark: 34426K(43712K)] 38173K(63360K), 0.0035792 secs] [Times: user=0.01 sys=0.00, real=0.01 secs] 
2020-02-15T12:04:57.002+0800: 14.434: Total time for which application threads were stopped: 0.0186957 seconds, Stopping threads took: 0.0150330 seconds
2020-02-15T12:04:57.002+0800: 14.434: [CMS-concurrent-mark-start]
2020-02-15T12:04:57.080+0800: 14.512: [CMS-concurrent-mark: 0.078/0.078 secs] [Times: user=0.07 sys=0.00, real=0.07 secs] 
2020-02-15T12:04:57.080+0800: 14.512: [CMS-concurrent-preclean-start]
2020-02-15T12:04:57.081+0800: 14.513: [CMS-concurrent-preclean: 0.001/0.001 secs] [Times: user=0.00 sys=0.00, real=0.00 secs] 
2020-02-15T12:04:57.081+0800: 14.513: [CMS-concurrent-abortable-preclean-start]
2020-02-15T12:04:57.146+0800: 14.578: [GC (Allocation Failure) 2020-02-15T12:04:57.146+0800: 14.578: [ParNew
Desired survivor size 1114112 bytes, new threshold 2 (max 6)
- age   1:     846920 bytes,     846920 total
- age   2:     832088 bytes,    1679008 total
: 19472K->2176K(19648K), 0.0068938 secs] 53898K->36602K(63360K), 0.0069787 secs] [Times: user=0.00 sys=0.00, real=0.01 secs] 
2020-02-15T12:04:57.153+0800: 14.585: Total time for which application threads were stopped: 0.0070997 seconds, Stopping threads took: 0.0000211 seconds
2020-02-15T12:04:57.328+0800: 14.760: [GC (Allocation Failure) 2020-02-15T12:04:57.328+0800: 14.760: [ParNew
Desired survivor size 1114112 bytes, new threshold 2 (max 6)
- age   1:     845672 bytes,     845672 total
- age   2:     831320 bytes,    1676992 total
: 19648K->2176K(19648K), 0.0169756 secs] 54074K->37421K(63360K), 0.0170792 secs] [Times: user=0.01 sys=0.00, real=0.02 secs] 
2020-02-15T12:04:57.345+0800: 14.777: Total time for which application threads were stopped: 0.0172407 seconds, Stopping threads took: 0.0000279 seconds
2020-02-15T12:04:57.516+0800: 14.948: [GC (Allocation Failure) 2020-02-15T12:04:57.516+0800: 14.948: [ParNew2020-02-15T12:04:57.537+0800: 14.969: [CMS-concurrent-abortable-preclean: 0.194/0.456 secs] [Times: user=0.45 sys=0.00, real=0.46 secs] 

Desired survivor size 1114112 bytes, new threshold 2 (max 6)
- age   1:     844872 bytes,     844872 total
- age   2:     830752 bytes,    1675624 total
: 19648K->2176K(19648K), 0.0228713 secs] 54893K->38239K(63360K), 0.0229512 secs] [Times: user=0.02 sys=0.00, real=0.02 secs] 
2020-02-15T12:04:57.539+0800: 14.971: Total time for which application threads were stopped: 0.0230794 seconds, Stopping threads took: 0.0000248 seconds
2020-02-15T12:04:57.554+0800: 14.986: [GC (CMS Final Remark) [YG occupancy: 4971 K (19648 K)]2020-02-15T12:04:57.554+0800: 14.986: [Rescan (parallel) , 0.0065355 secs]2020-02-15T12:04:57.560+0800: 14.992: [weak refs processing, 0.0083266 secs]2020-02-15T12:04:57.569+0800: 15.001: [class unloading, 0.0152286 secs]2020-02-15T12:04:57.584+0800: 15.016: [scrub symbol table, 0.0031532 secs]2020-02-15T12:04:57.587+0800: 15.019: [scrub string table, 0.0006782 secs][1 CMS-remark: 36063K(43712K)] 41034K(63360K), 0.0343032 secs] [Times: user=0.03 sys=0.00, real=0.03 secs] 
2020-02-15T12:04:57.588+0800: 15.020: Total time for which application threads were stopped: 0.0396677 seconds, Stopping threads took: 0.0052726 seconds
2020-02-15T12:04:57.594+0800: 15.026: [CMS-concurrent-sweep-start]
2020-02-15T12:04:57.628+0800: 15.060: Total time for which application threads were stopped: 0.0176596 seconds, Stopping threads took: 0.0175475 seconds
2020-02-15T12:04:57.638+0800: 15.070: Total time for which application threads were stopped: 0.0001215 seconds, Stopping threads took: 0.0000543 seconds
2020-02-15T12:04:57.649+0800: 15.082: Total time for which application threads were stopped: 0.0001023 seconds, Stopping threads took: 0.0000325 seconds
2020-02-15T12:04:57.651+0800: 15.083: [CMS-concurrent-sweep: 0.039/0.057 secs] [Times: user=0.05 sys=0.00, real=0.05 secs] 
2020-02-15T12:04:57.651+0800: 15.083: [CMS-concurrent-reset-start]
2020-02-15T12:04:57.651+0800: 15.083: [CMS-concurrent-reset: 0.000/0.000 secs] [Times: user=0.00 sys=0.00, real=0.00 secs] 
2020-02-15T12:04:57.743+0800: 15.175: [GC (Allocation Failure) 2020-02-15T12:04:57.743+0800: 15.175: [ParNew
Desired survivor size 1114112 bytes, new threshold 2 (max 6)
- age   1:     843840 bytes,     843840 total
- age   2:     830328 bytes,    1674168 total
: 19648K->2176K(19648K), 0.0183374 secs] 45679K->29024K(63360K), 0.0184420 secs] [Times: user=0.02 sys=0.00, real=0.02 secs] 
2020-02-15T12:04:57.762+0800: 15.194: Total time for which application threads were stopped: 0.0185995 seconds, Stopping threads took: 0.0000272 seconds
2020-02-15T12:04:57.940+0800: 15.372: [GC (Allocation Failure) 2020-02-15T12:04:57.940+0800: 15.372: [ParNew
Desired survivor size 1114112 bytes, new threshold 2 (max 6)
- age   1:     847688 bytes,     847688 total
- age   2:     829544 bytes,    1677232 total
: 19648K->2176K(19648K), 0.0166322 secs] 46496K->29841K(63360K), 0.0167333 secs] [Times: user=0.02 sys=0.00, real=0.02 secs] 
2020-02-15T12:04:57.956+0800: 15.388: Total time for which application threads were stopped: 0.0169103 seconds, Stopping threads took: 0.0000263 seconds
2020-02-15T12:04:58.101+0800: 15.533: [GC (Allocation Failure) 2020-02-15T12:04:58.101+0800: 15.533: [ParNew
Desired survivor size 1114112 bytes, new threshold 2 (max 6)
- age   1:     640192 bytes,     640192 total
- age   2:     833032 bytes,    1473224 total
: 19648K->1636K(19648K), 0.0159493 secs] 47313K->30118K(63360K), 0.0160729 secs] [Times: user=0.02 sys=0.00, real=0.02 secs] 
2020-02-15T12:04:58.117+0800: 15.549: Total time for which application threads were stopped: 0.0162339 seconds, Stopping threads took: 0.0000245 seconds
2020-02-15T12:04:58.251+0800: 15.683: [GC (Allocation Failure) 2020-02-15T12:04:58.251+0800: 15.683: [ParNew
Desired survivor size 1114112 bytes, new threshold 2 (max 6)
- age   1:     750816 bytes,     750816 total
- age   2:     635264 bytes,    1386080 total
: 19108K->1488K(19648K), 0.0160272 secs] 47590K->30789K(63360K), 0.0161286 secs] [Times: user=0.01 sys=0.00, real=0.02 secs] 
2020-02-15T12:04:58.267+0800: 15.699: Total time for which application threads were stopped: 0.0162794 seconds, Stopping threads took: 0.0000259 seconds
2020-02-15T12:04:58.395+0800: 15.827: [GC (Allocation Failure) 2020-02-15T12:04:58.395+0800: 15.827: [ParNew
Desired survivor size 1114112 bytes, new threshold 2 (max 6)
- age   1:     814016 bytes,     814016 total
- age   2:     750608 bytes,    1564624 total
: 18960K->2176K(19648K), 0.0152943 secs] 48261K->32103K(63360K), 0.0154075 secs] [Times: user=0.01 sys=0.00, real=0.01 secs] 
2020-02-15T12:04:58.410+0800: 15.842: Total time for which application threads were stopped: 0.0155560 seconds, Stopping threads took: 0.0000265 seconds
2020-02-15T12:04:58.543+0800: 15.975: [GC (Allocation Failure) 2020-02-15T12:04:58.543+0800: 15.975: [ParNew
Desired survivor size 1114112 bytes, new threshold 2 (max 6)
- age   1:     660976 bytes,     660976 total
- age   2:     808848 bytes,    1469824 total
: 19648K->1492K(19648K), 0.0118750 secs] 49575K->32159K(63360K), 0.0119757 secs] [Times: user=0.01 sys=0.00, real=0.01 secs] 
2020-02-15T12:04:58.555+0800: 15.987: Total time for which application threads were stopped: 0.0121110 seconds, Stopping threads took: 0.0000264 seconds
2020-02-15T12:04:58.673+0800: 16.105: [GC (Allocation Failure) 2020-02-15T12:04:58.673+0800: 16.105: [ParNew
Desired survivor size 1114112 bytes, new threshold 2 (max 6)
- age   1:     791624 bytes,     791624 total
- age   2:     643400 bytes,    1435024 total
: 18964K->1449K(19648K), 0.0089664 secs] 49631K->32912K(63360K), 0.0090674 secs] [Times: user=0.00 sys=0.00, real=0.01 secs] 
2020-02-15T12:04:58.682+0800: 16.114: Total time for which application threads were stopped: 0.0092336 seconds, Stopping threads took: 0.0000247 seconds
2020-02-15T12:04:58.806+0800: 16.238: [GC (Allocation Failure) 2020-02-15T12:04:58.806+0800: 16.238: [ParNew
Desired survivor size 1114112 bytes, new threshold 2 (max 6)
- age   1:     849904 bytes,     849904 total
- age   2:     769728 bytes,    1619632 total
: 18921K->2176K(19648K), 0.0150416 secs] 50384K->34268K(63360K), 0.0151759 secs] [Times: user=0.02 sys=0.00, real=0.01 secs] 
2020-02-15T12:04:58.821+0800: 16.253: Total time for which application threads were stopped: 0.0153556 seconds, Stopping threads took: 0.0000401 seconds
2020-02-15T12:04:58.935+0800: 16.367: [GC (Allocation Failure) 2020-02-15T12:04:58.935+0800: 16.367: [ParNew
Desired survivor size 1114112 bytes, new threshold 2 (max 6)
- age   1:     850112 bytes,     850112 total
- age   2:     828240 bytes,    1678352 total
: 19648K->2176K(19648K), 0.0159822 secs] 51740K->35024K(63360K), 0.0160811 secs] [Times: user=0.02 sys=0.00, real=0.01 secs] 
2020-02-15T12:04:58.951+0800: 16.383: Total time for which application threads were stopped: 0.0162241 seconds, Stopping threads took: 0.0000259 seconds
2020-02-15T12:04:58.962+0800: 16.394: [GC (CMS Initial Mark) [1 CMS-initial-mark: 32848K(43712K)] 36772K(63360K), 0.0047855 secs] [Times: user=0.00 sys=0.00, real=0.00 secs] 
2020-02-15T12:04:58.966+0800: 16.398: Total time for which application threads were stopped: 0.0085791 seconds, Stopping threads took: 0.0037055 seconds
2020-02-15T12:04:58.966+0800: 16.398: [CMS-concurrent-mark-start]
2020-02-15T12:04:59.104+0800: 16.536: [CMS-concurrent-mark: 0.137/0.137 secs] [Times: user=0.14 sys=0.00, real=0.14 secs] 
2020-02-15T12:04:59.104+0800: 16.536: [CMS-concurrent-preclean-start]
2020-02-15T12:04:59.105+0800: 16.537: [CMS-concurrent-preclean: 0.001/0.001 secs] [Times: user=0.00 sys=0.00, real=0.00 secs] 
2020-02-15T12:04:59.105+0800: 16.537: [CMS-concurrent-abortable-preclean-start]
2020-02-15T12:04:59.153+0800: 16.586: Total time for which application threads were stopped: 0.0000983 seconds, Stopping threads took: 0.0000213 seconds
2020-02-15T12:04:59.441+0800: 16.874: [GC (Allocation Failure) 2020-02-15T12:04:59.442+0800: 16.874: [ParNew
Desired survivor size 1114112 bytes, new threshold 2 (max 6)
- age   1:     858904 bytes,     858904 total
- age   2:     829128 bytes,    1688032 total
: 19648K->2176K(19648K), 0.0165542 secs] 52496K->37048K(63360K), 0.0166553 secs] [Times: user=0.02 sys=0.00, real=0.01 secs] 
2020-02-15T12:04:59.458+0800: 16.890: Total time for which application threads were stopped: 0.0168534 seconds, Stopping threads took: 0.0000278 seconds
2020-02-15T12:04:59.810+0800: 17.243: [CMS-concurrent-abortable-preclean: 0.442/0.705 secs] [Times: user=0.68 sys=0.01, real=0.70 secs] 
2020-02-15T12:04:59.811+0800: 17.243: [GC (CMS Final Remark) [YG occupancy: 15836 K (19648 K)]2020-02-15T12:04:59.811+0800: 17.243: [Rescan (parallel) , 0.0092549 secs]2020-02-15T12:04:59.820+0800: 17.252: [weak refs processing, 0.0001837 secs]2020-02-15T12:04:59.820+0800: 17.252: [class unloading, 0.0060642 secs]2020-02-15T12:04:59.826+0800: 17.258: [scrub symbol table, 0.0038413 secs]2020-02-15T12:04:59.830+0800: 17.262: [scrub string table, 0.0006753 secs][1 CMS-remark: 34872K(43712K)] 50708K(63360K), 0.0202316 secs] [Times: user=0.02 sys=0.00, real=0.02 secs] 
2020-02-15T12:04:59.831+0800: 17.263: Total time for which application threads were stopped: 0.0204283 seconds, Stopping threads took: 0.0001203 seconds
2020-02-15T12:04:59.839+0800: 17.271: [CMS-concurrent-sweep-start]
2020-02-15T12:04:59.889+0800: 17.321: [CMS-concurrent-sweep: 0.050/0.050 secs] [Times: user=0.05 sys=0.00, real=0.05 secs] 
2020-02-15T12:04:59.889+0800: 17.321: [CMS-concurrent-reset-start]
2020-02-15T12:04:59.889+0800: 17.321: [CMS-concurrent-reset: 0.000/0.000 secs] [Times: user=0.00 sys=0.00, real=0.00 secs] 
2020-02-15T12:04:59.929+0800: 17.361: Total time for which application threads were stopped: 0.0005828 seconds, Stopping threads took: 0.0000219 seconds
2020-02-15T12:04:59.941+0800: 17.373: [GC (Allocation Failure) 2020-02-15T12:04:59.941+0800: 17.373: [ParNew
Desired survivor size 1114112 bytes, new threshold 1 (max 6)
- age   1:    1163032 bytes,    1163032 total
- age   2:     830776 bytes,    1993808 total
: 19648K->2175K(19648K), 0.0124682 secs] 49414K->33786K(63360K), 0.0125607 secs] [Times: user=0.01 sys=0.00, real=0.02 secs] 
2020-02-15T12:04:59.953+0800: 17.385: Total time for which application threads were stopped: 0.0126729 seconds, Stopping threads took: 0.0000143 seconds
2020-02-15T12:05:00.275+0800: 17.707: [GC (Allocation Failure) 2020-02-15T12:05:00.275+0800: 17.707: [ParNew
Desired survivor size 1114112 bytes, new threshold 1 (max 6)
- age   1:    1411360 bytes,    1411360 total
: 19647K->2175K(19648K), 0.0217401 secs] 51258K->36021K(63360K), 0.0218567 secs] [Times: user=0.02 sys=0.00, real=0.02 secs] 
2020-02-15T12:05:00.297+0800: 17.729: Total time for which application threads were stopped: 0.0220578 seconds, Stopping threads took: 0.0000312 seconds
2020-02-15T12:05:00.327+0800: 17.759: [GC (CMS Initial Mark) [1 CMS-initial-mark: 33845K(43712K)] 42662K(63360K), 0.0052970 secs] [Times: user=0.01 sys=0.00, real=0.01 secs] 
2020-02-15T12:05:00.333+0800: 17.765: Total time for which application threads were stopped: 0.0246920 seconds, Stopping threads took: 0.0192586 seconds
2020-02-15T12:05:00.333+0800: 17.765: [CMS-concurrent-mark-start]
2020-02-15T12:05:00.469+0800: 17.901: [CMS-concurrent-mark: 0.137/0.137 secs] [Times: user=0.13 sys=0.00, real=0.13 secs] 
2020-02-15T12:05:00.469+0800: 17.901: [CMS-concurrent-preclean-start]
2020-02-15T12:05:00.485+0800: 17.917: [CMS-concurrent-preclean: 0.016/0.016 secs] [Times: user=0.02 sys=0.00, real=0.02 secs] 
2020-02-15T12:05:00.485+0800: 17.917: [CMS-concurrent-abortable-preclean-start]
2020-02-15T12:05:00.629+0800: 18.061: [GC (Allocation Failure) 2020-02-15T12:05:00.629+0800: 18.061: [ParNew
Desired survivor size 1114112 bytes, new threshold 6 (max 6)
- age   1:     981776 bytes,     981776 total
: 19647K->1216K(19648K), 0.0085269 secs] 53493K->35695K(63360K), 0.0086295 secs] [Times: user=0.01 sys=0.00, real=0.01 secs] 
2020-02-15T12:05:00.638+0800: 18.070: Total time for which application threads were stopped: 0.0089599 seconds, Stopping threads took: 0.0000316 seconds
2020-02-15T12:05:00.894+0800: 18.326: [CMS-concurrent-abortable-preclean: 0.089/0.409 secs] [Times: user=0.39 sys=0.00, real=0.41 secs] 
2020-02-15T12:05:00.900+0800: 18.332: [GC (CMS Final Remark) [YG occupancy: 12748 K (19648 K)]2020-02-15T12:05:00.900+0800: 18.332: [Rescan (parallel) , 0.0129272 secs]2020-02-15T12:05:00.913+0800: 18.345: [weak refs processing, 0.0002313 secs]2020-02-15T12:05:00.913+0800: 18.345: [class unloading, 0.0201813 secs]2020-02-15T12:05:00.933+0800: 18.365: [scrub symbol table, 0.0044752 secs]2020-02-15T12:05:00.938+0800: 18.370: [scrub string table, 0.0007148 secs][1 CMS-remark: 34478K(43712K)] 47227K(63360K), 0.0387794 secs] [Times: user=0.04 sys=0.00, real=0.04 secs] 
2020-02-15T12:05:00.938+0800: 18.371: Total time for which application threads were stopped: 0.0390105 seconds, Stopping threads took: 0.0001389 seconds
2020-02-15T12:05:00.944+0800: 18.376: [CMS-concurrent-sweep-start]
2020-02-15T12:05:00.988+0800: 18.420: [CMS-concurrent-sweep: 0.044/0.044 secs] [Times: user=0.04 sys=0.00, real=0.04 secs] 
2020-02-15T12:05:00.988+0800: 18.420: [CMS-concurrent-reset-start]
2020-02-15T12:05:00.988+0800: 18.420: [CMS-concurrent-reset: 0.000/0.000 secs] [Times: user=0.00 sys=0.00, real=0.00 secs] 
2020-02-15T12:05:01.113+0800: 18.545: [GC (Allocation Failure) 2020-02-15T12:05:01.113+0800: 18.545: [ParNew
Desired survivor size 1114112 bytes, new threshold 1 (max 6)
- age   1:    1608720 bytes,    1608720 total
- age   2:     350176 bytes,    1958896 total
: 18688K->2175K(19648K), 0.0075340 secs] 50845K->35563K(63360K), 0.0076267 secs] [Times: user=0.01 sys=0.00, real=0.00 secs] 
2020-02-15T12:05:01.121+0800: 18.553: Total time for which application threads were stopped: 0.0078368 seconds, Stopping threads took: 0.0000263 seconds
2020-02-15T12:05:01.141+0800: 18.573: [GC (CMS Initial Mark) [1 CMS-initial-mark: 33387K(43712K)] 35927K(63360K), 0.0032851 secs] [Times: user=0.00 sys=0.00, real=0.01 secs] 
2020-02-15T12:05:01.144+0800: 18.576: Total time for which application threads were stopped: 0.0194832 seconds, Stopping threads took: 0.0160961 seconds
2020-02-15T12:05:01.144+0800: 18.576: [CMS-concurrent-mark-start]
2020-02-15T12:05:01.283+0800: 18.715: [CMS-concurrent-mark: 0.139/0.139 secs] [Times: user=0.12 sys=0.00, real=0.14 secs] 
2020-02-15T12:05:01.283+0800: 18.715: [CMS-concurrent-preclean-start]
2020-02-15T12:05:01.312+0800: 18.744: [CMS-concurrent-preclean: 0.029/0.029 secs] [Times: user=0.03 sys=0.00, real=0.03 secs] 
2020-02-15T12:05:01.312+0800: 18.744: [CMS-concurrent-abortable-preclean-start]
2020-02-15T12:05:01.670+0800: 19.102: [GC (Allocation Failure) 2020-02-15T12:05:01.670+0800: 19.102: [ParNew
Desired survivor size 1114112 bytes, new threshold 1 (max 6)
- age   1:    1942616 bytes,    1942616 total
: 19647K->2176K(19648K), 0.0174170 secs] 53035K->37073K(63360K), 0.0235882 secs] [Times: user=0.02 sys=0.00, real=0.03 secs] 
2020-02-15T12:05:01.694+0800: 19.126: Total time for which application threads were stopped: 0.0237971 seconds, Stopping threads took: 0.0000237 seconds
2020-02-15T12:05:01.985+0800: 19.418: [CMS-concurrent-abortable-preclean: 0.195/0.673 secs] [Times: user=0.62 sys=0.01, real=0.67 secs] 
2020-02-15T12:05:01.993+0800: 19.425: [GC (CMS Final Remark) [YG occupancy: 11629 K (19648 K)]2020-02-15T12:05:01.993+0800: 19.425: [Rescan (parallel) , 0.0077176 secs]2020-02-15T12:05:02.000+0800: 19.432: [weak refs processing, 0.0002425 secs]2020-02-15T12:05:02.001+0800: 19.433: [class unloading, 0.0181599 secs]2020-02-15T12:05:02.019+0800: 19.451: [scrub symbol table, 0.0164265 secs]2020-02-15T12:05:02.035+0800: 19.467: [scrub string table, 0.0069560 secs][1 CMS-remark: 34897K(43712K)] 46526K(63360K), 0.0498058 secs] [Times: user=0.05 sys=0.01, real=0.05 secs] 
2020-02-15T12:05:02.042+0800: 19.474: Total time for which application threads were stopped: 0.0557507 seconds, Stopping threads took: 0.0057932 seconds
2020-02-15T12:05:02.049+0800: 19.481: [CMS-concurrent-sweep-start]
2020-02-15T12:05:02.095+0800: 19.527: [CMS-concurrent-sweep: 0.046/0.046 secs] [Times: user=0.05 sys=0.00, real=0.05 secs] 
2020-02-15T12:05:02.095+0800: 19.527: [CMS-concurrent-reset-start]
2020-02-15T12:05:02.095+0800: 19.528: [CMS-concurrent-reset: 0.000/0.000 secs] [Times: user=0.00 sys=0.00, real=0.00 secs] 
2020-02-15T12:05:02.455+0800: 19.887: [GC (Allocation Failure) 2020-02-15T12:05:02.455+0800: 19.887: [ParNew
Desired survivor size 1114112 bytes, new threshold 1 (max 6)
- age   1:    1811880 bytes,    1811880 total
: 19648K->2175K(19648K), 0.0141694 secs] 53649K->36878K(63360K), 0.0142971 secs] [Times: user=0.02 sys=0.00, real=0.01 secs] 
2020-02-15T12:05:02.469+0800: 19.902: Total time for which application threads were stopped: 0.0145423 seconds, Stopping threads took: 0.0000369 seconds
2020-02-15T12:05:02.483+0800: 19.915: [GC (CMS Initial Mark) [1 CMS-initial-mark: 34702K(43712K)] 37225K(63360K), 0.0035202 secs] [Times: user=0.00 sys=0.00, real=0.00 secs] 
2020-02-15T12:05:02.487+0800: 19.919: Total time for which application threads were stopped: 0.0041987 seconds, Stopping threads took: 0.0005672 seconds
2020-02-15T12:05:02.487+0800: 19.919: [CMS-concurrent-mark-start]
2020-02-15T12:05:02.666+0800: 20.098: [CMS-concurrent-mark: 0.179/0.179 secs] [Times: user=0.18 sys=0.00, real=0.18 secs] 
2020-02-15T12:05:02.682+0800: 20.114: [CMS-concurrent-preclean-start]
2020-02-15T12:05:02.683+0800: 20.115: [CMS-concurrent-preclean: 0.001/0.001 secs] [Times: user=0.00 sys=0.00, real=0.00 secs] 
2020-02-15T12:05:02.683+0800: 20.115: [CMS-concurrent-abortable-preclean-start]
2020-02-15T12:05:03.392+0800: 20.824: [GC (Allocation Failure) 2020-02-15T12:05:03.392+0800: 20.824: [ParNew2020-02-15T12:05:03.407+0800: 20.840: [CMS-concurrent-abortable-preclean: 0.104/0.724 secs] [Times: user=0.71 sys=0.01, real=0.72 secs] 

Desired survivor size 1114112 bytes, new threshold 6 (max 6)
- age   1:     821440 bytes,     821440 total
: 19647K->990K(19648K), 0.0156793 secs] 54350K->36364K(63360K), 0.0157617 secs] [Times: user=0.02 sys=0.00, real=0.01 secs] 
2020-02-15T12:05:03.408+0800: 20.840: Total time for which application threads were stopped: 0.0160468 seconds, Stopping threads took: 0.0000278 seconds
2020-02-15T12:05:03.430+0800: 20.862: [GC (CMS Final Remark) [YG occupancy: 2033 K (19648 K)]2020-02-15T12:05:03.430+0800: 20.862: [Rescan (parallel) , 0.0066353 secs]2020-02-15T12:05:03.437+0800: 20.869: [weak refs processing, 0.0002630 secs]2020-02-15T12:05:03.437+0800: 20.869: [class unloading, 0.0085705 secs]2020-02-15T12:05:03.446+0800: 20.878: [scrub symbol table, 0.0170063 secs]2020-02-15T12:05:03.463+0800: 20.895: [scrub string table, 0.0008491 secs][1 CMS-remark: 35374K(43712K)] 37408K(63360K), 0.0335881 secs] [Times: user=0.03 sys=0.00, real=0.04 secs] 
2020-02-15T12:05:03.464+0800: 20.896: Total time for which application threads were stopped: 0.0440190 seconds, Stopping threads took: 0.0103336 seconds
2020-02-15T12:05:03.468+0800: 20.900: [CMS-concurrent-sweep-start]
2020-02-15T12:05:03.522+0800: 20.954: [CMS-concurrent-sweep: 0.054/0.054 secs] [Times: user=0.06 sys=0.00, real=0.06 secs] 
2020-02-15T12:05:03.522+0800: 20.954: [CMS-concurrent-reset-start]
2020-02-15T12:05:03.522+0800: 20.954: [CMS-concurrent-reset: 0.000/0.000 secs] [Times: user=0.00 sys=0.00, real=0.00 secs] 
2020-02-15T12:05:03.755+0800: 21.187: Total time for which application threads were stopped: 0.0007349 seconds, Stopping threads took: 0.0000323 seconds
2020-02-15T12:05:03.804+0800: 21.236: [GC (Allocation Failure) 2020-02-15T12:05:03.804+0800: 21.236: [ParNew
Desired survivor size 1114112 bytes, new threshold 1 (max 6)
- age   1:    1468128 bytes,    1468128 total
- age   2:     407256 bytes,    1875384 total
: 18462K->1864K(19648K), 0.0077046 secs] 51920K->35323K(63360K), 0.0078190 secs] [Times: user=0.01 sys=0.00, real=0.01 secs] 
2020-02-15T12:05:03.812+0800: 21.244: Total time for which application threads were stopped: 0.0079912 seconds, Stopping threads took: 0.0000267 seconds
2020-02-15T12:05:03.846+0800: 21.278: [GC (CMS Initial Mark) [1 CMS-initial-mark: 33458K(43712K)] 36019K(63360K), 0.0044166 secs] [Times: user=0.01 sys=0.00, real=0.00 secs] 
2020-02-15T12:05:03.850+0800: 21.282: Total time for which application threads were stopped: 0.0204011 seconds, Stopping threads took: 0.0158072 seconds
2020-02-15T12:05:03.856+0800: 21.288: [CMS-concurrent-mark-start]
2020-02-15T12:05:04.017+0800: 21.449: [CMS-concurrent-mark: 0.162/0.162 secs] [Times: user=0.16 sys=0.00, real=0.16 secs] 
2020-02-15T12:05:04.017+0800: 21.449: [CMS-concurrent-preclean-start]
2020-02-15T12:05:04.019+0800: 21.451: [CMS-concurrent-preclean: 0.002/0.002 secs] [Times: user=0.00 sys=0.00, real=0.00 secs] 
2020-02-15T12:05:04.019+0800: 21.451: [CMS-concurrent-abortable-preclean-start]
2020-02-15T12:05:04.233+0800: 21.665: [GC (Allocation Failure) 2020-02-15T12:05:04.233+0800: 21.665: [ParNew
Desired survivor size 1114112 bytes, new threshold 1 (max 6)
- age   1:    1620616 bytes,    1620616 total
: 19336K->2175K(19648K), 0.0220531 secs] 52795K->37062K(63360K), 0.0221756 secs] [Times: user=0.02 sys=0.00, real=0.02 secs] 
2020-02-15T12:05:04.255+0800: 21.687: Total time for which application threads were stopped: 0.0223743 seconds, Stopping threads took: 0.0000271 seconds
2020-02-15T12:05:04.516+0800: 21.948: [CMS-concurrent-abortable-preclean: 0.266/0.497 secs] [Times: user=0.48 sys=0.01, real=0.50 secs] 
2020-02-15T12:05:04.522+0800: 21.954: [GC (CMS Final Remark) [YG occupancy: 15092 K (19648 K)]2020-02-15T12:05:04.522+0800: 21.954: [Rescan (parallel) , 0.0083534 secs]2020-02-15T12:05:04.530+0800: 21.962: [weak refs processing, 0.0002605 secs]2020-02-15T12:05:04.530+0800: 21.963: [class unloading, 0.0123539 secs]2020-02-15T12:05:04.543+0800: 21.975: [scrub symbol table, 0.0080854 secs]2020-02-15T12:05:04.551+0800: 21.983: [scrub string table, 0.0008230 secs][1 CMS-remark: 34886K(43712K)] 49978K(63360K), 0.0301720 secs] [Times: user=0.03 sys=0.00, real=0.03 secs] 
2020-02-15T12:05:04.552+0800: 21.984: Total time for which application threads were stopped: 0.0357921 seconds, Stopping threads took: 0.0054877 seconds
2020-02-15T12:05:04.558+0800: 21.990: [CMS-concurrent-sweep-start]
2020-02-15T12:05:04.562+0800: 21.994: Total time for which application threads were stopped: 0.0001034 seconds, Stopping threads took: 0.0000261 seconds
2020-02-15T12:05:04.586+0800: 22.018: Total time for which application threads were stopped: 0.0001520 seconds, Stopping threads took: 0.0000344 seconds
2020-02-15T12:05:04.598+0800: 22.030: [CMS-concurrent-sweep: 0.032/0.040 secs] [Times: user=0.04 sys=0.00, real=0.04 secs] 
2020-02-15T12:05:04.598+0800: 22.030: [CMS-concurrent-reset-start]
2020-02-15T12:05:04.599+0800: 22.031: [CMS-concurrent-reset: 0.000/0.000 secs] [Times: user=0.00 sys=0.00, real=0.00 secs] 
2020-02-15T12:05:04.619+0800: 22.051: Total time for which application threads were stopped: 0.0008332 seconds, Stopping threads took: 0.0007563 seconds
2020-02-15T12:05:04.619+0800: 22.051: Total time for which application threads were stopped: 0.0000491 seconds, Stopping threads took: 0.0000131 seconds
2020-02-15T12:05:04.619+0800: 22.051: Total time for which application threads were stopped: 0.0000498 seconds, Stopping threads took: 0.0000063 seconds
2020-02-15T12:05:04.620+0800: 22.052: Total time for which application threads were stopped: 0.0000352 seconds, Stopping threads took: 0.0000082 seconds
2020-02-15T12:05:04.620+0800: 22.052: Total time for which application threads were stopped: 0.0000343 seconds, Stopping threads took: 0.0000077 seconds
2020-02-15T12:05:04.620+0800: 22.052: Total time for which application threads were stopped: 0.0000437 seconds, Stopping threads took: 0.0000149 seconds
2020-02-15T12:05:04.620+0800: 22.052: Total time for which application threads were stopped: 0.0000386 seconds, Stopping threads took: 0.0000055 seconds
2020-02-15T12:05:04.620+0800: 22.052: Total time for which application threads were stopped: 0.0000400 seconds, Stopping threads took: 0.0000066 seconds
2020-02-15T12:05:04.620+0800: 22.052: Total time for which application threads were stopped: 0.0000303 seconds, Stopping threads took: 0.0000066 seconds
2020-02-15T12:05:04.620+0800: 22.052: Total time for which application threads were stopped: 0.0000274 seconds, Stopping threads took: 0.0000053 seconds
2020-02-15T12:05:04.620+0800: 22.052: Total time for which application threads were stopped: 0.0000275 seconds, Stopping threads took: 0.0000055 seconds
2020-02-15T12:05:04.620+0800: 22.052: Total time for which application threads were stopped: 0.0000405 seconds, Stopping threads took: 0.0000075 seconds
2020-02-15T12:05:04.620+0800: 22.052: Total time for which application threads were stopped: 0.0000510 seconds, Stopping threads took: 0.0000061 seconds
2020-02-15T12:05:04.620+0800: 22.052: Total time for which application threads were stopped: 0.0000305 seconds, Stopping threads took: 0.0000067 seconds
2020-02-15T12:05:04.620+0800: 22.053: Total time for which application threads were stopped: 0.0000287 seconds, Stopping threads took: 0.0000061 seconds
2020-02-15T12:05:04.621+0800: 22.053: Total time for which application threads were stopped: 0.0000386 seconds, Stopping threads took: 0.0000056 seconds
2020-02-15T12:05:04.621+0800: 22.053: Total time for which application threads were stopped: 0.0000325 seconds, Stopping threads took: 0.0000076 seconds
2020-02-15T12:05:04.621+0800: 22.053: Total time for which application threads were stopped: 0.0000335 seconds, Stopping threads took: 0.0000086 seconds
2020-02-15T12:05:04.621+0800: 22.053: Total time for which application threads were stopped: 0.0000277 seconds, Stopping threads took: 0.0000055 seconds
2020-02-15T12:05:04.621+0800: 22.053: Total time for which application threads were stopped: 0.0000274 seconds, Stopping threads took: 0.0000054 seconds
2020-02-15T12:05:04.621+0800: 22.053: Total time for which application threads were stopped: 0.0000273 seconds, Stopping threads took: 0.0000054 seconds
2020-02-15T12:05:04.621+0800: 22.053: Total time for which application threads were stopped: 0.0000407 seconds, Stopping threads took: 0.0000064 seconds
2020-02-15T12:05:04.621+0800: 22.053: Total time for which application threads were stopped: 0.0000387 seconds, Stopping threads took: 0.0000142 seconds
2020-02-15T12:05:04.621+0800: 22.053: Total time for which application threads were stopped: 0.0000281 seconds, Stopping threads took: 0.0000056 seconds
2020-02-15T12:05:04.621+0800: 22.053: Total time for which application threads were stopped: 0.0000357 seconds, Stopping threads took: 0.0000080 seconds
2020-02-15T12:05:04.621+0800: 22.053: Total time for which application threads were stopped: 0.0000299 seconds, Stopping threads took: 0.0000062 seconds
2020-02-15T12:05:04.621+0800: 22.053: Total time for which application threads were stopped: 0.0000438 seconds, Stopping threads took: 0.0000078 seconds
2020-02-15T12:05:04.621+0800: 22.053: Total time for which application threads were stopped: 0.0000342 seconds, Stopping threads took: 0.0000073 seconds
2020-02-15T12:05:04.621+0800: 22.053: Total time for which application threads were stopped: 0.0000371 seconds, Stopping threads took: 0.0000069 seconds
2020-02-15T12:05:04.621+0800: 22.053: Total time for which application threads were stopped: 0.0000446 seconds, Stopping threads took: 0.0000083 seconds
2020-02-15T12:05:04.622+0800: 22.054: Total time for which application threads were stopped: 0.0000341 seconds, Stopping threads took: 0.0000077 seconds
2020-02-15T12:05:04.622+0800: 22.054: Total time for which application threads were stopped: 0.0000291 seconds, Stopping threads took: 0.0000055 seconds
2020-02-15T12:05:04.622+0800: 22.054: Total time for which application threads were stopped: 0.0000328 seconds, Stopping threads took: 0.0000057 seconds
2020-02-15T12:05:04.622+0800: 22.054: Total time for which application threads were stopped: 0.0000366 seconds, Stopping threads took: 0.0000081 seconds
2020-02-15T12:05:04.622+0800: 22.054: Total time for which application threads were stopped: 0.0000370 seconds, Stopping threads took: 0.0000081 seconds
2020-02-15T12:05:04.623+0800: 22.055: Total time for which application threads were stopped: 0.0000456 seconds, Stopping threads took: 0.0000088 seconds
2020-02-15T12:05:04.623+0800: 22.055: Total time for which application threads were stopped: 0.0000410 seconds, Stopping threads took: 0.0000065 seconds
2020-02-15T12:05:04.623+0800: 22.055: Total time for which application threads were stopped: 0.0000321 seconds, Stopping threads took: 0.0000075 seconds
2020-02-15T12:05:04.623+0800: 22.055: Total time for which application threads were stopped: 0.0000278 seconds, Stopping threads took: 0.0000061 seconds
2020-02-15T12:05:04.623+0800: 22.055: Total time for which application threads were stopped: 0.0000546 seconds, Stopping threads took: 0.0000053 seconds
2020-02-15T12:05:04.624+0800: 22.056: Total time for which application threads were stopped: 0.0000356 seconds, Stopping threads took: 0.0000083 seconds
2020-02-15T12:05:04.624+0800: 22.056: Total time for which application threads were stopped: 0.0000392 seconds, Stopping threads took: 0.0000086 seconds
2020-02-15T12:05:04.638+0800: 22.070: Total time for which application threads were stopped: 0.0044560 seconds, Stopping threads took: 0.0043179 seconds
2020-02-15T12:05:04.639+0800: 22.071: Total time for which application threads were stopped: 0.0000716 seconds, Stopping threads took: 0.0000145 seconds
2020-02-15T12:05:04.641+0800: 22.073: Total time for which application threads were stopped: 0.0000704 seconds, Stopping threads took: 0.0000113 seconds
2020-02-15T12:05:04.641+0800: 22.073: Total time for which application threads were stopped: 0.0000522 seconds, Stopping threads took: 0.0000094 seconds
2020-02-15T12:05:04.642+0800: 22.074: Total time for which application threads were stopped: 0.0000680 seconds, Stopping threads took: 0.0000111 seconds
2020-02-15T12:05:04.660+0800: 22.092: Total time for which application threads were stopped: 0.0117777 seconds, Stopping threads took: 0.0116477 seconds
2020-02-15T12:05:04.680+0800: 22.112: [GC (Allocation Failure) 2020-02-15T12:05:04.680+0800: 22.112: [ParNew
Desired survivor size 1114112 bytes, new threshold 1 (max 6)
- age   1:    1260344 bytes,    1260344 total
: 19647K->1932K(19648K), 0.0158082 secs] 54255K->37606K(63360K), 0.0159379 secs] [Times: user=0.01 sys=0.00, real=0.02 secs] 
2020-02-15T12:05:04.696+0800: 22.128: Total time for which application threads were stopped: 0.0161413 seconds, Stopping threads took: 0.0000298 seconds
2020-02-15T12:05:04.715+0800: 22.148: [GC (CMS Initial Mark) [1 CMS-initial-mark: 35673K(43712K)] 38986K(63360K), 0.0039313 secs] [Times: user=0.00 sys=0.00, real=0.00 secs] 
2020-02-15T12:05:04.719+0800: 22.152: Total time for which application threads were stopped: 0.0083138 seconds, Stopping threads took: 0.0042589 seconds
2020-02-15T12:05:04.720+0800: 22.152: [CMS-concurrent-mark-start]
2020-02-15T12:05:04.812+0800: 22.244: Total time for which application threads were stopped: 0.0001161 seconds, Stopping threads took: 0.0000355 seconds
2020-02-15T12:05:04.914+0800: 22.346: [CMS-concurrent-mark: 0.190/0.194 secs] [Times: user=0.19 sys=0.00, real=0.20 secs] 
2020-02-15T12:05:04.914+0800: 22.346: [CMS-concurrent-preclean-start]
2020-02-15T12:05:04.928+0800: 22.360: [CMS-concurrent-preclean: 0.014/0.014 secs] [Times: user=0.01 sys=0.00, real=0.01 secs] 
2020-02-15T12:05:04.928+0800: 22.360: [CMS-concurrent-abortable-preclean-start]
2020-02-15T12:05:04.977+0800: 22.409: Total time for which application threads were stopped: 0.0001328 seconds, Stopping threads took: 0.0000324 seconds
2020-02-15T12:05:05.003+0800: 22.435: [GC (Allocation Failure) 2020-02-15T12:05:05.003+0800: 22.435: [ParNew
Desired survivor size 1114112 bytes, new threshold 1 (max 6)
- age   1:    1133832 bytes,    1133832 total
: 19404K->1344K(19648K), 0.0081531 secs] 55078K->37322K(63360K), 0.0082687 secs] [Times: user=0.00 sys=0.00, real=0.00 secs] 
2020-02-15T12:05:05.011+0800: 22.443: Total time for which application threads were stopped: 0.0084288 seconds, Stopping threads took: 0.0000234 seconds
2020-02-15T12:05:05.150+0800: 22.582: [CMS-concurrent-abortable-preclean: 0.042/0.221 secs] [Times: user=0.22 sys=0.00, real=0.22 secs] 
2020-02-15T12:05:05.162+0800: 22.594: [GC (CMS Final Remark) [YG occupancy: 10414 K (19648 K)]2020-02-15T12:05:05.162+0800: 22.594: [Rescan (parallel) , 0.0076864 secs]2020-02-15T12:05:05.170+0800: 22.602: [weak refs processing, 0.0003109 secs]2020-02-15T12:05:05.170+0800: 22.602: [class unloading, 0.0267704 secs]2020-02-15T12:05:05.197+0800: 22.629: [scrub symbol table, 0.0163284 secs]2020-02-15T12:05:05.213+0800: 22.646: [scrub string table, 0.0070239 secs][1 CMS-remark: 35977K(43712K)] 46391K(63360K), 0.0584794 secs] [Times: user=0.06 sys=0.00, real=0.05 secs] 
2020-02-15T12:05:05.221+0800: 22.653: Total time for which application threads were stopped: 0.0651866 seconds, Stopping threads took: 0.0065727 seconds
2020-02-15T12:05:05.226+0800: 22.658: [CMS-concurrent-sweep-start]
2020-02-15T12:05:05.273+0800: 22.706: [CMS-concurrent-sweep: 0.048/0.048 secs] [Times: user=0.05 sys=0.00, real=0.05 secs] 
2020-02-15T12:05:05.274+0800: 22.706: [CMS-concurrent-reset-start]
2020-02-15T12:05:05.274+0800: 22.706: [CMS-concurrent-reset: 0.000/0.000 secs] [Times: user=0.00 sys=0.00, real=0.00 secs] 
2020-02-15T12:05:05.389+0800: 22.822: [GC (Allocation Failure) 2020-02-15T12:05:05.389+0800: 22.822: [ParNew
Desired survivor size 1114112 bytes, new threshold 1 (max 6)
- age   1:    2031984 bytes,    2031984 total
: 18816K->2175K(19648K), 0.0180924 secs] 52072K->36321K(63360K), 0.0182003 secs] [Times: user=0.02 sys=0.00, real=0.02 secs] 
2020-02-15T12:05:05.408+0800: 22.840: Total time for which application threads were stopped: 0.0184472 seconds, Stopping threads took: 0.0000240 seconds
2020-02-15T12:05:05.412+0800: 22.844: [GC (CMS Initial Mark) [1 CMS-initial-mark: 34145K(43712K)] 37016K(63360K), 0.0033685 secs] [Times: user=0.01 sys=0.00, real=0.00 secs] 
2020-02-15T12:05:05.415+0800: 22.847: Total time for which application threads were stopped: 0.0036169 seconds, Stopping threads took: 0.0001441 seconds
2020-02-15T12:05:05.415+0800: 22.847: [CMS-concurrent-mark-start]
2020-02-15T12:05:05.552+0800: 22.984: Total time for which application threads were stopped: 0.0001003 seconds, Stopping threads took: 0.0000285 seconds
2020-02-15T12:05:05.564+0800: 22.996: Total time for which application threads were stopped: 0.0001865 seconds, Stopping threads took: 0.0000383 seconds
2020-02-15T12:05:05.609+0800: 23.041: [CMS-concurrent-mark: 0.187/0.193 secs] [Times: user=0.18 sys=0.00, real=0.19 secs] 
2020-02-15T12:05:05.609+0800: 23.041: [CMS-concurrent-preclean-start]
2020-02-15T12:05:05.623+0800: 23.055: [CMS-concurrent-preclean: 0.015/0.015 secs] [Times: user=0.02 sys=0.00, real=0.02 secs] 
2020-02-15T12:05:05.623+0800: 23.056: [CMS-concurrent-abortable-preclean-start]
2020-02-15T12:05:05.700+0800: 23.132: [GC (Allocation Failure) 2020-02-15T12:05:05.700+0800: 23.132: [ParNew
Desired survivor size 1114112 bytes, new threshold 1 (max 6)
- age   1:    1513416 bytes,    1513416 total
: 19647K->1498K(19648K), 0.0112676 secs] 53793K->35840K(63360K), 0.0113760 secs] [Times: user=0.01 sys=0.00, real=0.01 secs] 
2020-02-15T12:05:05.711+0800: 23.143: Total time for which application threads were stopped: 0.0115422 seconds, Stopping threads took: 0.0000284 seconds
2020-02-15T12:05:06.025+0800: 23.457: Total time for which application threads were stopped: 0.0002460 seconds, Stopping threads took: 0.0000278 seconds
2020-02-15T12:05:06.029+0800: 23.461: [CMS-concurrent-abortable-preclean: 0.049/0.405 secs] [Times: user=0.39 sys=0.01, real=0.40 secs] 
2020-02-15T12:05:06.038+0800: 23.470: [GC (CMS Final Remark) [YG occupancy: 11320 K (19648 K)]2020-02-15T12:05:06.038+0800: 23.470: [Rescan (parallel) , 0.0156751 secs]2020-02-15T12:05:06.053+0800: 23.485: [weak refs processing, 0.0002489 secs]2020-02-15T12:05:06.054+0800: 23.486: [class unloading, 0.0181219 secs]2020-02-15T12:05:06.072+0800: 23.504: [scrub symbol table, 0.0215023 secs]2020-02-15T12:05:06.100+0800: 23.532: [scrub string table, 0.0008475 secs][1 CMS-remark: 34341K(43712K)] 45661K(63360K), 0.0628767 secs] [Times: user=0.06 sys=0.00, real=0.06 secs] 
2020-02-15T12:05:06.100+0800: 23.533: Total time for which application threads were stopped: 0.0679093 seconds, Stopping threads took: 0.0049327 seconds
2020-02-15T12:05:06.107+0800: 23.539: [CMS-concurrent-sweep-start]
2020-02-15T12:05:06.134+0800: 23.566: Total time for which application threads were stopped: 0.0001102 seconds, Stopping threads took: 0.0000307 seconds
2020-02-15T12:05:06.148+0800: 23.581: [CMS-concurrent-sweep: 0.041/0.041 secs] [Times: user=0.04 sys=0.00, real=0.04 secs] 
2020-02-15T12:05:06.149+0800: 23.581: [CMS-concurrent-reset-start]
2020-02-15T12:05:06.149+0800: 23.581: [CMS-concurrent-reset: 0.000/0.000 secs] [Times: user=0.00 sys=0.00, real=0.00 secs] 
2020-02-15T12:05:06.368+0800: 23.800: [GC (Allocation Failure) 2020-02-15T12:05:06.368+0800: 23.800: [ParNew
Desired survivor size 1114112 bytes, new threshold 1 (max 6)
- age   1:    1887072 bytes,    1887072 total
: 18970K->1977K(19648K), 0.0152286 secs] 53173K->36329K(63360K), 0.0153345 secs] [Times: user=0.02 sys=0.00, real=0.02 secs] 
2020-02-15T12:05:06.384+0800: 23.816: Total time for which application threads were stopped: 0.0155520 seconds, Stopping threads took: 0.0000288 seconds
2020-02-15T12:05:06.389+0800: 23.822: [GC (CMS Initial Mark) [1 CMS-initial-mark: 34351K(43712K)] 36677K(63360K), 0.0049648 secs] [Times: user=0.01 sys=0.00, real=0.01 secs] 
2020-02-15T12:05:06.395+0800: 23.827: Total time for which application threads were stopped: 0.0051210 seconds, Stopping threads took: 0.0000403 seconds
2020-02-15T12:05:06.395+0800: 23.827: [CMS-concurrent-mark-start]
2020-02-15T12:05:06.622+0800: 24.054: [CMS-concurrent-mark: 0.228/0.228 secs] [Times: user=0.20 sys=0.00, real=0.23 secs] 
2020-02-15T12:05:06.623+0800: 24.055: [CMS-concurrent-preclean-start]
2020-02-15T12:05:06.625+0800: 24.057: [CMS-concurrent-preclean: 0.002/0.002 secs] [Times: user=0.00 sys=0.00, real=0.00 secs] 
2020-02-15T12:05:06.625+0800: 24.057: [CMS-concurrent-abortable-preclean-start]
2020-02-15T12:05:06.951+0800: 24.383: [GC (Allocation Failure) 2020-02-15T12:05:06.951+0800: 24.384: [ParNew
Desired survivor size 1114112 bytes, new threshold 1 (max 6)
- age   1:    2059904 bytes,    2059904 total
: 19449K->2175K(19648K), 0.0177630 secs] 53801K->37190K(63360K), 0.0178712 secs] [Times: user=0.02 sys=0.00, real=0.01 secs] 
2020-02-15T12:05:06.970+0800: 24.402: Total time for which application threads were stopped: 0.0183757 seconds, Stopping threads took: 0.0000228 seconds
2020-02-15T12:05:07.189+0800: 24.621: Total time for which application threads were stopped: 0.0001325 seconds, Stopping threads took: 0.0000254 seconds
2020-02-15T12:05:07.323+0800: 24.755: [CMS-concurrent-abortable-preclean: 0.198/0.698 secs] [Times: user=0.67 sys=0.01, real=0.70 secs] 
2020-02-15T12:05:07.334+0800: 24.766: [GC (CMS Final Remark) [YG occupancy: 15494 K (19648 K)]2020-02-15T12:05:07.334+0800: 24.766: [Rescan (parallel) , 0.0211692 secs]2020-02-15T12:05:07.355+0800: 24.787: [weak refs processing, 0.0002570 secs]2020-02-15T12:05:07.355+0800: 24.787: [class unloading, 0.0191693 secs]2020-02-15T12:05:07.374+0800: 24.806: [scrub symbol table, 0.0233010 secs]2020-02-15T12:05:07.398+0800: 24.830: [scrub string table, 0.0009460 secs][1 CMS-remark: 35014K(43712K)] 50508K(63360K), 0.0651613 secs] [Times: user=0.07 sys=0.00, real=0.06 secs] 
2020-02-15T12:05:07.399+0800: 24.831: Total time for which application threads were stopped: 0.0685818 seconds, Stopping threads took: 0.0033013 seconds
2020-02-15T12:05:07.403+0800: 24.835: [CMS-concurrent-sweep-start]
2020-02-15T12:05:07.464+0800: 24.896: [CMS-concurrent-sweep: 0.060/0.060 secs] [Times: user=0.06 sys=0.00, real=0.06 secs] 
2020-02-15T12:05:07.464+0800: 24.896: [CMS-concurrent-reset-start]
2020-02-15T12:05:07.464+0800: 24.896: [CMS-concurrent-reset: 0.000/0.000 secs] [Times: user=0.00 sys=0.00, real=0.00 secs] 
2020-02-15T12:05:07.543+0800: 24.975: [GC (Allocation Failure) 2020-02-15T12:05:07.543+0800: 24.975: [ParNew
Desired survivor size 1114112 bytes, new threshold 1 (max 6)
- age   1:    1969048 bytes,    1969048 total
: 19647K->2175K(19648K), 0.0219426 secs] 54177K->37801K(63360K), 0.0220469 secs] [Times: user=0.02 sys=0.00, real=0.02 secs] 
2020-02-15T12:05:07.565+0800: 24.997: Total time for which application threads were stopped: 0.0222545 seconds, Stopping threads took: 0.0000274 seconds
2020-02-15T12:05:07.569+0800: 25.001: [GC (CMS Initial Mark) [1 CMS-initial-mark: 35625K(43712K)] 38161K(63360K), 0.0048455 secs] [Times: user=0.00 sys=0.00, real=0.01 secs] 
2020-02-15T12:05:07.574+0800: 25.006: Total time for which application threads were stopped: 0.0049959 seconds, Stopping threads took: 0.0000267 seconds
2020-02-15T12:05:07.574+0800: 25.006: [CMS-concurrent-mark-start]
2020-02-15T12:05:07.799+0800: 25.231: [CMS-concurrent-mark: 0.225/0.225 secs] [Times: user=0.22 sys=0.00, real=0.22 secs] 
2020-02-15T12:05:07.799+0800: 25.231: [CMS-concurrent-preclean-start]
2020-02-15T12:05:07.813+0800: 25.245: [CMS-concurrent-preclean: 0.015/0.015 secs] [Times: user=0.02 sys=0.00, real=0.02 secs] 
2020-02-15T12:05:07.813+0800: 25.246: [CMS-concurrent-abortable-preclean-start]
2020-02-15T12:05:07.893+0800: 25.325: [GC (Allocation Failure) 2020-02-15T12:05:07.893+0800: 25.325: [ParNew
Desired survivor size 1114112 bytes, new threshold 6 (max 6)
- age   1:     746840 bytes,     746840 total
: 19647K->1195K(19648K), 0.0236615 secs] 55273K->37895K(63360K), 0.0237873 secs] [Times: user=0.03 sys=0.00, real=0.02 secs] 
2020-02-15T12:05:07.917+0800: 25.349: Total time for which application threads were stopped: 0.0239973 seconds, Stopping threads took: 0.0000333 seconds
2020-02-15T12:05:08.078+0800: 25.510: [CMS-concurrent-abortable-preclean: 0.102/0.265 secs] [Times: user=0.25 sys=0.00, real=0.26 secs] 
2020-02-15T12:05:08.089+0800: 25.521: [GC (CMS Final Remark) [YG occupancy: 14721 K (19648 K)]2020-02-15T12:05:08.089+0800: 25.521: [Rescan (parallel) , 0.0104552 secs]2020-02-15T12:05:08.100+0800: 25.532: [weak refs processing, 0.0002961 secs]2020-02-15T12:05:08.100+0800: 25.532: [class unloading, 0.0183580 secs]2020-02-15T12:05:08.118+0800: 25.550: [scrub symbol table, 0.0233854 secs]2020-02-15T12:05:08.142+0800: 25.574: [scrub string table, 0.0008893 secs][1 CMS-remark: 36699K(43712K)] 51421K(63360K), 0.0537053 secs] [Times: user=0.06 sys=0.00, real=0.06 secs] 
2020-02-15T12:05:08.143+0800: 25.575: Total time for which application threads were stopped: 0.0542215 seconds, Stopping threads took: 0.0003598 seconds
2020-02-15T12:05:08.149+0800: 25.581: [CMS-concurrent-sweep-start]
2020-02-15T12:05:08.191+0800: 25.623: [CMS-concurrent-sweep: 0.042/0.042 secs] [Times: user=0.04 sys=0.00, real=0.04 secs] 
2020-02-15T12:05:08.191+0800: 25.623: [CMS-concurrent-reset-start]
2020-02-15T12:05:08.191+0800: 25.623: [CMS-concurrent-reset: 0.000/0.000 secs] [Times: user=0.00 sys=0.00, real=0.00 secs] 
2020-02-15T12:05:08.211+0800: 25.643: [GC (Allocation Failure) 2020-02-15T12:05:08.211+0800: 25.643: [ParNew
Desired survivor size 1114112 bytes, new threshold 6 (max 6)
- age   1:     560672 bytes,     560672 total
- age   2:     441448 bytes,    1002120 total
: 18667K->1339K(19648K), 0.0131112 secs] 55262K->37934K(63360K), 0.0132293 secs] [Times: user=0.02 sys=0.00, real=0.02 secs] 
2020-02-15T12:05:08.224+0800: 25.656: Total time for which application threads were stopped: 0.0134220 seconds, Stopping threads took: 0.0000357 seconds
2020-02-15T12:05:08.233+0800: 25.665: [GC (CMS Initial Mark) [1 CMS-initial-mark: 36594K(43712K)] 39325K(63360K), 0.0052113 secs] [Times: user=0.01 sys=0.00, real=0.00 secs] 
2020-02-15T12:05:08.239+0800: 25.671: Total time for which application threads were stopped: 0.0091568 seconds, Stopping threads took: 0.0038203 seconds
2020-02-15T12:05:08.239+0800: 25.671: [CMS-concurrent-mark-start]
2020-02-15T12:05:08.289+0800: 25.721: Total time for which application threads were stopped: 0.0007386 seconds, Stopping threads took: 0.0000260 seconds
2020-02-15T12:05:08.297+0800: 25.729: Total time for which application threads were stopped: 0.0001363 seconds, Stopping threads took: 0.0000279 seconds
2020-02-15T12:05:08.455+0800: 25.887: [CMS-concurrent-mark: 0.207/0.216 secs] [Times: user=0.21 sys=0.01, real=0.22 secs] 
2020-02-15T12:05:08.455+0800: 25.887: [CMS-concurrent-preclean-start]
2020-02-15T12:05:08.471+0800: 25.904: [CMS-concurrent-preclean: 0.016/0.016 secs] [Times: user=0.02 sys=0.00, real=0.02 secs] 
2020-02-15T12:05:08.472+0800: 25.904: [CMS-concurrent-abortable-preclean-start]
2020-02-15T12:05:08.849+0800: 26.281: [GC (Allocation Failure) 2020-02-15T12:05:08.849+0800: 26.281: [ParNew
Desired survivor size 1114112 bytes, new threshold 2 (max 6)
- age   1:     909936 bytes,     909936 total
- age   2:     390704 bytes,    1300640 total
- age   3:     440944 bytes,    1741584 total
: 18811K->2175K(19648K), 0.0157082 secs] 55406K->39156K(63360K), 0.0158417 secs] [Times: user=0.02 sys=0.00, real=0.02 secs] 
2020-02-15T12:05:08.865+0800: 26.297: Total time for which application threads were stopped: 0.0160756 seconds, Stopping threads took: 0.0000278 seconds
2020-02-15T12:05:09.200+0800: 26.632: [CMS-concurrent-abortable-preclean: 0.368/0.728 secs] [Times: user=0.71 sys=0.00, real=0.72 secs] 
2020-02-15T12:05:09.206+0800: 26.638: [GC (CMS Final Remark) [YG occupancy: 13040 K (19648 K)]2020-02-15T12:05:09.206+0800: 26.638: [Rescan (parallel) , 0.0122615 secs]2020-02-15T12:05:09.218+0800: 26.650: [weak refs processing, 0.0003099 secs]2020-02-15T12:05:09.219+0800: 26.651: [class unloading, 0.0133684 secs]2020-02-15T12:05:09.232+0800: 26.664: [scrub symbol table, 0.0110814 secs]2020-02-15T12:05:09.243+0800: 26.675: [scrub string table, 0.0010263 secs][1 CMS-remark: 36980K(43712K)] 50021K(63360K), 0.0385614 secs] [Times: user=0.04 sys=0.00, real=0.04 secs] 
2020-02-15T12:05:09.245+0800: 26.677: Total time for which application threads were stopped: 0.0391777 seconds, Stopping threads took: 0.0004156 seconds
2020-02-15T12:05:09.252+0800: 26.684: [CMS-concurrent-sweep-start]
2020-02-15T12:05:09.256+0800: 26.688: Total time for which application threads were stopped: 0.0001191 seconds, Stopping threads took: 0.0000294 seconds
2020-02-15T12:05:09.307+0800: 26.739: [CMS-concurrent-sweep: 0.049/0.055 secs] [Times: user=0.05 sys=0.00, real=0.05 secs] 
2020-02-15T12:05:09.307+0800: 26.739: [CMS-concurrent-reset-start]
2020-02-15T12:05:09.307+0800: 26.739: [CMS-concurrent-reset: 0.000/0.000 secs] [Times: user=0.00 sys=0.00, real=0.00 secs] 
2020-02-15T12:05:09.386+0800: 26.818: [GC (Allocation Failure) 2020-02-15T12:05:09.386+0800: 26.818: [ParNew
Desired survivor size 1114112 bytes, new threshold 2 (max 6)
- age   1:     811192 bytes,     811192 total
- age   2:     835904 bytes,    1647096 total
: 19647K->2176K(19648K), 0.0385367 secs] 55718K->40454K(63360K), 0.0386402 secs] [Times: user=0.04 sys=0.00, real=0.04 secs] 
2020-02-15T12:05:09.424+0800: 26.856: Total time for which application threads were stopped: 0.0388511 seconds, Stopping threads took: 0.0000260 seconds
2020-02-15T12:05:09.430+0800: 26.862: [GC (CMS Initial Mark) [1 CMS-initial-mark: 38278K(43712K)] 41152K(63360K), 0.0102830 secs] [Times: user=0.01 sys=0.00, real=0.01 secs] 
2020-02-15T12:05:09.440+0800: 26.872: Total time for which application threads were stopped: 0.0104969 seconds, Stopping threads took: 0.0000872 seconds
2020-02-15T12:05:09.445+0800: 26.877: [CMS-concurrent-mark-start]
2020-02-15T12:05:09.557+0800: 26.989: Total time for which application threads were stopped: 0.0001322 seconds, Stopping threads took: 0.0000252 seconds
2020-02-15T12:05:09.647+0800: 27.079: [CMS-concurrent-mark: 0.203/0.203 secs] [Times: user=0.20 sys=0.00, real=0.20 secs] 
2020-02-15T12:05:09.647+0800: 27.079: [CMS-concurrent-preclean-start]
2020-02-15T12:05:09.658+0800: 27.090: Total time for which application threads were stopped: 0.0006901 seconds, Stopping threads took: 0.0000282 seconds
2020-02-15T12:05:09.669+0800: 27.101: [CMS-concurrent-preclean: 0.011/0.021 secs] [Times: user=0.02 sys=0.00, real=0.02 secs] 
2020-02-15T12:05:09.669+0800: 27.101: [CMS-concurrent-abortable-preclean-start]
2020-02-15T12:05:09.949+0800: 27.381: [GC (Allocation Failure) 2020-02-15T12:05:09.949+0800: 27.381: [ParNew
Desired survivor size 1114112 bytes, new threshold 1 (max 6)
- age   1:    1426800 bytes,    1426800 total
- age   2:     786680 bytes,    2213480 total
: 19648K->2176K(19648K), 0.0237093 secs] 57926K->42027K(63360K), 0.0238141 secs] [Times: user=0.02 sys=0.00, real=0.03 secs] 
2020-02-15T12:05:09.973+0800: 27.405: Total time for which application threads were stopped: 0.0240366 seconds, Stopping threads took: 0.0000279 seconds
2020-02-15T12:05:09.984+0800: 27.416: Total time for which application threads were stopped: 0.0001182 seconds, Stopping threads took: 0.0000278 seconds
2020-02-15T12:05:10.020+0800: 27.452: Total time for which application threads were stopped: 0.0007338 seconds, Stopping threads took: 0.0000218 seconds
2020-02-15T12:05:10.020+0800: 27.452: Total time for which application threads were stopped: 0.0000432 seconds, Stopping threads took: 0.0000092 seconds
2020-02-15T12:05:10.021+0800: 27.453: Total time for which application threads were stopped: 0.0000373 seconds, Stopping threads took: 0.0000088 seconds
2020-02-15T12:05:10.030+0800: 27.462: Total time for which application threads were stopped: 0.0001148 seconds, Stopping threads took: 0.0000309 seconds
2020-02-15T12:05:10.030+0800: 27.463: Total time for which application threads were stopped: 0.0000446 seconds, Stopping threads took: 0.0000091 seconds
2020-02-15T12:05:10.031+0800: 27.463: Total time for which application threads were stopped: 0.0000473 seconds, Stopping threads took: 0.0000091 seconds
2020-02-15T12:05:10.031+0800: 27.463: Total time for which application threads were stopped: 0.0000392 seconds, Stopping threads took: 0.0000071 seconds
2020-02-15T12:05:10.031+0800: 27.463: Total time for which application threads were stopped: 0.0000378 seconds, Stopping threads took: 0.0000081 seconds
2020-02-15T12:05:10.031+0800: 27.463: Total time for which application threads were stopped: 0.0000327 seconds, Stopping threads took: 0.0000060 seconds
2020-02-15T12:05:10.031+0800: 27.463: Total time for which application threads were stopped: 0.0000335 seconds, Stopping threads took: 0.0000062 seconds
2020-02-15T12:05:10.031+0800: 27.463: Total time for which application threads were stopped: 0.0000510 seconds, Stopping threads took: 0.0000081 seconds
2020-02-15T12:05:10.032+0800: 27.464: Total time for which application threads were stopped: 0.0000344 seconds, Stopping threads took: 0.0000083 seconds
2020-02-15T12:05:10.032+0800: 27.464: Total time for which application threads were stopped: 0.0000409 seconds, Stopping threads took: 0.0000087 seconds
2020-02-15T12:05:10.032+0800: 27.464: Total time for which application threads were stopped: 0.0000347 seconds, Stopping threads took: 0.0000069 seconds
2020-02-15T12:05:10.032+0800: 27.464: Total time for which application threads were stopped: 0.0000355 seconds, Stopping threads took: 0.0000076 seconds
2020-02-15T12:05:10.033+0800: 27.465: Total time for which application threads were stopped: 0.0000386 seconds, Stopping threads took: 0.0000096 seconds
2020-02-15T12:05:10.037+0800: 27.469: Total time for which application threads were stopped: 0.0000972 seconds, Stopping threads took: 0.0000212 seconds
2020-02-15T12:05:10.038+0800: 27.471: Total time for which application threads were stopped: 0.0000437 seconds, Stopping threads took: 0.0000085 seconds
2020-02-15T12:05:10.038+0800: 27.471: Total time for which application threads were stopped: 0.0000313 seconds, Stopping threads took: 0.0000062 seconds
2020-02-15T12:05:10.039+0800: 27.471: Total time for which application threads were stopped: 0.0000298 seconds, Stopping threads took: 0.0000060 seconds
2020-02-15T12:05:10.039+0800: 27.471: Total time for which application threads were stopped: 0.0000295 seconds, Stopping threads took: 0.0000056 seconds
2020-02-15T12:05:10.039+0800: 27.471: Total time for which application threads were stopped: 0.0000300 seconds, Stopping threads took: 0.0000061 seconds
2020-02-15T12:05:10.039+0800: 27.471: Total time for which application threads were stopped: 0.0000289 seconds, Stopping threads took: 0.0000055 seconds
2020-02-15T12:05:10.039+0800: 27.471: Total time for which application threads were stopped: 0.0000289 seconds, Stopping threads took: 0.0000057 seconds
2020-02-15T12:05:10.039+0800: 27.471: Total time for which application threads were stopped: 0.0000285 seconds, Stopping threads took: 0.0000053 seconds
2020-02-15T12:05:10.039+0800: 27.471: Total time for which application threads were stopped: 0.0000580 seconds, Stopping threads took: 0.0000085 seconds
2020-02-15T12:05:10.039+0800: 27.471: Total time for which application threads were stopped: 0.0000312 seconds, Stopping threads took: 0.0000064 seconds
2020-02-15T12:05:10.039+0800: 27.471: Total time for which application threads were stopped: 0.0000294 seconds, Stopping threads took: 0.0000062 seconds
2020-02-15T12:05:10.039+0800: 27.471: Total time for which application threads were stopped: 0.0000285 seconds, Stopping threads took: 0.0000055 seconds
2020-02-15T12:05:10.039+0800: 27.471: Total time for which application threads were stopped: 0.0000298 seconds, Stopping threads took: 0.0000063 seconds
2020-02-15T12:05:10.039+0800: 27.471: Total time for which application threads were stopped: 0.0000286 seconds, Stopping threads took: 0.0000054 seconds
2020-02-15T12:05:10.039+0800: 27.471: Total time for which application threads were stopped: 0.0000289 seconds, Stopping threads took: 0.0000056 seconds
2020-02-15T12:05:10.039+0800: 27.471: Total time for which application threads were stopped: 0.0000283 seconds, Stopping threads took: 0.0000053 seconds
2020-02-15T12:05:10.039+0800: 27.471: Total time for which application threads were stopped: 0.0000314 seconds, Stopping threads took: 0.0000064 seconds
2020-02-15T12:05:10.039+0800: 27.472: Total time for which application threads were stopped: 0.0000289 seconds, Stopping threads took: 0.0000056 seconds
2020-02-15T12:05:10.039+0800: 27.472: Total time for which application threads were stopped: 0.0000291 seconds, Stopping threads took: 0.0000058 seconds
2020-02-15T12:05:10.040+0800: 27.472: Total time for which application threads were stopped: 0.0000287 seconds, Stopping threads took: 0.0000055 seconds
2020-02-15T12:05:10.040+0800: 27.472: Total time for which application threads were stopped: 0.0000297 seconds, Stopping threads took: 0.0000062 seconds
2020-02-15T12:05:10.040+0800: 27.472: Total time for which application threads were stopped: 0.0000285 seconds, Stopping threads took: 0.0000053 seconds
2020-02-15T12:05:10.041+0800: 27.473: Total time for which application threads were stopped: 0.0000617 seconds, Stopping threads took: 0.0000199 seconds
2020-02-15T12:05:10.054+0800: 27.486: Total time for which application threads were stopped: 0.0007354 seconds, Stopping threads took: 0.0000242 seconds
2020-02-15T12:05:10.054+0800: 27.486: Total time for which application threads were stopped: 0.0000543 seconds, Stopping threads took: 0.0000108 seconds
2020-02-15T12:05:10.054+0800: 27.486: Total time for which application threads were stopped: 0.0000363 seconds, Stopping threads took: 0.0000063 seconds
2020-02-15T12:05:10.197+0800: 27.629: Total time for which application threads were stopped: 0.0002170 seconds, Stopping threads took: 0.0000210 seconds
2020-02-15T12:05:10.218+0800: 27.650: Total time for which application threads were stopped: 0.0051890 seconds, Stopping threads took: 0.0050887 seconds
2020-02-15T12:05:10.225+0800: 27.657: Total time for which application threads were stopped: 0.0001042 seconds, Stopping threads took: 0.0000257 seconds
2020-02-15T12:05:10.227+0800: 27.659: Total time for which application threads were stopped: 0.0000685 seconds, Stopping threads took: 0.0000118 seconds
2020-02-15T12:05:10.227+0800: 27.659: Total time for which application threads were stopped: 0.0000463 seconds, Stopping threads took: 0.0000202 seconds
2020-02-15T12:05:10.245+0800: 27.677: Total time for which application threads were stopped: 0.0001298 seconds, Stopping threads took: 0.0000373 seconds
2020-02-15T12:05:10.257+0800: 27.689: Total time for which application threads were stopped: 0.0001168 seconds, Stopping threads took: 0.0000300 seconds
2020-02-15T12:05:10.258+0800: 27.690: Total time for which application threads were stopped: 0.0000542 seconds, Stopping threads took: 0.0000103 seconds
2020-02-15T12:05:10.258+0800: 27.690: Total time for which application threads were stopped: 0.0000495 seconds, Stopping threads took: 0.0000096 seconds
2020-02-15T12:05:10.259+0800: 27.691: Total time for which application threads were stopped: 0.0000451 seconds, Stopping threads took: 0.0000099 seconds
2020-02-15T12:05:10.282+0800: 27.714: Total time for which application threads were stopped: 0.0000974 seconds, Stopping threads took: 0.0000184 seconds
2020-02-15T12:05:10.296+0800: 27.728: Total time for which application threads were stopped: 0.0001316 seconds, Stopping threads took: 0.0000307 seconds
2020-02-15T12:05:10.333+0800: 27.765: Total time for which application threads were stopped: 0.0044396 seconds, Stopping threads took: 0.0043114 seconds
2020-02-15T12:05:10.349+0800: 27.781: Total time for which application threads were stopped: 0.0001444 seconds, Stopping threads took: 0.0000317 seconds
2020-02-15T12:05:10.351+0800: 27.783: Total time for which application threads were stopped: 0.0001994 seconds, Stopping threads took: 0.0000177 seconds
2020-02-15T12:05:10.352+0800: 27.785: Total time for which application threads were stopped: 0.0000634 seconds, Stopping threads took: 0.0000117 seconds
2020-02-15T12:05:10.355+0800: 27.787: Total time for which application threads were stopped: 0.0000821 seconds, Stopping threads took: 0.0000175 seconds
2020-02-15T12:05:10.356+0800: 27.788: Total time for which application threads were stopped: 0.0000543 seconds, Stopping threads took: 0.0000099 seconds
2020-02-15T12:05:10.356+0800: 27.788: [CMS-concurrent-abortable-preclean: 0.379/0.687 secs] [Times: user=0.65 sys=0.01, real=0.69 secs] 
2020-02-15T12:05:10.356+0800: 27.788: [GC (CMS Final Remark) [YG occupancy: 11605 K (19648 K)]2020-02-15T12:05:10.356+0800: 27.788: [Rescan (parallel) , 0.0115436 secs]2020-02-15T12:05:10.367+0800: 27.799: [weak refs processing, 0.0002517 secs]2020-02-15T12:05:10.368+0800: 27.800: [class unloading, 0.0100082 secs]2020-02-15T12:05:10.378+0800: 27.810: [scrub symbol table, 0.0106833 secs]2020-02-15T12:05:10.388+0800: 27.820: [scrub string table, 0.0010654 secs][1 CMS-remark: 39851K(43712K)] 51457K(63360K), 0.0337859 secs] [Times: user=0.04 sys=0.00, real=0.03 secs] 
2020-02-15T12:05:10.390+0800: 27.822: Total time for which application threads were stopped: 0.0338709 seconds, Stopping threads took: 0.0000079 seconds
2020-02-15T12:05:10.398+0800: 27.830: [CMS-concurrent-sweep-start]
2020-02-15T12:05:10.408+0800: 27.840: Total time for which application threads were stopped: 0.0002896 seconds, Stopping threads took: 0.0000336 seconds
2020-02-15T12:05:10.408+0800: 27.840: Total time for which application threads were stopped: 0.0000713 seconds, Stopping threads took: 0.0000183 seconds
2020-02-15T12:05:10.408+0800: 27.841: Total time for which application threads were stopped: 0.0000796 seconds, Stopping threads took: 0.0000094 seconds
2020-02-15T12:05:10.411+0800: 27.843: Total time for which application threads were stopped: 0.0000625 seconds, Stopping threads took: 0.0000114 seconds
2020-02-15T12:05:10.411+0800: 27.843: Total time for which application threads were stopped: 0.0000656 seconds, Stopping threads took: 0.0000098 seconds
2020-02-15T12:05:10.420+0800: 27.852: Total time for which application threads were stopped: 0.0042462 seconds, Stopping threads took: 0.0041453 seconds
2020-02-15T12:05:10.438+0800: 27.870: Total time for which application threads were stopped: 0.0051910 seconds, Stopping threads took: 0.0050667 seconds
2020-02-15T12:05:10.442+0800: 27.874: Total time for which application threads were stopped: 0.0001366 seconds, Stopping threads took: 0.0000254 seconds
2020-02-15T12:05:10.442+0800: 27.874: Total time for which application threads were stopped: 0.0000627 seconds, Stopping threads took: 0.0000088 seconds
2020-02-15T12:05:10.443+0800: 27.875: Total time for which application threads were stopped: 0.0000575 seconds, Stopping threads took: 0.0000102 seconds
2020-02-15T12:05:10.444+0800: 27.876: Total time for which application threads were stopped: 0.0002018 seconds, Stopping threads took: 0.0000105 seconds
2020-02-15T12:05:10.450+0800: 27.882: Total time for which application threads were stopped: 0.0002176 seconds, Stopping threads took: 0.0000588 seconds
2020-02-15T12:05:10.454+0800: 27.886: [CMS-concurrent-sweep: 0.024/0.056 secs] [Times: user=0.06 sys=0.00, real=0.06 secs] 
2020-02-15T12:05:10.454+0800: 27.886: [CMS-concurrent-reset-start]
2020-02-15T12:05:10.454+0800: 27.886: [CMS-concurrent-reset: 0.000/0.000 secs] [Times: user=0.00 sys=0.00, real=0.00 secs] 
2020-02-15T12:05:10.455+0800: 27.887: Total time for which application threads were stopped: 0.0001075 seconds, Stopping threads took: 0.0000236 seconds
2020-02-15T12:05:10.455+0800: 27.888: Total time for which application threads were stopped: 0.0000542 seconds, Stopping threads took: 0.0000098 seconds
2020-02-15T12:05:10.456+0800: 27.888: Total time for which application threads were stopped: 0.0000663 seconds, Stopping threads took: 0.0000100 seconds
2020-02-15T12:05:10.459+0800: 27.891: Total time for which application threads were stopped: 0.0000744 seconds, Stopping threads took: 0.0000144 seconds
2020-02-15T12:05:10.462+0800: 27.894: Total time for which application threads were stopped: 0.0000707 seconds, Stopping threads took: 0.0000131 seconds
2020-02-15T12:05:10.462+0800: 27.894: Total time for which application threads were stopped: 0.0000796 seconds, Stopping threads took: 0.0000115 seconds
2020-02-15T12:05:10.462+0800: 27.894: Total time for which application threads were stopped: 0.0000460 seconds, Stopping threads took: 0.0000080 seconds
2020-02-15T12:05:10.465+0800: 27.897: Total time for which application threads were stopped: 0.0000755 seconds, Stopping threads took: 0.0000320 seconds
2020-02-15T12:05:10.476+0800: 27.908: Total time for which application threads were stopped: 0.0002766 seconds, Stopping threads took: 0.0001486 seconds
2020-02-15T12:05:10.485+0800: 27.917: Total time for which application threads were stopped: 0.0001407 seconds, Stopping threads took: 0.0000351 seconds
2020-02-15T12:05:10.485+0800: 27.917: Total time for which application threads were stopped: 0.0000605 seconds, Stopping threads took: 0.0000105 seconds
2020-02-15T12:05:10.485+0800: 27.917: Total time for which application threads were stopped: 0.0000523 seconds, Stopping threads took: 0.0000097 seconds
2020-02-15T12:05:10.486+0800: 27.918: Total time for which application threads were stopped: 0.0000551 seconds, Stopping threads took: 0.0000096 seconds
2020-02-15T12:05:10.486+0800: 27.918: Total time for which application threads were stopped: 0.0000610 seconds, Stopping threads took: 0.0000083 seconds
2020-02-15T12:05:10.492+0800: 27.924: Total time for which application threads were stopped: 0.0001287 seconds, Stopping threads took: 0.0000384 seconds
2020-02-15T12:05:10.496+0800: 27.929: Total time for which application threads were stopped: 0.0000987 seconds, Stopping threads took: 0.0000297 seconds
2020-02-15T12:05:10.507+0800: 27.939: Total time for which application threads were stopped: 0.0035737 seconds, Stopping threads took: 0.0034661 seconds
2020-02-15T12:05:10.507+0800: 27.939: Total time for which application threads were stopped: 0.0000628 seconds, Stopping threads took: 0.0000130 seconds
2020-02-15T12:05:10.508+0800: 27.940: Total time for which application threads were stopped: 0.0001812 seconds, Stopping threads took: 0.0000107 seconds
2020-02-15T12:05:10.508+0800: 27.940: Total time for which application threads were stopped: 0.0000483 seconds, Stopping threads took: 0.0000097 seconds
2020-02-15T12:05:10.508+0800: 27.941: Total time for which application threads were stopped: 0.0000589 seconds, Stopping threads took: 0.0000095 seconds
2020-02-15T12:05:10.515+0800: 27.947: Total time for which application threads were stopped: 0.0001502 seconds, Stopping threads took: 0.0000506 seconds
2020-02-15T12:05:10.515+0800: 27.947: Total time for which application threads were stopped: 0.0000480 seconds, Stopping threads took: 0.0000102 seconds
2020-02-15T12:05:10.516+0800: 27.948: Total time for which application threads were stopped: 0.0000542 seconds, Stopping threads took: 0.0000117 seconds
2020-02-15T12:05:10.517+0800: 27.949: Total time for which application threads were stopped: 0.0000486 seconds, Stopping threads took: 0.0000101 seconds
2020-02-15T12:05:10.519+0800: 27.951: [GC (Allocation Failure) 2020-02-15T12:05:10.519+0800: 27.951: [ParNew
Desired survivor size 1114112 bytes, new threshold 1 (max 6)
- age   1:    1142992 bytes,    1142992 total
: 19648K->2157K(19648K), 0.0167471 secs] 57632K->41691K(63360K), 0.0168755 secs] [Times: user=0.02 sys=0.00, real=0.02 secs] 
2020-02-15T12:05:10.536+0800: 27.968: Total time for which application threads were stopped: 0.0170399 seconds, Stopping threads took: 0.0000142 seconds
2020-02-15T12:05:10.557+0800: 27.989: Total time for which application threads were stopped: 0.0025507 seconds, Stopping threads took: 0.0024187 seconds
2020-02-15T12:05:10.568+0800: 28.000: Total time for which application threads were stopped: 0.0001586 seconds, Stopping threads took: 0.0000309 seconds
2020-02-15T12:05:10.577+0800: 28.009: [GC (CMS Initial Mark) [1 CMS-initial-mark: 39534K(43712K)] 44567K(63360K), 0.0073189 secs] [Times: user=0.00 sys=0.00, real=0.01 secs] 
2020-02-15T12:05:10.584+0800: 28.016: Total time for which application threads were stopped: 0.0114865 seconds, Stopping threads took: 0.0039728 seconds
2020-02-15T12:05:10.593+0800: 28.025: Total time for which application threads were stopped: 0.0001765 seconds, Stopping threads took: 0.0000526 seconds
2020-02-15T12:05:10.593+0800: 28.025: [CMS-concurrent-mark-start]
2020-02-15T12:05:10.617+0800: 28.049: Total time for which application threads were stopped: 0.0008799 seconds, Stopping threads took: 0.0000265 seconds
2020-02-15T12:05:10.647+0800: 28.080: Total time for which application threads were stopped: 0.0163125 seconds, Stopping threads took: 0.0161852 seconds
2020-02-15T12:05:10.650+0800: 28.082: Total time for which application threads were stopped: 0.0000643 seconds, Stopping threads took: 0.0000178 seconds
2020-02-15T12:05:10.664+0800: 28.096: Total time for which application threads were stopped: 0.0002068 seconds, Stopping threads took: 0.0001282 seconds
2020-02-15T12:05:10.665+0800: 28.097: Total time for which application threads were stopped: 0.0000548 seconds, Stopping threads took: 0.0000116 seconds
2020-02-15T12:05:10.676+0800: 28.108: Total time for which application threads were stopped: 0.0001294 seconds, Stopping threads took: 0.0000314 seconds
2020-02-15T12:05:10.679+0800: 28.112: Total time for which application threads were stopped: 0.0001016 seconds, Stopping threads took: 0.0000166 seconds
2020-02-15T12:05:10.680+0800: 28.112: Total time for which application threads were stopped: 0.0000521 seconds, Stopping threads took: 0.0000083 seconds
2020-02-15T12:05:10.680+0800: 28.112: Total time for which application threads were stopped: 0.0000765 seconds, Stopping threads took: 0.0000125 seconds
2020-02-15T12:05:10.680+0800: 28.113: Total time for which application threads were stopped: 0.0000399 seconds, Stopping threads took: 0.0000088 seconds
2020-02-15T12:05:10.680+0800: 28.113: Total time for which application threads were stopped: 0.0000365 seconds, Stopping threads took: 0.0000067 seconds
2020-02-15T12:05:10.681+0800: 28.113: Total time for which application threads were stopped: 0.0000398 seconds, Stopping threads took: 0.0000099 seconds
2020-02-15T12:05:10.681+0800: 28.113: Total time for which application threads were stopped: 0.0000382 seconds, Stopping threads took: 0.0000065 seconds
2020-02-15T12:05:10.682+0800: 28.114: Total time for which application threads were stopped: 0.0000436 seconds, Stopping threads took: 0.0000106 seconds
2020-02-15T12:05:10.701+0800: 28.133: Total time for which application threads were stopped: 0.0001662 seconds, Stopping threads took: 0.0000430 seconds
2020-02-15T12:05:10.704+0800: 28.136: Total time for which application threads were stopped: 0.0001007 seconds, Stopping threads took: 0.0000148 seconds
2020-02-15T12:05:10.717+0800: 28.149: Total time for which application threads were stopped: 0.0001294 seconds, Stopping threads took: 0.0000327 seconds
2020-02-15T12:05:10.747+0800: 28.179: Total time for which application threads were stopped: 0.0001415 seconds, Stopping threads took: 0.0000353 seconds
2020-02-15T12:05:10.762+0800: 28.194: Total time for which application threads were stopped: 0.0001098 seconds, Stopping threads took: 0.0000301 seconds
2020-02-15T12:05:10.823+0800: 28.255: [CMS-concurrent-mark: 0.180/0.230 secs] [Times: user=0.22 sys=0.01, real=0.23 secs] 
2020-02-15T12:05:10.823+0800: 28.255: [CMS-concurrent-preclean-start]
2020-02-15T12:05:10.832+0800: 28.264: [CMS-concurrent-preclean: 0.009/0.009 secs] [Times: user=0.01 sys=0.00, real=0.01 secs] 
2020-02-15T12:05:10.832+0800: 28.264: [CMS-concurrent-abortable-preclean-start]
2020-02-15T12:05:11.295+0800: 28.727: Total time for which application threads were stopped: 0.0001303 seconds, Stopping threads took: 0.0000318 seconds
2020-02-15T12:05:11.312+0800: 28.745: Total time for which application threads were stopped: 0.0001821 seconds, Stopping threads took: 0.0000482 seconds
2020-02-15T12:05:11.313+0800: 28.745: Total time for which application threads were stopped: 0.0000483 seconds, Stopping threads took: 0.0000100 seconds
2020-02-15T12:05:11.316+0800: 28.748: Total time for which application threads were stopped: 0.0000792 seconds, Stopping threads took: 0.0000233 seconds
2020-02-15T12:05:11.318+0800: 28.750: Total time for which application threads were stopped: 0.0001029 seconds, Stopping threads took: 0.0000187 seconds
2020-02-15T12:05:11.319+0800: 28.751: Total time for which application threads were stopped: 0.0000767 seconds, Stopping threads took: 0.0000124 seconds
2020-02-15T12:05:11.319+0800: 28.751: Total time for which application threads were stopped: 0.0000499 seconds, Stopping threads took: 0.0000102 seconds
2020-02-15T12:05:11.319+0800: 28.752: Total time for which application threads were stopped: 0.0000569 seconds, Stopping threads took: 0.0000122 seconds
2020-02-15T12:05:11.320+0800: 28.752: Total time for which application threads were stopped: 0.0000455 seconds, Stopping threads took: 0.0000102 seconds
2020-02-15T12:05:11.320+0800: 28.752: Total time for which application threads were stopped: 0.0000751 seconds, Stopping threads took: 0.0000288 seconds
2020-02-15T12:05:11.321+0800: 28.753: Total time for which application threads were stopped: 0.0000431 seconds, Stopping threads took: 0.0000098 seconds
2020-02-15T12:05:11.321+0800: 28.753: Total time for which application threads were stopped: 0.0000431 seconds, Stopping threads took: 0.0000099 seconds
2020-02-15T12:05:12.291+0800: 29.723: Total time for which application threads were stopped: 0.0001629 seconds, Stopping threads took: 0.0000372 seconds
2020-02-15T12:05:12.301+0800: 29.734: Total time for which application threads were stopped: 0.0001729 seconds, Stopping threads took: 0.0000460 seconds
2020-02-15T12:05:12.304+0800: 29.736: Total time for which application threads were stopped: 0.0000850 seconds, Stopping threads took: 0.0000131 seconds
2020-02-15T12:05:12.304+0800: 29.736: Total time for which application threads were stopped: 0.0000611 seconds, Stopping threads took: 0.0000095 seconds
2020-02-15T12:05:12.304+0800: 29.736: Total time for which application threads were stopped: 0.0001857 seconds, Stopping threads took: 0.0000099 seconds
2020-02-15T12:05:12.305+0800: 29.737: Total time for which application threads were stopped: 0.0000500 seconds, Stopping threads took: 0.0000104 seconds
2020-02-15T12:05:12.305+0800: 29.737: Total time for which application threads were stopped: 0.0000488 seconds, Stopping threads took: 0.0000100 seconds
2020-02-15T12:05:12.307+0800: 29.739: Total time for which application threads were stopped: 0.0000510 seconds, Stopping threads took: 0.0000104 seconds
2020-02-15T12:05:12.307+0800: 29.739: Total time for which application threads were stopped: 0.0000662 seconds, Stopping threads took: 0.0000201 seconds
2020-02-15T12:05:12.307+0800: 29.739: Total time for which application threads were stopped: 0.0000553 seconds, Stopping threads took: 0.0000121 seconds
2020-02-15T12:05:13.282+0800: 30.714: Total time for which application threads were stopped: 0.0001557 seconds, Stopping threads took: 0.0000363 seconds
2020-02-15T12:05:13.313+0800: 30.745: Total time for which application threads were stopped: 0.0102383 seconds, Stopping threads took: 0.0100719 seconds
2020-02-15T12:05:13.316+0800: 30.748: Total time for which application threads were stopped: 0.0001034 seconds, Stopping threads took: 0.0000231 seconds
2020-02-15T12:05:13.322+0800: 30.754: Total time for which application threads were stopped: 0.0001109 seconds, Stopping threads took: 0.0000293 seconds
2020-02-15T12:05:13.370+0800: 30.802: Total time for which application threads were stopped: 0.0001392 seconds, Stopping threads took: 0.0000342 seconds
2020-02-15T12:05:13.375+0800: 30.807: Total time for which application threads were stopped: 0.0001124 seconds, Stopping threads took: 0.0000281 seconds
2020-02-15T12:05:13.409+0800: 30.841: Total time for which application threads were stopped: 0.0068721 seconds, Stopping threads took: 0.0067215 seconds
2020-02-15T12:05:13.410+0800: 30.843: Total time for which application threads were stopped: 0.0001035 seconds, Stopping threads took: 0.0000253 seconds
2020-02-15T12:05:13.424+0800: 30.856: Total time for which application threads were stopped: 0.0001598 seconds, Stopping threads took: 0.0000423 seconds
2020-02-15T12:05:13.433+0800: 30.865: Total time for which application threads were stopped: 0.0001711 seconds, Stopping threads took: 0.0000328 seconds
2020-02-15T12:05:13.441+0800: 30.874: Total time for which application threads were stopped: 0.0048951 seconds, Stopping threads took: 0.0047237 seconds
2020-02-15T12:05:13.442+0800: 30.874: Total time for which application threads were stopped: 0.0000775 seconds, Stopping threads took: 0.0000249 seconds
2020-02-15T12:05:13.442+0800: 30.874: Total time for which application threads were stopped: 0.0000712 seconds, Stopping threads took: 0.0000104 seconds
2020-02-15T12:05:13.442+0800: 30.874: Total time for which application threads were stopped: 0.0000538 seconds, Stopping threads took: 0.0000078 seconds
2020-02-15T12:05:13.481+0800: 30.913: Total time for which application threads were stopped: 0.0003241 seconds, Stopping threads took: 0.0001987 seconds
2020-02-15T12:05:13.497+0800: 30.929: Total time for which application threads were stopped: 0.0001818 seconds, Stopping threads took: 0.0000396 seconds
2020-02-15T12:05:13.497+0800: 30.930: Total time for which application threads were stopped: 0.0000525 seconds, Stopping threads took: 0.0000103 seconds
2020-02-15T12:05:13.500+0800: 30.932: Total time for which application threads were stopped: 0.0000539 seconds, Stopping threads took: 0.0000112 seconds
2020-02-15T12:05:13.507+0800: 30.939: Total time for which application threads were stopped: 0.0036468 seconds, Stopping threads took: 0.0035610 seconds
2020-02-15T12:05:13.507+0800: 30.939: Total time for which application threads were stopped: 0.0000535 seconds, Stopping threads took: 0.0000253 seconds
2020-02-15T12:05:13.508+0800: 30.940: Total time for which application threads were stopped: 0.0000427 seconds, Stopping threads took: 0.0000101 seconds
2020-02-15T12:05:13.511+0800: 30.943: Total time for which application threads were stopped: 0.0000756 seconds, Stopping threads took: 0.0000214 seconds
2020-02-15T12:05:13.511+0800: 30.943: Total time for which application threads were stopped: 0.0000506 seconds, Stopping threads took: 0.0000108 seconds
2020-02-15T12:05:13.512+0800: 30.944: Total time for which application threads were stopped: 0.0000455 seconds, Stopping threads took: 0.0000101 seconds
2020-02-15T12:05:13.512+0800: 30.944: Total time for which application threads were stopped: 0.0000496 seconds, Stopping threads took: 0.0000087 seconds
2020-02-15T12:05:13.512+0800: 30.944: Total time for which application threads were stopped: 0.0000403 seconds, Stopping threads took: 0.0000088 seconds
2020-02-15T12:05:13.512+0800: 30.944: Total time for which application threads were stopped: 0.0000502 seconds, Stopping threads took: 0.0000086 seconds
2020-02-15T12:05:13.512+0800: 30.944: Total time for which application threads were stopped: 0.0000383 seconds, Stopping threads took: 0.0000083 seconds
2020-02-15T12:05:13.512+0800: 30.944: Total time for which application threads were stopped: 0.0000431 seconds, Stopping threads took: 0.0000096 seconds
2020-02-15T12:05:13.514+0800: 30.946: Total time for which application threads were stopped: 0.0000723 seconds, Stopping threads took: 0.0000164 seconds
2020-02-15T12:05:13.523+0800: 30.955: Total time for which application threads were stopped: 0.0001498 seconds, Stopping threads took: 0.0000434 seconds
2020-02-15T12:05:13.523+0800: 30.956: Total time for which application threads were stopped: 0.0000952 seconds, Stopping threads took: 0.0000115 seconds
2020-02-15T12:05:13.540+0800: 30.972: Total time for which application threads were stopped: 0.0001482 seconds, Stopping threads took: 0.0000431 seconds
2020-02-15T12:05:13.549+0800: 30.981: Total time for which application threads were stopped: 0.0001480 seconds, Stopping threads took: 0.0000352 seconds
2020-02-15T12:05:13.560+0800: 30.992: Total time for which application threads were stopped: 0.0001606 seconds, Stopping threads took: 0.0000396 seconds
2020-02-15T12:05:13.590+0800: 31.022: [GC (Allocation Failure) 2020-02-15T12:05:13.590+0800: 31.022: [ParNew
Desired survivor size 1114112 bytes, new threshold 1 (max 6)
- age   1:    1728408 bytes,    1728408 total
: 19629K->2021K(19648K), 0.0116284 secs] 59163K->41897K(63360K), 0.0117671 secs] [Times: user=0.01 sys=0.00, real=0.02 secs] 
2020-02-15T12:05:13.602+0800: 31.034: Total time for which application threads were stopped: 0.0120000 seconds, Stopping threads took: 0.0000404 seconds
2020-02-15T12:05:13.619+0800: 31.051: Total time for which application threads were stopped: 0.0001823 seconds, Stopping threads took: 0.0000429 seconds
2020-02-15T12:05:13.959+0800: 31.391: Total time for which application threads were stopped: 0.0002742 seconds, Stopping threads took: 0.0000348 seconds
2020-02-15T12:05:13.964+0800: 31.396: [CMS-concurrent-abortable-preclean: 0.397/3.132 secs] [Times: user=3.03 sys=0.01, real=3.13 secs] 
2020-02-15T12:05:13.964+0800: 31.396: [GC (CMS Final Remark) [YG occupancy: 16284 K (19648 K)]2020-02-15T12:05:13.964+0800: 31.397: [Rescan (parallel) , 0.0117695 secs]2020-02-15T12:05:13.976+0800: 31.408: [weak refs processing, 0.0002683 secs]2020-02-15T12:05:13.977+0800: 31.409: [class unloading, 0.0103818 secs]2020-02-15T12:05:13.987+0800: 31.419: [scrub symbol table, 0.0121325 secs]2020-02-15T12:05:13.999+0800: 31.431: [scrub string table, 0.0009792 secs][1 CMS-remark: 39875K(43712K)] 56159K(63360K), 0.0357963 secs] [Times: user=0.03 sys=0.00, real=0.03 secs] 
2020-02-15T12:05:14.000+0800: 31.432: Total time for which application threads were stopped: 0.0359681 seconds, Stopping threads took: 0.0000285 seconds
2020-02-15T12:05:14.003+0800: 31.435: Total time for which application threads were stopped: 0.0001138 seconds, Stopping threads took: 0.0000329 seconds
2020-02-15T12:05:14.003+0800: 31.435: [CMS-concurrent-sweep-start]
2020-02-15T12:05:14.007+0800: 31.439: Total time for which application threads were stopped: 0.0001155 seconds, Stopping threads took: 0.0000326 seconds
2020-02-15T12:05:14.011+0800: 31.443: Total time for which application threads were stopped: 0.0001210 seconds, Stopping threads took: 0.0000321 seconds
2020-02-15T12:05:14.011+0800: 31.443: Total time for which application threads were stopped: 0.0000417 seconds, Stopping threads took: 0.0000092 seconds
2020-02-15T12:05:14.011+0800: 31.443: Total time for which application threads were stopped: 0.0000366 seconds, Stopping threads took: 0.0000071 seconds
2020-02-15T12:05:14.011+0800: 31.443: Total time for which application threads were stopped: 0.0000433 seconds, Stopping threads took: 0.0000097 seconds
2020-02-15T12:05:14.012+0800: 31.444: Total time for which application threads were stopped: 0.0000449 seconds, Stopping threads took: 0.0000116 seconds
2020-02-15T12:05:14.012+0800: 31.445: Total time for which application threads were stopped: 0.0000431 seconds, Stopping threads took: 0.0000107 seconds
2020-02-15T12:05:14.013+0800: 31.445: Total time for which application threads were stopped: 0.0000413 seconds, Stopping threads took: 0.0000083 seconds
2020-02-15T12:05:14.013+0800: 31.445: Total time for which application threads were stopped: 0.0000370 seconds, Stopping threads took: 0.0000081 seconds
2020-02-15T12:05:14.013+0800: 31.445: Total time for which application threads were stopped: 0.0000400 seconds, Stopping threads took: 0.0000093 seconds
2020-02-15T12:05:14.013+0800: 31.445: Total time for which application threads were stopped: 0.0000498 seconds, Stopping threads took: 0.0000202 seconds
2020-02-15T12:05:14.013+0800: 31.445: Total time for which application threads were stopped: 0.0000449 seconds, Stopping threads took: 0.0000105 seconds
2020-02-15T12:05:14.013+0800: 31.446: Total time for which application threads were stopped: 0.0000420 seconds, Stopping threads took: 0.0000098 seconds
2020-02-15T12:05:14.014+0800: 31.446: Total time for which application threads were stopped: 0.0000440 seconds, Stopping threads took: 0.0000098 seconds
2020-02-15T12:05:14.017+0800: 31.449: Total time for which application threads were stopped: 0.0000661 seconds, Stopping threads took: 0.0000200 seconds
2020-02-15T12:05:14.041+0800: 31.473: Total time for which application threads were stopped: 0.0001444 seconds, Stopping threads took: 0.0000412 seconds
2020-02-15T12:05:14.041+0800: 31.473: Total time for which application threads were stopped: 0.0000541 seconds, Stopping threads took: 0.0000094 seconds
2020-02-15T12:05:14.042+0800: 31.474: Total time for which application threads were stopped: 0.0000482 seconds, Stopping threads took: 0.0000106 seconds
2020-02-15T12:05:14.046+0800: 31.478: [CMS-concurrent-sweep: 0.031/0.042 secs] [Times: user=0.04 sys=0.00, real=0.04 secs] 
2020-02-15T12:05:14.046+0800: 31.478: [CMS-concurrent-reset-start]
2020-02-15T12:05:14.046+0800: 31.478: [CMS-concurrent-reset: 0.000/0.000 secs] [Times: user=0.00 sys=0.00, real=0.00 secs] 
2020-02-15T12:05:14.047+0800: 31.480: Total time for which application threads were stopped: 0.0001325 seconds, Stopping threads took: 0.0000421 seconds
2020-02-15T12:05:14.047+0800: 31.480: Total time for which application threads were stopped: 0.0000381 seconds, Stopping threads took: 0.0000082 seconds
2020-02-15T12:05:14.048+0800: 31.480: Total time for which application threads were stopped: 0.0000432 seconds, Stopping threads took: 0.0000094 seconds
2020-02-15T12:05:14.048+0800: 31.480: Total time for which application threads were stopped: 0.0000355 seconds, Stopping threads took: 0.0000077 seconds
2020-02-15T12:05:14.048+0800: 31.480: Total time for which application threads were stopped: 0.0000434 seconds, Stopping threads took: 0.0000098 seconds
2020-02-15T12:05:14.048+0800: 31.480: Total time for which application threads were stopped: 0.0000355 seconds, Stopping threads took: 0.0000076 seconds
2020-02-15T12:05:14.088+0800: 31.520: [GC (Allocation Failure) 2020-02-15T12:05:14.088+0800: 31.520: [ParNew
Desired survivor size 1114112 bytes, new threshold 1 (max 6)
- age   1:    1948200 bytes,    1948200 total
: 19493K->1925K(19648K), 0.0113673 secs] 58352K->41461K(63360K), 0.0114794 secs] [Times: user=0.01 sys=0.00, real=0.01 secs] 
2020-02-15T12:05:14.099+0800: 31.532: Total time for which application threads were stopped: 0.0118319 seconds, Stopping threads took: 0.0000488 seconds
2020-02-15T12:05:14.109+0800: 31.542: [GC (CMS Initial Mark) [1 CMS-initial-mark: 39536K(43712K)] 41938K(63360K), 0.0054643 secs] [Times: user=0.00 sys=0.00, real=0.01 secs] 
2020-02-15T12:05:14.115+0800: 31.547: Total time for which application threads were stopped: 0.0056771 seconds, Stopping threads took: 0.0000370 seconds
2020-02-15T12:05:14.118+0800: 31.551: [CMS-concurrent-mark-start]
2020-02-15T12:05:14.153+0800: 31.585: Total time for which application threads were stopped: 0.0001317 seconds, Stopping threads took: 0.0000400 seconds
2020-02-15T12:05:14.158+0800: 31.590: Total time for which application threads were stopped: 0.0001423 seconds, Stopping threads took: 0.0000435 seconds
2020-02-15T12:05:14.158+0800: 31.590: Total time for which application threads were stopped: 0.0000408 seconds, Stopping threads took: 0.0000085 seconds
2020-02-15T12:05:14.158+0800: 31.590: Total time for which application threads were stopped: 0.0000416 seconds, Stopping threads took: 0.0000092 seconds
2020-02-15T12:05:14.158+0800: 31.590: Total time for which application threads were stopped: 0.0000510 seconds, Stopping threads took: 0.0000077 seconds
2020-02-15T12:05:14.158+0800: 31.590: Total time for which application threads were stopped: 0.0000428 seconds, Stopping threads took: 0.0000096 seconds
2020-02-15T12:05:14.159+0800: 31.591: Total time for which application threads were stopped: 0.0000486 seconds, Stopping threads took: 0.0000114 seconds
2020-02-15T12:05:14.159+0800: 31.591: Total time for which application threads were stopped: 0.0000366 seconds, Stopping threads took: 0.0000076 seconds
2020-02-15T12:05:14.159+0800: 31.591: Total time for which application threads were stopped: 0.0000344 seconds, Stopping threads took: 0.0000072 seconds
2020-02-15T12:05:14.159+0800: 31.591: Total time for which application threads were stopped: 0.0000340 seconds, Stopping threads took: 0.0000074 seconds
2020-02-15T12:05:14.173+0800: 31.605: Total time for which application threads were stopped: 0.0001850 seconds, Stopping threads took: 0.0000318 seconds
2020-02-15T12:05:14.186+0800: 31.618: Total time for which application threads were stopped: 0.0001774 seconds, Stopping threads took: 0.0000453 seconds
2020-02-15T12:05:14.196+0800: 31.628: Total time for which application threads were stopped: 0.0003314 seconds, Stopping threads took: 0.0000615 seconds
2020-02-15T12:05:14.217+0800: 31.649: Total time for which application threads were stopped: 0.0002243 seconds, Stopping threads took: 0.0000506 seconds
2020-02-15T12:05:14.228+0800: 31.660: Total time for which application threads were stopped: 0.0026962 seconds, Stopping threads took: 0.0025865 seconds
2020-02-15T12:05:14.262+0800: 31.694: Total time for which application threads were stopped: 0.0001833 seconds, Stopping threads took: 0.0000366 seconds
2020-02-15T12:05:14.263+0800: 31.695: Total time for which application threads were stopped: 0.0000552 seconds, Stopping threads took: 0.0000124 seconds
2020-02-15T12:05:14.295+0800: 31.727: Total time for which application threads were stopped: 0.0001405 seconds, Stopping threads took: 0.0000396 seconds
2020-02-15T12:05:14.295+0800: 31.727: Total time for which application threads were stopped: 0.0000471 seconds, Stopping threads took: 0.0000101 seconds
2020-02-15T12:05:14.295+0800: 31.727: Total time for which application threads were stopped: 0.0000523 seconds, Stopping threads took: 0.0000192 seconds
2020-02-15T12:05:14.295+0800: 31.727: Total time for which application threads were stopped: 0.0001707 seconds, Stopping threads took: 0.0000092 seconds
2020-02-15T12:05:14.295+0800: 31.727: Total time for which application threads were stopped: 0.0000396 seconds, Stopping threads took: 0.0000084 seconds
2020-02-15T12:05:14.295+0800: 31.728: Total time for which application threads were stopped: 0.0000447 seconds, Stopping threads took: 0.0000101 seconds
2020-02-15T12:05:14.297+0800: 31.729: Total time for which application threads were stopped: 0.0000433 seconds, Stopping threads took: 0.0000120 seconds
2020-02-15T12:05:14.324+0800: 31.756: [CMS-concurrent-mark: 0.169/0.206 secs] [Times: user=0.20 sys=0.01, real=0.21 secs] 
2020-02-15T12:05:14.324+0800: 31.756: [CMS-concurrent-preclean-start]
2020-02-15T12:05:14.334+0800: 31.766: [CMS-concurrent-preclean: 0.010/0.010 secs] [Times: user=0.01 sys=0.00, real=0.01 secs] 
2020-02-15T12:05:14.334+0800: 31.766: [CMS-concurrent-abortable-preclean-start]
2020-02-15T12:05:14.354+0800: 31.786: Total time for which application threads were stopped: 0.0001563 seconds, Stopping threads took: 0.0000456 seconds
2020-02-15T12:05:14.367+0800: 31.799: Total time for which application threads were stopped: 0.0002855 seconds, Stopping threads took: 0.0000394 seconds
2020-02-15T12:05:14.381+0800: 31.813: Total time for which application threads were stopped: 0.0003500 seconds, Stopping threads took: 0.0000457 seconds
2020-02-15T12:05:14.453+0800: 31.885: Total time for which application threads were stopped: 0.0001290 seconds, Stopping threads took: 0.0000377 seconds
2020-02-15T12:05:14.493+0800: 31.925: Total time for which application threads were stopped: 0.0001511 seconds, Stopping threads took: 0.0000418 seconds
2020-02-15T12:05:14.534+0800: 31.966: Total time for which application threads were stopped: 0.0022485 seconds, Stopping threads took: 0.0021440 seconds
2020-02-15T12:05:14.596+0800: 32.029: Total time for which application threads were stopped: 0.0002305 seconds, Stopping threads took: 0.0000527 seconds
2020-02-15T12:05:14.601+0800: 32.034: Total time for which application threads were stopped: 0.0001337 seconds, Stopping threads took: 0.0000452 seconds
2020-02-15T12:05:14.624+0800: 32.056: Total time for which application threads were stopped: 0.0001680 seconds, Stopping threads took: 0.0000599 seconds
2020-02-15T12:05:14.635+0800: 32.068: Total time for which application threads were stopped: 0.0001936 seconds, Stopping threads took: 0.0000394 seconds
2020-02-15T12:05:14.641+0800: 32.073: Total time for which application threads were stopped: 0.0001824 seconds, Stopping threads took: 0.0000695 seconds
2020-02-15T12:05:14.680+0800: 32.112: Total time for which application threads were stopped: 0.0001534 seconds, Stopping threads took: 0.0000493 seconds
2020-02-15T12:05:14.688+0800: 32.120: Total time for which application threads were stopped: 0.0001739 seconds, Stopping threads took: 0.0000438 seconds
2020-02-15T12:05:14.688+0800: 32.120: Total time for which application threads were stopped: 0.0000532 seconds, Stopping threads took: 0.0000119 seconds
2020-02-15T12:05:14.692+0800: 32.124: Total time for which application threads were stopped: 0.0000952 seconds, Stopping threads took: 0.0000237 seconds
2020-02-15T12:05:14.693+0800: 32.125: Total time for which application threads were stopped: 0.0000469 seconds, Stopping threads took: 0.0000109 seconds
2020-02-15T12:05:14.698+0800: 32.130: Total time for which application threads were stopped: 0.0001372 seconds, Stopping threads took: 0.0000358 seconds
2020-02-15T12:05:14.699+0800: 32.131: Total time for which application threads were stopped: 0.0000980 seconds, Stopping threads took: 0.0000178 seconds
2020-02-15T12:05:14.700+0800: 32.132: Total time for which application threads were stopped: 0.0000518 seconds, Stopping threads took: 0.0000127 seconds
2020-02-15T12:05:14.701+0800: 32.133: Total time for which application threads were stopped: 0.0000550 seconds, Stopping threads took: 0.0000123 seconds
2020-02-15T12:05:14.701+0800: 32.133: Total time for which application threads were stopped: 0.0000419 seconds, Stopping threads took: 0.0000083 seconds
2020-02-15T12:05:14.701+0800: 32.133: Total time for which application threads were stopped: 0.0001873 seconds, Stopping threads took: 0.0000082 seconds
2020-02-15T12:05:14.704+0800: 32.136: Total time for which application threads were stopped: 0.0000919 seconds, Stopping threads took: 0.0000215 seconds
2020-02-15T12:05:15.704+0800: 33.136: Total time for which application threads were stopped: 0.0002067 seconds, Stopping threads took: 0.0000769 seconds
2020-02-15T12:05:17.125+0800: 34.557: Total time for which application threads were stopped: 0.0001335 seconds, Stopping threads took: 0.0000395 seconds
2020-02-15T12:05:17.128+0800: 34.560: Total time for which application threads were stopped: 0.0000840 seconds, Stopping threads took: 0.0000198 seconds
2020-02-15T12:05:18.128+0800: 35.561: Total time for which application threads were stopped: 0.0001792 seconds, Stopping threads took: 0.0000522 seconds
 CMS: abort preclean due to time 2020-02-15T12:05:19.428+0800: 36.860: [CMS-concurrent-abortable-preclean: 0.548/5.094 secs] [Times: user=0.74 sys=0.01, real=5.09 secs] 
2020-02-15T12:05:19.428+0800: 36.860: [GC (CMS Final Remark) [YG occupancy: 15437 K (19648 K)]2020-02-15T12:05:19.428+0800: 36.860: [Rescan (parallel) , 0.0099934 secs]2020-02-15T12:05:19.438+0800: 36.870: [weak refs processing, 0.0004721 secs]2020-02-15T12:05:19.439+0800: 36.871: [class unloading, 0.0132069 secs]2020-02-15T12:05:19.452+0800: 36.884: [scrub symbol table, 0.0093679 secs]2020-02-15T12:05:19.461+0800: 36.893: [scrub string table, 0.0010022 secs][1 CMS-remark: 39536K(43712K)] 54973K(63360K), 0.0381030 secs] [Times: user=0.04 sys=0.00, real=0.04 secs] 
2020-02-15T12:05:19.466+0800: 36.898: Total time for which application threads were stopped: 0.0382821 seconds, Stopping threads took: 0.0000403 seconds
2020-02-15T12:05:19.467+0800: 36.899: [CMS-concurrent-sweep-start]
2020-02-15T12:05:19.485+0800: 36.918: [CMS-concurrent-sweep: 0.019/0.019 secs] [Times: user=0.02 sys=0.00, real=0.02 secs] 
2020-02-15T12:05:19.486+0800: 36.918: [CMS-concurrent-reset-start]
2020-02-15T12:05:19.486+0800: 36.918: [CMS-concurrent-reset: 0.000/0.000 secs] [Times: user=0.00 sys=0.00, real=0.00 secs] 
2020-02-15T12:05:19.649+0800: 37.081: Total time for which application threads were stopped: 0.0002689 seconds, Stopping threads took: 0.0000391 seconds
2020-02-15T12:05:19.652+0800: 37.084: Total time for which application threads were stopped: 0.0000992 seconds, Stopping threads took: 0.0000215 seconds
2020-02-15T12:05:21.014+0800: 38.446: Total time for which application threads were stopped: 0.0002919 seconds, Stopping threads took: 0.0000343 seconds
2020-02-15T12:05:21.014+0800: 38.446: Total time for which application threads were stopped: 0.0000450 seconds, Stopping threads took: 0.0000106 seconds
2020-02-15T12:05:21.485+0800: 38.918: [GC (CMS Initial Mark) [1 CMS-initial-mark: 37988K(43712K)] 54324K(63360K), 0.0112293 secs] [Times: user=0.01 sys=0.00, real=0.01 secs] 
2020-02-15T12:05:21.497+0800: 38.929: Total time for which application threads were stopped: 0.0114545 seconds, Stopping threads took: 0.0000620 seconds
2020-02-15T12:05:21.497+0800: 38.929: [CMS-concurrent-mark-start]
2020-02-15T12:05:21.580+0800: 39.012: [CMS-concurrent-mark: 0.083/0.083 secs] [Times: user=0.07 sys=0.00, real=0.08 secs] 
2020-02-15T12:05:21.580+0800: 39.012: [CMS-concurrent-preclean-start]
2020-02-15T12:05:21.583+0800: 39.015: [CMS-concurrent-preclean: 0.003/0.003 secs] [Times: user=0.00 sys=0.00, real=0.01 secs] 
2020-02-15T12:05:21.583+0800: 39.015: [CMS-concurrent-abortable-preclean-start]
2020-02-15T12:05:22.170+0800: 39.602: Total time for which application threads were stopped: 0.0001499 seconds, Stopping threads took: 0.0000395 seconds
2020-02-15T12:05:22.180+0800: 39.612: Total time for which application threads were stopped: 0.0001374 seconds, Stopping threads took: 0.0000468 seconds
2020-02-15T12:05:23.180+0800: 40.612: Total time for which application threads were stopped: 0.0001530 seconds, Stopping threads took: 0.0000497 seconds
2020-02-15T12:05:24.667+0800: 42.099: Total time for which application threads were stopped: 0.0001871 seconds, Stopping threads took: 0.0000376 seconds
2020-02-15T12:05:24.703+0800: 42.135: Total time for which application threads were stopped: 0.0008896 seconds, Stopping threads took: 0.0007691 seconds
2020-02-15T12:05:24.710+0800: 42.142: [GC (Allocation Failure) 2020-02-15T12:05:24.710+0800: 42.142: [ParNew
Desired survivor size 1114112 bytes, new threshold 1 (max 6)
- age   1:    1574320 bytes,    1574320 total
: 19397K->2169K(19648K), 0.0119093 secs] 57386K->40695K(63360K), 0.0120207 secs] [Times: user=0.01 sys=0.00, real=0.02 secs] 
2020-02-15T12:05:24.722+0800: 42.154: Total time for which application threads were stopped: 0.0122232 seconds, Stopping threads took: 0.0000313 seconds
2020-02-15T12:05:24.746+0800: 42.178: Total time for which application threads were stopped: 0.0034822 seconds, Stopping threads took: 0.0033641 seconds
2020-02-15T12:05:24.746+0800: 42.178: Total time for which application threads were stopped: 0.0000504 seconds, Stopping threads took: 0.0000128 seconds
2020-02-15T12:05:24.746+0800: 42.178: Total time for which application threads were stopped: 0.0000414 seconds, Stopping threads took: 0.0000080 seconds
2020-02-15T12:05:24.746+0800: 42.178: Total time for which application threads were stopped: 0.0000478 seconds, Stopping threads took: 0.0000078 seconds
2020-02-15T12:05:25.751+0800: 43.183: Total time for which application threads were stopped: 0.0002014 seconds, Stopping threads took: 0.0000435 seconds
 CMS: abort preclean due to time 2020-02-15T12:05:26.614+0800: 44.046: [CMS-concurrent-abortable-preclean: 0.462/5.031 secs] [Times: user=0.63 sys=0.01, real=5.03 secs] 
2020-02-15T12:05:26.615+0800: 44.047: [GC (CMS Final Remark) [YG occupancy: 3013 K (19648 K)]2020-02-15T12:05:26.615+0800: 44.047: [Rescan (parallel) , 0.0055569 secs]2020-02-15T12:05:26.620+0800: 44.052: [weak refs processing, 0.0005793 secs]2020-02-15T12:05:26.621+0800: 44.053: [class unloading, 0.0204722 secs]2020-02-15T12:05:26.641+0800: 44.073: [scrub symbol table, 0.0162685 secs]2020-02-15T12:05:26.658+0800: 44.090: [scrub string table, 0.0014175 secs][1 CMS-remark: 38526K(43712K)] 41540K(63360K), 0.0447707 secs] [Times: user=0.05 sys=0.00, real=0.04 secs] 
2020-02-15T12:05:26.659+0800: 44.092: Total time for which application threads were stopped: 0.0449742 seconds, Stopping threads took: 0.0000490 seconds
2020-02-15T12:05:26.662+0800: 44.094: [CMS-concurrent-sweep-start]
2020-02-15T12:05:26.693+0800: 44.125: [CMS-concurrent-sweep: 0.031/0.031 secs] [Times: user=0.03 sys=0.00, real=0.03 secs] 
2020-02-15T12:05:26.693+0800: 44.126: [CMS-concurrent-reset-start]
2020-02-15T12:05:26.694+0800: 44.126: [CMS-concurrent-reset: 0.000/0.000 secs] [Times: user=0.00 sys=0.00, real=0.00 secs] 
2020-02-15T12:05:27.278+0800: 44.710: Total time for which application threads were stopped: 0.0001999 seconds, Stopping threads took: 0.0000391 seconds
2020-02-15T12:05:27.288+0800: 44.720: Total time for which application threads were stopped: 0.0001498 seconds, Stopping threads took: 0.0000371 seconds
2020-02-15T12:05:28.288+0800: 45.720: Total time for which application threads were stopped: 0.0002067 seconds, Stopping threads took: 0.0000529 seconds
2020-02-15T12:05:28.694+0800: 46.126: [GC (CMS Initial Mark) [1 CMS-initial-mark: 37480K(43712K)] 41265K(63360K), 0.0051246 secs] [Times: user=0.00 sys=0.00, real=0.00 secs] 
2020-02-15T12:05:28.699+0800: 46.131: Total time for which application threads were stopped: 0.0053161 seconds, Stopping threads took: 0.0000470 seconds
2020-02-15T12:05:28.699+0800: 46.131: [CMS-concurrent-mark-start]
2020-02-15T12:05:28.768+0800: 46.200: [CMS-concurrent-mark: 0.069/0.069 secs] [Times: user=0.07 sys=0.00, real=0.07 secs] 
2020-02-15T12:05:28.768+0800: 46.200: [CMS-concurrent-preclean-start]
2020-02-15T12:05:28.770+0800: 46.202: [CMS-concurrent-preclean: 0.002/0.002 secs] [Times: user=0.00 sys=0.00, real=0.00 secs] 
2020-02-15T12:05:28.770+0800: 46.203: [GC (CMS Final Remark) [YG occupancy: 3784 K (19648 K)]2020-02-15T12:05:28.770+0800: 46.203: [Rescan (parallel) , 0.0043782 secs]2020-02-15T12:05:28.775+0800: 46.207: [weak refs processing, 0.0005184 secs]2020-02-15T12:05:28.775+0800: 46.207: [class unloading, 0.0105909 secs]2020-02-15T12:05:28.786+0800: 46.218: [scrub symbol table, 0.0102801 secs]2020-02-15T12:05:28.796+0800: 46.228: [scrub string table, 0.0009628 secs][1 CMS-remark: 37480K(43712K)] 41265K(63360K), 0.0269378 secs] [Times: user=0.03 sys=0.00, real=0.03 secs] 
2020-02-15T12:05:28.797+0800: 46.229: Total time for which application threads were stopped: 0.0271067 seconds, Stopping threads took: 0.0000524 seconds
2020-02-15T12:05:28.798+0800: 46.230: [CMS-concurrent-sweep-start]
2020-02-15T12:05:28.818+0800: 46.250: [CMS-concurrent-sweep: 0.020/0.020 secs] [Times: user=0.02 sys=0.00, real=0.02 secs] 
2020-02-15T12:05:28.818+0800: 46.250: [CMS-concurrent-reset-start]
2020-02-15T12:05:28.818+0800: 46.250: [CMS-concurrent-reset: 0.000/0.000 secs] [Times: user=0.00 sys=0.00, real=0.00 secs] 
2020-02-15T12:05:29.798+0800: 47.230: Total time for which application threads were stopped: 0.0001331 seconds, Stopping threads took: 0.0000392 seconds
2020-02-15T12:05:29.800+0800: 47.232: Total time for which application threads were stopped: 0.0000925 seconds, Stopping threads took: 0.0000153 seconds
2020-02-15T12:05:29.809+0800: 47.241: Total time for which application threads were stopped: 0.0001046 seconds, Stopping threads took: 0.0000250 seconds
2020-02-15T12:05:30.818+0800: 48.250: [GC (CMS Initial Mark) [1 CMS-initial-mark: 37421K(43712K)] 41745K(63360K), 0.0059404 secs] [Times: user=0.01 sys=0.00, real=0.01 secs] 
2020-02-15T12:05:30.824+0800: 48.256: Total time for which application threads were stopped: 0.0061511 seconds, Stopping threads took: 0.0000570 seconds
2020-02-15T12:05:30.824+0800: 48.256: [CMS-concurrent-mark-start]
2020-02-15T12:05:30.894+0800: 48.326: [CMS-concurrent-mark: 0.070/0.070 secs] [Times: user=0.07 sys=0.00, real=0.07 secs] 
2020-02-15T12:05:30.894+0800: 48.326: [CMS-concurrent-preclean-start]
2020-02-15T12:05:30.896+0800: 48.328: [CMS-concurrent-preclean: 0.002/0.002 secs] [Times: user=0.00 sys=0.00, real=0.00 secs] 
2020-02-15T12:05:30.896+0800: 48.328: [CMS-concurrent-abortable-preclean-start]
2020-02-15T12:05:32.329+0800: 49.761: Total time for which application threads were stopped: 0.0002468 seconds, Stopping threads took: 0.0000384 seconds
2020-02-15T12:05:33.330+0800: 50.762: Total time for which application threads were stopped: 0.0013384 seconds, Stopping threads took: 0.0011861 seconds
2020-02-15T12:05:35.331+0800: 52.763: Total time for which application threads were stopped: 0.0001867 seconds, Stopping threads took: 0.0000465 seconds
 CMS: abort preclean due to time 2020-02-15T12:05:35.972+0800: 53.404: [CMS-concurrent-abortable-preclean: 0.306/5.075 secs] [Times: user=0.70 sys=0.00, real=5.08 secs] 
2020-02-15T12:05:35.972+0800: 53.404: [GC (CMS Final Remark) [YG occupancy: 6088 K (19648 K)]2020-02-15T12:05:35.972+0800: 53.404: [Rescan (parallel) , 0.0055834 secs]2020-02-15T12:05:35.977+0800: 53.410: [weak refs processing, 0.0002539 secs]2020-02-15T12:05:35.978+0800: 53.410: [class unloading, 0.0108218 secs]2020-02-15T12:05:35.989+0800: 53.421: [scrub symbol table, 0.0104903 secs]2020-02-15T12:05:35.999+0800: 53.431: [scrub string table, 0.0009572 secs][1 CMS-remark: 37421K(43712K)] 43509K(63360K), 0.0283216 secs] [Times: user=0.03 sys=0.00, real=0.02 secs] 
2020-02-15T12:05:36.000+0800: 53.432: Total time for which application threads were stopped: 0.0284831 seconds, Stopping threads took: 0.0000430 seconds
2020-02-15T12:05:36.000+0800: 53.432: [CMS-concurrent-sweep-start]
2020-02-15T12:05:36.019+0800: 53.452: [CMS-concurrent-sweep: 0.019/0.019 secs] [Times: user=0.02 sys=0.00, real=0.02 secs] 
2020-02-15T12:05:36.020+0800: 53.452: [CMS-concurrent-reset-start]
2020-02-15T12:05:36.020+0800: 53.452: [CMS-concurrent-reset: 0.000/0.000 secs] [Times: user=0.00 sys=0.00, real=0.00 secs] 
2020-02-15T12:05:38.001+0800: 55.433: Total time for which application threads were stopped: 0.0002235 seconds, Stopping threads took: 0.0000511 seconds
2020-02-15T12:05:38.020+0800: 55.452: [GC (CMS Initial Mark) [1 CMS-initial-mark: 37421K(43712K)] 44133K(63360K), 0.0101372 secs] [Times: user=0.01 sys=0.00, real=0.01 secs] 
2020-02-15T12:05:38.030+0800: 55.462: Total time for which application threads were stopped: 0.0103709 seconds, Stopping threads took: 0.0000446 seconds
2020-02-15T12:05:38.030+0800: 55.462: [CMS-concurrent-mark-start]
2020-02-15T12:05:38.139+0800: 55.571: [CMS-concurrent-mark: 0.109/0.109 secs] [Times: user=0.10 sys=0.00, real=0.11 secs] 
2020-02-15T12:05:38.139+0800: 55.571: [CMS-concurrent-preclean-start]
2020-02-15T12:05:38.142+0800: 55.575: [CMS-concurrent-preclean: 0.003/0.003 secs] [Times: user=0.00 sys=0.00, real=0.01 secs] 
2020-02-15T12:05:38.142+0800: 55.575: [CMS-concurrent-abortable-preclean-start]
2020-02-15T12:05:40.030+0800: 57.463: Total time for which application threads were stopped: 0.0001816 seconds, Stopping threads took: 0.0000462 seconds
2020-02-15T12:05:42.031+0800: 59.463: Total time for which application threads were stopped: 0.0001722 seconds, Stopping threads took: 0.0000500 seconds
2020-02-15T12:05:43.031+0800: 60.463: Total time for which application threads were stopped: 0.0001616 seconds, Stopping threads took: 0.0000476 seconds
 CMS: abort preclean due to time 2020-02-15T12:05:43.249+0800: 60.681: [CMS-concurrent-abortable-preclean: 0.336/5.106 secs] [Times: user=0.42 sys=0.00, real=5.10 secs] 
2020-02-15T12:05:43.249+0800: 60.681: [GC (CMS Final Remark) [YG occupancy: 9009 K (19648 K)]2020-02-15T12:05:43.249+0800: 60.681: [Rescan (parallel) , 0.0086836 secs]2020-02-15T12:05:43.258+0800: 60.690: [weak refs processing, 0.0002470 secs]2020-02-15T12:05:43.258+0800: 60.690: [class unloading, 0.0121883 secs]2020-02-15T12:05:43.270+0800: 60.703: [scrub symbol table, 0.0112133 secs]2020-02-15T12:05:43.282+0800: 60.714: [scrub string table, 0.0009497 secs][1 CMS-remark: 37421K(43712K)] 46430K(63360K), 0.0335312 secs] [Times: user=0.03 sys=0.00, real=0.04 secs] 
2020-02-15T12:05:43.283+0800: 60.715: Total time for which application threads were stopped: 0.0337045 seconds, Stopping threads took: 0.0000483 seconds
2020-02-15T12:05:43.283+0800: 60.715: [CMS-concurrent-sweep-start]
2020-02-15T12:05:43.302+0800: 60.734: [CMS-concurrent-sweep: 0.019/0.019 secs] [Times: user=0.02 sys=0.00, real=0.02 secs] 
2020-02-15T12:05:43.302+0800: 60.734: [CMS-concurrent-reset-start]
2020-02-15T12:05:43.302+0800: 60.734: [CMS-concurrent-reset: 0.000/0.000 secs] [Times: user=0.00 sys=0.00, real=0.00 secs] 
2020-02-15T12:05:43.432+0800: 60.864: Total time for which application threads were stopped: 0.0001395 seconds, Stopping threads took: 0.0000332 seconds
2020-02-15T12:05:44.432+0800: 61.864: Total time for which application threads were stopped: 0.0001687 seconds, Stopping threads took: 0.0000450 seconds
2020-02-15T12:05:45.301+0800: 62.733: [GC (CMS Initial Mark) [1 CMS-initial-mark: 37420K(43712K)] 48066K(63360K), 0.0097029 secs] [Times: user=0.01 sys=0.00, real=0.01 secs] 
2020-02-15T12:05:45.311+0800: 62.743: Total time for which application threads were stopped: 0.0099817 seconds, Stopping threads took: 0.0000563 seconds
2020-02-15T12:05:45.311+0800: 62.743: [CMS-concurrent-mark-start]
2020-02-15T12:05:45.385+0800: 62.817: [CMS-concurrent-mark: 0.074/0.074 secs] [Times: user=0.07 sys=0.00, real=0.08 secs] 
2020-02-15T12:05:45.385+0800: 62.817: [CMS-concurrent-preclean-start]
2020-02-15T12:05:45.388+0800: 62.820: [CMS-concurrent-preclean: 0.003/0.003 secs] [Times: user=0.00 sys=0.00, real=0.00 secs] 
2020-02-15T12:05:45.388+0800: 62.820: [CMS-concurrent-abortable-preclean-start]
2020-02-15T12:05:47.311+0800: 64.744: Total time for which application threads were stopped: 0.0001717 seconds, Stopping threads took: 0.0000526 seconds
2020-02-15T12:05:48.312+0800: 65.744: Total time for which application threads were stopped: 0.0001747 seconds, Stopping threads took: 0.0000459 seconds
2020-02-15T12:05:50.312+0800: 67.744: Total time for which application threads were stopped: 0.0001665 seconds, Stopping threads took: 0.0000490 seconds
 CMS: abort preclean due to time 2020-02-15T12:05:50.424+0800: 67.856: [CMS-concurrent-abortable-preclean: 0.297/5.036 secs] [Times: user=0.36 sys=0.01, real=5.04 secs] 
2020-02-15T12:05:50.424+0800: 67.856: [GC (CMS Final Remark) [YG occupancy: 12090 K (19648 K)]2020-02-15T12:05:50.424+0800: 67.857: [Rescan (parallel) , 0.0100326 secs]2020-02-15T12:05:50.435+0800: 67.867: [weak refs processing, 0.0002651 secs]2020-02-15T12:05:50.435+0800: 67.867: [class unloading, 0.0113147 secs]2020-02-15T12:05:50.446+0800: 67.878: [scrub symbol table, 0.0128281 secs]2020-02-15T12:05:50.459+0800: 67.891: [scrub string table, 0.0011161 secs][1 CMS-remark: 37420K(43712K)] 49511K(63360K), 0.0358877 secs] [Times: user=0.04 sys=0.00, real=0.03 secs] 
2020-02-15T12:05:50.460+0800: 67.892: Total time for which application threads were stopped: 0.0360668 seconds, Stopping threads took: 0.0000440 seconds
2020-02-15T12:05:50.461+0800: 67.893: [CMS-concurrent-sweep-start]
2020-02-15T12:05:50.480+0800: 67.912: [CMS-concurrent-sweep: 0.019/0.019 secs] [Times: user=0.02 sys=0.00, real=0.02 secs] 
2020-02-15T12:05:50.480+0800: 67.912: [CMS-concurrent-reset-start]
2020-02-15T12:05:50.480+0800: 67.912: [CMS-concurrent-reset: 0.000/0.000 secs] [Times: user=0.00 sys=0.00, real=0.00 secs] 
2020-02-15T12:05:51.461+0800: 68.893: Total time for which application threads were stopped: 0.0002174 seconds, Stopping threads took: 0.0000477 seconds
2020-02-15T12:05:52.461+0800: 69.893: Total time for which application threads were stopped: 0.0001747 seconds, Stopping threads took: 0.0000489 seconds
2020-02-15T12:05:52.480+0800: 69.912: [GC (CMS Initial Mark) [1 CMS-initial-mark: 37270K(43712K)] 49678K(63360K), 0.0101052 secs] [Times: user=0.01 sys=0.00, real=0.01 secs] 
2020-02-15T12:05:52.490+0800: 69.922: Total time for which application threads were stopped: 0.0103294 seconds, Stopping threads took: 0.0000489 seconds
2020-02-15T12:05:52.490+0800: 69.923: [CMS-concurrent-mark-start]
2020-02-15T12:05:52.587+0800: 70.019: [CMS-concurrent-mark: 0.097/0.097 secs] [Times: user=0.09 sys=0.00, real=0.10 secs] 
2020-02-15T12:05:52.587+0800: 70.019: [CMS-concurrent-preclean-start]
2020-02-15T12:05:52.589+0800: 70.021: [CMS-concurrent-preclean: 0.002/0.002 secs] [Times: user=0.00 sys=0.00, real=0.00 secs] 
2020-02-15T12:05:52.589+0800: 70.021: [CMS-concurrent-abortable-preclean-start]
2020-02-15T12:05:53.491+0800: 70.923: Total time for which application threads were stopped: 0.0002575 seconds, Stopping threads took: 0.0000471 seconds
2020-02-15T12:05:54.491+0800: 71.923: Total time for which application threads were stopped: 0.0002100 seconds, Stopping threads took: 0.0000553 seconds
2020-02-15T12:05:55.491+0800: 72.923: Total time for which application threads were stopped: 0.0002236 seconds, Stopping threads took: 0.0000732 seconds
2020-02-15T12:05:57.492+0800: 74.924: Total time for which application threads were stopped: 0.0001671 seconds, Stopping threads took: 0.0000483 seconds
 CMS: abort preclean due to time 2020-02-15T12:05:57.604+0800: 75.036: [CMS-concurrent-abortable-preclean: 0.307/5.014 secs] [Times: user=0.46 sys=0.01, real=5.02 secs] 
2020-02-15T12:05:57.604+0800: 75.036: [GC (CMS Final Remark) [YG occupancy: 15093 K (19648 K)]2020-02-15T12:05:57.604+0800: 75.036: [Rescan (parallel) , 0.0120154 secs]2020-02-15T12:05:57.616+0800: 75.048: [weak refs processing, 0.0003131 secs]2020-02-15T12:05:57.617+0800: 75.049: [class unloading, 0.0119968 secs]2020-02-15T12:05:57.629+0800: 75.061: [scrub symbol table, 0.0168046 secs]2020-02-15T12:05:57.646+0800: 75.078: [scrub string table, 0.0010025 secs][1 CMS-remark: 37270K(43712K)] 52363K(63360K), 0.0424538 secs] [Times: user=0.04 sys=0.00, real=0.04 secs] 
2020-02-15T12:05:57.647+0800: 75.079: Total time for which application threads were stopped: 0.0426865 seconds, Stopping threads took: 0.0000501 seconds
2020-02-15T12:05:57.647+0800: 75.079: [CMS-concurrent-sweep-start]
2020-02-15T12:05:57.666+0800: 75.098: [CMS-concurrent-sweep: 0.019/0.019 secs] [Times: user=0.01 sys=0.00, real=0.02 secs] 
2020-02-15T12:05:57.666+0800: 75.098: [CMS-concurrent-reset-start]
2020-02-15T12:05:57.666+0800: 75.098: [CMS-concurrent-reset: 0.000/0.000 secs] [Times: user=0.00 sys=0.00, real=0.00 secs] 
2020-02-15T12:05:59.647+0800: 77.079: Total time for which application threads were stopped: 0.0001615 seconds, Stopping threads took: 0.0000389 seconds
2020-02-15T12:05:59.666+0800: 77.098: [GC (CMS Initial Mark) [1 CMS-initial-mark: 37257K(43712K)] 52556K(63360K), 0.0117542 secs] [Times: user=0.01 sys=0.00, real=0.01 secs] 
2020-02-15T12:05:59.678+0800: 77.110: Total time for which application threads were stopped: 0.0119842 seconds, Stopping threads took: 0.0000472 seconds
2020-02-15T12:05:59.678+0800: 77.110: [CMS-concurrent-mark-start]
2020-02-15T12:05:59.748+0800: 77.180: [CMS-concurrent-mark: 0.070/0.070 secs] [Times: user=0.07 sys=0.00, real=0.07 secs] 
2020-02-15T12:05:59.748+0800: 77.180: [CMS-concurrent-preclean-start]
2020-02-15T12:05:59.750+0800: 77.182: [CMS-concurrent-preclean: 0.002/0.002 secs] [Times: user=0.00 sys=0.00, real=0.00 secs] 
2020-02-15T12:05:59.750+0800: 77.182: [CMS-concurrent-abortable-preclean-start]
2020-02-15T12:06:00.678+0800: 78.111: Total time for which application threads were stopped: 0.0001888 seconds, Stopping threads took: 0.0000608 seconds
2020-02-15T12:06:02.679+0800: 80.111: Total time for which application threads were stopped: 0.0001789 seconds, Stopping threads took: 0.0000500 seconds
2020-02-15T12:06:04.679+0800: 82.111: Total time for which application threads were stopped: 0.0001747 seconds, Stopping threads took: 0.0000489 seconds
 CMS: abort preclean due to time 2020-02-15T12:06:04.792+0800: 82.224: [CMS-concurrent-abortable-preclean: 0.340/5.041 secs] [Times: user=0.39 sys=0.00, real=5.05 secs] 
2020-02-15T12:06:04.792+0800: 82.224: [GC (CMS Final Remark) [YG occupancy: 17346 K (19648 K)]2020-02-15T12:06:04.792+0800: 82.224: [Rescan (parallel) , 0.0129099 secs]2020-02-15T12:06:04.805+0800: 82.237: [weak refs processing, 0.0002624 secs]2020-02-15T12:06:04.805+0800: 82.237: [class unloading, 0.0114055 secs]2020-02-15T12:06:04.817+0800: 82.249: [scrub symbol table, 0.0101355 secs]2020-02-15T12:06:04.827+0800: 82.259: [scrub string table, 0.0010082 secs][1 CMS-remark: 37257K(43712K)] 54603K(63360K), 0.0360467 secs] [Times: user=0.03 sys=0.00, real=0.03 secs] 
2020-02-15T12:06:04.828+0800: 82.260: Total time for which application threads were stopped: 0.0362480 seconds, Stopping threads took: 0.0000423 seconds
2020-02-15T12:06:04.828+0800: 82.260: [CMS-concurrent-sweep-start]
2020-02-15T12:06:04.848+0800: 82.280: [CMS-concurrent-sweep: 0.020/0.020 secs] [Times: user=0.02 sys=0.00, real=0.02 secs] 
2020-02-15T12:06:04.848+0800: 82.280: [CMS-concurrent-reset-start]
2020-02-15T12:06:04.848+0800: 82.280: [CMS-concurrent-reset: 0.000/0.000 secs] [Times: user=0.00 sys=0.00, real=0.00 secs] 
2020-02-15T12:06:05.828+0800: 83.260: Total time for which application threads were stopped: 0.0002037 seconds, Stopping threads took: 0.0000608 seconds
2020-02-15T12:06:06.848+0800: 84.280: [GC (CMS Initial Mark) [1 CMS-initial-mark: 37255K(43712K)] 55351K(63360K), 0.0131748 secs] [Times: user=0.02 sys=0.00, real=0.01 secs] 
2020-02-15T12:06:06.861+0800: 84.293: Total time for which application threads were stopped: 0.0134317 seconds, Stopping threads took: 0.0000550 seconds
2020-02-15T12:06:06.861+0800: 84.293: [CMS-concurrent-mark-start]
2020-02-15T12:06:06.934+0800: 84.366: [CMS-concurrent-mark: 0.073/0.073 secs] [Times: user=0.07 sys=0.00, real=0.08 secs] 
2020-02-15T12:06:06.934+0800: 84.366: [CMS-concurrent-preclean-start]
2020-02-15T12:06:06.936+0800: 84.368: [CMS-concurrent-preclean: 0.002/0.002 secs] [Times: user=0.00 sys=0.00, real=0.00 secs] 
2020-02-15T12:06:06.936+0800: 84.368: [CMS-concurrent-abortable-preclean-start]
2020-02-15T12:06:07.861+0800: 85.293: Total time for which application threads were stopped: 0.0001714 seconds, Stopping threads took: 0.0000476 seconds
2020-02-15T12:06:08.861+0800: 86.294: Total time for which application threads were stopped: 0.0001954 seconds, Stopping threads took: 0.0000612 seconds
2020-02-15T12:06:09.862+0800: 87.294: Total time for which application threads were stopped: 0.0001567 seconds, Stopping threads took: 0.0000461 seconds
2020-02-15T12:06:10.862+0800: 88.294: Total time for which application threads were stopped: 0.0002212 seconds, Stopping threads took: 0.0000586 seconds
 CMS: abort preclean due to time 2020-02-15T12:06:12.034+0800: 89.467: [CMS-concurrent-abortable-preclean: 0.300/5.098 secs] [Times: user=0.36 sys=0.01, real=5.10 secs] 
2020-02-15T12:06:12.035+0800: 89.467: [GC (CMS Final Remark) [YG occupancy: 19619 K (19648 K)]2020-02-15T12:06:12.035+0800: 89.467: [Rescan (parallel) , 0.0144426 secs]2020-02-15T12:06:12.049+0800: 89.481: [weak refs processing, 0.0004074 secs]2020-02-15T12:06:12.050+0800: 89.482: [class unloading, 0.0116436 secs]2020-02-15T12:06:12.061+0800: 89.493: [scrub symbol table, 0.0117022 secs]2020-02-15T12:06:12.073+0800: 89.505: [scrub string table, 0.0009757 secs][1 CMS-remark: 37255K(43712K)] 56875K(63360K), 0.0395051 secs] [Times: user=0.04 sys=0.00, real=0.04 secs] 
2020-02-15T12:06:12.074+0800: 89.506: Total time for which application threads were stopped: 0.0396938 seconds, Stopping threads took: 0.0000445 seconds
2020-02-15T12:06:12.074+0800: 89.506: [CMS-concurrent-sweep-start]
2020-02-15T12:06:12.093+0800: 89.525: [CMS-concurrent-sweep: 0.019/0.019 secs] [Times: user=0.02 sys=0.00, real=0.02 secs] 
2020-02-15T12:06:12.093+0800: 89.525: [CMS-concurrent-reset-start]
2020-02-15T12:06:12.093+0800: 89.525: [CMS-concurrent-reset: 0.000/0.000 secs] [Times: user=0.00 sys=0.00, real=0.00 secs] 
2020-02-15T12:06:12.694+0800: 90.126: [GC (Allocation Failure) 2020-02-15T12:06:12.694+0800: 90.126: [ParNew
Desired survivor size 1114112 bytes, new threshold 6 (max 6)
- age   1:     305872 bytes,     305872 total
: 19619K->507K(19648K), 0.0097922 secs] 56863K->38231K(63360K), 0.0099205 secs] [Times: user=0.01 sys=0.00, real=0.01 secs] 
2020-02-15T12:06:12.704+0800: 90.136: Total time for which application threads were stopped: 0.0101398 seconds, Stopping threads took: 0.0000416 seconds
2020-02-15T12:06:12.724+0800: 90.156: [GC (CMS Initial Mark) [1 CMS-initial-mark: 37723K(43712K)] 38917K(63360K), 0.0080009 secs] [Times: user=0.01 sys=0.00, real=0.01 secs] 
2020-02-15T12:06:12.732+0800: 90.164: Total time for which application threads were stopped: 0.0082116 seconds, Stopping threads took: 0.0000454 seconds
2020-02-15T12:06:12.732+0800: 90.164: [CMS-concurrent-mark-start]
2020-02-15T12:06:12.739+0800: 90.171: Total time for which application threads were stopped: 0.0001044 seconds, Stopping threads took: 0.0000237 seconds
2020-02-15T12:06:12.803+0800: 90.235: [CMS-concurrent-mark: 0.071/0.072 secs] [Times: user=0.07 sys=0.00, real=0.07 secs] 
2020-02-15T12:06:12.803+0800: 90.236: [CMS-concurrent-preclean-start]
2020-02-15T12:06:12.806+0800: 90.238: [CMS-concurrent-preclean: 0.002/0.002 secs] [Times: user=0.00 sys=0.00, real=0.00 secs] 
2020-02-15T12:06:12.806+0800: 90.238: [GC (CMS Final Remark) [YG occupancy: 1193 K (19648 K)]2020-02-15T12:06:12.806+0800: 90.238: [Rescan (parallel) , 0.0031253 secs]2020-02-15T12:06:12.809+0800: 90.241: [weak refs processing, 0.0002608 secs]2020-02-15T12:06:12.809+0800: 90.242: [class unloading, 0.0112814 secs]2020-02-15T12:06:12.821+0800: 90.253: [scrub symbol table, 0.0103512 secs]2020-02-15T12:06:12.831+0800: 90.263: [scrub string table, 0.0009646 secs][1 CMS-remark: 37723K(43712K)] 38917K(63360K), 0.0262844 secs] [Times: user=0.03 sys=0.00, real=0.03 secs] 
2020-02-15T12:06:12.832+0800: 90.264: Total time for which application threads were stopped: 0.0264681 seconds, Stopping threads took: 0.0000436 seconds
2020-02-15T12:06:12.832+0800: 90.265: [CMS-concurrent-sweep-start]
2020-02-15T12:06:12.852+0800: 90.284: [CMS-concurrent-sweep: 0.019/0.019 secs] [Times: user=0.01 sys=0.00, real=0.02 secs] 
2020-02-15T12:06:12.852+0800: 90.284: [CMS-concurrent-reset-start]
2020-02-15T12:06:12.852+0800: 90.284: [CMS-concurrent-reset: 0.000/0.000 secs] [Times: user=0.00 sys=0.00, real=0.00 secs] 
2020-02-15T12:06:13.442+0800: 90.874: Total time for which application threads were stopped: 0.0001768 seconds, Stopping threads took: 0.0000394 seconds
2020-02-15T12:06:14.443+0800: 91.875: Total time for which application threads were stopped: 0.0002027 seconds, Stopping threads took: 0.0000555 seconds
2020-02-15T12:06:14.852+0800: 92.284: [GC (CMS Initial Mark) [1 CMS-initial-mark: 37684K(43712K)] 39784K(63360K), 0.0047282 secs] [Times: user=0.00 sys=0.00, real=0.00 secs] 
2020-02-15T12:06:14.857+0800: 92.289: Total time for which application threads were stopped: 0.0049228 seconds, Stopping threads took: 0.0000543 seconds
2020-02-15T12:06:14.857+0800: 92.289: [CMS-concurrent-mark-start]
2020-02-15T12:06:14.927+0800: 92.359: [CMS-concurrent-mark: 0.070/0.070 secs] [Times: user=0.07 sys=0.00, real=0.07 secs] 
2020-02-15T12:06:14.927+0800: 92.359: [CMS-concurrent-preclean-start]
2020-02-15T12:06:14.930+0800: 92.362: [CMS-concurrent-preclean: 0.002/0.002 secs] [Times: user=0.00 sys=0.00, real=0.00 secs] 
2020-02-15T12:06:14.930+0800: 92.362: [GC (CMS Final Remark) [YG occupancy: 2100 K (19648 K)]2020-02-15T12:06:14.930+0800: 92.362: [Rescan (parallel) , 0.0042434 secs]2020-02-15T12:06:14.934+0800: 92.366: [weak refs processing, 0.0002598 secs]2020-02-15T12:06:14.934+0800: 92.367: [class unloading, 0.0116861 secs]2020-02-15T12:06:14.946+0800: 92.378: [scrub symbol table, 0.0115500 secs]2020-02-15T12:06:14.958+0800: 92.390: [scrub string table, 0.0009719 secs][1 CMS-remark: 37684K(43712K)] 39784K(63360K), 0.0289396 secs] [Times: user=0.03 sys=0.00, real=0.03 secs] 
2020-02-15T12:06:14.959+0800: 92.391: Total time for which application threads were stopped: 0.0291177 seconds, Stopping threads took: 0.0000403 seconds
2020-02-15T12:06:14.959+0800: 92.391: [CMS-concurrent-sweep-start]
2020-02-15T12:06:14.978+0800: 92.410: [CMS-concurrent-sweep: 0.019/0.019 secs] [Times: user=0.02 sys=0.00, real=0.02 secs] 
2020-02-15T12:06:14.978+0800: 92.410: [CMS-concurrent-reset-start]
2020-02-15T12:06:14.978+0800: 92.410: [CMS-concurrent-reset: 0.000/0.000 secs] [Times: user=0.00 sys=0.00, real=0.00 secs] 
2020-02-15T12:06:15.959+0800: 93.391: Total time for which application threads were stopped: 0.0002187 seconds, Stopping threads took: 0.0000551 seconds
2020-02-15T12:06:16.978+0800: 94.411: [GC (CMS Initial Mark) [1 CMS-initial-mark: 37674K(43712K)] 40498K(63360K), 0.0054079 secs] [Times: user=0.00 sys=0.00, real=0.01 secs] 
2020-02-15T12:06:16.984+0800: 94.416: Total time for which application threads were stopped: 0.0055992 seconds, Stopping threads took: 0.0000437 seconds
2020-02-15T12:06:16.984+0800: 94.416: [CMS-concurrent-mark-start]
2020-02-15T12:06:17.055+0800: 94.487: [CMS-concurrent-mark: 0.071/0.071 secs] [Times: user=0.07 sys=0.00, real=0.07 secs] 
2020-02-15T12:06:17.055+0800: 94.487: [CMS-concurrent-preclean-start]
2020-02-15T12:06:17.057+0800: 94.489: [CMS-concurrent-preclean: 0.002/0.002 secs] [Times: user=0.00 sys=0.00, real=0.00 secs] 
2020-02-15T12:06:17.057+0800: 94.489: [CMS-concurrent-abortable-preclean-start]
2020-02-15T12:06:17.986+0800: 95.418: Total time for which application threads were stopped: 0.0001619 seconds, Stopping threads took: 0.0000414 seconds
2020-02-15T12:06:19.986+0800: 97.418: Total time for which application threads were stopped: 0.0001458 seconds, Stopping threads took: 0.0000438 seconds
2020-02-15T12:06:20.986+0800: 98.418: Total time for which application threads were stopped: 0.0002129 seconds, Stopping threads took: 0.0000467 seconds
 CMS: abort preclean due to time 2020-02-15T12:06:22.122+0800: 99.554: [CMS-concurrent-abortable-preclean: 0.148/5.065 secs] [Times: user=0.23 sys=0.00, real=5.07 secs] 
2020-02-15T12:06:22.122+0800: 99.554: [GC (CMS Final Remark) [YG occupancy: 4599 K (19648 K)]2020-02-15T12:06:22.122+0800: 99.554: [Rescan (parallel) , 0.0050754 secs]2020-02-15T12:06:22.127+0800: 99.559: [weak refs processing, 0.0002353 secs]2020-02-15T12:06:22.128+0800: 99.560: [class unloading, 0.0111836 secs]2020-02-15T12:06:22.139+0800: 99.571: [scrub symbol table, 0.0097503 secs]2020-02-15T12:06:22.149+0800: 99.581: [scrub string table, 0.0009593 secs][1 CMS-remark: 37674K(43712K)] 42274K(63360K), 0.0274447 secs] [Times: user=0.02 sys=0.00, real=0.02 secs] 
2020-02-15T12:06:22.150+0800: 99.582: Total time for which application threads were stopped: 0.0276010 seconds, Stopping threads took: 0.0000383 seconds
2020-02-15T12:06:22.150+0800: 99.582: [CMS-concurrent-sweep-start]
2020-02-15T12:06:22.169+0800: 99.601: [CMS-concurrent-sweep: 0.019/0.019 secs] [Times: user=0.02 sys=0.00, real=0.02 secs] 
2020-02-15T12:06:22.169+0800: 99.601: [CMS-concurrent-reset-start]
2020-02-15T12:06:22.169+0800: 99.601: [CMS-concurrent-reset: 0.000/0.000 secs] [Times: user=0.00 sys=0.00, real=0.00 secs] 
2020-02-15T12:06:23.150+0800: 100.582: Total time for which application threads were stopped: 0.0001960 seconds, Stopping threads took: 0.0000443 seconds
2020-02-15T12:06:24.150+0800: 101.582: Total time for which application threads were stopped: 0.0001521 seconds, Stopping threads took: 0.0000456 seconds
2020-02-15T12:06:24.169+0800: 101.601: [GC (CMS Initial Mark) [1 CMS-initial-mark: 37674K(43712K)] 43158K(63360K), 0.0068764 secs] [Times: user=0.01 sys=0.00, real=0.01 secs] 
2020-02-15T12:06:24.175+0800: 101.608: Total time for which application threads were stopped: 0.0070589 seconds, Stopping threads took: 0.0000412 seconds
2020-02-15T12:06:24.176+0800: 101.608: [CMS-concurrent-mark-start]
2020-02-15T12:06:24.243+0800: 101.675: [CMS-concurrent-mark: 0.067/0.067 secs] [Times: user=0.07 sys=0.00, real=0.07 secs] 
2020-02-15T12:06:24.243+0800: 101.675: [CMS-concurrent-preclean-start]
2020-02-15T12:06:24.245+0800: 101.677: [CMS-concurrent-preclean: 0.002/0.002 secs] [Times: user=0.00 sys=0.00, real=0.00 secs] 
2020-02-15T12:06:24.245+0800: 101.677: [CMS-concurrent-abortable-preclean-start]
2020-02-15T12:06:25.176+0800: 102.608: Total time for which application threads were stopped: 0.0001846 seconds, Stopping threads took: 0.0000443 seconds
2020-02-15T12:06:26.176+0800: 103.608: Total time for which application threads were stopped: 0.0001866 seconds, Stopping threads took: 0.0000678 seconds
2020-02-15T12:06:28.176+0800: 105.608: Total time for which application threads were stopped: 0.0001705 seconds, Stopping threads took: 0.0000453 seconds
 CMS: abort preclean due to time 2020-02-15T12:06:29.312+0800: 106.745: [CMS-concurrent-abortable-preclean: 0.149/5.067 secs] [Times: user=0.21 sys=0.01, real=5.07 secs] 
2020-02-15T12:06:29.313+0800: 106.745: [GC (CMS Final Remark) [YG occupancy: 7346 K (19648 K)]2020-02-15T12:06:29.313+0800: 106.745: [Rescan (parallel) , 0.0072557 secs]2020-02-15T12:06:29.320+0800: 106.752: [weak refs processing, 0.0002647 secs]2020-02-15T12:06:29.320+0800: 106.752: [class unloading, 0.0122365 secs]2020-02-15T12:06:29.333+0800: 106.765: [scrub symbol table, 0.0117208 secs]2020-02-15T12:06:29.344+0800: 106.776: [scrub string table, 0.0009985 secs][1 CMS-remark: 37674K(43712K)] 45021K(63360K), 0.0327851 secs] [Times: user=0.03 sys=0.00, real=0.03 secs] 
2020-02-15T12:06:29.346+0800: 106.778: Total time for which application threads were stopped: 0.0329600 seconds, Stopping threads took: 0.0000410 seconds
2020-02-15T12:06:29.346+0800: 106.778: [CMS-concurrent-sweep-start]
2020-02-15T12:06:29.365+0800: 106.797: [CMS-concurrent-sweep: 0.020/0.020 secs] [Times: user=0.02 sys=0.00, real=0.02 secs] 
2020-02-15T12:06:29.365+0800: 106.798: [CMS-concurrent-reset-start]
2020-02-15T12:06:29.366+0800: 106.798: [CMS-concurrent-reset: 0.000/0.000 secs] [Times: user=0.00 sys=0.00, real=0.00 secs] 
2020-02-15T12:06:30.348+0800: 107.780: Total time for which application threads were stopped: 0.0001392 seconds, Stopping threads took: 0.0000394 seconds
2020-02-15T12:06:31.348+0800: 108.780: Total time for which application threads were stopped: 0.0001615 seconds, Stopping threads took: 0.0000451 seconds
2020-02-15T12:06:31.366+0800: 108.798: [GC (CMS Initial Mark) [1 CMS-initial-mark: 37671K(43712K)] 45748K(63360K), 0.0082446 secs] [Times: user=0.01 sys=0.00, real=0.01 secs] 
2020-02-15T12:06:31.374+0800: 108.806: Total time for which application threads were stopped: 0.0084659 seconds, Stopping threads took: 0.0000539 seconds
2020-02-15T12:06:31.374+0800: 108.806: [CMS-concurrent-mark-start]
2020-02-15T12:06:31.444+0800: 108.877: [CMS-concurrent-mark: 0.070/0.070 secs] [Times: user=0.07 sys=0.00, real=0.07 secs] 
2020-02-15T12:06:31.444+0800: 108.877: [CMS-concurrent-preclean-start]
2020-02-15T12:06:31.447+0800: 108.879: [CMS-concurrent-preclean: 0.002/0.002 secs] [Times: user=0.00 sys=0.00, real=0.00 secs] 
2020-02-15T12:06:31.447+0800: 108.879: [CMS-concurrent-abortable-preclean-start]
2020-02-15T12:06:33.374+0800: 110.806: Total time for which application threads were stopped: 0.0001798 seconds, Stopping threads took: 0.0000464 seconds
2020-02-15T12:06:35.375+0800: 112.807: Total time for which application threads were stopped: 0.0001794 seconds, Stopping threads took: 0.0000537 seconds
2020-02-15T12:06:36.375+0800: 113.807: Total time for which application threads were stopped: 0.0002260 seconds, Stopping threads took: 0.0000632 seconds
 CMS: abort preclean due to time 2020-02-15T12:06:36.481+0800: 113.913: [CMS-concurrent-abortable-preclean: 0.148/5.034 secs] [Times: user=0.22 sys=0.00, real=5.03 secs] 
2020-02-15T12:06:36.481+0800: 113.913: [GC (CMS Final Remark) [YG occupancy: 10248 K (19648 K)]2020-02-15T12:06:36.481+0800: 113.913: [Rescan (parallel) , 0.0093898 secs]2020-02-15T12:06:36.491+0800: 113.923: [weak refs processing, 0.0002622 secs]2020-02-15T12:06:36.491+0800: 113.923: [class unloading, 0.0121516 secs]2020-02-15T12:06:36.503+0800: 113.935: [scrub symbol table, 0.0127837 secs]2020-02-15T12:06:36.516+0800: 113.948: [scrub string table, 0.0010043 secs][1 CMS-remark: 37671K(43712K)] 47919K(63360K), 0.0358760 secs] [Times: user=0.03 sys=0.00, real=0.03 secs] 
2020-02-15T12:06:36.517+0800: 113.949: Total time for which application threads were stopped: 0.0360482 seconds, Stopping threads took: 0.0000409 seconds
2020-02-15T12:06:36.518+0800: 113.950: [CMS-concurrent-sweep-start]
2020-02-15T12:06:36.537+0800: 113.970: [CMS-concurrent-sweep: 0.020/0.020 secs] [Times: user=0.02 sys=0.00, real=0.02 secs] 
2020-02-15T12:06:36.537+0800: 113.970: [CMS-concurrent-reset-start]
2020-02-15T12:06:36.538+0800: 113.970: [CMS-concurrent-reset: 0.000/0.000 secs] [Times: user=0.00 sys=0.00, real=0.00 secs] 
2020-02-15T12:06:38.518+0800: 115.950: Total time for which application threads were stopped: 0.0002354 seconds, Stopping threads took: 0.0000604 seconds
2020-02-15T12:06:38.537+0800: 115.969: [GC (CMS Initial Mark) [1 CMS-initial-mark: 37671K(43712K)] 48563K(63360K), 0.0106000 secs] [Times: user=0.01 sys=0.00, real=0.01 secs] 
2020-02-15T12:06:38.548+0800: 115.980: Total time for which application threads were stopped: 0.0108266 seconds, Stopping threads took: 0.0000484 seconds
2020-02-15T12:06:38.548+0800: 115.980: [CMS-concurrent-mark-start]
2020-02-15T12:06:38.656+0800: 116.088: [CMS-concurrent-mark: 0.108/0.108 secs] [Times: user=0.10 sys=0.00, real=0.11 secs] 
2020-02-15T12:06:38.656+0800: 116.088: [CMS-concurrent-preclean-start]
2020-02-15T12:06:38.659+0800: 116.091: [CMS-concurrent-preclean: 0.003/0.003 secs] [Times: user=0.00 sys=0.00, real=0.00 secs] 
2020-02-15T12:06:38.659+0800: 116.091: [CMS-concurrent-abortable-preclean-start]
2020-02-15T12:06:39.548+0800: 116.980: Total time for which application threads were stopped: 0.0001784 seconds, Stopping threads took: 0.0000515 seconds
2020-02-15T12:06:40.549+0800: 117.981: Total time for which application threads were stopped: 0.0007278 seconds, Stopping threads took: 0.0005990 seconds
2020-02-15T12:06:42.549+0800: 119.981: Total time for which application threads were stopped: 0.0001665 seconds, Stopping threads took: 0.0000472 seconds
2020-02-15T12:06:43.549+0800: 120.982: Total time for which application threads were stopped: 0.0001886 seconds, Stopping threads took: 0.0000541 seconds
 CMS: abort preclean due to time 2020-02-15T12:06:43.758+0800: 121.190: [CMS-concurrent-abortable-preclean: 0.150/5.099 secs] [Times: user=0.21 sys=0.01, real=5.10 secs] 
2020-02-15T12:06:43.758+0800: 121.191: [GC (CMS Final Remark) [YG occupancy: 12601 K (19648 K)]2020-02-15T12:06:43.758+0800: 121.191: [Rescan (parallel) , 0.0105117 secs]2020-02-15T12:06:43.769+0800: 121.201: [weak refs processing, 0.0002696 secs]2020-02-15T12:06:43.769+0800: 121.201: [class unloading, 0.0119185 secs]2020-02-15T12:06:43.781+0800: 121.213: [scrub symbol table, 0.0132741 secs]2020-02-15T12:06:43.795+0800: 121.227: [scrub string table, 0.0009938 secs][1 CMS-remark: 37671K(43712K)] 50272K(63360K), 0.0372799 secs] [Times: user=0.04 sys=0.00, real=0.04 secs] 
2020-02-15T12:06:43.796+0800: 121.228: Total time for which application threads were stopped: 0.0374516 seconds, Stopping threads took: 0.0000437 seconds
2020-02-15T12:06:43.796+0800: 121.228: [CMS-concurrent-sweep-start]
2020-02-15T12:06:43.815+0800: 121.247: [CMS-concurrent-sweep: 0.019/0.019 secs] [Times: user=0.02 sys=0.00, real=0.02 secs] 
2020-02-15T12:06:43.815+0800: 121.247: [CMS-concurrent-reset-start]
2020-02-15T12:06:43.815+0800: 121.247: [CMS-concurrent-reset: 0.000/0.000 secs] [Times: user=0.00 sys=0.00, real=0.00 secs] 
2020-02-15T12:06:44.796+0800: 122.228: Total time for which application threads were stopped: 0.0001874 seconds, Stopping threads took: 0.0000475 seconds
2020-02-15T12:06:45.796+0800: 123.228: Total time for which application threads were stopped: 0.0001682 seconds, Stopping threads took: 0.0000444 seconds
2020-02-15T12:06:45.815+0800: 123.247: [GC (CMS Initial Mark) [1 CMS-initial-mark: 37671K(43712K)] 51479K(63360K), 0.0109554 secs] [Times: user=0.01 sys=0.00, real=0.01 secs] 
2020-02-15T12:06:45.826+0800: 123.258: Total time for which application threads were stopped: 0.0111608 seconds, Stopping threads took: 0.0000442 seconds
2020-02-15T12:06:45.826+0800: 123.258: [CMS-concurrent-mark-start]
2020-02-15T12:06:45.894+0800: 123.326: [CMS-concurrent-mark: 0.069/0.069 secs] [Times: user=0.07 sys=0.00, real=0.07 secs] 
2020-02-15T12:06:45.894+0800: 123.327: [CMS-concurrent-preclean-start]
2020-02-15T12:06:45.897+0800: 123.329: [CMS-concurrent-preclean: 0.002/0.003 secs] [Times: user=0.00 sys=0.00, real=0.00 secs] 
2020-02-15T12:06:45.897+0800: 123.329: [CMS-concurrent-abortable-preclean-start]
2020-02-15T12:06:46.826+0800: 124.258: Total time for which application threads were stopped: 0.0001537 seconds, Stopping threads took: 0.0000416 seconds
2020-02-15T12:06:47.826+0800: 125.258: Total time for which application threads were stopped: 0.0001713 seconds, Stopping threads took: 0.0000450 seconds
2020-02-15T12:06:48.826+0800: 126.258: Total time for which application threads were stopped: 0.0001806 seconds, Stopping threads took: 0.0000436 seconds
2020-02-15T12:06:50.827+0800: 128.259: Total time for which application threads were stopped: 0.0001672 seconds, Stopping threads took: 0.0000460 seconds
 CMS: abort preclean due to time 2020-02-15T12:06:50.933+0800: 128.365: [CMS-concurrent-abortable-preclean: 0.148/5.036 secs] [Times: user=0.39 sys=0.01, real=5.04 secs] 
2020-02-15T12:06:50.933+0800: 128.365: [GC (CMS Final Remark) [YG occupancy: 15360 K (19648 K)]2020-02-15T12:06:50.933+0800: 128.365: [Rescan (parallel) , 0.0125735 secs]2020-02-15T12:06:50.946+0800: 128.378: [weak refs processing, 0.0003165 secs]2020-02-15T12:06:50.946+0800: 128.378: [class unloading, 0.0121609 secs]2020-02-15T12:06:50.958+0800: 128.390: [scrub symbol table, 0.0111697 secs]2020-02-15T12:06:50.969+0800: 128.401: [scrub string table, 0.0009598 secs][1 CMS-remark: 37671K(43712K)] 53031K(63360K), 0.0375410 secs] [Times: user=0.04 sys=0.00, real=0.03 secs] 
2020-02-15T12:06:50.971+0800: 128.403: Total time for which application threads were stopped: 0.0377225 seconds, Stopping threads took: 0.0000544 seconds
2020-02-15T12:06:50.971+0800: 128.403: [CMS-concurrent-sweep-start]
2020-02-15T12:06:50.997+0800: 128.429: [CMS-concurrent-sweep: 0.026/0.026 secs] [Times: user=0.02 sys=0.00, real=0.03 secs] 
2020-02-15T12:06:50.997+0800: 128.429: [CMS-concurrent-reset-start]
2020-02-15T12:06:50.997+0800: 128.429: [CMS-concurrent-reset: 0.000/0.000 secs] [Times: user=0.00 sys=0.00, real=0.00 secs] 
2020-02-15T12:06:51.971+0800: 129.403: Total time for which application threads were stopped: 0.0001982 seconds, Stopping threads took: 0.0000505 seconds
2020-02-15T12:06:52.996+0800: 130.428: [GC (CMS Initial Mark) [1 CMS-initial-mark: 37671K(43712K)] 53251K(63360K), 0.0135710 secs] [Times: user=0.01 sys=0.00, real=0.01 secs] 
2020-02-15T12:06:53.010+0800: 130.442: Total time for which application threads were stopped: 0.0138003 seconds, Stopping threads took: 0.0000466 seconds
2020-02-15T12:06:53.010+0800: 130.442: [CMS-concurrent-mark-start]
2020-02-15T12:06:53.123+0800: 130.555: [CMS-concurrent-mark: 0.113/0.113 secs] [Times: user=0.10 sys=0.00, real=0.12 secs] 
2020-02-15T12:06:53.123+0800: 130.555: [CMS-concurrent-preclean-start]
2020-02-15T12:06:53.126+0800: 130.558: [CMS-concurrent-preclean: 0.002/0.002 secs] [Times: user=0.01 sys=0.00, real=0.00 secs] 
2020-02-15T12:06:53.126+0800: 130.558: [CMS-concurrent-abortable-preclean-start]
2020-02-15T12:06:54.010+0800: 131.442: Total time for which application threads were stopped: 0.0002409 seconds, Stopping threads took: 0.0000506 seconds
2020-02-15T12:06:55.011+0800: 132.443: Total time for which application threads were stopped: 0.0001570 seconds, Stopping threads took: 0.0000444 seconds
2020-02-15T12:06:56.011+0800: 133.444: Total time for which application threads were stopped: 0.0001661 seconds, Stopping threads took: 0.0000567 seconds
2020-02-15T12:06:57.012+0800: 134.444: Total time for which application threads were stopped: 0.0001993 seconds, Stopping threads took: 0.0000516 seconds
2020-02-15T12:06:58.067+0800: 135.499: [GC (Allocation Failure) 2020-02-15T12:06:58.067+0800: 135.499: [ParNew
Desired survivor size 1114112 bytes, new threshold 6 (max 6)
- age   1:      49096 bytes,      49096 total
- age   2:     167784 bytes,     216880 total
: 17979K->339K(19648K), 0.0052177 secs] 55650K->38010K(63360K), 0.0053279 secs] [Times: user=0.00 sys=0.00, real=0.01 secs] 
2020-02-15T12:06:58.072+0800: 135.505: Total time for which application threads were stopped: 0.0055319 seconds, Stopping threads took: 0.0000337 seconds
2020-02-15T12:06:58.086+0800: 135.518: Total time for which application threads were stopped: 0.0001576 seconds, Stopping threads took: 0.0000368 seconds
2020-02-15T12:06:58.086+0800: 135.518: Total time for which application threads were stopped: 0.0000444 seconds, Stopping threads took: 0.0000089 seconds
2020-02-15T12:06:58.086+0800: 135.518: Total time for which application threads were stopped: 0.0000553 seconds, Stopping threads took: 0.0000075 seconds
2020-02-15T12:06:58.086+0800: 135.519: Total time for which application threads were stopped: 0.0000741 seconds, Stopping threads took: 0.0000346 seconds
 CMS: abort preclean due to time 2020-02-15T12:06:58.192+0800: 135.624: [CMS-concurrent-abortable-preclean: 0.157/5.066 secs] [Times: user=0.24 sys=0.00, real=5.07 secs] 
2020-02-15T12:06:58.192+0800: 135.624: [GC (CMS Final Remark) [YG occupancy: 806 K (19648 K)]2020-02-15T12:06:58.192+0800: 135.624: [Rescan (parallel) , 0.0034016 secs]2020-02-15T12:06:58.196+0800: 135.628: [weak refs processing, 0.0002674 secs]2020-02-15T12:06:58.196+0800: 135.628: [class unloading, 0.0119823 secs]2020-02-15T12:06:58.208+0800: 135.640: [scrub symbol table, 0.0104609 secs]2020-02-15T12:06:58.219+0800: 135.651: [scrub string table, 0.0009563 secs][1 CMS-remark: 37671K(43712K)] 38477K(63360K), 0.0274028 secs] [Times: user=0.02 sys=0.00, real=0.02 secs] 
2020-02-15T12:06:58.220+0800: 135.652: Total time for which application threads were stopped: 0.0275928 seconds, Stopping threads took: 0.0000464 seconds
2020-02-15T12:06:58.220+0800: 135.652: [CMS-concurrent-sweep-start]
2020-02-15T12:06:58.239+0800: 135.671: [CMS-concurrent-sweep: 0.019/0.019 secs] [Times: user=0.02 sys=0.00, real=0.02 secs] 
2020-02-15T12:06:58.239+0800: 135.671: [CMS-concurrent-reset-start]
2020-02-15T12:06:58.239+0800: 135.671: [CMS-concurrent-reset: 0.000/0.000 secs] [Times: user=0.00 sys=0.00, real=0.00 secs] 
2020-02-15T12:07:00.220+0800: 137.652: Total time for which application threads were stopped: 0.0001928 seconds, Stopping threads took: 0.0000548 seconds
2020-02-15T12:07:00.238+0800: 137.671: [GC (CMS Initial Mark) [1 CMS-initial-mark: 37671K(43712K)] 38857K(63360K), 0.0044244 secs] [Times: user=0.01 sys=0.00, real=0.01 secs] 
2020-02-15T12:07:00.243+0800: 137.675: Total time for which application threads were stopped: 0.0046240 seconds, Stopping threads took: 0.0000457 seconds
2020-02-15T12:07:00.243+0800: 137.675: [CMS-concurrent-mark-start]
2020-02-15T12:07:00.315+0800: 137.747: [CMS-concurrent-mark: 0.072/0.072 secs] [Times: user=0.07 sys=0.00, real=0.07 secs] 
2020-02-15T12:07:00.315+0800: 137.747: [CMS-concurrent-preclean-start]
2020-02-15T12:07:00.318+0800: 137.750: [CMS-concurrent-preclean: 0.002/0.002 secs] [Times: user=0.00 sys=0.00, real=0.00 secs] 
2020-02-15T12:07:00.318+0800: 137.750: [GC (CMS Final Remark) [YG occupancy: 1186 K (19648 K)]2020-02-15T12:07:00.318+0800: 137.750: [Rescan (parallel) , 0.0047748 secs]2020-02-15T12:07:00.323+0800: 137.755: [weak refs processing, 0.0003354 secs]2020-02-15T12:07:00.323+0800: 137.755: [class unloading, 0.0135488 secs]2020-02-15T12:07:00.337+0800: 137.769: [scrub symbol table, 0.0100141 secs]2020-02-15T12:07:00.347+0800: 137.779: [scrub string table, 0.0013056 secs][1 CMS-remark: 37671K(43712K)] 38857K(63360K), 0.0303414 secs] [Times: user=0.03 sys=0.00, real=0.03 secs] 
2020-02-15T12:07:00.348+0800: 137.780: Total time for which application threads were stopped: 0.0305542 seconds, Stopping threads took: 0.0000491 seconds
2020-02-15T12:07:00.348+0800: 137.780: [CMS-concurrent-sweep-start]
2020-02-15T12:07:00.367+0800: 137.799: [CMS-concurrent-sweep: 0.019/0.019 secs] [Times: user=0.02 sys=0.00, real=0.02 secs] 
2020-02-15T12:07:00.367+0800: 137.799: [CMS-concurrent-reset-start]
2020-02-15T12:07:00.367+0800: 137.799: [CMS-concurrent-reset: 0.000/0.000 secs] [Times: user=0.00 sys=0.00, real=0.00 secs] 
2020-02-15T12:07:01.348+0800: 138.781: Total time for which application threads were stopped: 0.0001986 seconds, Stopping threads took: 0.0000653 seconds
2020-02-15T12:07:02.367+0800: 139.799: [GC (CMS Initial Mark) [1 CMS-initial-mark: 37668K(43712K)] 39378K(63360K), 0.0049744 secs] [Times: user=0.00 sys=0.00, real=0.01 secs] 
2020-02-15T12:07:02.372+0800: 139.804: Total time for which application threads were stopped: 0.0052021 seconds, Stopping threads took: 0.0000489 seconds
2020-02-15T12:07:02.372+0800: 139.804: [CMS-concurrent-mark-start]
2020-02-15T12:07:02.445+0800: 139.877: [CMS-concurrent-mark: 0.073/0.073 secs] [Times: user=0.08 sys=0.00, real=0.07 secs] 
2020-02-15T12:07:02.445+0800: 139.877: [CMS-concurrent-preclean-start]
2020-02-15T12:07:02.447+0800: 139.880: [CMS-concurrent-preclean: 0.002/0.002 secs] [Times: user=0.00 sys=0.00, real=0.00 secs] 
2020-02-15T12:07:02.448+0800: 139.880: [GC (CMS Final Remark) [YG occupancy: 1710 K (19648 K)]2020-02-15T12:07:02.448+0800: 139.880: [Rescan (parallel) , 0.0044576 secs]2020-02-15T12:07:02.452+0800: 139.884: [weak refs processing, 0.0002688 secs]2020-02-15T12:07:02.452+0800: 139.885: [class unloading, 0.0122628 secs]2020-02-15T12:07:02.465+0800: 139.897: [scrub symbol table, 0.0145548 secs]2020-02-15T12:07:02.479+0800: 139.912: [scrub string table, 0.0010122 secs][1 CMS-remark: 37668K(43712K)] 39378K(63360K), 0.0329395 secs] [Times: user=0.03 sys=0.00, real=0.03 secs] 
2020-02-15T12:07:02.481+0800: 139.913: Total time for which application threads were stopped: 0.0331263 seconds, Stopping threads took: 0.0000416 seconds
2020-02-15T12:07:02.481+0800: 139.913: [CMS-concurrent-sweep-start]
2020-02-15T12:07:02.500+0800: 139.932: [CMS-concurrent-sweep: 0.019/0.019 secs] [Times: user=0.02 sys=0.00, real=0.02 secs] 
2020-02-15T12:07:02.500+0800: 139.932: [CMS-concurrent-reset-start]
2020-02-15T12:07:02.500+0800: 139.932: [CMS-concurrent-reset: 0.000/0.000 secs] [Times: user=0.00 sys=0.00, real=0.00 secs] 
2020-02-15T12:07:03.481+0800: 140.913: Total time for which application threads were stopped: 0.0002066 seconds, Stopping threads took: 0.0000583 seconds
2020-02-15T12:07:04.499+0800: 141.931: [GC (CMS Initial Mark) [1 CMS-initial-mark: 37668K(43712K)] 40216K(63360K), 0.0053942 secs] [Times: user=0.00 sys=0.00, real=0.01 secs] 
2020-02-15T12:07:04.505+0800: 141.937: Total time for which application threads were stopped: 0.0056362 seconds, Stopping threads took: 0.0000469 seconds
2020-02-15T12:07:04.505+0800: 141.937: [CMS-concurrent-mark-start]
2020-02-15T12:07:04.578+0800: 142.010: [CMS-concurrent-mark: 0.073/0.073 secs] [Times: user=0.07 sys=0.01, real=0.07 secs] 
2020-02-15T12:07:04.578+0800: 142.010: [CMS-concurrent-preclean-start]
2020-02-15T12:07:04.581+0800: 142.013: [CMS-concurrent-preclean: 0.002/0.002 secs] [Times: user=0.01 sys=0.00, real=0.00 secs] 
2020-02-15T12:07:04.581+0800: 142.013: [CMS-concurrent-abortable-preclean-start]
2020-02-15T12:07:05.505+0800: 142.937: Total time for which application threads were stopped: 0.0002554 seconds, Stopping threads took: 0.0000559 seconds
2020-02-15T12:07:06.506+0800: 143.938: Total time for which application threads were stopped: 0.0001802 seconds, Stopping threads took: 0.0000488 seconds
2020-02-15T12:07:07.506+0800: 144.938: Total time for which application threads were stopped: 0.0001754 seconds, Stopping threads took: 0.0000492 seconds
2020-02-15T12:07:08.506+0800: 145.938: Total time for which application threads were stopped: 0.0001922 seconds, Stopping threads took: 0.0000466 seconds
2020-02-15T12:07:09.506+0800: 146.939: Total time for which application threads were stopped: 0.0002360 seconds, Stopping threads took: 0.0000573 seconds
 CMS: abort preclean due to time 2020-02-15T12:07:09.613+0800: 147.045: [CMS-concurrent-abortable-preclean: 0.159/5.032 secs] [Times: user=0.25 sys=0.00, real=5.04 secs] 
2020-02-15T12:07:09.613+0800: 147.045: [GC (CMS Final Remark) [YG occupancy: 4793 K (19648 K)]2020-02-15T12:07:09.613+0800: 147.045: [Rescan (parallel) , 0.0050068 secs]2020-02-15T12:07:09.618+0800: 147.050: [weak refs processing, 0.0002355 secs]2020-02-15T12:07:09.618+0800: 147.050: [class unloading, 0.0119476 secs]2020-02-15T12:07:09.630+0800: 147.062: [scrub symbol table, 0.0091763 secs]2020-02-15T12:07:09.640+0800: 147.072: [scrub string table, 0.0011352 secs][1 CMS-remark: 37668K(43712K)] 42461K(63360K), 0.0278105 secs] [Times: user=0.03 sys=0.00, real=0.02 secs] 
2020-02-15T12:07:09.641+0800: 147.073: Total time for which application threads were stopped: 0.0279744 seconds, Stopping threads took: 0.0000353 seconds
2020-02-15T12:07:09.641+0800: 147.073: [CMS-concurrent-sweep-start]
2020-02-15T12:07:09.660+0800: 147.092: [CMS-concurrent-sweep: 0.019/0.019 secs] [Times: user=0.02 sys=0.00, real=0.02 secs] 
2020-02-15T12:07:09.660+0800: 147.092: [CMS-concurrent-reset-start]
2020-02-15T12:07:09.660+0800: 147.092: [CMS-concurrent-reset: 0.000/0.000 secs] [Times: user=0.00 sys=0.00, real=0.00 secs] 
2020-02-15T12:07:11.641+0800: 149.073: Total time for which application threads were stopped: 0.0002007 seconds, Stopping threads took: 0.0000720 seconds
2020-02-15T12:07:11.660+0800: 149.092: [GC (CMS Initial Mark) [1 CMS-initial-mark: 37668K(43712K)] 43058K(63360K), 0.0070730 secs] [Times: user=0.01 sys=0.00, real=0.01 secs] 
2020-02-15T12:07:11.667+0800: 149.099: Total time for which application threads were stopped: 0.0072908 seconds, Stopping threads took: 0.0000415 seconds
2020-02-15T12:07:11.667+0800: 149.099: [CMS-concurrent-mark-start]
2020-02-15T12:07:11.735+0800: 149.167: [CMS-concurrent-mark: 0.068/0.069 secs] [Times: user=0.07 sys=0.00, real=0.07 secs] 
2020-02-15T12:07:11.735+0800: 149.167: [CMS-concurrent-preclean-start]
2020-02-15T12:07:11.738+0800: 149.170: [CMS-concurrent-preclean: 0.002/0.002 secs] [Times: user=0.00 sys=0.00, real=0.00 secs] 
2020-02-15T12:07:11.738+0800: 149.170: [CMS-concurrent-abortable-preclean-start]
2020-02-15T12:07:12.667+0800: 150.099: Total time for which application threads were stopped: 0.0001491 seconds, Stopping threads took: 0.0000428 seconds
2020-02-15T12:07:13.667+0800: 151.099: Total time for which application threads were stopped: 0.0001866 seconds, Stopping threads took: 0.0000461 seconds
2020-02-15T12:07:15.668+0800: 153.100: Total time for which application threads were stopped: 0.0001654 seconds, Stopping threads took: 0.0000450 seconds
2020-02-15T12:07:16.668+0800: 154.100: Total time for which application threads were stopped: 0.0001797 seconds, Stopping threads took: 0.0000467 seconds
 CMS: abort preclean due to time 2020-02-15T12:07:16.774+0800: 154.206: [CMS-concurrent-abortable-preclean: 0.155/5.036 secs] [Times: user=0.22 sys=0.00, real=5.04 secs] 
2020-02-15T12:07:16.774+0800: 154.207: [GC (CMS Final Remark) [YG occupancy: 7575 K (19648 K)]2020-02-15T12:07:16.774+0800: 154.207: [Rescan (parallel) , 0.0075481 secs]2020-02-15T12:07:16.782+0800: 154.214: [weak refs processing, 0.0002543 secs]2020-02-15T12:07:16.782+0800: 154.214: [class unloading, 0.0120432 secs]2020-02-15T12:07:16.794+0800: 154.226: [scrub symbol table, 0.0101914 secs]2020-02-15T12:07:16.805+0800: 154.237: [scrub string table, 0.0009732 secs][1 CMS-remark: 37668K(43712K)] 45244K(63360K), 0.0313710 secs] [Times: user=0.03 sys=0.00, real=0.03 secs] 
2020-02-15T12:07:16.806+0800: 154.238: Total time for which application threads were stopped: 0.0315523 seconds, Stopping threads took: 0.0000467 seconds
2020-02-15T12:07:16.806+0800: 154.238: [CMS-concurrent-sweep-start]
2020-02-15T12:07:16.837+0800: 154.269: [CMS-concurrent-sweep: 0.031/0.031 secs] [Times: user=0.02 sys=0.00, real=0.03 secs] 
2020-02-15T12:07:16.837+0800: 154.269: [CMS-concurrent-reset-start]
2020-02-15T12:07:16.837+0800: 154.269: [CMS-concurrent-reset: 0.000/0.000 secs] [Times: user=0.00 sys=0.00, real=0.00 secs] 
2020-02-15T12:07:18.806+0800: 156.238: Total time for which application threads were stopped: 0.0001731 seconds, Stopping threads took: 0.0000429 seconds
2020-02-15T12:07:18.836+0800: 156.269: [GC (CMS Initial Mark) [1 CMS-initial-mark: 37668K(43712K)] 45893K(63360K), 0.0083363 secs] [Times: user=0.01 sys=0.00, real=0.01 secs] 
2020-02-15T12:07:18.845+0800: 156.277: Total time for which application threads were stopped: 0.0085507 seconds, Stopping threads took: 0.0000563 seconds
2020-02-15T12:07:18.845+0800: 156.277: [CMS-concurrent-mark-start]
2020-02-15T12:07:18.914+0800: 156.346: [CMS-concurrent-mark: 0.069/0.069 secs] [Times: user=0.06 sys=0.00, real=0.07 secs] 
2020-02-15T12:07:18.914+0800: 156.346: [CMS-concurrent-preclean-start]
2020-02-15T12:07:18.916+0800: 156.348: [CMS-concurrent-preclean: 0.002/0.002 secs] [Times: user=0.01 sys=0.00, real=0.00 secs] 
2020-02-15T12:07:18.916+0800: 156.348: [CMS-concurrent-abortable-preclean-start]
2020-02-15T12:07:20.846+0800: 158.279: Total time for which application threads were stopped: 0.0001771 seconds, Stopping threads took: 0.0000595 seconds
2020-02-15T12:07:21.847+0800: 159.279: Total time for which application threads were stopped: 0.0001827 seconds, Stopping threads took: 0.0000400 seconds
2020-02-15T12:07:22.847+0800: 160.279: Total time for which application threads were stopped: 0.0001624 seconds, Stopping threads took: 0.0000519 seconds
2020-02-15T12:07:23.847+0800: 161.279: Total time for which application threads were stopped: 0.0001632 seconds, Stopping threads took: 0.0000451 seconds
 CMS: abort preclean due to time 2020-02-15T12:07:23.953+0800: 161.385: [CMS-concurrent-abortable-preclean: 0.153/5.037 secs] [Times: user=0.21 sys=0.01, real=5.04 secs] 
2020-02-15T12:07:23.954+0800: 161.386: [GC (CMS Final Remark) [YG occupancy: 10059 K (19648 K)]2020-02-15T12:07:23.954+0800: 161.386: [Rescan (parallel) , 0.0090519 secs]2020-02-15T12:07:23.963+0800: 161.395: [weak refs processing, 0.0002588 secs]2020-02-15T12:07:23.963+0800: 161.395: [class unloading, 0.0118902 secs]2020-02-15T12:07:23.975+0800: 161.407: [scrub symbol table, 0.0098979 secs]2020-02-15T12:07:23.985+0800: 161.417: [scrub string table, 0.0012644 secs][1 CMS-remark: 37668K(43712K)] 47728K(63360K), 0.0327123 secs] [Times: user=0.03 sys=0.00, real=0.03 secs] 
2020-02-15T12:07:23.986+0800: 161.418: Total time for which application threads were stopped: 0.0329077 seconds, Stopping threads took: 0.0000411 seconds
2020-02-15T12:07:23.986+0800: 161.419: [CMS-concurrent-sweep-start]
2020-02-15T12:07:24.011+0800: 161.443: [CMS-concurrent-sweep: 0.024/0.024 secs] [Times: user=0.02 sys=0.00, real=0.02 secs] 
2020-02-15T12:07:24.011+0800: 161.443: [CMS-concurrent-reset-start]
2020-02-15T12:07:24.011+0800: 161.443: [CMS-concurrent-reset: 0.000/0.000 secs] [Times: user=0.00 sys=0.00, real=0.00 secs] 
2020-02-15T12:07:24.987+0800: 162.419: Total time for which application threads were stopped: 0.0001795 seconds, Stopping threads took: 0.0000477 seconds
2020-02-15T12:07:25.987+0800: 163.419: Total time for which application threads were stopped: 0.0001638 seconds, Stopping threads took: 0.0000455 seconds
2020-02-15T12:07:26.011+0800: 163.443: [GC (CMS Initial Mark) [1 CMS-initial-mark: 37668K(43712K)] 48779K(63360K), 0.0097733 secs] [Times: user=0.01 sys=0.00, real=0.01 secs] 
2020-02-15T12:07:26.021+0800: 163.453: Total time for which application threads were stopped: 0.0099740 seconds, Stopping threads took: 0.0000492 seconds
2020-02-15T12:07:26.021+0800: 163.453: [CMS-concurrent-mark-start]
2020-02-15T12:07:26.088+0800: 163.520: [CMS-concurrent-mark: 0.067/0.067 secs] [Times: user=0.06 sys=0.00, real=0.07 secs] 
2020-02-15T12:07:26.088+0800: 163.520: [CMS-concurrent-preclean-start]
2020-02-15T12:07:26.091+0800: 163.523: [CMS-concurrent-preclean: 0.002/0.002 secs] [Times: user=0.00 sys=0.00, real=0.00 secs] 
2020-02-15T12:07:26.091+0800: 163.523: [CMS-concurrent-abortable-preclean-start]
2020-02-15T12:07:27.021+0800: 164.453: Total time for which application threads were stopped: 0.0001529 seconds, Stopping threads took: 0.0000393 seconds
2020-02-15T12:07:29.022+0800: 166.454: Total time for which application threads were stopped: 0.0001835 seconds, Stopping threads took: 0.0000531 seconds
2020-02-15T12:07:31.022+0800: 168.454: Total time for which application threads were stopped: 0.0001598 seconds, Stopping threads took: 0.0000432 seconds
 CMS: abort preclean due to time 2020-02-15T12:07:31.128+0800: 168.560: [CMS-concurrent-abortable-preclean: 0.152/5.037 secs] [Times: user=0.22 sys=0.01, real=5.04 secs] 
2020-02-15T12:07:31.128+0800: 168.560: [GC (CMS Final Remark) [YG occupancy: 12708 K (19648 K)]2020-02-15T12:07:31.128+0800: 168.560: [Rescan (parallel) , 0.0107928 secs]2020-02-15T12:07:31.139+0800: 168.571: [weak refs processing, 0.0002808 secs]2020-02-15T12:07:31.139+0800: 168.571: [class unloading, 0.0118580 secs]2020-02-15T12:07:31.151+0800: 168.583: [scrub symbol table, 0.0098245 secs]2020-02-15T12:07:31.161+0800: 168.593: [scrub string table, 0.0009598 secs][1 CMS-remark: 37668K(43712K)] 50376K(63360K), 0.0340840 secs] [Times: user=0.03 sys=0.00, real=0.04 secs] 
2020-02-15T12:07:31.162+0800: 168.594: Total time for which application threads were stopped: 0.0342636 seconds, Stopping threads took: 0.0000471 seconds
2020-02-15T12:07:31.162+0800: 168.594: [CMS-concurrent-sweep-start]
2020-02-15T12:07:31.180+0800: 168.613: [CMS-concurrent-sweep: 0.018/0.018 secs] [Times: user=0.02 sys=0.00, real=0.01 secs] 
2020-02-15T12:07:31.181+0800: 168.613: [CMS-concurrent-reset-start]
2020-02-15T12:07:31.181+0800: 168.613: [CMS-concurrent-reset: 0.000/0.000 secs] [Times: user=0.00 sys=0.00, real=0.00 secs] 
2020-02-15T12:07:33.163+0800: 170.595: Total time for which application threads were stopped: 0.0001705 seconds, Stopping threads took: 0.0000438 seconds
2020-02-15T12:07:33.180+0800: 170.612: [GC (CMS Initial Mark) [1 CMS-initial-mark: 37668K(43712K)] 50656K(63360K), 0.0109011 secs] [Times: user=0.01 sys=0.00, real=0.01 secs] 
2020-02-15T12:07:33.191+0800: 170.623: Total time for which application threads were stopped: 0.0111088 seconds, Stopping threads took: 0.0000520 seconds
2020-02-15T12:07:33.191+0800: 170.623: [CMS-concurrent-mark-start]
2020-02-15T12:07:33.268+0800: 170.700: [CMS-concurrent-mark: 0.077/0.077 secs] [Times: user=0.07 sys=0.00, real=0.08 secs] 
2020-02-15T12:07:33.268+0800: 170.700: [CMS-concurrent-preclean-start]
2020-02-15T12:07:33.270+0800: 170.702: [CMS-concurrent-preclean: 0.002/0.002 secs] [Times: user=0.00 sys=0.00, real=0.00 secs] 
2020-02-15T12:07:33.270+0800: 170.702: [CMS-concurrent-abortable-preclean-start]
2020-02-15T12:07:35.191+0800: 172.623: Total time for which application threads were stopped: 0.0001718 seconds, Stopping threads took: 0.0000448 seconds
2020-02-15T12:07:36.192+0800: 173.624: Total time for which application threads were stopped: 0.0001742 seconds, Stopping threads took: 0.0000446 seconds
2020-02-15T12:07:37.192+0800: 174.624: Total time for which application threads were stopped: 0.0001629 seconds, Stopping threads took: 0.0000474 seconds
 CMS: abort preclean due to time 2020-02-15T12:07:38.329+0800: 175.761: [CMS-concurrent-abortable-preclean: 0.151/5.059 secs] [Times: user=0.26 sys=0.01, real=5.06 secs] 
2020-02-15T12:07:38.353+0800: 175.785: [GC (CMS Final Remark) [YG occupancy: 15401 K (19648 K)]2020-02-15T12:07:38.353+0800: 175.785: [Rescan (parallel) , 0.0175645 secs]2020-02-15T12:07:38.370+0800: 175.802: [weak refs processing, 0.0002610 secs]2020-02-15T12:07:38.371+0800: 175.803: [class unloading, 0.0120411 secs]2020-02-15T12:07:38.383+0800: 175.815: [scrub symbol table, 0.0099998 secs]2020-02-15T12:07:38.393+0800: 175.825: [scrub string table, 0.0010566 secs][1 CMS-remark: 37668K(43712K)] 53069K(63360K), 0.0413123 secs] [Times: user=0.04 sys=0.00, real=0.04 secs] 
2020-02-15T12:07:38.394+0800: 175.826: Total time for which application threads were stopped: 0.0415194 seconds, Stopping threads took: 0.0000402 seconds
2020-02-15T12:07:38.396+0800: 175.828: [CMS-concurrent-sweep-start]
2020-02-15T12:07:38.415+0800: 175.847: [CMS-concurrent-sweep: 0.019/0.019 secs] [Times: user=0.01 sys=0.00, real=0.02 secs] 
2020-02-15T12:07:38.415+0800: 175.847: [CMS-concurrent-reset-start]
2020-02-15T12:07:38.415+0800: 175.847: [CMS-concurrent-reset: 0.000/0.000 secs] [Times: user=0.00 sys=0.00, real=0.00 secs] 
2020-02-15T12:07:39.394+0800: 176.826: Total time for which application threads were stopped: 0.0002565 seconds, Stopping threads took: 0.0000693 seconds
2020-02-15T12:07:40.415+0800: 177.847: [GC (CMS Initial Mark) [1 CMS-initial-mark: 37668K(43712K)] 53382K(63360K), 0.0124980 secs] [Times: user=0.02 sys=0.00, real=0.01 secs] 
2020-02-15T12:07:40.427+0800: 177.859: Total time for which application threads were stopped: 0.0127093 seconds, Stopping threads took: 0.0000450 seconds
2020-02-15T12:07:40.427+0800: 177.859: [CMS-concurrent-mark-start]
2020-02-15T12:07:40.510+0800: 177.942: [CMS-concurrent-mark: 0.083/0.083 secs] [Times: user=0.08 sys=0.00, real=0.08 secs] 
2020-02-15T12:07:40.510+0800: 177.942: [CMS-concurrent-preclean-start]
2020-02-15T12:07:40.513+0800: 177.945: [CMS-concurrent-preclean: 0.002/0.002 secs] [Times: user=0.00 sys=0.00, real=0.01 secs] 
2020-02-15T12:07:40.513+0800: 177.945: [CMS-concurrent-abortable-preclean-start]
2020-02-15T12:07:41.428+0800: 178.860: Total time for which application threads were stopped: 0.0002200 seconds, Stopping threads took: 0.0000859 seconds
2020-02-15T12:07:45.428+0800: 182.860: Total time for which application threads were stopped: 0.0001947 seconds, Stopping threads took: 0.0000451 seconds
 CMS: abort preclean due to time 2020-02-15T12:07:45.534+0800: 182.966: [CMS-concurrent-abortable-preclean: 0.150/5.022 secs] [Times: user=0.21 sys=0.00, real=5.02 secs] 
2020-02-15T12:07:45.535+0800: 182.967: [GC (CMS Final Remark) [YG occupancy: 17811 K (19648 K)]2020-02-15T12:07:45.535+0800: 182.967: [Rescan (parallel) , 0.0118528 secs]2020-02-15T12:07:45.546+0800: 182.979: [weak refs processing, 0.0002408 secs]2020-02-15T12:07:45.547+0800: 182.979: [class unloading, 0.0114330 secs]2020-02-15T12:07:45.558+0800: 182.990: [scrub symbol table, 0.0095578 secs]2020-02-15T12:07:45.568+0800: 183.000: [scrub string table, 0.0013824 secs][1 CMS-remark: 37668K(43712K)] 55480K(63360K), 0.0347841 secs] [Times: user=0.03 sys=0.00, real=0.03 secs] 
2020-02-15T12:07:45.569+0800: 183.001: Total time for which application threads were stopped: 0.0349560 seconds, Stopping threads took: 0.0000367 seconds
2020-02-15T12:07:45.570+0800: 183.002: [CMS-concurrent-sweep-start]
2020-02-15T12:07:45.589+0800: 183.021: [CMS-concurrent-sweep: 0.020/0.020 secs] [Times: user=0.02 sys=0.00, real=0.02 secs] 
2020-02-15T12:07:45.589+0800: 183.021: [CMS-concurrent-reset-start]
2020-02-15T12:07:45.589+0800: 183.022: [CMS-concurrent-reset: 0.000/0.000 secs] [Times: user=0.00 sys=0.00, real=0.00 secs] 
2020-02-15T12:07:45.875+0800: 183.307: [GC (Allocation Failure) 2020-02-15T12:07:45.875+0800: 183.307: [ParNew
Desired survivor size 1114112 bytes, new threshold 6 (max 6)
- age   1:      38064 bytes,      38064 total
- age   2:      14952 bytes,      53016 total
- age   3:     167424 bytes,     220440 total
: 17811K->402K(19648K), 0.0049760 secs] 55480K->38070K(63360K), 0.0050579 secs] [Times: user=0.00 sys=0.00, real=0.00 secs] 
2020-02-15T12:07:45.880+0800: 183.312: Total time for which application threads were stopped: 0.0052536 seconds, Stopping threads took: 0.0000390 seconds
2020-02-15T12:07:45.888+0800: 183.321: [GC (CMS Initial Mark) [1 CMS-initial-mark: 37668K(43712K)] 38730K(63360K), 0.0037492 secs] [Times: user=0.00 sys=0.00, real=0.01 secs] 
2020-02-15T12:07:45.892+0800: 183.324: Total time for which application threads were stopped: 0.0038851 seconds, Stopping threads took: 0.0000316 seconds
2020-02-15T12:07:45.892+0800: 183.325: [CMS-concurrent-mark-start]
2020-02-15T12:07:45.901+0800: 183.333: Total time for which application threads were stopped: 0.0000737 seconds, Stopping threads took: 0.0000169 seconds
2020-02-15T12:07:45.959+0800: 183.391: [CMS-concurrent-mark: 0.066/0.066 secs] [Times: user=0.06 sys=0.00, real=0.06 secs] 
2020-02-15T12:07:45.959+0800: 183.391: [CMS-concurrent-preclean-start]
2020-02-15T12:07:45.961+0800: 183.393: [CMS-concurrent-preclean: 0.002/0.002 secs] [Times: user=0.01 sys=0.00, real=0.00 secs] 
2020-02-15T12:07:45.961+0800: 183.393: [GC (CMS Final Remark) [YG occupancy: 1067 K (19648 K)]2020-02-15T12:07:45.961+0800: 183.393: [Rescan (parallel) , 0.0025509 secs]2020-02-15T12:07:45.964+0800: 183.396: [weak refs processing, 0.0002272 secs]2020-02-15T12:07:45.964+0800: 183.396: [class unloading, 0.0123490 secs]2020-02-15T12:07:45.976+0800: 183.409: [scrub symbol table, 0.0092691 secs]2020-02-15T12:07:45.986+0800: 183.418: [scrub string table, 0.0009485 secs][1 CMS-remark: 37668K(43712K)] 38736K(63360K), 0.0256772 secs] [Times: user=0.02 sys=0.00, real=0.03 secs] 
2020-02-15T12:07:45.987+0800: 183.419: Total time for which application threads were stopped: 0.0258352 seconds, Stopping threads took: 0.0000366 seconds
2020-02-15T12:07:45.987+0800: 183.419: [CMS-concurrent-sweep-start]
2020-02-15T12:07:46.007+0800: 183.439: [CMS-concurrent-sweep: 0.020/0.020 secs] [Times: user=0.02 sys=0.00, real=0.02 secs] 
2020-02-15T12:07:46.007+0800: 183.439: [CMS-concurrent-reset-start]
2020-02-15T12:07:46.007+0800: 183.439: [CMS-concurrent-reset: 0.000/0.000 secs] [Times: user=0.00 sys=0.00, real=0.00 secs] 
2020-02-15T12:07:47.987+0800: 185.419: Total time for which application threads were stopped: 0.0001509 seconds, Stopping threads took: 0.0000393 seconds
2020-02-15T12:07:48.007+0800: 185.439: [GC (CMS Initial Mark) [1 CMS-initial-mark: 37668K(43712K)] 39129K(63360K), 0.0042702 secs] [Times: user=0.00 sys=0.00, real=0.00 secs] 
2020-02-15T12:07:48.011+0800: 185.443: Total time for which application threads were stopped: 0.0044257 seconds, Stopping threads took: 0.0000347 seconds
2020-02-15T12:07:48.011+0800: 185.443: [CMS-concurrent-mark-start]
2020-02-15T12:07:48.074+0800: 185.506: [CMS-concurrent-mark: 0.063/0.063 secs] [Times: user=0.07 sys=0.00, real=0.07 secs] 
2020-02-15T12:07:48.074+0800: 185.506: [CMS-concurrent-preclean-start]
2020-02-15T12:07:48.076+0800: 185.508: [CMS-concurrent-preclean: 0.002/0.002 secs] [Times: user=0.00 sys=0.00, real=0.00 secs] 
2020-02-15T12:07:48.076+0800: 185.508: [GC (CMS Final Remark) [YG occupancy: 1460 K (19648 K)]2020-02-15T12:07:48.076+0800: 185.509: [Rescan (parallel) , 0.0025719 secs]2020-02-15T12:07:48.079+0800: 185.511: [weak refs processing, 0.0002111 secs]2020-02-15T12:07:48.079+0800: 185.511: [class unloading, 0.0111797 secs]2020-02-15T12:07:48.090+0800: 185.523: [scrub symbol table, 0.0090399 secs]2020-02-15T12:07:48.099+0800: 185.532: [scrub string table, 0.0009166 secs][1 CMS-remark: 37668K(43712K)] 39129K(63360K), 0.0242196 secs] [Times: user=0.02 sys=0.00, real=0.02 secs] 
2020-02-15T12:07:48.101+0800: 185.533: Total time for which application threads were stopped: 0.0243884 seconds, Stopping threads took: 0.0000388 seconds
2020-02-15T12:07:48.101+0800: 185.533: [CMS-concurrent-sweep-start]
2020-02-15T12:07:48.119+0800: 185.551: [CMS-concurrent-sweep: 0.018/0.018 secs] [Times: user=0.02 sys=0.00, real=0.02 secs] 
2020-02-15T12:07:48.119+0800: 185.551: [CMS-concurrent-reset-start]
2020-02-15T12:07:48.119+0800: 185.551: [CMS-concurrent-reset: 0.000/0.000 secs] [Times: user=0.00 sys=0.00, real=0.00 secs] 
2020-02-15T12:07:49.101+0800: 186.533: Total time for which application threads were stopped: 0.0001938 seconds, Stopping threads took: 0.0000544 seconds
2020-02-15T12:07:50.118+0800: 187.550: [GC (CMS Initial Mark) [1 CMS-initial-mark: 37668K(43712K)] 39642K(63360K), 0.0062753 secs] [Times: user=0.01 sys=0.00, real=0.01 secs] 
2020-02-15T12:07:50.125+0800: 187.557: Total time for which application threads were stopped: 0.0065197 seconds, Stopping threads took: 0.0000526 seconds
2020-02-15T12:07:50.125+0800: 187.557: [CMS-concurrent-mark-start]
2020-02-15T12:07:50.196+0800: 187.628: [CMS-concurrent-mark: 0.071/0.071 secs] [Times: user=0.07 sys=0.00, real=0.07 secs] 
2020-02-15T12:07:50.196+0800: 187.628: [CMS-concurrent-preclean-start]
2020-02-15T12:07:50.199+0800: 187.631: [CMS-concurrent-preclean: 0.003/0.003 secs] [Times: user=0.00 sys=0.00, real=0.00 secs] 
2020-02-15T12:07:50.199+0800: 187.631: [GC (CMS Final Remark) [YG occupancy: 1973 K (19648 K)]2020-02-15T12:07:50.199+0800: 187.631: [Rescan (parallel) , 0.0041039 secs]2020-02-15T12:07:50.203+0800: 187.635: [weak refs processing, 0.0002439 secs]2020-02-15T12:07:50.203+0800: 187.635: [class unloading, 0.0122960 secs]2020-02-15T12:07:50.216+0800: 187.648: [scrub symbol table, 0.0102799 secs]2020-02-15T12:07:50.226+0800: 187.658: [scrub string table, 0.0009716 secs][1 CMS-remark: 37668K(43712K)] 39642K(63360K), 0.0282604 secs] [Times: user=0.03 sys=0.00, real=0.03 secs] 
2020-02-15T12:07:50.227+0800: 187.659: Total time for which application threads were stopped: 0.0284476 seconds, Stopping threads took: 0.0000482 seconds
2020-02-15T12:07:50.227+0800: 187.659: [CMS-concurrent-sweep-start]
2020-02-15T12:07:50.246+0800: 187.678: [CMS-concurrent-sweep: 0.019/0.019 secs] [Times: user=0.01 sys=0.00, real=0.02 secs] 
2020-02-15T12:07:50.246+0800: 187.678: [CMS-concurrent-reset-start]
2020-02-15T12:07:50.246+0800: 187.678: [CMS-concurrent-reset: 0.000/0.000 secs] [Times: user=0.00 sys=0.00, real=0.00 secs] 
2020-02-15T12:07:51.227+0800: 188.660: Total time for which application threads were stopped: 0.0001982 seconds, Stopping threads took: 0.0000664 seconds
2020-02-15T12:07:52.246+0800: 189.678: [GC (CMS Initial Mark) [1 CMS-initial-mark: 37668K(43712K)] 40724K(63360K), 0.0055604 secs] [Times: user=0.01 sys=0.00, real=0.01 secs] 
2020-02-15T12:07:52.251+0800: 189.684: Total time for which application threads were stopped: 0.0057647 seconds, Stopping threads took: 0.0000460 seconds
2020-02-15T12:07:52.251+0800: 189.684: [CMS-concurrent-mark-start]
2020-02-15T12:07:52.318+0800: 189.750: [CMS-concurrent-mark: 0.066/0.066 secs] [Times: user=0.06 sys=0.00, real=0.06 secs] 
2020-02-15T12:07:52.318+0800: 189.750: [CMS-concurrent-preclean-start]
2020-02-15T12:07:52.320+0800: 189.752: [CMS-concurrent-preclean: 0.002/0.002 secs] [Times: user=0.00 sys=0.00, real=0.00 secs] 
2020-02-15T12:07:52.320+0800: 189.752: [CMS-concurrent-abortable-preclean-start]
2020-02-15T12:07:54.252+0800: 191.684: Total time for which application threads were stopped: 0.0001902 seconds, Stopping threads took: 0.0000422 seconds
2020-02-15T12:07:55.252+0800: 192.684: Total time for which application threads were stopped: 0.0001853 seconds, Stopping threads took: 0.0000459 seconds
2020-02-15T12:07:56.252+0800: 193.684: Total time for which application threads were stopped: 0.0001731 seconds, Stopping threads took: 0.0000507 seconds
 CMS: abort preclean due to time 2020-02-15T12:07:57.389+0800: 194.822: [CMS-concurrent-abortable-preclean: 0.150/5.069 secs] [Times: user=0.28 sys=0.00, real=5.07 secs] 
2020-02-15T12:07:57.390+0800: 194.822: [GC (CMS Final Remark) [YG occupancy: 5081 K (19648 K)]2020-02-15T12:07:57.390+0800: 194.822: [Rescan (parallel) , 0.0054248 secs]2020-02-15T12:07:57.395+0800: 194.827: [weak refs processing, 0.0005680 secs]2020-02-15T12:07:57.404+0800: 194.836: [class unloading, 0.0121062 secs]2020-02-15T12:07:57.416+0800: 194.848: [scrub symbol table, 0.0091828 secs]2020-02-15T12:07:57.426+0800: 194.858: [scrub string table, 0.0009464 secs][1 CMS-remark: 37668K(43712K)] 42749K(63360K), 0.0369909 secs] [Times: user=0.03 sys=0.00, real=0.04 secs] 
2020-02-15T12:07:57.427+0800: 194.859: Total time for which application threads were stopped: 0.0371563 seconds, Stopping threads took: 0.0000394 seconds
2020-02-15T12:07:57.427+0800: 194.859: [CMS-concurrent-sweep-start]
2020-02-15T12:07:57.445+0800: 194.877: [CMS-concurrent-sweep: 0.018/0.018 secs] [Times: user=0.02 sys=0.00, real=0.02 secs] 
2020-02-15T12:07:57.445+0800: 194.877: [CMS-concurrent-reset-start]
2020-02-15T12:07:57.445+0800: 194.877: [CMS-concurrent-reset: 0.000/0.000 secs] [Times: user=0.00 sys=0.00, real=0.00 secs] 
2020-02-15T12:07:59.427+0800: 196.859: Total time for which application threads were stopped: 0.0001781 seconds, Stopping threads took: 0.0000412 seconds
2020-02-15T12:07:59.445+0800: 196.877: [GC (CMS Initial Mark) [1 CMS-initial-mark: 37668K(43712K)] 43333K(63360K), 0.0070307 secs] [Times: user=0.01 sys=0.00, real=0.01 secs] 
2020-02-15T12:07:59.452+0800: 196.884: Total time for which application threads were stopped: 0.0071654 seconds, Stopping threads took: 0.0000184 seconds
2020-02-15T12:07:59.452+0800: 196.885: [CMS-concurrent-mark-start]
2020-02-15T12:07:59.520+0800: 196.952: [CMS-concurrent-mark: 0.068/0.068 secs] [Times: user=0.06 sys=0.00, real=0.06 secs] 
2020-02-15T12:07:59.520+0800: 196.952: [CMS-concurrent-preclean-start]
2020-02-15T12:07:59.522+0800: 196.955: [CMS-concurrent-preclean: 0.002/0.002 secs] [Times: user=0.00 sys=0.00, real=0.01 secs] 
2020-02-15T12:07:59.522+0800: 196.955: [CMS-concurrent-abortable-preclean-start]
2020-02-15T12:08:00.453+0800: 197.885: Total time for which application threads were stopped: 0.0001604 seconds, Stopping threads took: 0.0000415 seconds
2020-02-15T12:08:01.453+0800: 198.885: Total time for which application threads were stopped: 0.0001682 seconds, Stopping threads took: 0.0000441 seconds
2020-02-15T12:08:03.453+0800: 200.885: Total time for which application threads were stopped: 0.0001734 seconds, Stopping threads took: 0.0000566 seconds
2020-02-15T12:08:04.454+0800: 201.886: Total time for which application threads were stopped: 0.0001634 seconds, Stopping threads took: 0.0000454 seconds
 CMS: abort preclean due to time 2020-02-15T12:08:04.559+0800: 201.992: [CMS-concurrent-abortable-preclean: 0.152/5.037 secs] [Times: user=0.21 sys=0.01, real=5.03 secs] 
2020-02-15T12:08:04.560+0800: 201.992: [GC (CMS Final Remark) [YG occupancy: 7130 K (19648 K)]2020-02-15T12:08:04.560+0800: 201.992: [Rescan (parallel) , 0.0067422 secs]2020-02-15T12:08:04.567+0800: 201.999: [weak refs processing, 0.0002391 secs]2020-02-15T12:08:04.567+0800: 201.999: [class unloading, 0.0117692 secs]2020-02-15T12:08:04.579+0800: 202.011: [scrub symbol table, 0.0098904 secs]2020-02-15T12:08:04.588+0800: 202.021: [scrub string table, 0.0009557 secs][1 CMS-remark: 37668K(43712K)] 44799K(63360K), 0.0299536 secs] [Times: user=0.03 sys=0.00, real=0.03 secs] 
2020-02-15T12:08:04.590+0800: 202.022: Total time for which application threads were stopped: 0.0301247 seconds, Stopping threads took: 0.0000403 seconds
2020-02-15T12:08:04.590+0800: 202.022: [CMS-concurrent-sweep-start]
2020-02-15T12:08:04.608+0800: 202.040: [CMS-concurrent-sweep: 0.018/0.018 secs] [Times: user=0.01 sys=0.00, real=0.02 secs] 
2020-02-15T12:08:04.608+0800: 202.040: [CMS-concurrent-reset-start]
2020-02-15T12:08:04.608+0800: 202.040: [CMS-concurrent-reset: 0.000/0.000 secs] [Times: user=0.00 sys=0.00, real=0.00 secs] 
2020-02-15T12:08:05.590+0800: 203.022: Total time for which application threads were stopped: 0.0001999 seconds, Stopping threads took: 0.0000452 seconds
2020-02-15T12:08:06.590+0800: 204.022: Total time for which application threads were stopped: 0.0001625 seconds, Stopping threads took: 0.0000457 seconds
2020-02-15T12:08:06.608+0800: 204.040: [GC (CMS Initial Mark) [1 CMS-initial-mark: 37668K(43712K)] 46163K(63360K), 0.0083994 secs] [Times: user=0.00 sys=0.00, real=0.01 secs] 
2020-02-15T12:08:06.616+0800: 204.048: Total time for which application threads were stopped: 0.0085705 seconds, Stopping threads took: 0.0000313 seconds
2020-02-15T12:08:06.616+0800: 204.048: [CMS-concurrent-mark-start]
2020-02-15T12:08:06.683+0800: 204.115: [CMS-concurrent-mark: 0.067/0.067 secs] [Times: user=0.07 sys=0.00, real=0.07 secs] 
2020-02-15T12:08:06.683+0800: 204.115: [CMS-concurrent-preclean-start]
2020-02-15T12:08:06.685+0800: 204.117: [CMS-concurrent-preclean: 0.002/0.002 secs] [Times: user=0.00 sys=0.00, real=0.00 secs] 
2020-02-15T12:08:06.685+0800: 204.117: [CMS-concurrent-abortable-preclean-start]
2020-02-15T12:08:07.616+0800: 205.048: Total time for which application threads were stopped: 0.0001446 seconds, Stopping threads took: 0.0000379 seconds
2020-02-15T12:08:08.616+0800: 206.049: Total time for which application threads were stopped: 0.0001659 seconds, Stopping threads took: 0.0000421 seconds
2020-02-15T12:08:09.617+0800: 207.049: Total time for which application threads were stopped: 0.0001572 seconds, Stopping threads took: 0.0000425 seconds
2020-02-15T12:08:10.617+0800: 208.049: Total time for which application threads were stopped: 0.0001735 seconds, Stopping threads took: 0.0000555 seconds
2020-02-15T12:08:11.617+0800: 209.049: Total time for which application threads were stopped: 0.0001850 seconds, Stopping threads took: 0.0000657 seconds
 CMS: abort preclean due to time 2020-02-15T12:08:11.723+0800: 209.156: [CMS-concurrent-abortable-preclean: 0.155/5.038 secs] [Times: user=0.20 sys=0.00, real=5.04 secs] 
2020-02-15T12:08:11.724+0800: 209.156: [GC (CMS Final Remark) [YG occupancy: 9910 K (19648 K)]2020-02-15T12:08:11.724+0800: 209.156: [Rescan (parallel) , 0.0089042 secs]2020-02-15T12:08:11.733+0800: 209.165: [weak refs processing, 0.0002630 secs]2020-02-15T12:08:11.733+0800: 209.165: [class unloading, 0.0118382 secs]2020-02-15T12:08:11.745+0800: 209.177: [scrub symbol table, 0.0093026 secs]2020-02-15T12:08:11.754+0800: 209.186: [scrub string table, 0.0009295 secs][1 CMS-remark: 37668K(43712K)] 47579K(63360K), 0.0315915 secs] [Times: user=0.03 sys=0.00, real=0.03 secs] 
2020-02-15T12:08:11.755+0800: 209.187: Total time for which application threads were stopped: 0.0317543 seconds, Stopping threads took: 0.0000398 seconds
2020-02-15T12:08:11.755+0800: 209.187: [CMS-concurrent-sweep-start]
2020-02-15T12:08:11.774+0800: 209.206: [CMS-concurrent-sweep: 0.019/0.019 secs] [Times: user=0.02 sys=0.00, real=0.02 secs] 
2020-02-15T12:08:11.774+0800: 209.206: [CMS-concurrent-reset-start]
2020-02-15T12:08:11.774+0800: 209.207: [CMS-concurrent-reset: 0.000/0.000 secs] [Times: user=0.00 sys=0.00, real=0.00 secs] 
2020-02-15T12:08:12.756+0800: 210.188: Total time for which application threads were stopped: 0.0001605 seconds, Stopping threads took: 0.0000453 seconds
2020-02-15T12:08:13.756+0800: 211.188: Total time for which application threads were stopped: 0.0001627 seconds, Stopping threads took: 0.0000439 seconds
2020-02-15T12:08:13.774+0800: 211.206: [GC (CMS Initial Mark) [1 CMS-initial-mark: 37668K(43712K)] 48275K(63360K), 0.0092276 secs] [Times: user=0.01 sys=0.00, real=0.01 secs] 
2020-02-15T12:08:13.783+0800: 211.215: Total time for which application threads were stopped: 0.0093426 seconds, Stopping threads took: 0.0000138 seconds
2020-02-15T12:08:13.783+0800: 211.215: [CMS-concurrent-mark-start]
2020-02-15T12:08:13.847+0800: 211.279: [CMS-concurrent-mark: 0.064/0.064 secs] [Times: user=0.06 sys=0.00, real=0.06 secs] 
2020-02-15T12:08:13.847+0800: 211.279: [CMS-concurrent-preclean-start]
2020-02-15T12:08:13.849+0800: 211.281: [CMS-concurrent-preclean: 0.002/0.002 secs] [Times: user=0.00 sys=0.00, real=0.00 secs] 
2020-02-15T12:08:13.849+0800: 211.281: [CMS-concurrent-abortable-preclean-start]
2020-02-15T12:08:14.783+0800: 212.216: Total time for which application threads were stopped: 0.0001654 seconds, Stopping threads took: 0.0000385 seconds
2020-02-15T12:08:15.784+0800: 213.216: Total time for which application threads were stopped: 0.0001568 seconds, Stopping threads took: 0.0000417 seconds
2020-02-15T12:08:16.784+0800: 214.216: Total time for which application threads were stopped: 0.0001598 seconds, Stopping threads took: 0.0000482 seconds
2020-02-15T12:08:18.789+0800: 216.221: Total time for which application threads were stopped: 0.0001549 seconds, Stopping threads took: 0.0000387 seconds
 CMS: abort preclean due to time 2020-02-15T12:08:18.896+0800: 216.329: [CMS-concurrent-abortable-preclean: 0.151/5.047 secs] [Times: user=0.20 sys=0.00, real=5.05 secs] 
2020-02-15T12:08:18.899+0800: 216.331: [GC (CMS Final Remark) [YG occupancy: 12881 K (19648 K)]2020-02-15T12:08:18.899+0800: 216.331: [Rescan (parallel) , 0.0267881 secs]2020-02-15T12:08:18.926+0800: 216.358: [weak refs processing, 0.0002792 secs]2020-02-15T12:08:18.926+0800: 216.358: [class unloading, 0.0600387 secs]2020-02-15T12:08:18.986+0800: 216.418: [scrub symbol table, 0.0282228 secs]2020-02-15T12:08:19.015+0800: 216.447: [scrub string table, 0.0009984 secs][1 CMS-remark: 37668K(43712K)] 50549K(63360K), 0.1167462 secs] [Times: user=0.04 sys=0.00, real=0.12 secs] 
2020-02-15T12:08:19.016+0800: 216.448: Total time for which application threads were stopped: 0.1169194 seconds, Stopping threads took: 0.0000379 seconds
2020-02-15T12:08:19.016+0800: 216.448: [CMS-concurrent-sweep-start]
2020-02-15T12:08:19.079+0800: 216.511: [CMS-concurrent-sweep: 0.063/0.063 secs] [Times: user=0.01 sys=0.00, real=0.06 secs] 
2020-02-15T12:08:19.079+0800: 216.512: [CMS-concurrent-reset-start]
2020-02-15T12:08:19.080+0800: 216.512: [CMS-concurrent-reset: 0.000/0.000 secs] [Times: user=0.00 sys=0.00, real=0.00 secs] 
2020-02-15T12:08:21.026+0800: 218.458: Total time for which application threads were stopped: 0.0002171 seconds, Stopping threads took: 0.0000520 seconds
2020-02-15T12:08:21.081+0800: 218.513: [GC (CMS Initial Mark) [1 CMS-initial-mark: 37668K(43712K)] 51058K(63360K), 0.0409295 secs] [Times: user=0.01 sys=0.00, real=0.05 secs] 
2020-02-15T12:08:21.122+0800: 218.554: Total time for which application threads were stopped: 0.0411644 seconds, Stopping threads took: 0.0000378 seconds
2020-02-15T12:08:21.123+0800: 218.555: [CMS-concurrent-mark-start]
2020-02-15T12:08:21.476+0800: 218.908: [CMS-concurrent-mark: 0.353/0.353 secs] [Times: user=0.10 sys=0.00, real=0.35 secs] 
2020-02-15T12:08:21.476+0800: 218.908: [CMS-concurrent-preclean-start]
2020-02-15T12:08:21.478+0800: 218.910: [CMS-concurrent-preclean: 0.002/0.002 secs] [Times: user=0.00 sys=0.00, real=0.00 secs] 
2020-02-15T12:08:21.478+0800: 218.910: [CMS-concurrent-abortable-preclean-start]
2020-02-15T12:08:22.130+0800: 219.562: Total time for which application threads were stopped: 0.0001534 seconds, Stopping threads took: 0.0000423 seconds
2020-02-15T12:08:24.133+0800: 221.565: Total time for which application threads were stopped: 0.0001448 seconds, Stopping threads took: 0.0000408 seconds
 CMS: abort preclean due to time 2020-02-15T12:08:26.575+0800: 224.007: [CMS-concurrent-abortable-preclean: 0.143/5.097 secs] [Times: user=0.18 sys=0.01, real=5.10 secs] 
2020-02-15T12:08:26.576+0800: 224.008: [GC (CMS Final Remark) [YG occupancy: 15731 K (19648 K)]2020-02-15T12:08:26.576+0800: 224.008: [Rescan (parallel) , 0.0223255 secs]2020-02-15T12:08:26.598+0800: 224.030: [weak refs processing, 0.0002807 secs]2020-02-15T12:08:26.598+0800: 224.031: [class unloading, 0.0438297 secs]2020-02-15T12:08:26.656+0800: 224.088: [scrub symbol table, 0.0410456 secs]2020-02-15T12:08:26.697+0800: 224.129: [scrub string table, 0.0009966 secs][1 CMS-remark: 37668K(43712K)] 53399K(63360K), 0.1225038 secs] [Times: user=0.04 sys=0.00, real=0.12 secs] 
2020-02-15T12:08:26.698+0800: 224.130: Total time for which application threads were stopped: 0.1226956 seconds, Stopping threads took: 0.0000339 seconds
2020-02-15T12:08:26.699+0800: 224.131: [CMS-concurrent-sweep-start]
2020-02-15T12:08:26.761+0800: 224.193: [CMS-concurrent-sweep: 0.063/0.063 secs] [Times: user=0.02 sys=0.00, real=0.06 secs] 
2020-02-15T12:08:26.761+0800: 224.193: [CMS-concurrent-reset-start]
2020-02-15T12:08:26.761+0800: 224.194: [CMS-concurrent-reset: 0.000/0.000 secs] [Times: user=0.00 sys=0.00, real=0.01 secs] 
2020-02-15T12:08:28.777+0800: 226.209: [GC (CMS Initial Mark) [1 CMS-initial-mark: 37668K(43712K)] 54203K(63360K), 0.0259750 secs] [Times: user=0.01 sys=0.00, real=0.03 secs] 
2020-02-15T12:08:28.803+0800: 226.235: Total time for which application threads were stopped: 0.0262230 seconds, Stopping threads took: 0.0000445 seconds
2020-02-15T12:08:28.803+0800: 226.235: [CMS-concurrent-mark-start]
2020-02-15T12:08:29.048+0800: 226.481: [CMS-concurrent-mark: 0.246/0.246 secs] [Times: user=0.08 sys=0.00, real=0.24 secs] 
2020-02-15T12:08:29.049+0800: 226.481: [CMS-concurrent-preclean-start]
2020-02-15T12:08:29.051+0800: 226.483: [CMS-concurrent-preclean: 0.002/0.002 secs] [Times: user=0.00 sys=0.00, real=0.00 secs] 
2020-02-15T12:08:29.051+0800: 226.483: [CMS-concurrent-abortable-preclean-start]
2020-02-15T12:08:30.807+0800: 228.239: Total time for which application threads were stopped: 0.0001468 seconds, Stopping threads took: 0.0000414 seconds
2020-02-15T12:08:31.807+0800: 229.239: Total time for which application threads were stopped: 0.0001852 seconds, Stopping threads took: 0.0000544 seconds
2020-02-15T12:08:33.742+0800: 231.174: [GC (Allocation Failure) 2020-02-15T12:08:33.742+0800: 231.174: [ParNew
Desired survivor size 1114112 bytes, new threshold 6 (max 6)
- age   1:      46440 bytes,      46440 total
- age   2:       7064 bytes,      53504 total
- age   3:      14832 bytes,      68336 total
- age   4:     167424 bytes,     235760 total
: 17874K->266K(19648K), 0.0053630 secs] 55542K->37934K(63360K), 0.0054689 secs] [Times: user=0.01 sys=0.00, real=0.00 secs] 
2020-02-15T12:08:33.747+0800: 231.180: Total time for which application threads were stopped: 0.0056636 seconds, Stopping threads took: 0.0000429 seconds
2020-02-15T12:08:33.766+0800: 231.198: Total time for which application threads were stopped: 0.0001596 seconds, Stopping threads took: 0.0000409 seconds
2020-02-15T12:08:33.766+0800: 231.198: Total time for which application threads were stopped: 0.0000433 seconds, Stopping threads took: 0.0000086 seconds
2020-02-15T12:08:33.766+0800: 231.198: Total time for which application threads were stopped: 0.0000398 seconds, Stopping threads took: 0.0000074 seconds
2020-02-15T12:08:33.766+0800: 231.198: Total time for which application threads were stopped: 0.0000724 seconds, Stopping threads took: 0.0000128 seconds
 CMS: abort preclean due to time 2020-02-15T12:08:34.082+0800: 231.514: [CMS-concurrent-abortable-preclean: 0.163/5.031 secs] [Times: user=0.20 sys=0.00, real=5.04 secs] 
2020-02-15T12:08:34.082+0800: 231.514: [GC (CMS Final Remark) [YG occupancy: 554 K (19648 K)]2020-02-15T12:08:34.082+0800: 231.514: [Rescan (parallel) , 0.0024221 secs]2020-02-15T12:08:34.085+0800: 231.517: [weak refs processing, 0.0002691 secs]2020-02-15T12:08:34.085+0800: 231.517: [class unloading, 0.0140259 secs]2020-02-15T12:08:34.099+0800: 231.531: [scrub symbol table, 0.0434406 secs]2020-02-15T12:08:34.143+0800: 231.575: [scrub string table, 0.0009729 secs][1 CMS-remark: 37668K(43712K)] 38222K(63360K), 0.0615570 secs] [Times: user=0.02 sys=0.00, real=0.06 secs] 
2020-02-15T12:08:34.144+0800: 231.576: Total time for which application threads were stopped: 0.0617436 seconds, Stopping threads took: 0.0000382 seconds
2020-02-15T12:08:34.144+0800: 231.576: [CMS-concurrent-sweep-start]
2020-02-15T12:08:34.204+0800: 231.636: [CMS-concurrent-sweep: 0.060/0.060 secs] [Times: user=0.02 sys=0.00, real=0.06 secs] 
2020-02-15T12:08:34.204+0800: 231.636: [CMS-concurrent-reset-start]
2020-02-15T12:08:34.204+0800: 231.636: [CMS-concurrent-reset: 0.000/0.000 secs] [Times: user=0.00 sys=0.00, real=0.00 secs] 
2020-02-15T12:08:35.150+0800: 232.582: Total time for which application threads were stopped: 0.0001695 seconds, Stopping threads took: 0.0000453 seconds
2020-02-15T12:08:36.204+0800: 233.636: [GC (CMS Initial Mark) [1 CMS-initial-mark: 37668K(43712K)] 39106K(63360K), 0.0045437 secs] [Times: user=0.01 sys=0.00, real=0.00 secs] 
2020-02-15T12:08:36.208+0800: 233.641: Total time for which application threads were stopped: 0.0047337 seconds, Stopping threads took: 0.0000459 seconds
2020-02-15T12:08:36.209+0800: 233.641: [CMS-concurrent-mark-start]
2020-02-15T12:08:36.323+0800: 233.755: [CMS-concurrent-mark: 0.114/0.114 secs] [Times: user=0.10 sys=0.00, real=0.12 secs] 
2020-02-15T12:08:36.323+0800: 233.755: [CMS-concurrent-preclean-start]
2020-02-15T12:08:36.325+0800: 233.757: [CMS-concurrent-preclean: 0.002/0.002 secs] [Times: user=0.00 sys=0.00, real=0.00 secs] 
2020-02-15T12:08:36.328+0800: 233.760: [GC (CMS Final Remark) [YG occupancy: 2000 K (19648 K)]2020-02-15T12:08:36.328+0800: 233.760: [Rescan (parallel) , 0.0034209 secs]2020-02-15T12:08:36.331+0800: 233.763: [weak refs processing, 0.0002311 secs]2020-02-15T12:08:36.331+0800: 233.763: [class unloading, 0.0119388 secs]2020-02-15T12:08:36.343+0800: 233.775: [scrub symbol table, 0.0096711 secs]2020-02-15T12:08:36.353+0800: 233.785: [scrub string table, 0.0009608 secs][1 CMS-remark: 37668K(43712K)] 39668K(63360K), 0.0266108 secs] [Times: user=0.02 sys=0.00, real=0.03 secs] 
2020-02-15T12:08:36.354+0800: 233.786: Total time for which application threads were stopped: 0.0267617 seconds, Stopping threads took: 0.0000309 seconds
2020-02-15T12:08:36.354+0800: 233.786: [CMS-concurrent-sweep-start]
2020-02-15T12:08:36.373+0800: 233.805: [CMS-concurrent-sweep: 0.018/0.018 secs] [Times: user=0.02 sys=0.00, real=0.02 secs] 
2020-02-15T12:08:36.373+0800: 233.805: [CMS-concurrent-reset-start]
2020-02-15T12:08:36.373+0800: 233.805: [CMS-concurrent-reset: 0.000/0.000 secs] [Times: user=0.00 sys=0.00, real=0.00 secs] 
2020-02-15T12:08:38.372+0800: 235.804: [GC (CMS Initial Mark) [1 CMS-initial-mark: 37668K(43712K)] 39698K(63360K), 0.0050542 secs] [Times: user=0.01 sys=0.00, real=0.00 secs] 
2020-02-15T12:08:38.377+0800: 235.810: Total time for which application threads were stopped: 0.0052788 seconds, Stopping threads took: 0.0000491 seconds
2020-02-15T12:08:38.377+0800: 235.810: [CMS-concurrent-mark-start]
2020-02-15T12:08:38.450+0800: 235.882: [CMS-concurrent-mark: 0.072/0.072 secs] [Times: user=0.07 sys=0.00, real=0.07 secs] 
2020-02-15T12:08:38.450+0800: 235.882: [CMS-concurrent-preclean-start]
2020-02-15T12:08:38.452+0800: 235.884: [CMS-concurrent-preclean: 0.002/0.002 secs] [Times: user=0.00 sys=0.00, real=0.01 secs] 
2020-02-15T12:08:38.452+0800: 235.884: [GC (CMS Final Remark) [YG occupancy: 2030 K (19648 K)]2020-02-15T12:08:38.452+0800: 235.884: [Rescan (parallel) , 0.0048196 secs]2020-02-15T12:08:38.457+0800: 235.889: [weak refs processing, 0.0002913 secs]2020-02-15T12:08:38.458+0800: 235.890: [class unloading, 0.0129221 secs]2020-02-15T12:08:38.471+0800: 235.903: [scrub symbol table, 0.0115313 secs]2020-02-15T12:08:38.482+0800: 235.914: [scrub string table, 0.0010107 secs][1 CMS-remark: 37668K(43712K)] 39698K(63360K), 0.0312040 secs] [Times: user=0.03 sys=0.00, real=0.03 secs] 
2020-02-15T12:08:38.484+0800: 235.916: Total time for which application threads were stopped: 0.0314098 seconds, Stopping threads took: 0.0000432 seconds
2020-02-15T12:08:38.484+0800: 235.916: [CMS-concurrent-sweep-start]
2020-02-15T12:08:38.502+0800: 235.935: [CMS-concurrent-sweep: 0.019/0.019 secs] [Times: user=0.02 sys=0.00, real=0.02 secs] 
2020-02-15T12:08:38.503+0800: 235.935: [CMS-concurrent-reset-start]
2020-02-15T12:08:38.503+0800: 235.935: [CMS-concurrent-reset: 0.000/0.000 secs] [Times: user=0.00 sys=0.00, real=0.00 secs] 
2020-02-15T12:08:40.505+0800: 237.937: [GC (CMS Initial Mark) [1 CMS-initial-mark: 37668K(43712K)] 40488K(63360K), 0.0055341 secs] [Times: user=0.00 sys=0.00, real=0.00 secs] 
2020-02-15T12:08:40.510+0800: 237.942: Total time for which application threads were stopped: 0.0057492 seconds, Stopping threads took: 0.0000453 seconds
2020-02-15T12:08:40.510+0800: 237.942: [CMS-concurrent-mark-start]
2020-02-15T12:08:40.605+0800: 238.037: [CMS-concurrent-mark: 0.095/0.095 secs] [Times: user=0.07 sys=0.00, real=0.10 secs] 
2020-02-15T12:08:40.605+0800: 238.037: [CMS-concurrent-preclean-start]
2020-02-15T12:08:40.607+0800: 238.040: [CMS-concurrent-preclean: 0.002/0.002 secs] [Times: user=0.01 sys=0.00, real=0.00 secs] 
2020-02-15T12:08:40.607+0800: 238.040: [CMS-concurrent-abortable-preclean-start]
2020-02-15T12:08:41.510+0800: 238.943: Total time for which application threads were stopped: 0.0002356 seconds, Stopping threads took: 0.0000738 seconds
2020-02-15T12:08:42.511+0800: 239.943: Total time for which application threads were stopped: 0.0001910 seconds, Stopping threads took: 0.0000461 seconds
2020-02-15T12:08:43.511+0800: 240.943: Total time for which application threads were stopped: 0.0001668 seconds, Stopping threads took: 0.0000513 seconds
2020-02-15T12:08:44.511+0800: 241.943: Total time for which application threads were stopped: 0.0001873 seconds, Stopping threads took: 0.0000492 seconds
2020-02-15T12:08:45.512+0800: 242.944: Total time for which application threads were stopped: 0.0001749 seconds, Stopping threads took: 0.0000480 seconds
 CMS: abort preclean due to time 2020-02-15T12:08:45.618+0800: 243.050: [CMS-concurrent-abortable-preclean: 0.157/5.010 secs] [Times: user=0.21 sys=0.00, real=5.01 secs] 
2020-02-15T12:08:45.618+0800: 243.050: [GC (CMS Final Remark) [YG occupancy: 4926 K (19648 K)]2020-02-15T12:08:45.618+0800: 243.050: [Rescan (parallel) , 0.0059664 secs]2020-02-15T12:08:45.624+0800: 243.056: [weak refs processing, 0.0002566 secs]2020-02-15T12:08:45.625+0800: 243.057: [class unloading, 0.0135041 secs]2020-02-15T12:08:45.638+0800: 243.070: [scrub symbol table, 0.0105993 secs]2020-02-15T12:08:45.649+0800: 243.081: [scrub string table, 0.0010407 secs][1 CMS-remark: 37668K(43712K)] 42594K(63360K), 0.0317986 secs] [Times: user=0.03 sys=0.00, real=0.03 secs] 
2020-02-15T12:08:45.650+0800: 243.082: Total time for which application threads were stopped: 0.0319666 seconds, Stopping threads took: 0.0000398 seconds
2020-02-15T12:08:45.650+0800: 243.082: [CMS-concurrent-sweep-start]
2020-02-15T12:08:45.671+0800: 243.103: [CMS-concurrent-sweep: 0.020/0.020 secs] [Times: user=0.02 sys=0.00, real=0.02 secs] 
2020-02-15T12:08:45.671+0800: 243.103: [CMS-concurrent-reset-start]
2020-02-15T12:08:45.671+0800: 243.103: [CMS-concurrent-reset: 0.000/0.000 secs] [Times: user=0.00 sys=0.00, real=0.00 secs] 
2020-02-15T12:08:47.670+0800: 245.102: [GC (CMS Initial Mark) [1 CMS-initial-mark: 37668K(43712K)] 43211K(63360K), 0.0076081 secs] [Times: user=0.01 sys=0.00, real=0.01 secs] 
2020-02-15T12:08:47.678+0800: 245.110: Total time for which application threads were stopped: 0.0078512 seconds, Stopping threads took: 0.0000485 seconds
2020-02-15T12:08:47.678+0800: 245.110: [CMS-concurrent-mark-start]
2020-02-15T12:08:47.747+0800: 245.179: [CMS-concurrent-mark: 0.069/0.069 secs] [Times: user=0.07 sys=0.00, real=0.07 secs] 
2020-02-15T12:08:47.747+0800: 245.179: [CMS-concurrent-preclean-start]
2020-02-15T12:08:47.750+0800: 245.182: [CMS-concurrent-preclean: 0.002/0.002 secs] [Times: user=0.00 sys=0.00, real=0.00 secs] 
2020-02-15T12:08:47.750+0800: 245.182: [CMS-concurrent-abortable-preclean-start]
 CMS: abort preclean due to time 2020-02-15T12:08:52.819+0800: 250.251: [CMS-concurrent-abortable-preclean: 0.164/5.069 secs] [Times: user=0.23 sys=0.00, real=5.07 secs] 
2020-02-15T12:08:52.819+0800: 250.251: [GC (CMS Final Remark) [YG occupancy: 7317 K (19648 K)]2020-02-15T12:08:52.819+0800: 250.251: [Rescan (parallel) , 0.0077691 secs]2020-02-15T12:08:52.827+0800: 250.259: [weak refs processing, 0.0002606 secs]2020-02-15T12:08:52.827+0800: 250.259: [class unloading, 0.0118917 secs]2020-02-15T12:08:52.839+0800: 250.271: [scrub symbol table, 0.0095247 secs]2020-02-15T12:08:52.849+0800: 250.281: [scrub string table, 0.0009320 secs][1 CMS-remark: 37668K(43712K)] 44985K(63360K), 0.0307880 secs] [Times: user=0.03 sys=0.00, real=0.03 secs] 
2020-02-15T12:08:52.850+0800: 250.282: Total time for which application threads were stopped: 0.0309628 seconds, Stopping threads took: 0.0000474 seconds
2020-02-15T12:08:52.850+0800: 250.282: [CMS-concurrent-sweep-start]
2020-02-15T12:08:52.868+0800: 250.300: [CMS-concurrent-sweep: 0.018/0.018 secs] [Times: user=0.01 sys=0.00, real=0.02 secs] 
2020-02-15T12:08:52.868+0800: 250.300: [CMS-concurrent-reset-start]
2020-02-15T12:08:52.868+0800: 250.300: [CMS-concurrent-reset: 0.000/0.000 secs] [Times: user=0.00 sys=0.00, real=0.00 secs] 
2020-02-15T12:08:54.850+0800: 252.282: Total time for which application threads were stopped: 0.0001762 seconds, Stopping threads took: 0.0000442 seconds
2020-02-15T12:08:54.868+0800: 252.301: [GC (CMS Initial Mark) [1 CMS-initial-mark: 37668K(43712K)] 46289K(63360K), 0.0091373 secs] [Times: user=0.01 sys=0.00, real=0.01 secs] 
2020-02-15T12:08:54.878+0800: 252.310: Total time for which application threads were stopped: 0.0093529 seconds, Stopping threads took: 0.0000516 seconds
2020-02-15T12:08:54.878+0800: 252.310: [CMS-concurrent-mark-start]
2020-02-15T12:08:54.948+0800: 252.380: [CMS-concurrent-mark: 0.070/0.070 secs] [Times: user=0.07 sys=0.00, real=0.07 secs] 
2020-02-15T12:08:54.948+0800: 252.380: [CMS-concurrent-preclean-start]
2020-02-15T12:08:54.950+0800: 252.382: [CMS-concurrent-preclean: 0.002/0.002 secs] [Times: user=0.00 sys=0.00, real=0.00 secs] 
2020-02-15T12:08:54.950+0800: 252.382: [CMS-concurrent-abortable-preclean-start]
2020-02-15T12:08:56.878+0800: 254.310: Total time for which application threads were stopped: 0.0001623 seconds, Stopping threads took: 0.0000510 seconds
2020-02-15T12:08:59.878+0800: 257.311: Total time for which application threads were stopped: 0.0001650 seconds, Stopping threads took: 0.0000388 seconds
 CMS: abort preclean due to time 2020-02-15T12:08:59.984+0800: 257.416: [CMS-concurrent-abortable-preclean: 0.158/5.034 secs] [Times: user=0.20 sys=0.00, real=5.04 secs] 
2020-02-15T12:08:59.984+0800: 257.417: [GC (CMS Final Remark) [YG occupancy: 9995 K (19648 K)]2020-02-15T12:08:59.984+0800: 257.417: [Rescan (parallel) , 0.0089573 secs]2020-02-15T12:08:59.993+0800: 257.426: [weak refs processing, 0.0003342 secs]2020-02-15T12:08:59.994+0800: 257.426: [class unloading, 0.0146974 secs]2020-02-15T12:09:00.009+0800: 257.441: [scrub symbol table, 0.0122401 secs]2020-02-15T12:09:00.021+0800: 257.453: [scrub string table, 0.0014025 secs][1 CMS-remark: 37668K(43712K)] 47663K(63360K), 0.0384615 secs] [Times: user=0.04 sys=0.00, real=0.04 secs] 
2020-02-15T12:09:00.023+0800: 257.455: Total time for which application threads were stopped: 0.0386529 seconds, Stopping threads took: 0.0000466 seconds
2020-02-15T12:09:00.023+0800: 257.455: [CMS-concurrent-sweep-start]
2020-02-15T12:09:00.049+0800: 257.481: [CMS-concurrent-sweep: 0.026/0.026 secs] [Times: user=0.03 sys=0.00, real=0.02 secs] 
2020-02-15T12:09:00.049+0800: 257.481: [CMS-concurrent-reset-start]
2020-02-15T12:09:00.049+0800: 257.481: [CMS-concurrent-reset: 0.000/0.000 secs] [Times: user=0.00 sys=0.00, real=0.00 secs] 
2020-02-15T12:09:01.023+0800: 258.455: Total time for which application threads were stopped: 0.0001802 seconds, Stopping threads took: 0.0000453 seconds
2020-02-15T12:09:02.024+0800: 259.456: Total time for which application threads were stopped: 0.0002202 seconds, Stopping threads took: 0.0000545 seconds
2020-02-15T12:09:02.050+0800: 259.482: [GC (CMS Initial Mark) [1 CMS-initial-mark: 37668K(43712K)] 48524K(63360K), 0.0101193 secs] [Times: user=0.01 sys=0.00, real=0.01 secs] 
2020-02-15T12:09:02.060+0800: 259.492: Total time for which application threads were stopped: 0.0103404 seconds, Stopping threads took: 0.0000415 seconds
2020-02-15T12:09:02.060+0800: 259.492: [CMS-concurrent-mark-start]
2020-02-15T12:09:02.135+0800: 259.567: [CMS-concurrent-mark: 0.075/0.075 secs] [Times: user=0.07 sys=0.00, real=0.08 secs] 
2020-02-15T12:09:02.135+0800: 259.567: [CMS-concurrent-preclean-start]
2020-02-15T12:09:02.138+0800: 259.570: [CMS-concurrent-preclean: 0.003/0.003 secs] [Times: user=0.00 sys=0.00, real=0.00 secs] 
2020-02-15T12:09:02.138+0800: 259.570: [CMS-concurrent-abortable-preclean-start]
2020-02-15T12:09:04.060+0800: 261.492: Total time for which application threads were stopped: 0.0002319 seconds, Stopping threads took: 0.0000522 seconds
2020-02-15T12:09:05.061+0800: 262.493: Total time for which application threads were stopped: 0.0001942 seconds, Stopping threads took: 0.0000497 seconds
2020-02-15T12:09:07.061+0800: 264.493: Total time for which application threads were stopped: 0.0001821 seconds, Stopping threads took: 0.0000500 seconds
 CMS: abort preclean due to time 2020-02-15T12:09:07.168+0800: 264.600: [CMS-concurrent-abortable-preclean: 0.168/5.030 secs] [Times: user=0.25 sys=0.01, real=5.03 secs] 
2020-02-15T12:09:07.168+0800: 264.600: [GC (CMS Final Remark) [YG occupancy: 12923 K (19648 K)]2020-02-15T12:09:07.168+0800: 264.600: [Rescan (parallel) , 0.0108121 secs]2020-02-15T12:09:07.179+0800: 264.611: [weak refs processing, 0.0002596 secs]2020-02-15T12:09:07.179+0800: 264.611: [class unloading, 0.0127622 secs]2020-02-15T12:09:07.192+0800: 264.624: [scrub symbol table, 0.0105322 secs]2020-02-15T12:09:07.202+0800: 264.635: [scrub string table, 0.0009947 secs][1 CMS-remark: 37668K(43712K)] 50592K(63360K), 0.0358094 secs] [Times: user=0.03 sys=0.00, real=0.04 secs] 
2020-02-15T12:09:07.204+0800: 264.636: Total time for which application threads were stopped: 0.0359958 seconds, Stopping threads took: 0.0000490 seconds
2020-02-15T12:09:07.204+0800: 264.636: [CMS-concurrent-sweep-start]
2020-02-15T12:09:07.223+0800: 264.655: [CMS-concurrent-sweep: 0.019/0.019 secs] [Times: user=0.02 sys=0.00, real=0.02 secs] 
2020-02-15T12:09:07.223+0800: 264.655: [CMS-concurrent-reset-start]
2020-02-15T12:09:07.223+0800: 264.655: [CMS-concurrent-reset: 0.000/0.000 secs] [Times: user=0.00 sys=0.00, real=0.00 secs] 
2020-02-15T12:09:09.204+0800: 266.636: Total time for which application threads were stopped: 0.0001820 seconds, Stopping threads took: 0.0000450 seconds
2020-02-15T12:09:09.222+0800: 266.655: [GC (CMS Initial Mark) [1 CMS-initial-mark: 37668K(43712K)] 51448K(63360K), 0.0135543 secs] [Times: user=0.01 sys=0.00, real=0.01 secs] 
2020-02-15T12:09:09.236+0800: 266.668: Total time for which application threads were stopped: 0.0137810 seconds, Stopping threads took: 0.0000603 seconds
2020-02-15T12:09:09.236+0800: 266.668: [CMS-concurrent-mark-start]
2020-02-15T12:09:09.309+0800: 266.741: [CMS-concurrent-mark: 0.073/0.073 secs] [Times: user=0.07 sys=0.00, real=0.07 secs] 
2020-02-15T12:09:09.309+0800: 266.742: [CMS-concurrent-preclean-start]
2020-02-15T12:09:09.312+0800: 266.744: [CMS-concurrent-preclean: 0.002/0.002 secs] [Times: user=0.01 sys=0.00, real=0.01 secs] 
2020-02-15T12:09:09.312+0800: 266.744: [CMS-concurrent-abortable-preclean-start]
2020-02-15T12:09:12.236+0800: 269.669: Total time for which application threads were stopped: 0.0001878 seconds, Stopping threads took: 0.0000775 seconds
2020-02-15T12:09:14.237+0800: 271.669: Total time for which application threads were stopped: 0.0001647 seconds, Stopping threads took: 0.0000445 seconds
 CMS: abort preclean due to time 2020-02-15T12:09:14.343+0800: 271.775: [CMS-concurrent-abortable-preclean: 0.159/5.031 secs] [Times: user=0.30 sys=0.00, real=5.03 secs] 
2020-02-15T12:09:14.343+0800: 271.775: [GC (CMS Final Remark) [YG occupancy: 15063 K (19648 K)]2020-02-15T12:09:14.343+0800: 271.776: [Rescan (parallel) , 0.0121110 secs]2020-02-15T12:09:14.356+0800: 271.788: [weak refs processing, 0.0002453 secs]2020-02-15T12:09:14.356+0800: 271.788: [class unloading, 0.0130631 secs]2020-02-15T12:09:14.369+0800: 271.801: [scrub symbol table, 0.0106261 secs]2020-02-15T12:09:14.380+0800: 271.812: [scrub string table, 0.0009776 secs][1 CMS-remark: 37668K(43712K)] 52731K(63360K), 0.0374975 secs] [Times: user=0.03 sys=0.00, real=0.03 secs] 
2020-02-15T12:09:14.381+0800: 271.813: Total time for which application threads were stopped: 0.0376867 seconds, Stopping threads took: 0.0000397 seconds
2020-02-15T12:09:14.381+0800: 271.813: [CMS-concurrent-sweep-start]
2020-02-15T12:09:14.400+0800: 271.832: [CMS-concurrent-sweep: 0.019/0.019 secs] [Times: user=0.01 sys=0.00, real=0.02 secs] 
2020-02-15T12:09:14.400+0800: 271.832: [CMS-concurrent-reset-start]
2020-02-15T12:09:14.400+0800: 271.832: [CMS-concurrent-reset: 0.000/0.000 secs] [Times: user=0.00 sys=0.00, real=0.00 secs] 
2020-02-15T12:09:15.381+0800: 272.813: Total time for which application threads were stopped: 0.0001748 seconds, Stopping threads took: 0.0000464 seconds
2020-02-15T12:09:16.400+0800: 273.832: [GC (CMS Initial Mark) [1 CMS-initial-mark: 37668K(43712K)] 53573K(63360K), 0.0126248 secs] [Times: user=0.01 sys=0.00, real=0.02 secs] 
2020-02-15T12:09:16.412+0800: 273.844: Total time for which application threads were stopped: 0.0128315 seconds, Stopping threads took: 0.0000455 seconds
2020-02-15T12:09:16.412+0800: 273.844: [CMS-concurrent-mark-start]
2020-02-15T12:09:16.487+0800: 273.919: [CMS-concurrent-mark: 0.075/0.075 secs] [Times: user=0.08 sys=0.00, real=0.07 secs] 
2020-02-15T12:09:16.487+0800: 273.919: [CMS-concurrent-preclean-start]
2020-02-15T12:09:16.489+0800: 273.921: [CMS-concurrent-preclean: 0.002/0.002 secs] [Times: user=0.00 sys=0.00, real=0.00 secs] 
2020-02-15T12:09:16.489+0800: 273.921: [CMS-concurrent-abortable-preclean-start]
2020-02-15T12:09:17.413+0800: 274.845: Total time for which application threads were stopped: 0.0001969 seconds, Stopping threads took: 0.0000513 seconds
2020-02-15T12:09:21.413+0800: 278.845: Total time for which application threads were stopped: 0.0001997 seconds, Stopping threads took: 0.0000762 seconds
 CMS: abort preclean due to time 2020-02-15T12:09:21.519+0800: 278.951: [CMS-concurrent-abortable-preclean: 0.157/5.030 secs] [Times: user=0.20 sys=0.00, real=5.03 secs] 
2020-02-15T12:09:21.520+0800: 278.952: [GC (CMS Final Remark) [YG occupancy: 17630 K (19648 K)]2020-02-15T12:09:21.520+0800: 278.952: [Rescan (parallel) , 0.0134994 secs]2020-02-15T12:09:21.533+0800: 278.965: [weak refs processing, 0.0002735 secs]2020-02-15T12:09:21.533+0800: 278.965: [class unloading, 0.0127753 secs]2020-02-15T12:09:21.546+0800: 278.978: [scrub symbol table, 0.0114841 secs]2020-02-15T12:09:21.558+0800: 278.990: [scrub string table, 0.0011684 secs][1 CMS-remark: 37668K(43712K)] 55298K(63360K), 0.0396834 secs] [Times: user=0.04 sys=0.00, real=0.04 secs] 
2020-02-15T12:09:21.559+0800: 278.991: Total time for which application threads were stopped: 0.0398556 seconds, Stopping threads took: 0.0000364 seconds
2020-02-15T12:09:21.563+0800: 278.995: [CMS-concurrent-sweep-start]
2020-02-15T12:09:21.567+0800: 278.999: [GC (Allocation Failure) 2020-02-15T12:09:21.567+0800: 278.999: [ParNew
Desired survivor size 1114112 bytes, new threshold 6 (max 6)
- age   1:      39264 bytes,      39264 total
- age   2:       9536 bytes,      48800 total
- age   3:       6744 bytes,      55544 total
- age   4:      14832 bytes,      70376 total
- age   5:     167424 bytes,     237800 total
: 17738K->403K(19648K), 0.0051911 secs] 55406K->38072K(63360K), 0.0052972 secs] [Times: user=0.00 sys=0.00, real=0.01 secs] 
2020-02-15T12:09:21.572+0800: 279.004: Total time for which application threads were stopped: 0.0055115 seconds, Stopping threads took: 0.0000368 seconds
2020-02-15T12:09:21.586+0800: 279.018: Total time for which application threads were stopped: 0.0001665 seconds, Stopping threads took: 0.0000370 seconds
2020-02-15T12:09:21.586+0800: 279.018: Total time for which application threads were stopped: 0.0000472 seconds, Stopping threads took: 0.0000092 seconds
2020-02-15T12:09:21.586+0800: 279.018: Total time for which application threads were stopped: 0.0001686 seconds, Stopping threads took: 0.0000079 seconds
2020-02-15T12:09:21.596+0800: 279.028: [CMS-concurrent-sweep: 0.027/0.033 secs] [Times: user=0.03 sys=0.00, real=0.03 secs] 
2020-02-15T12:09:21.596+0800: 279.028: [CMS-concurrent-reset-start]
2020-02-15T12:09:21.596+0800: 279.028: [CMS-concurrent-reset: 0.000/0.000 secs] [Times: user=0.00 sys=0.00, real=0.00 secs] 
2020-02-15T12:09:23.595+0800: 281.027: [GC (CMS Initial Mark) [1 CMS-initial-mark: 37668K(43712K)] 38660K(63360K), 0.0043393 secs] [Times: user=0.00 sys=0.00, real=0.00 secs] 
2020-02-15T12:09:23.600+0800: 281.032: Total time for which application threads were stopped: 0.0045300 seconds, Stopping threads took: 0.0000412 seconds
2020-02-15T12:09:23.600+0800: 281.032: [CMS-concurrent-mark-start]
2020-02-15T12:09:23.669+0800: 281.101: [CMS-concurrent-mark: 0.070/0.070 secs] [Times: user=0.07 sys=0.00, real=0.07 secs] 
2020-02-15T12:09:23.669+0800: 281.102: [CMS-concurrent-preclean-start]
2020-02-15T12:09:23.672+0800: 281.104: [CMS-concurrent-preclean: 0.002/0.002 secs] [Times: user=0.00 sys=0.00, real=0.01 secs] 
2020-02-15T12:09:23.672+0800: 281.104: [GC (CMS Final Remark) [YG occupancy: 992 K (19648 K)]2020-02-15T12:09:23.672+0800: 281.104: [Rescan (parallel) , 0.0025668 secs]2020-02-15T12:09:23.674+0800: 281.106: [weak refs processing, 0.0002237 secs]2020-02-15T12:09:23.675+0800: 281.107: [class unloading, 0.0123272 secs]2020-02-15T12:09:23.687+0800: 281.119: [scrub symbol table, 0.0095152 secs]2020-02-15T12:09:23.696+0800: 281.129: [scrub string table, 0.0010340 secs][1 CMS-remark: 37668K(43712K)] 38660K(63360K), 0.0260773 secs] [Times: user=0.03 sys=0.00, real=0.02 secs] 
2020-02-15T12:09:23.698+0800: 281.130: Total time for which application threads were stopped: 0.0262448 seconds, Stopping threads took: 0.0000450 seconds
2020-02-15T12:09:23.698+0800: 281.130: [CMS-concurrent-sweep-start]
2020-02-15T12:09:23.716+0800: 281.149: [CMS-concurrent-sweep: 0.018/0.018 secs] [Times: user=0.02 sys=0.00, real=0.02 secs] 
2020-02-15T12:09:23.717+0800: 281.149: [CMS-concurrent-reset-start]
2020-02-15T12:09:23.717+0800: 281.149: [CMS-concurrent-reset: 0.000/0.000 secs] [Times: user=0.00 sys=0.00, real=0.00 secs] 
2020-02-15T12:09:25.698+0800: 283.130: Total time for which application threads were stopped: 0.0001981 seconds, Stopping threads took: 0.0000442 seconds
2020-02-15T12:09:25.716+0800: 283.149: [GC (CMS Initial Mark) [1 CMS-initial-mark: 37668K(43712K)] 39844K(63360K), 0.0046644 secs] [Times: user=0.00 sys=0.00, real=0.00 secs] 
2020-02-15T12:09:25.721+0800: 283.153: Total time for which application threads were stopped: 0.0047776 seconds, Stopping threads took: 0.0000201 seconds
2020-02-15T12:09:25.721+0800: 283.153: [CMS-concurrent-mark-start]
2020-02-15T12:09:25.786+0800: 283.218: [CMS-concurrent-mark: 0.065/0.065 secs] [Times: user=0.07 sys=0.00, real=0.07 secs] 
2020-02-15T12:09:25.786+0800: 283.218: [CMS-concurrent-preclean-start]
2020-02-15T12:09:25.788+0800: 283.220: [CMS-concurrent-preclean: 0.002/0.002 secs] [Times: user=0.00 sys=0.00, real=0.00 secs] 
2020-02-15T12:09:25.789+0800: 283.221: [GC (CMS Final Remark) [YG occupancy: 2176 K (19648 K)]2020-02-15T12:09:25.789+0800: 283.221: [Rescan (parallel) , 0.0031553 secs]2020-02-15T12:09:25.792+0800: 283.224: [weak refs processing, 0.0002331 secs]2020-02-15T12:09:25.792+0800: 283.224: [class unloading, 0.0119650 secs]2020-02-15T12:09:25.804+0800: 283.236: [scrub symbol table, 0.0091500 secs]2020-02-15T12:09:25.813+0800: 283.245: [scrub string table, 0.0009433 secs][1 CMS-remark: 37668K(43712K)] 39844K(63360K), 0.0258608 secs] [Times: user=0.02 sys=0.00, real=0.03 secs] 
2020-02-15T12:09:25.815+0800: 283.247: Total time for which application threads were stopped: 0.0260225 seconds, Stopping threads took: 0.0000379 seconds
2020-02-15T12:09:25.815+0800: 283.247: [CMS-concurrent-sweep-start]
2020-02-15T12:09:25.833+0800: 283.265: [CMS-concurrent-sweep: 0.018/0.018 secs] [Times: user=0.02 sys=0.00, real=0.02 secs] 
2020-02-15T12:09:25.833+0800: 283.265: [CMS-concurrent-reset-start]
2020-02-15T12:09:25.833+0800: 283.265: [CMS-concurrent-reset: 0.000/0.000 secs] [Times: user=0.00 sys=0.00, real=0.00 secs] 
2020-02-15T12:09:26.634+0800: 284.066: Total time for which application threads were stopped: 0.0012074 seconds, Stopping threads took: 0.0000377 seconds
2020-02-15T12:09:27.634+0800: 285.066: Total time for which application threads were stopped: 0.0001582 seconds, Stopping threads took: 0.0000410 seconds
2020-02-15T12:09:27.833+0800: 285.265: [GC (CMS Initial Mark) [1 CMS-initial-mark: 37668K(43712K)] 40687K(63360K), 0.0054019 secs] [Times: user=0.00 sys=0.00, real=0.00 secs] 
2020-02-15T12:09:27.838+0800: 285.270: Total time for which application threads were stopped: 0.0055996 seconds, Stopping threads took: 0.0000458 seconds
2020-02-15T12:09:27.838+0800: 285.270: [CMS-concurrent-mark-start]
2020-02-15T12:09:27.911+0800: 285.343: [CMS-concurrent-mark: 0.073/0.073 secs] [Times: user=0.08 sys=0.00, real=0.07 secs] 
2020-02-15T12:09:27.911+0800: 285.343: [CMS-concurrent-preclean-start]
2020-02-15T12:09:27.913+0800: 285.346: [CMS-concurrent-preclean: 0.002/0.002 secs] [Times: user=0.00 sys=0.00, real=0.01 secs] 
2020-02-15T12:09:27.913+0800: 285.346: [CMS-concurrent-abortable-preclean-start]
 CMS: abort preclean due to time 2020-02-15T12:09:32.980+0800: 290.413: [CMS-concurrent-abortable-preclean: 0.162/5.067 secs] [Times: user=0.20 sys=0.00, real=5.06 secs] 
2020-02-15T12:09:32.981+0800: 290.413: [GC (CMS Final Remark) [YG occupancy: 4273 K (19648 K)]2020-02-15T12:09:32.981+0800: 290.413: [Rescan (parallel) , 0.0054176 secs]2020-02-15T12:09:32.986+0800: 290.418: [weak refs processing, 0.0002534 secs]2020-02-15T12:09:32.986+0800: 290.419: [class unloading, 0.0126974 secs]2020-02-15T12:09:32.999+0800: 290.431: [scrub symbol table, 0.0103616 secs]2020-02-15T12:09:33.010+0800: 290.442: [scrub string table, 0.0009589 secs][1 CMS-remark: 37668K(43712K)] 41941K(63360K), 0.0301237 secs] [Times: user=0.03 sys=0.00, real=0.03 secs] 
2020-02-15T12:09:33.011+0800: 290.443: Total time for which application threads were stopped: 0.0303292 seconds, Stopping threads took: 0.0000414 seconds
2020-02-15T12:09:33.011+0800: 290.443: [CMS-concurrent-sweep-start]
2020-02-15T12:09:33.030+0800: 290.462: [CMS-concurrent-sweep: 0.019/0.019 secs] [Times: user=0.01 sys=0.00, real=0.02 secs] 
2020-02-15T12:09:33.030+0800: 290.462: [CMS-concurrent-reset-start]
2020-02-15T12:09:33.030+0800: 290.462: [CMS-concurrent-reset: 0.000/0.000 secs] [Times: user=0.00 sys=0.00, real=0.00 secs] 
2020-02-15T12:09:34.011+0800: 291.443: Total time for which application threads were stopped: 0.0001711 seconds, Stopping threads took: 0.0000434 seconds
2020-02-15T12:09:35.012+0800: 292.444: Total time for which application threads were stopped: 0.0001905 seconds, Stopping threads took: 0.0000450 seconds
2020-02-15T12:09:35.030+0800: 292.462: [GC (CMS Initial Mark) [1 CMS-initial-mark: 37668K(43712K)] 43521K(63360K), 0.0073081 secs] [Times: user=0.01 sys=0.00, real=0.01 secs] 
2020-02-15T12:09:35.037+0800: 292.469: Total time for which application threads were stopped: 0.0075072 seconds, Stopping threads took: 0.0000440 seconds
2020-02-15T12:09:35.037+0800: 292.469: [CMS-concurrent-mark-start]
2020-02-15T12:09:35.108+0800: 292.540: [CMS-concurrent-mark: 0.070/0.070 secs] [Times: user=0.07 sys=0.00, real=0.07 secs] 
2020-02-15T12:09:35.108+0800: 292.540: [CMS-concurrent-preclean-start]
2020-02-15T12:09:35.110+0800: 292.542: [CMS-concurrent-preclean: 0.002/0.002 secs] [Times: user=0.00 sys=0.00, real=0.00 secs] 
2020-02-15T12:09:35.110+0800: 292.542: [CMS-concurrent-abortable-preclean-start]
2020-02-15T12:09:37.047+0800: 294.479: Total time for which application threads were stopped: 0.0001824 seconds, Stopping threads took: 0.0000444 seconds
2020-02-15T12:09:40.047+0800: 297.479: Total time for which application threads were stopped: 0.0001659 seconds, Stopping threads took: 0.0000395 seconds
 CMS: abort preclean due to time 2020-02-15T12:09:40.152+0800: 297.584: [CMS-concurrent-abortable-preclean: 0.157/5.042 secs] [Times: user=0.20 sys=0.01, real=5.05 secs] 
2020-02-15T12:09:40.152+0800: 297.584: [GC (CMS Final Remark) [YG occupancy: 7317 K (19648 K)]2020-02-15T12:09:40.152+0800: 297.584: [Rescan (parallel) , 0.0075707 secs]2020-02-15T12:09:40.160+0800: 297.592: [weak refs processing, 0.0002643 secs]2020-02-15T12:09:40.160+0800: 297.592: [class unloading, 0.0130429 secs]2020-02-15T12:09:40.173+0800: 297.605: [scrub symbol table, 0.0095343 secs]2020-02-15T12:09:40.183+0800: 297.615: [scrub string table, 0.0009830 secs][1 CMS-remark: 37668K(43712K)] 44985K(63360K), 0.0318704 secs] [Times: user=0.03 sys=0.00, real=0.03 secs] 
2020-02-15T12:09:40.184+0800: 297.616: Total time for which application threads were stopped: 0.0320525 seconds, Stopping threads took: 0.0000399 seconds
2020-02-15T12:09:40.184+0800: 297.616: [CMS-concurrent-sweep-start]
2020-02-15T12:09:40.203+0800: 297.635: [CMS-concurrent-sweep: 0.019/0.019 secs] [Times: user=0.02 sys=0.00, real=0.02 secs] 
2020-02-15T12:09:40.203+0800: 297.635: [CMS-concurrent-reset-start]
2020-02-15T12:09:40.204+0800: 297.636: [CMS-concurrent-reset: 0.000/0.000 secs] [Times: user=0.00 sys=0.00, real=0.00 secs] 
2020-02-15T12:09:42.203+0800: 299.635: [GC (CMS Initial Mark) [1 CMS-initial-mark: 37668K(43712K)] 45531K(63360K), 0.0082501 secs] [Times: user=0.01 sys=0.00, real=0.00 secs] 
2020-02-15T12:09:42.211+0800: 299.643: Total time for which application threads were stopped: 0.0084860 seconds, Stopping threads took: 0.0000414 seconds
2020-02-15T12:09:42.211+0800: 299.643: [CMS-concurrent-mark-start]
2020-02-15T12:09:42.299+0800: 299.731: [CMS-concurrent-mark: 0.087/0.087 secs] [Times: user=0.08 sys=0.00, real=0.08 secs] 
2020-02-15T12:09:42.299+0800: 299.731: [CMS-concurrent-preclean-start]
2020-02-15T12:09:42.301+0800: 299.733: [CMS-concurrent-preclean: 0.002/0.002 secs] [Times: user=0.01 sys=0.00, real=0.00 secs] 
2020-02-15T12:09:42.301+0800: 299.733: [CMS-concurrent-abortable-preclean-start]
2020-02-15T12:09:44.211+0800: 301.644: Total time for which application threads were stopped: 0.0001715 seconds, Stopping threads took: 0.0000446 seconds
2020-02-15T12:09:45.212+0800: 302.644: Total time for which application threads were stopped: 0.0001685 seconds, Stopping threads took: 0.0000470 seconds
 CMS: abort preclean due to time 2020-02-15T12:09:47.383+0800: 304.815: [CMS-concurrent-abortable-preclean: 0.161/5.082 secs] [Times: user=0.24 sys=0.01, real=5.09 secs] 
2020-02-15T12:09:47.384+0800: 304.816: [GC (CMS Final Remark) [YG occupancy: 9977 K (19648 K)]2020-02-15T12:09:47.384+0800: 304.816: [Rescan (parallel) , 0.0089135 secs]2020-02-15T12:09:47.393+0800: 304.825: [weak refs processing, 0.0002656 secs]2020-02-15T12:09:47.393+0800: 304.825: [class unloading, 0.0132670 secs]2020-02-15T12:09:47.406+0800: 304.838: [scrub symbol table, 0.0112023 secs]2020-02-15T12:09:47.417+0800: 304.849: [scrub string table, 0.0009822 secs][1 CMS-remark: 37668K(43712K)] 47645K(63360K), 0.0351091 secs] [Times: user=0.03 sys=0.00, real=0.03 secs] 
2020-02-15T12:09:47.419+0800: 304.851: Total time for which application threads were stopped: 0.0352767 seconds, Stopping threads took: 0.0000384 seconds
2020-02-15T12:09:47.419+0800: 304.851: [CMS-concurrent-sweep-start]
2020-02-15T12:09:47.437+0800: 304.869: [CMS-concurrent-sweep: 0.019/0.019 secs] [Times: user=0.02 sys=0.00, real=0.02 secs] 
2020-02-15T12:09:47.437+0800: 304.870: [CMS-concurrent-reset-start]
2020-02-15T12:09:47.438+0800: 304.870: [CMS-concurrent-reset: 0.000/0.000 secs] [Times: user=0.00 sys=0.00, real=0.00 secs] 
2020-02-15T12:09:49.437+0800: 306.869: [GC (CMS Initial Mark) [1 CMS-initial-mark: 37668K(43712K)] 48425K(63360K), 0.0098262 secs] [Times: user=0.01 sys=0.00, real=0.01 secs] 
2020-02-15T12:09:49.447+0800: 306.879: Total time for which application threads were stopped: 0.0100987 seconds, Stopping threads took: 0.0000416 seconds
2020-02-15T12:09:49.447+0800: 306.879: [CMS-concurrent-mark-start]
2020-02-15T12:09:49.520+0800: 306.952: [CMS-concurrent-mark: 0.073/0.073 secs] [Times: user=0.07 sys=0.00, real=0.07 secs] 
2020-02-15T12:09:49.520+0800: 306.952: [CMS-concurrent-preclean-start]
2020-02-15T12:09:49.523+0800: 306.955: [CMS-concurrent-preclean: 0.003/0.003 secs] [Times: user=0.00 sys=0.00, real=0.01 secs] 
2020-02-15T12:09:49.523+0800: 306.955: [CMS-concurrent-abortable-preclean-start]
2020-02-15T12:09:51.447+0800: 308.879: Total time for which application threads were stopped: 0.0002144 seconds, Stopping threads took: 0.0000791 seconds
 CMS: abort preclean due to time 2020-02-15T12:09:54.547+0800: 311.979: [CMS-concurrent-abortable-preclean: 0.157/5.024 secs] [Times: user=0.20 sys=0.00, real=5.02 secs] 
2020-02-15T12:09:54.547+0800: 311.979: [GC (CMS Final Remark) [YG occupancy: 12432 K (19648 K)]2020-02-15T12:09:54.547+0800: 311.979: [Rescan (parallel) , 0.0100111 secs]2020-02-15T12:09:54.557+0800: 311.989: [weak refs processing, 0.0002996 secs]2020-02-15T12:09:54.558+0800: 311.990: [class unloading, 0.0125138 secs]2020-02-15T12:09:54.570+0800: 312.002: [scrub symbol table, 0.0098424 secs]2020-02-15T12:09:54.580+0800: 312.012: [scrub string table, 0.0009601 secs][1 CMS-remark: 37668K(43712K)] 50100K(63360K), 0.0340468 secs] [Times: user=0.03 sys=0.00, real=0.03 secs] 
2020-02-15T12:09:54.581+0800: 312.013: Total time for which application threads were stopped: 0.0342198 seconds, Stopping threads took: 0.0000393 seconds
2020-02-15T12:09:54.581+0800: 312.014: [CMS-concurrent-sweep-start]
2020-02-15T12:09:54.599+0800: 312.031: [CMS-concurrent-sweep: 0.018/0.018 secs] [Times: user=0.02 sys=0.00, real=0.01 secs] 
2020-02-15T12:09:54.599+0800: 312.031: [CMS-concurrent-reset-start]
2020-02-15T12:09:54.599+0800: 312.032: [CMS-concurrent-reset: 0.000/0.000 secs] [Times: user=0.00 sys=0.00, real=0.00 secs] 
2020-02-15T12:09:55.582+0800: 313.014: Total time for which application threads were stopped: 0.0001660 seconds, Stopping threads took: 0.0000431 seconds
2020-02-15T12:09:56.599+0800: 314.031: [GC (CMS Initial Mark) [1 CMS-initial-mark: 37668K(43712K)] 50749K(63360K), 0.0108183 secs] [Times: user=0.01 sys=0.00, real=0.01 secs] 
2020-02-15T12:09:56.610+0800: 314.042: Total time for which application threads were stopped: 0.0110426 seconds, Stopping threads took: 0.0000457 seconds
2020-02-15T12:09:56.610+0800: 314.042: [CMS-concurrent-mark-start]
2020-02-15T12:09:56.673+0800: 314.105: [CMS-concurrent-mark: 0.063/0.063 secs] [Times: user=0.06 sys=0.00, real=0.07 secs] 
2020-02-15T12:09:56.673+0800: 314.105: [CMS-concurrent-preclean-start]
2020-02-15T12:09:56.675+0800: 314.107: [CMS-concurrent-preclean: 0.002/0.002 secs] [Times: user=0.00 sys=0.00, real=0.00 secs] 
2020-02-15T12:09:56.675+0800: 314.107: [CMS-concurrent-abortable-preclean-start]
2020-02-15T12:09:57.610+0800: 315.042: Total time for which application threads were stopped: 0.0001733 seconds, Stopping threads took: 0.0000613 seconds
2020-02-15T12:09:59.610+0800: 317.043: Total time for which application threads were stopped: 0.0002311 seconds, Stopping threads took: 0.0000485 seconds
 CMS: abort preclean due to time 2020-02-15T12:10:01.684+0800: 319.116: [CMS-concurrent-abortable-preclean: 0.162/5.009 secs] [Times: user=0.20 sys=0.00, real=5.01 secs] 
2020-02-15T12:10:01.684+0800: 319.116: [GC (CMS Final Remark) [YG occupancy: 14598 K (19648 K)]2020-02-15T12:10:01.684+0800: 319.116: [Rescan (parallel) , 0.0138423 secs]2020-02-15T12:10:01.698+0800: 319.130: [weak refs processing, 0.0002912 secs]2020-02-15T12:10:01.698+0800: 319.130: [class unloading, 0.0150435 secs]2020-02-15T12:10:01.713+0800: 319.145: [scrub symbol table, 0.0166261 secs]2020-02-15T12:10:01.730+0800: 319.162: [scrub string table, 0.0011352 secs][1 CMS-remark: 37668K(43712K)] 52266K(63360K), 0.0474486 secs] [Times: user=0.05 sys=0.00, real=0.04 secs] 
2020-02-15T12:10:01.731+0800: 319.163: Total time for which application threads were stopped: 0.0476484 seconds, Stopping threads took: 0.0000427 seconds
2020-02-15T12:10:01.732+0800: 319.164: [CMS-concurrent-sweep-start]
2020-02-15T12:10:01.751+0800: 319.183: [CMS-concurrent-sweep: 0.020/0.020 secs] [Times: user=0.02 sys=0.00, real=0.01 secs] 
2020-02-15T12:10:01.751+0800: 319.183: [CMS-concurrent-reset-start]
2020-02-15T12:10:01.751+0800: 319.183: [CMS-concurrent-reset: 0.000/0.000 secs] [Times: user=0.00 sys=0.00, real=0.00 secs] 
2020-02-15T12:10:03.751+0800: 321.183: [GC (CMS Initial Mark) [1 CMS-initial-mark: 37668K(43712K)] 53123K(63360K), 0.0122907 secs] [Times: user=0.01 sys=0.00, real=0.02 secs] 
2020-02-15T12:10:03.763+0800: 321.195: Total time for which application threads were stopped: 0.0125461 seconds, Stopping threads took: 0.0000462 seconds
2020-02-15T12:10:03.763+0800: 321.195: [CMS-concurrent-mark-start]
2020-02-15T12:10:03.837+0800: 321.269: [CMS-concurrent-mark: 0.073/0.073 secs] [Times: user=0.08 sys=0.00, real=0.07 secs] 
2020-02-15T12:10:03.837+0800: 321.269: [CMS-concurrent-preclean-start]
2020-02-15T12:10:03.839+0800: 321.271: [CMS-concurrent-preclean: 0.002/0.002 secs] [Times: user=0.00 sys=0.00, real=0.00 secs] 
2020-02-15T12:10:03.839+0800: 321.271: [CMS-concurrent-abortable-preclean-start]
2020-02-15T12:10:04.763+0800: 322.195: Total time for which application threads were stopped: 0.0001622 seconds, Stopping threads took: 0.0000477 seconds
2020-02-15T12:10:07.764+0800: 325.196: Total time for which application threads were stopped: 0.0001470 seconds, Stopping threads took: 0.0000389 seconds
 CMS: abort preclean due to time 2020-02-15T12:10:08.902+0800: 326.334: [CMS-concurrent-abortable-preclean: 0.164/5.063 secs] [Times: user=0.22 sys=0.01, real=5.07 secs] 
2020-02-15T12:10:08.903+0800: 326.335: [GC (CMS Final Remark) [YG occupancy: 17291 K (19648 K)]2020-02-15T12:10:08.903+0800: 326.335: [Rescan (parallel) , 0.0145751 secs]2020-02-15T12:10:08.917+0800: 326.349: [weak refs processing, 0.0002768 secs]2020-02-15T12:10:08.918+0800: 326.350: [class unloading, 0.0133497 secs]2020-02-15T12:10:08.931+0800: 326.363: [scrub symbol table, 0.0116780 secs]2020-02-15T12:10:08.943+0800: 326.375: [scrub string table, 0.0009781 secs][1 CMS-remark: 37668K(43712K)] 54959K(63360K), 0.0413965 secs] [Times: user=0.04 sys=0.00, real=0.04 secs] 
2020-02-15T12:10:08.944+0800: 326.376: Total time for which application threads were stopped: 0.0415683 seconds, Stopping threads took: 0.0000417 seconds
2020-02-15T12:10:08.944+0800: 326.376: [CMS-concurrent-sweep-start]
2020-02-15T12:10:08.963+0800: 326.396: [CMS-concurrent-sweep: 0.019/0.019 secs] [Times: user=0.02 sys=0.00, real=0.02 secs] 
2020-02-15T12:10:08.964+0800: 326.396: [CMS-concurrent-reset-start]
2020-02-15T12:10:08.964+0800: 326.396: [CMS-concurrent-reset: 0.000/0.000 secs] [Times: user=0.00 sys=0.00, real=0.00 secs] 
2020-02-15T12:10:09.529+0800: 326.961: [GC (Allocation Failure) 2020-02-15T12:10:09.529+0800: 326.961: [ParNew
Desired survivor size 1114112 bytes, new threshold 6 (max 6)
- age   1:      38840 bytes,      38840 total
- age   2:       5072 bytes,      43912 total
- age   3:       7952 bytes,      51864 total
- age   4:       6744 bytes,      58608 total
- age   5:      14832 bytes,      73440 total
- age   6:     167424 bytes,     240864 total
: 17875K->274K(19648K), 0.0055515 secs] 55544K->37943K(63360K), 0.0056696 secs] [Times: user=0.01 sys=0.00, real=0.01 secs] 
2020-02-15T12:10:09.535+0800: 326.967: Total time for which application threads were stopped: 0.0059072 seconds, Stopping threads took: 0.0000347 seconds
2020-02-15T12:10:09.548+0800: 326.980: [GC (CMS Initial Mark) [1 CMS-initial-mark: 37668K(43712K)] 38446K(63360K), 0.0046854 secs] [Times: user=0.00 sys=0.00, real=0.01 secs] 
2020-02-15T12:10:09.552+0800: 326.984: Total time for which application threads were stopped: 0.0049190 seconds, Stopping threads took: 0.0000364 seconds
2020-02-15T12:10:09.557+0800: 326.989: [CMS-concurrent-mark-start]
2020-02-15T12:10:09.561+0800: 326.993: Total time for which application threads were stopped: 0.0001468 seconds, Stopping threads took: 0.0000302 seconds
2020-02-15T12:10:09.634+0800: 327.066: [CMS-concurrent-mark: 0.077/0.077 secs] [Times: user=0.08 sys=0.00, real=0.08 secs] 
2020-02-15T12:10:09.634+0800: 327.066: [CMS-concurrent-preclean-start]
2020-02-15T12:10:09.636+0800: 327.068: [CMS-concurrent-preclean: 0.002/0.002 secs] [Times: user=0.00 sys=0.00, real=0.00 secs] 
2020-02-15T12:10:09.637+0800: 327.069: [GC (CMS Final Remark) [YG occupancy: 792 K (19648 K)]2020-02-15T12:10:09.637+0800: 327.069: [Rescan (parallel) , 0.0035334 secs]2020-02-15T12:10:09.640+0800: 327.072: [weak refs processing, 0.0002567 secs]2020-02-15T12:10:09.641+0800: 327.073: [class unloading, 0.0126385 secs]2020-02-15T12:10:09.653+0800: 327.085: [scrub symbol table, 0.0106684 secs]2020-02-15T12:10:09.664+0800: 327.096: [scrub string table, 0.0011802 secs][1 CMS-remark: 37668K(43712K)] 38460K(63360K), 0.0287892 secs] [Times: user=0.03 sys=0.00, real=0.03 secs] 
2020-02-15T12:10:09.666+0800: 327.098: Total time for which application threads were stopped: 0.0289634 seconds, Stopping threads took: 0.0000382 seconds
2020-02-15T12:10:09.666+0800: 327.098: [CMS-concurrent-sweep-start]
2020-02-15T12:10:09.684+0800: 327.116: [CMS-concurrent-sweep: 0.018/0.018 secs] [Times: user=0.02 sys=0.00, real=0.02 secs] 
2020-02-15T12:10:09.684+0800: 327.116: [CMS-concurrent-reset-start]
2020-02-15T12:10:09.684+0800: 327.116: [CMS-concurrent-reset: 0.000/0.000 secs] [Times: user=0.00 sys=0.00, real=0.00 secs] 
2020-02-15T12:10:11.683+0800: 329.115: [GC (CMS Initial Mark) [1 CMS-initial-mark: 37668K(43712K)] 38492K(63360K), 0.0041961 secs] [Times: user=0.01 sys=0.00, real=0.00 secs] 
2020-02-15T12:10:11.687+0800: 329.119: Total time for which application threads were stopped: 0.0044199 seconds, Stopping threads took: 0.0000503 seconds
2020-02-15T12:10:11.687+0800: 329.119: [CMS-concurrent-mark-start]
2020-02-15T12:10:11.756+0800: 329.188: [CMS-concurrent-mark: 0.069/0.069 secs] [Times: user=0.07 sys=0.00, real=0.07 secs] 
2020-02-15T12:10:11.756+0800: 329.188: [CMS-concurrent-preclean-start]
2020-02-15T12:10:11.758+0800: 329.190: [CMS-concurrent-preclean: 0.002/0.002 secs] [Times: user=0.00 sys=0.00, real=0.00 secs] 
2020-02-15T12:10:11.759+0800: 329.191: [GC (CMS Final Remark) [YG occupancy: 824 K (19648 K)]2020-02-15T12:10:11.759+0800: 329.191: [Rescan (parallel) , 0.0029470 secs]2020-02-15T12:10:11.762+0800: 329.194: [weak refs processing, 0.0002362 secs]2020-02-15T12:10:11.762+0800: 329.194: [class unloading, 0.0128132 secs]2020-02-15T12:10:11.775+0800: 329.207: [scrub symbol table, 0.0098968 secs]2020-02-15T12:10:11.785+0800: 329.217: [scrub string table, 0.0009813 secs][1 CMS-remark: 37668K(43712K)] 38492K(63360K), 0.0273287 secs] [Times: user=0.02 sys=0.00, real=0.03 secs] 
2020-02-15T12:10:11.786+0800: 329.218: Total time for which application threads were stopped: 0.0275206 seconds, Stopping threads took: 0.0000499 seconds
2020-02-15T12:10:11.786+0800: 329.218: [CMS-concurrent-sweep-start]
2020-02-15T12:10:11.804+0800: 329.236: [CMS-concurrent-sweep: 0.018/0.018 secs] [Times: user=0.02 sys=0.00, real=0.02 secs] 
2020-02-15T12:10:11.804+0800: 329.236: [CMS-concurrent-reset-start]
2020-02-15T12:10:11.805+0800: 329.237: [CMS-concurrent-reset: 0.000/0.000 secs] [Times: user=0.00 sys=0.00, real=0.00 secs] 
2020-02-15T12:10:12.786+0800: 330.218: Total time for which application threads were stopped: 0.0001932 seconds, Stopping threads took: 0.0000516 seconds
2020-02-15T12:10:13.804+0800: 331.237: [GC (CMS Initial Mark) [1 CMS-initial-mark: 37668K(43712K)] 39245K(63360K), 0.0046811 secs] [Times: user=0.00 sys=0.00, real=0.00 secs] 
2020-02-15T12:10:13.809+0800: 331.241: Total time for which application threads were stopped: 0.0048754 seconds, Stopping threads took: 0.0000461 seconds
2020-02-15T12:10:13.809+0800: 331.241: [CMS-concurrent-mark-start]
2020-02-15T12:10:13.881+0800: 331.314: [CMS-concurrent-mark: 0.072/0.072 secs] [Times: user=0.07 sys=0.00, real=0.08 secs] 
2020-02-15T12:10:13.882+0800: 331.314: [CMS-concurrent-preclean-start]
2020-02-15T12:10:13.884+0800: 331.316: [CMS-concurrent-preclean: 0.002/0.002 secs] [Times: user=0.00 sys=0.00, real=0.00 secs] 
2020-02-15T12:10:13.884+0800: 331.316: [GC (CMS Final Remark) [YG occupancy: 1577 K (19648 K)]2020-02-15T12:10:13.884+0800: 331.316: [Rescan (parallel) , 0.0043465 secs]2020-02-15T12:10:13.888+0800: 331.321: [weak refs processing, 0.0002611 secs]2020-02-15T12:10:13.889+0800: 331.321: [class unloading, 0.0133421 secs]2020-02-15T12:10:13.902+0800: 331.334: [scrub symbol table, 0.0110457 secs]2020-02-15T12:10:13.913+0800: 331.345: [scrub string table, 0.0010102 secs][1 CMS-remark: 37668K(43712K)] 39245K(63360K), 0.0305203 secs] [Times: user=0.03 sys=0.00, real=0.03 secs] 
2020-02-15T12:10:13.915+0800: 331.347: Total time for which application threads were stopped: 0.0306896 seconds, Stopping threads took: 0.0000386 seconds
2020-02-15T12:10:13.915+0800: 331.347: [CMS-concurrent-sweep-start]
2020-02-15T12:10:13.933+0800: 331.366: [CMS-concurrent-sweep: 0.018/0.018 secs] [Times: user=0.02 sys=0.00, real=0.02 secs] 
2020-02-15T12:10:13.933+0800: 331.366: [CMS-concurrent-reset-start]
2020-02-15T12:10:13.934+0800: 331.366: [CMS-concurrent-reset: 0.000/0.000 secs] [Times: user=0.00 sys=0.00, real=0.00 secs] 
2020-02-15T12:10:14.915+0800: 332.347: Total time for which application threads were stopped: 0.0001833 seconds, Stopping threads took: 0.0000511 seconds
2020-02-15T12:10:15.933+0800: 333.365: [GC (CMS Initial Mark) [1 CMS-initial-mark: 37668K(43712K)] 40690K(63360K), 0.0052834 secs] [Times: user=0.00 sys=0.00, real=0.00 secs] 
2020-02-15T12:10:15.938+0800: 333.371: Total time for which application threads were stopped: 0.0054637 seconds, Stopping threads took: 0.0000448 seconds
2020-02-15T12:10:15.939+0800: 333.371: [CMS-concurrent-mark-start]
2020-02-15T12:10:16.008+0800: 333.440: [CMS-concurrent-mark: 0.069/0.069 secs] [Times: user=0.07 sys=0.00, real=0.07 secs] 
2020-02-15T12:10:16.008+0800: 333.440: [CMS-concurrent-preclean-start]
2020-02-15T12:10:16.010+0800: 333.442: [CMS-concurrent-preclean: 0.002/0.002 secs] [Times: user=0.00 sys=0.00, real=0.00 secs] 
2020-02-15T12:10:16.010+0800: 333.442: [CMS-concurrent-abortable-preclean-start]
2020-02-15T12:10:17.939+0800: 335.371: Total time for which application threads were stopped: 0.0001725 seconds, Stopping threads took: 0.0000451 seconds
2020-02-15T12:10:19.939+0800: 337.371: Total time for which application threads were stopped: 0.0001563 seconds, Stopping threads took: 0.0000434 seconds
 CMS: abort preclean due to time 2020-02-15T12:10:21.083+0800: 338.515: [CMS-concurrent-abortable-preclean: 0.170/5.073 secs] [Times: user=0.22 sys=0.00, real=5.08 secs] 
2020-02-15T12:10:21.083+0800: 338.515: [GC (CMS Final Remark) [YG occupancy: 4441 K (19648 K)]2020-02-15T12:10:21.083+0800: 338.515: [Rescan (parallel) , 0.0065239 secs]2020-02-15T12:10:21.090+0800: 338.522: [weak refs processing, 0.0002812 secs]2020-02-15T12:10:21.090+0800: 338.522: [class unloading, 0.0143615 secs]2020-02-15T12:10:21.104+0800: 338.537: [scrub symbol table, 0.0158449 secs]2020-02-15T12:10:21.120+0800: 338.552: [scrub string table, 0.0009666 secs][1 CMS-remark: 37668K(43712K)] 42109K(63360K), 0.0385091 secs] [Times: user=0.04 sys=0.00, real=0.04 secs] 
2020-02-15T12:10:21.122+0800: 338.554: Total time for which application threads were stopped: 0.0387144 seconds, Stopping threads took: 0.0000456 seconds
2020-02-15T12:10:21.122+0800: 338.554: [CMS-concurrent-sweep-start]
2020-02-15T12:10:21.141+0800: 338.573: [CMS-concurrent-sweep: 0.019/0.019 secs] [Times: user=0.02 sys=0.00, real=0.01 secs] 
2020-02-15T12:10:21.141+0800: 338.573: [CMS-concurrent-reset-start]
2020-02-15T12:10:21.141+0800: 338.573: [CMS-concurrent-reset: 0.000/0.000 secs] [Times: user=0.00 sys=0.00, real=0.00 secs] 
2020-02-15T12:10:23.122+0800: 340.554: Total time for which application threads were stopped: 0.0001915 seconds, Stopping threads took: 0.0000629 seconds
2020-02-15T12:10:23.140+0800: 340.573: [GC (CMS Initial Mark) [1 CMS-initial-mark: 37668K(43712K)] 43031K(63360K), 0.0073517 secs] [Times: user=0.01 sys=0.00, real=0.01 secs] 
2020-02-15T12:10:23.148+0800: 340.580: Total time for which application threads were stopped: 0.0075961 seconds, Stopping threads took: 0.0000645 seconds
2020-02-15T12:10:23.148+0800: 340.580: [CMS-concurrent-mark-start]
2020-02-15T12:10:23.221+0800: 340.654: [CMS-concurrent-mark: 0.074/0.074 secs] [Times: user=0.07 sys=0.00, real=0.08 secs] 
2020-02-15T12:10:23.222+0800: 340.654: [CMS-concurrent-preclean-start]
2020-02-15T12:10:23.224+0800: 340.656: [CMS-concurrent-preclean: 0.002/0.002 secs] [Times: user=0.00 sys=0.00, real=0.00 secs] 
2020-02-15T12:10:23.224+0800: 340.656: [CMS-concurrent-abortable-preclean-start]
2020-02-15T12:10:25.148+0800: 342.580: Total time for which application threads were stopped: 0.0001746 seconds, Stopping threads took: 0.0000520 seconds
2020-02-15T12:10:26.148+0800: 343.581: Total time for which application threads were stopped: 0.0001603 seconds, Stopping threads took: 0.0000446 seconds
2020-02-15T12:10:28.149+0800: 345.581: Total time for which application threads were stopped: 0.0001651 seconds, Stopping threads took: 0.0000400 seconds
 CMS: abort preclean due to time 2020-02-15T12:10:28.255+0800: 345.687: [CMS-concurrent-abortable-preclean: 0.165/5.031 secs] [Times: user=0.24 sys=0.00, real=5.03 secs] 
2020-02-15T12:10:28.255+0800: 345.687: [GC (CMS Final Remark) [YG occupancy: 7367 K (19648 K)]2020-02-15T12:10:28.255+0800: 345.688: [Rescan (parallel) , 0.0092990 secs]2020-02-15T12:10:28.265+0800: 345.697: [weak refs processing, 0.0002651 secs]2020-02-15T12:10:28.265+0800: 345.697: [class unloading, 0.0125875 secs]2020-02-15T12:10:28.278+0800: 345.710: [scrub symbol table, 0.0098627 secs]2020-02-15T12:10:28.288+0800: 345.720: [scrub string table, 0.0009640 secs][1 CMS-remark: 37668K(43712K)] 45036K(63360K), 0.0334929 secs] [Times: user=0.03 sys=0.00, real=0.03 secs] 
2020-02-15T12:10:28.289+0800: 345.721: Total time for which application threads were stopped: 0.0336758 seconds, Stopping threads took: 0.0000462 seconds
2020-02-15T12:10:28.289+0800: 345.721: [CMS-concurrent-sweep-start]
2020-02-15T12:10:28.307+0800: 345.739: [CMS-concurrent-sweep: 0.018/0.018 secs] [Times: user=0.02 sys=0.00, real=0.02 secs] 
2020-02-15T12:10:28.307+0800: 345.739: [CMS-concurrent-reset-start]
2020-02-15T12:10:28.307+0800: 345.739: [CMS-concurrent-reset: 0.000/0.000 secs] [Times: user=0.00 sys=0.00, real=0.00 secs] 
2020-02-15T12:10:30.289+0800: 347.721: Total time for which application threads were stopped: 0.0001666 seconds, Stopping threads took: 0.0000459 seconds
2020-02-15T12:10:30.307+0800: 347.739: [GC (CMS Initial Mark) [1 CMS-initial-mark: 37668K(43712K)] 45595K(63360K), 0.0085349 secs] [Times: user=0.01 sys=0.00, real=0.01 secs] 
2020-02-15T12:10:30.315+0800: 347.747: Total time for which application threads were stopped: 0.0087558 seconds, Stopping threads took: 0.0000432 seconds
2020-02-15T12:10:30.315+0800: 347.747: [CMS-concurrent-mark-start]
2020-02-15T12:10:30.410+0800: 347.842: [CMS-concurrent-mark: 0.095/0.095 secs] [Times: user=0.08 sys=0.00, real=0.09 secs] 
2020-02-15T12:10:30.410+0800: 347.842: [CMS-concurrent-preclean-start]
2020-02-15T12:10:30.413+0800: 347.845: [CMS-concurrent-preclean: 0.002/0.002 secs] [Times: user=0.00 sys=0.00, real=0.01 secs] 
2020-02-15T12:10:30.413+0800: 347.845: [CMS-concurrent-abortable-preclean-start]
2020-02-15T12:10:31.315+0800: 348.748: Total time for which application threads were stopped: 0.0001693 seconds, Stopping threads took: 0.0000573 seconds
2020-02-15T12:10:35.316+0800: 352.748: Total time for which application threads were stopped: 0.0001788 seconds, Stopping threads took: 0.0000571 seconds
 CMS: abort preclean due to time 2020-02-15T12:10:35.422+0800: 352.854: [CMS-concurrent-abortable-preclean: 0.157/5.010 secs] [Times: user=0.22 sys=0.00, real=5.01 secs] 
2020-02-15T12:10:35.423+0800: 352.855: [GC (CMS Final Remark) [YG occupancy: 10009 K (19648 K)]2020-02-15T12:10:35.423+0800: 352.855: [Rescan (parallel) , 0.0092070 secs]2020-02-15T12:10:35.432+0800: 352.864: [weak refs processing, 0.0002610 secs]2020-02-15T12:10:35.432+0800: 352.864: [class unloading, 0.0127136 secs]2020-02-15T12:10:35.445+0800: 352.877: [scrub symbol table, 0.0096874 secs]2020-02-15T12:10:35.455+0800: 352.887: [scrub string table, 0.0009662 secs][1 CMS-remark: 37668K(43712K)] 47677K(63360K), 0.0333630 secs] [Times: user=0.03 sys=0.00, real=0.03 secs] 
2020-02-15T12:10:35.456+0800: 352.888: Total time for which application threads were stopped: 0.0335331 seconds, Stopping threads took: 0.0000378 seconds
2020-02-15T12:10:35.456+0800: 352.888: [CMS-concurrent-sweep-start]
2020-02-15T12:10:35.474+0800: 352.906: [CMS-concurrent-sweep: 0.018/0.018 secs] [Times: user=0.02 sys=0.00, real=0.02 secs] 
2020-02-15T12:10:35.474+0800: 352.907: [CMS-concurrent-reset-start]
2020-02-15T12:10:35.475+0800: 352.907: [CMS-concurrent-reset: 0.000/0.000 secs] [Times: user=0.00 sys=0.00, real=0.00 secs] 
2020-02-15T12:10:36.456+0800: 353.888: Total time for which application threads were stopped: 0.0001771 seconds, Stopping threads took: 0.0000446 seconds
2020-02-15T12:10:37.457+0800: 354.889: Total time for which application threads were stopped: 0.0001936 seconds, Stopping threads took: 0.0000484 seconds
2020-02-15T12:10:37.474+0800: 354.906: [GC (CMS Initial Mark) [1 CMS-initial-mark: 37668K(43712K)] 48637K(63360K), 0.0101200 secs] [Times: user=0.01 sys=0.00, real=0.01 secs] 
2020-02-15T12:10:37.484+0800: 354.916: Total time for which application threads were stopped: 0.0103466 seconds, Stopping threads took: 0.0000462 seconds
2020-02-15T12:10:37.484+0800: 354.916: [CMS-concurrent-mark-start]
2020-02-15T12:10:37.555+0800: 354.987: [CMS-concurrent-mark: 0.071/0.071 secs] [Times: user=0.07 sys=0.00, real=0.07 secs] 
2020-02-15T12:10:37.555+0800: 354.987: [CMS-concurrent-preclean-start]
2020-02-15T12:10:37.557+0800: 354.989: [CMS-concurrent-preclean: 0.002/0.002 secs] [Times: user=0.01 sys=0.00, real=0.00 secs] 
2020-02-15T12:10:37.557+0800: 354.989: [CMS-concurrent-abortable-preclean-start]
 CMS: abort preclean due to time 2020-02-15T12:10:42.631+0800: 360.063: [CMS-concurrent-abortable-preclean: 0.160/5.074 secs] [Times: user=0.18 sys=0.01, real=5.07 secs] 
2020-02-15T12:10:42.631+0800: 360.063: [GC (CMS Final Remark) [YG occupancy: 12523 K (19648 K)]2020-02-15T12:10:42.631+0800: 360.063: [Rescan (parallel) , 0.0104550 secs]2020-02-15T12:10:42.642+0800: 360.074: [weak refs processing, 0.0002678 secs]2020-02-15T12:10:42.642+0800: 360.074: [class unloading, 0.0130739 secs]2020-02-15T12:10:42.655+0800: 360.087: [scrub symbol table, 0.0110778 secs]2020-02-15T12:10:42.666+0800: 360.098: [scrub string table, 0.0010007 secs][1 CMS-remark: 37668K(43712K)] 50191K(63360K), 0.0364081 secs] [Times: user=0.04 sys=0.00, real=0.04 secs] 
2020-02-15T12:10:42.668+0800: 360.100: Total time for which application threads were stopped: 0.0365792 seconds, Stopping threads took: 0.0000395 seconds
2020-02-15T12:10:42.668+0800: 360.100: [CMS-concurrent-sweep-start]
2020-02-15T12:10:42.687+0800: 360.119: [CMS-concurrent-sweep: 0.019/0.019 secs] [Times: user=0.01 sys=0.00, real=0.02 secs] 
2020-02-15T12:10:42.687+0800: 360.119: [CMS-concurrent-reset-start]
2020-02-15T12:10:42.687+0800: 360.119: [CMS-concurrent-reset: 0.000/0.000 secs] [Times: user=0.00 sys=0.00, real=0.00 secs] 
2020-02-15T12:10:44.686+0800: 362.118: [GC (CMS Initial Mark) [1 CMS-initial-mark: 37668K(43712K)] 50207K(63360K), 0.0107471 secs] [Times: user=0.01 sys=0.00, real=0.01 secs] 
2020-02-15T12:10:44.697+0800: 362.129: Total time for which application threads were stopped: 0.0109869 seconds, Stopping threads took: 0.0000438 seconds
2020-02-15T12:10:44.697+0800: 362.129: [CMS-concurrent-mark-start]
2020-02-15T12:10:44.796+0800: 362.229: [CMS-concurrent-mark: 0.099/0.099 secs] [Times: user=0.09 sys=0.00, real=0.10 secs] 
2020-02-15T12:10:44.797+0800: 362.229: [CMS-concurrent-preclean-start]
2020-02-15T12:10:44.799+0800: 362.231: [CMS-concurrent-preclean: 0.002/0.002 secs] [Times: user=0.00 sys=0.00, real=0.00 secs] 
2020-02-15T12:10:44.799+0800: 362.231: [CMS-concurrent-abortable-preclean-start]
2020-02-15T12:10:45.697+0800: 363.129: Total time for which application threads were stopped: 0.0001700 seconds, Stopping threads took: 0.0000449 seconds
2020-02-15T12:10:47.698+0800: 365.130: Total time for which application threads were stopped: 0.0001617 seconds, Stopping threads took: 0.0000425 seconds
 CMS: abort preclean due to time 2020-02-15T12:10:49.872+0800: 367.304: [CMS-concurrent-abortable-preclean: 0.161/5.073 secs] [Times: user=0.18 sys=0.00, real=5.08 secs] 
2020-02-15T12:10:49.872+0800: 367.304: [GC (CMS Final Remark) [YG occupancy: 15281 K (19648 K)]2020-02-15T12:10:49.872+0800: 367.304: [Rescan (parallel) , 0.0128998 secs]2020-02-15T12:10:49.885+0800: 367.317: [weak refs processing, 0.0002946 secs]2020-02-15T12:10:49.885+0800: 367.318: [class unloading, 0.0138909 secs]2020-02-15T12:10:49.899+0800: 367.331: [scrub symbol table, 0.0127276 secs]2020-02-15T12:10:49.912+0800: 367.344: [scrub string table, 0.0009956 secs][1 CMS-remark: 37668K(43712K)] 52949K(63360K), 0.0413825 secs] [Times: user=0.04 sys=0.00, real=0.04 secs] 
2020-02-15T12:10:49.914+0800: 367.346: Total time for which application threads were stopped: 0.0415627 seconds, Stopping threads took: 0.0000424 seconds
2020-02-15T12:10:49.914+0800: 367.346: [CMS-concurrent-sweep-start]
2020-02-15T12:10:49.933+0800: 367.365: [CMS-concurrent-sweep: 0.019/0.019 secs] [Times: user=0.02 sys=0.00, real=0.02 secs] 
2020-02-15T12:10:49.933+0800: 367.365: [CMS-concurrent-reset-start]
2020-02-15T12:10:49.933+0800: 367.365: [CMS-concurrent-reset: 0.000/0.000 secs] [Times: user=0.00 sys=0.00, real=0.00 secs] 
2020-02-15T12:10:51.914+0800: 369.346: Total time for which application threads were stopped: 0.0002068 seconds, Stopping threads took: 0.0000695 seconds
2020-02-15T12:10:51.932+0800: 369.365: [GC (CMS Initial Mark) [1 CMS-initial-mark: 37668K(43712K)] 53311K(63360K), 0.0127797 secs] [Times: user=0.01 sys=0.00, real=0.01 secs] 
2020-02-15T12:10:51.945+0800: 369.377: Total time for which application threads were stopped: 0.0130367 seconds, Stopping threads took: 0.0000499 seconds
2020-02-15T12:10:51.945+0800: 369.377: [CMS-concurrent-mark-start]
2020-02-15T12:10:52.019+0800: 369.451: [CMS-concurrent-mark: 0.074/0.074 secs] [Times: user=0.07 sys=0.00, real=0.07 secs] 
2020-02-15T12:10:52.019+0800: 369.451: [CMS-concurrent-preclean-start]
2020-02-15T12:10:52.022+0800: 369.454: [CMS-concurrent-preclean: 0.002/0.002 secs] [Times: user=0.01 sys=0.00, real=0.01 secs] 
2020-02-15T12:10:52.022+0800: 369.454: [CMS-concurrent-abortable-preclean-start]
2020-02-15T12:10:54.950+0800: 372.382: Total time for which application threads were stopped: 0.0002002 seconds, Stopping threads took: 0.0000498 seconds
 CMS: abort preclean due to time 2020-02-15T12:10:57.124+0800: 374.556: [CMS-concurrent-abortable-preclean: 0.162/5.102 secs] [Times: user=0.19 sys=0.00, real=5.10 secs] 
2020-02-15T12:10:57.124+0800: 374.556: [GC (CMS Final Remark) [YG occupancy: 17403 K (19648 K)]2020-02-15T12:10:57.124+0800: 374.556: [Rescan (parallel) , 0.0148611 secs]2020-02-15T12:10:57.139+0800: 374.571: [weak refs processing, 0.0002714 secs]2020-02-15T12:10:57.139+0800: 374.571: [class unloading, 0.0132451 secs]2020-02-15T12:10:57.153+0800: 374.585: [scrub symbol table, 0.0098696 secs]2020-02-15T12:10:57.162+0800: 374.595: [scrub string table, 0.0010058 secs][1 CMS-remark: 37668K(43712K)] 55071K(63360K), 0.0397862 secs] [Times: user=0.04 sys=0.00, real=0.04 secs] 
2020-02-15T12:10:57.164+0800: 374.596: Total time for which application threads were stopped: 0.0399708 seconds, Stopping threads took: 0.0000407 seconds
2020-02-15T12:10:57.164+0800: 374.596: [CMS-concurrent-sweep-start]
2020-02-15T12:10:57.184+0800: 374.616: [CMS-concurrent-sweep: 0.020/0.020 secs] [Times: user=0.02 sys=0.00, real=0.02 secs] 
2020-02-15T12:10:57.184+0800: 374.616: [CMS-concurrent-reset-start]
2020-02-15T12:10:57.184+0800: 374.616: [CMS-concurrent-reset: 0.000/0.000 secs] [Times: user=0.00 sys=0.00, real=0.00 secs] 
2020-02-15T12:10:57.326+0800: 374.758: [GC (Allocation Failure) 2020-02-15T12:10:57.326+0800: 374.759: [ParNew
Desired survivor size 1114112 bytes, new threshold 6 (max 6)
- age   1:      47760 bytes,      47760 total
- age   2:       5408 bytes,      53168 total
- age   3:       4752 bytes,      57920 total
- age   4:       7832 bytes,      65752 total
- age   5:       6744 bytes,      72496 total
- age   6:      14832 bytes,      87328 total
: 17746K->211K(19648K), 0.0061294 secs] 55415K->38043K(63360K), 0.0062307 secs] [Times: user=0.01 sys=0.00, real=0.01 secs] 
2020-02-15T12:10:57.333+0800: 374.765: Total time for which application threads were stopped: 0.0064512 seconds, Stopping threads took: 0.0000360 seconds
2020-02-15T12:10:57.338+0800: 374.770: [GC (CMS Initial Mark) [1 CMS-initial-mark: 37832K(43712K)] 38600K(63360K), 0.0037269 secs] [Times: user=0.00 sys=0.00, real=0.01 secs] 
2020-02-15T12:10:57.342+0800: 374.774: Total time for which application threads were stopped: 0.0038686 seconds, Stopping threads took: 0.0000255 seconds
2020-02-15T12:10:57.342+0800: 374.774: [CMS-concurrent-mark-start]
2020-02-15T12:10:57.346+0800: 374.778: Total time for which application threads were stopped: 0.0000749 seconds, Stopping threads took: 0.0000179 seconds
2020-02-15T12:10:57.346+0800: 374.778: Total time for which application threads were stopped: 0.0000421 seconds, Stopping threads took: 0.0000081 seconds
2020-02-15T12:10:57.346+0800: 374.778: Total time for which application threads were stopped: 0.0000509 seconds, Stopping threads took: 0.0000152 seconds
2020-02-15T12:10:57.411+0800: 374.843: [CMS-concurrent-mark: 0.069/0.069 secs] [Times: user=0.07 sys=0.00, real=0.06 secs] 
2020-02-15T12:10:57.411+0800: 374.843: [CMS-concurrent-preclean-start]
2020-02-15T12:10:57.413+0800: 374.845: [CMS-concurrent-preclean: 0.002/0.002 secs] [Times: user=0.00 sys=0.00, real=0.01 secs] 
2020-02-15T12:10:57.414+0800: 374.846: [GC (CMS Final Remark) [YG occupancy: 768 K (19648 K)]2020-02-15T12:10:57.414+0800: 374.846: [Rescan (parallel) , 0.0022482 secs]2020-02-15T12:10:57.416+0800: 374.848: [weak refs processing, 0.0002415 secs]2020-02-15T12:10:57.416+0800: 374.848: [class unloading, 0.0126077 secs]2020-02-15T12:10:57.429+0800: 374.861: [scrub symbol table, 0.0107919 secs]2020-02-15T12:10:57.440+0800: 374.872: [scrub string table, 0.0009858 secs][1 CMS-remark: 37832K(43712K)] 38600K(63360K), 0.0273744 secs] [Times: user=0.03 sys=0.00, real=0.02 secs] 
2020-02-15T12:10:57.441+0800: 374.873: Total time for which application threads were stopped: 0.0275467 seconds, Stopping threads took: 0.0000387 seconds
2020-02-15T12:10:57.446+0800: 374.878: [CMS-concurrent-sweep-start]
2020-02-15T12:10:57.464+0800: 374.897: [CMS-concurrent-sweep: 0.018/0.018 secs] [Times: user=0.02 sys=0.00, real=0.02 secs] 
2020-02-15T12:10:57.465+0800: 374.897: [CMS-concurrent-reset-start]
2020-02-15T12:10:57.465+0800: 374.897: [CMS-concurrent-reset: 0.000/0.000 secs] [Times: user=0.00 sys=0.00, real=0.00 secs] 
2020-02-15T12:10:59.464+0800: 376.896: [GC (CMS Initial Mark) [1 CMS-initial-mark: 37832K(43712K)] 38770K(63360K), 0.0041903 secs] [Times: user=0.00 sys=0.00, real=0.00 secs] 
2020-02-15T12:10:59.468+0800: 376.900: Total time for which application threads were stopped: 0.0044021 seconds, Stopping threads took: 0.0000412 seconds
2020-02-15T12:10:59.468+0800: 376.900: [CMS-concurrent-mark-start]
2020-02-15T12:10:59.539+0800: 376.971: [CMS-concurrent-mark: 0.070/0.070 secs] [Times: user=0.07 sys=0.00, real=0.07 secs] 
2020-02-15T12:10:59.539+0800: 376.971: [CMS-concurrent-preclean-start]
2020-02-15T12:10:59.541+0800: 376.973: [CMS-concurrent-preclean: 0.002/0.002 secs] [Times: user=0.00 sys=0.00, real=0.00 secs] 
2020-02-15T12:10:59.541+0800: 376.973: [GC (CMS Final Remark) [YG occupancy: 938 K (19648 K)]2020-02-15T12:10:59.541+0800: 376.973: [Rescan (parallel) , 0.0033199 secs]2020-02-15T12:10:59.545+0800: 376.977: [weak refs processing, 0.0002753 secs]2020-02-15T12:10:59.545+0800: 376.977: [class unloading, 0.0135224 secs]2020-02-15T12:10:59.559+0800: 376.991: [scrub symbol table, 0.0115461 secs]2020-02-15T12:10:59.570+0800: 377.002: [scrub string table, 0.0009985 secs][1 CMS-remark: 37832K(43712K)] 38770K(63360K), 0.0301233 secs] [Times: user=0.03 sys=0.00, real=0.03 secs] 
2020-02-15T12:10:59.572+0800: 377.004: Total time for which application threads were stopped: 0.0303000 seconds, Stopping threads took: 0.0000376 seconds
2020-02-15T12:10:59.572+0800: 377.004: [CMS-concurrent-sweep-start]
2020-02-15T12:10:59.592+0800: 377.024: [CMS-concurrent-sweep: 0.020/0.020 secs] [Times: user=0.02 sys=0.00, real=0.02 secs] 
2020-02-15T12:10:59.592+0800: 377.024: [CMS-concurrent-reset-start]
2020-02-15T12:10:59.592+0800: 377.024: [CMS-concurrent-reset: 0.000/0.000 secs] [Times: user=0.00 sys=0.00, real=0.00 secs] 
2020-02-15T12:11:01.591+0800: 379.024: [GC (CMS Initial Mark) [1 CMS-initial-mark: 37832K(43712K)] 39550K(63360K), 0.0050510 secs] [Times: user=0.01 sys=0.00, real=0.00 secs] 
2020-02-15T12:11:01.597+0800: 379.029: Total time for which application threads were stopped: 0.0052841 seconds, Stopping threads took: 0.0000569 seconds
2020-02-15T12:11:01.597+0800: 379.029: [CMS-concurrent-mark-start]
2020-02-15T12:11:01.669+0800: 379.102: [CMS-concurrent-mark: 0.073/0.073 secs] [Times: user=0.07 sys=0.00, real=0.07 secs] 
2020-02-15T12:11:01.670+0800: 379.102: [CMS-concurrent-preclean-start]
2020-02-15T12:11:01.672+0800: 379.104: [CMS-concurrent-preclean: 0.002/0.002 secs] [Times: user=0.00 sys=0.00, real=0.01 secs] 
2020-02-15T12:11:01.672+0800: 379.104: [GC (CMS Final Remark) [YG occupancy: 1717 K (19648 K)]2020-02-15T12:11:01.672+0800: 379.104: [Rescan (parallel) , 0.0045402 secs]2020-02-15T12:11:01.677+0800: 379.109: [weak refs processing, 0.0002674 secs]2020-02-15T12:11:01.677+0800: 379.109: [class unloading, 0.0132892 secs]2020-02-15T12:11:01.690+0800: 379.122: [scrub symbol table, 0.0121252 secs]2020-02-15T12:11:01.702+0800: 379.135: [scrub string table, 0.0010584 secs][1 CMS-remark: 37832K(43712K)] 39550K(63360K), 0.0317170 secs] [Times: user=0.03 sys=0.00, real=0.03 secs] 
2020-02-15T12:11:01.704+0800: 379.136: Total time for which application threads were stopped: 0.0318874 seconds, Stopping threads took: 0.0000405 seconds
2020-02-15T12:11:01.704+0800: 379.136: [CMS-concurrent-sweep-start]
2020-02-15T12:11:01.722+0800: 379.155: [CMS-concurrent-sweep: 0.018/0.018 secs] [Times: user=0.02 sys=0.00, real=0.02 secs] 
2020-02-15T12:11:01.722+0800: 379.155: [CMS-concurrent-reset-start]
2020-02-15T12:11:01.723+0800: 379.155: [CMS-concurrent-reset: 0.000/0.000 secs] [Times: user=0.00 sys=0.00, real=0.00 secs] 
2020-02-15T12:11:02.704+0800: 380.136: Total time for which application threads were stopped: 0.0001918 seconds, Stopping threads took: 0.0000553 seconds
2020-02-15T12:11:03.722+0800: 381.155: [GC (CMS Initial Mark) [1 CMS-initial-mark: 37832K(43712K)] 40358K(63360K), 0.0052382 secs] [Times: user=0.01 sys=0.00, real=0.00 secs] 
2020-02-15T12:11:03.728+0800: 381.160: Total time for which application threads were stopped: 0.0054350 seconds, Stopping threads took: 0.0000605 seconds
2020-02-15T12:11:03.728+0800: 381.160: [CMS-concurrent-mark-start]
2020-02-15T12:11:03.800+0800: 381.232: [CMS-concurrent-mark: 0.072/0.072 secs] [Times: user=0.07 sys=0.00, real=0.07 secs] 
2020-02-15T12:11:03.800+0800: 381.232: [CMS-concurrent-preclean-start]
2020-02-15T12:11:03.802+0800: 381.234: [CMS-concurrent-preclean: 0.002/0.002 secs] [Times: user=0.00 sys=0.00, real=0.01 secs] 
2020-02-15T12:11:03.803+0800: 381.235: [CMS-concurrent-abortable-preclean-start]
2020-02-15T12:11:05.730+0800: 383.162: Total time for which application threads were stopped: 0.0001721 seconds, Stopping threads took: 0.0000478 seconds
2020-02-15T12:11:07.730+0800: 385.163: Total time for which application threads were stopped: 0.0002132 seconds, Stopping threads took: 0.0000516 seconds
 CMS: abort preclean due to time 2020-02-15T12:11:08.865+0800: 386.297: [CMS-concurrent-abortable-preclean: 0.137/5.062 secs] [Times: user=0.18 sys=0.00, real=5.06 secs] 
2020-02-15T12:11:08.865+0800: 386.297: [GC (CMS Final Remark) [YG occupancy: 4393 K (19648 K)]2020-02-15T12:11:08.865+0800: 386.297: [Rescan (parallel) , 0.0057546 secs]2020-02-15T12:11:08.871+0800: 386.303: [weak refs processing, 0.0002570 secs]2020-02-15T12:11:08.871+0800: 386.303: [class unloading, 0.0137095 secs]2020-02-15T12:11:08.885+0800: 386.317: [scrub symbol table, 0.0113168 secs]2020-02-15T12:11:08.896+0800: 386.328: [scrub string table, 0.0010680 secs][1 CMS-remark: 37832K(43712K)] 42226K(63360K), 0.0327961 secs] [Times: user=0.03 sys=0.00, real=0.03 secs] 
2020-02-15T12:11:08.898+0800: 386.330: Total time for which application threads were stopped: 0.0329904 seconds, Stopping threads took: 0.0000426 seconds
2020-02-15T12:11:08.898+0800: 386.330: [CMS-concurrent-sweep-start]
2020-02-15T12:11:08.918+0800: 386.350: [CMS-concurrent-sweep: 0.020/0.020 secs] [Times: user=0.02 sys=0.00, real=0.02 secs] 
2020-02-15T12:11:08.918+0800: 386.350: [CMS-concurrent-reset-start]
2020-02-15T12:11:08.918+0800: 386.350: [CMS-concurrent-reset: 0.000/0.000 secs] [Times: user=0.00 sys=0.00, real=0.00 secs] 
2020-02-15T12:11:09.903+0800: 387.335: Total time for which application threads were stopped: 0.0001344 seconds, Stopping threads took: 0.0000329 seconds
2020-02-15T12:11:10.903+0800: 388.335: Total time for which application threads were stopped: 0.0001911 seconds, Stopping threads took: 0.0000519 seconds
2020-02-15T12:11:10.917+0800: 388.349: [GC (CMS Initial Mark) [1 CMS-initial-mark: 37832K(43712K)] 43116K(63360K), 0.0063637 secs] [Times: user=0.01 sys=0.00, real=0.01 secs] 
2020-02-15T12:11:10.924+0800: 388.356: Total time for which application threads were stopped: 0.0065580 seconds, Stopping threads took: 0.0000366 seconds
2020-02-15T12:11:10.924+0800: 388.356: [CMS-concurrent-mark-start]
2020-02-15T12:11:10.991+0800: 388.423: [CMS-concurrent-mark: 0.067/0.067 secs] [Times: user=0.07 sys=0.00, real=0.06 secs] 
2020-02-15T12:11:10.991+0800: 388.423: [CMS-concurrent-preclean-start]
2020-02-15T12:11:10.993+0800: 388.425: [CMS-concurrent-preclean: 0.002/0.002 secs] [Times: user=0.00 sys=0.00, real=0.01 secs] 
2020-02-15T12:11:10.993+0800: 388.425: [CMS-concurrent-abortable-preclean-start]
2020-02-15T12:11:12.924+0800: 390.356: Total time for which application threads were stopped: 0.0002408 seconds, Stopping threads took: 0.0000499 seconds
2020-02-15T12:11:14.924+0800: 392.357: Total time for which application threads were stopped: 0.0002055 seconds, Stopping threads took: 0.0000575 seconds
2020-02-15T12:11:15.925+0800: 393.357: Total time for which application threads were stopped: 0.0001895 seconds, Stopping threads took: 0.0000564 seconds
 CMS: abort preclean due to time 2020-02-15T12:11:16.030+0800: 393.462: [CMS-concurrent-abortable-preclean: 0.138/5.037 secs] [Times: user=0.24 sys=0.00, real=5.03 secs] 
2020-02-15T12:11:16.031+0800: 393.463: [GC (CMS Final Remark) [YG occupancy: 7398 K (19648 K)]2020-02-15T12:11:16.031+0800: 393.463: [Rescan (parallel) , 0.0079785 secs]2020-02-15T12:11:16.039+0800: 393.471: [weak refs processing, 0.0002725 secs]2020-02-15T12:11:16.039+0800: 393.471: [class unloading, 0.0134477 secs]2020-02-15T12:11:16.052+0800: 393.484: [scrub symbol table, 0.0112519 secs]2020-02-15T12:11:16.064+0800: 393.496: [scrub string table, 0.0009874 secs][1 CMS-remark: 37832K(43712K)] 45230K(63360K), 0.0344085 secs] [Times: user=0.03 sys=0.00, real=0.04 secs] 
2020-02-15T12:11:16.065+0800: 393.497: Total time for which application threads were stopped: 0.0345792 seconds, Stopping threads took: 0.0000409 seconds
2020-02-15T12:11:16.065+0800: 393.497: [CMS-concurrent-sweep-start]
2020-02-15T12:11:16.084+0800: 393.516: [CMS-concurrent-sweep: 0.019/0.019 secs] [Times: user=0.02 sys=0.00, real=0.02 secs] 
2020-02-15T12:11:16.084+0800: 393.516: [CMS-concurrent-reset-start]
2020-02-15T12:11:16.084+0800: 393.517: [CMS-concurrent-reset: 0.000/0.000 secs] [Times: user=0.00 sys=0.00, real=0.00 secs] 
2020-02-15T12:11:18.065+0800: 395.498: Total time for which application threads were stopped: 0.0002262 seconds, Stopping threads took: 0.0000518 seconds
2020-02-15T12:11:18.084+0800: 395.516: [GC (CMS Initial Mark) [1 CMS-initial-mark: 37832K(43712K)] 45750K(63360K), 0.0113386 secs] [Times: user=0.01 sys=0.00, real=0.01 secs] 
2020-02-15T12:11:18.095+0800: 395.527: Total time for which application threads were stopped: 0.0116185 seconds, Stopping threads took: 0.0000519 seconds
2020-02-15T12:11:18.095+0800: 395.527: [CMS-concurrent-mark-start]
2020-02-15T12:11:18.175+0800: 395.607: [CMS-concurrent-mark: 0.079/0.079 secs] [Times: user=0.08 sys=0.00, real=0.08 secs] 
2020-02-15T12:11:18.175+0800: 395.607: [CMS-concurrent-preclean-start]
2020-02-15T12:11:18.177+0800: 395.609: [CMS-concurrent-preclean: 0.002/0.002 secs] [Times: user=0.00 sys=0.00, real=0.00 secs] 
2020-02-15T12:11:18.177+0800: 395.609: [CMS-concurrent-abortable-preclean-start]
2020-02-15T12:11:21.096+0800: 398.528: Total time for which application threads were stopped: 0.0001913 seconds, Stopping threads took: 0.0000816 seconds
 CMS: abort preclean due to time 2020-02-15T12:11:23.259+0800: 400.691: [CMS-concurrent-abortable-preclean: 0.140/5.082 secs] [Times: user=0.17 sys=0.01, real=5.08 secs] 
2020-02-15T12:11:23.259+0800: 400.691: [GC (CMS Final Remark) [YG occupancy: 9722 K (19648 K)]2020-02-15T12:11:23.259+0800: 400.691: [Rescan (parallel) , 0.0097977 secs]2020-02-15T12:11:23.269+0800: 400.701: [weak refs processing, 0.0002793 secs]2020-02-15T12:11:23.269+0800: 400.701: [class unloading, 0.0170233 secs]2020-02-15T12:11:23.286+0800: 400.718: [scrub symbol table, 0.0138704 secs]2020-02-15T12:11:23.300+0800: 400.732: [scrub string table, 0.0010020 secs][1 CMS-remark: 37832K(43712K)] 47555K(63360K), 0.0425193 secs] [Times: user=0.04 sys=0.00, real=0.05 secs] 
2020-02-15T12:11:23.302+0800: 400.734: Total time for which application threads were stopped: 0.0427079 seconds, Stopping threads took: 0.0000528 seconds
2020-02-15T12:11:23.302+0800: 400.734: [CMS-concurrent-sweep-start]
2020-02-15T12:11:23.322+0800: 400.754: [CMS-concurrent-sweep: 0.020/0.020 secs] [Times: user=0.02 sys=0.00, real=0.02 secs] 
2020-02-15T12:11:23.322+0800: 400.754: [CMS-concurrent-reset-start]
2020-02-15T12:11:23.322+0800: 400.754: [CMS-concurrent-reset: 0.000/0.000 secs] [Times: user=0.00 sys=0.00, real=0.00 secs] 
2020-02-15T12:11:25.302+0800: 402.734: Total time for which application threads were stopped: 0.0001724 seconds, Stopping threads took: 0.0000461 seconds
2020-02-15T12:11:25.322+0800: 402.754: [GC (CMS Initial Mark) [1 CMS-initial-mark: 37832K(43712K)] 48878K(63360K), 0.0100835 secs] [Times: user=0.01 sys=0.00, real=0.01 secs] 
2020-02-15T12:11:25.332+0800: 402.765: Total time for which application threads were stopped: 0.0103850 seconds, Stopping threads took: 0.0000517 seconds
2020-02-15T12:11:25.332+0800: 402.765: [CMS-concurrent-mark-start]
2020-02-15T12:11:25.403+0800: 402.835: [CMS-concurrent-mark: 0.071/0.071 secs] [Times: user=0.07 sys=0.00, real=0.07 secs] 
2020-02-15T12:11:25.403+0800: 402.835: [CMS-concurrent-preclean-start]
2020-02-15T12:11:25.406+0800: 402.838: [CMS-concurrent-preclean: 0.002/0.002 secs] [Times: user=0.00 sys=0.00, real=0.00 secs] 
2020-02-15T12:11:25.406+0800: 402.838: [CMS-concurrent-abortable-preclean-start]
2020-02-15T12:11:28.333+0800: 405.765: Total time for which application threads were stopped: 0.0001720 seconds, Stopping threads took: 0.0000433 seconds
2020-02-15T12:11:30.333+0800: 407.765: Total time for which application threads were stopped: 0.0001712 seconds, Stopping threads took: 0.0000436 seconds
 CMS: abort preclean due to time 2020-02-15T12:11:30.439+0800: 407.871: [CMS-concurrent-abortable-preclean: 0.139/5.033 secs] [Times: user=0.18 sys=0.00, real=5.03 secs] 
2020-02-15T12:11:30.439+0800: 407.871: [GC (CMS Final Remark) [YG occupancy: 12347 K (19648 K)]2020-02-15T12:11:30.439+0800: 407.871: [Rescan (parallel) , 0.0103143 secs]2020-02-15T12:11:30.449+0800: 407.881: [weak refs processing, 0.0002628 secs]2020-02-15T12:11:30.450+0800: 407.882: [class unloading, 0.0129185 secs]2020-02-15T12:11:30.463+0800: 407.895: [scrub symbol table, 0.0108810 secs]2020-02-15T12:11:30.473+0800: 407.906: [scrub string table, 0.0009703 secs][1 CMS-remark: 37832K(43712K)] 50180K(63360K), 0.0358280 secs] [Times: user=0.04 sys=0.00, real=0.04 secs] 
2020-02-15T12:11:30.475+0800: 407.907: Total time for which application threads were stopped: 0.0360084 seconds, Stopping threads took: 0.0000410 seconds
2020-02-15T12:11:30.475+0800: 407.907: [CMS-concurrent-sweep-start]
2020-02-15T12:11:30.493+0800: 407.926: [CMS-concurrent-sweep: 0.019/0.019 secs] [Times: user=0.02 sys=0.00, real=0.02 secs] 
2020-02-15T12:11:30.494+0800: 407.926: [CMS-concurrent-reset-start]
2020-02-15T12:11:30.494+0800: 407.926: [CMS-concurrent-reset: 0.000/0.000 secs] [Times: user=0.00 sys=0.00, real=0.00 secs] 
2020-02-15T12:11:31.475+0800: 408.907: Total time for which application threads were stopped: 0.0002172 seconds, Stopping threads took: 0.0000724 seconds
2020-02-15T12:11:32.493+0800: 409.926: [GC (CMS Initial Mark) [1 CMS-initial-mark: 37832K(43712K)] 50485K(63360K), 0.0110497 secs] [Times: user=0.01 sys=0.00, real=0.01 secs] 
2020-02-15T12:11:32.505+0800: 409.937: Total time for which application threads were stopped: 0.0113183 seconds, Stopping threads took: 0.0000717 seconds
2020-02-15T12:11:32.505+0800: 409.937: [CMS-concurrent-mark-start]
2020-02-15T12:11:32.586+0800: 410.018: [CMS-concurrent-mark: 0.082/0.082 secs] [Times: user=0.07 sys=0.00, real=0.08 secs] 
2020-02-15T12:11:32.586+0800: 410.019: [CMS-concurrent-preclean-start]
2020-02-15T12:11:32.589+0800: 410.021: [CMS-concurrent-preclean: 0.002/0.002 secs] [Times: user=0.01 sys=0.00, real=0.00 secs] 
2020-02-15T12:11:32.589+0800: 410.021: [CMS-concurrent-abortable-preclean-start]
2020-02-15T12:11:35.505+0800: 412.937: Total time for which application threads were stopped: 0.0002272 seconds, Stopping threads took: 0.0000475 seconds
 CMS: abort preclean due to time 2020-02-15T12:11:37.677+0800: 415.109: [CMS-concurrent-abortable-preclean: 0.140/5.088 secs] [Times: user=0.18 sys=0.01, real=5.09 secs] 
2020-02-15T12:11:37.677+0800: 415.109: [GC (CMS Final Remark) [YG occupancy: 15200 K (19648 K)]2020-02-15T12:11:37.677+0800: 415.109: [Rescan (parallel) , 0.0120079 secs]2020-02-15T12:11:37.689+0800: 415.122: [weak refs processing, 0.0002638 secs]2020-02-15T12:11:37.690+0800: 415.122: [class unloading, 0.0135783 secs]2020-02-15T12:11:37.703+0800: 415.135: [scrub symbol table, 0.0114742 secs]2020-02-15T12:11:37.715+0800: 415.147: [scrub string table, 0.0011167 secs][1 CMS-remark: 37832K(43712K)] 53033K(63360K), 0.0389275 secs] [Times: user=0.04 sys=0.00, real=0.04 secs] 
2020-02-15T12:11:37.716+0800: 415.148: Total time for which application threads were stopped: 0.0391227 seconds, Stopping threads took: 0.0000392 seconds
2020-02-15T12:11:37.716+0800: 415.149: [CMS-concurrent-sweep-start]
2020-02-15T12:11:37.735+0800: 415.167: [CMS-concurrent-sweep: 0.019/0.019 secs] [Times: user=0.01 sys=0.00, real=0.02 secs] 
2020-02-15T12:11:37.735+0800: 415.167: [CMS-concurrent-reset-start]
2020-02-15T12:11:37.735+0800: 415.167: [CMS-concurrent-reset: 0.000/0.000 secs] [Times: user=0.00 sys=0.00, real=0.00 secs] 
2020-02-15T12:11:38.717+0800: 416.149: Total time for which application threads were stopped: 0.0002027 seconds, Stopping threads took: 0.0000525 seconds
2020-02-15T12:11:39.735+0800: 417.167: [GC (CMS Initial Mark) [1 CMS-initial-mark: 37832K(43712K)] 53265K(63360K), 0.0120812 secs] [Times: user=0.01 sys=0.00, real=0.01 secs] 
2020-02-15T12:11:39.747+0800: 417.179: Total time for which application threads were stopped: 0.0123198 seconds, Stopping threads took: 0.0000476 seconds
2020-02-15T12:11:39.748+0800: 417.180: [CMS-concurrent-mark-start]
2020-02-15T12:11:39.818+0800: 417.250: [CMS-concurrent-mark: 0.070/0.070 secs] [Times: user=0.07 sys=0.00, real=0.07 secs] 
2020-02-15T12:11:39.818+0800: 417.250: [CMS-concurrent-preclean-start]
2020-02-15T12:11:39.821+0800: 417.253: [CMS-concurrent-preclean: 0.002/0.002 secs] [Times: user=0.00 sys=0.00, real=0.00 secs] 
2020-02-15T12:11:39.821+0800: 417.253: [CMS-concurrent-abortable-preclean-start]
2020-02-15T12:11:42.748+0800: 420.180: Total time for which application threads were stopped: 0.0001940 seconds, Stopping threads took: 0.0000758 seconds
 CMS: abort preclean due to time 2020-02-15T12:11:44.910+0800: 422.342: [CMS-concurrent-abortable-preclean: 0.137/5.089 secs] [Times: user=0.17 sys=0.00, real=5.09 secs] 
2020-02-15T12:11:44.910+0800: 422.342: [GC (CMS Final Remark) [YG occupancy: 17450 K (19648 K)]2020-02-15T12:11:44.910+0800: 422.342: [Rescan (parallel) , 0.0133125 secs]2020-02-15T12:11:44.924+0800: 422.356: [weak refs processing, 0.0002591 secs]2020-02-15T12:11:44.924+0800: 422.356: [class unloading, 0.0132342 secs]2020-02-15T12:11:44.937+0800: 422.369: [scrub symbol table, 0.0109012 secs]2020-02-15T12:11:44.948+0800: 422.380: [scrub string table, 0.0010387 secs][1 CMS-remark: 37832K(43712K)] 55282K(63360K), 0.0392548 secs] [Times: user=0.04 sys=0.00, real=0.04 secs] 
2020-02-15T12:11:44.949+0800: 422.382: Total time for which application threads were stopped: 0.0394344 seconds, Stopping threads took: 0.0000389 seconds
2020-02-15T12:11:44.950+0800: 422.382: [CMS-concurrent-sweep-start]
2020-02-15T12:11:44.968+0800: 422.401: [CMS-concurrent-sweep: 0.019/0.019 secs] [Times: user=0.02 sys=0.00, real=0.02 secs] 
2020-02-15T12:11:44.968+0800: 422.401: [CMS-concurrent-reset-start]
2020-02-15T12:11:44.969+0800: 422.401: [CMS-concurrent-reset: 0.000/0.000 secs] [Times: user=0.00 sys=0.00, real=0.00 secs] 
2020-02-15T12:11:45.101+0800: 422.533: [GC (Allocation Failure) 2020-02-15T12:11:45.101+0800: 422.533: [ParNew
Desired survivor size 1114112 bytes, new threshold 6 (max 6)
- age   1:      52800 bytes,      52800 total
- age   2:       2176 bytes,      54976 total
- age   3:       5208 bytes,      60184 total
- age   4:       4752 bytes,      64936 total
- age   5:       7832 bytes,      72768 total
- age   6:       6744 bytes,      79512 total
: 17683K->84K(19648K), 0.0049626 secs] 55515K->37931K(63360K), 0.0050840 secs] [Times: user=0.00 sys=0.00, real=0.01 secs] 
2020-02-15T12:11:45.106+0800: 422.539: Total time for which application threads were stopped: 0.0053109 seconds, Stopping threads took: 0.0000367 seconds
2020-02-15T12:11:45.115+0800: 422.547: [GC (CMS Initial Mark) [1 CMS-initial-mark: 37847K(43712K)] 38490K(63360K), 0.0042042 secs] [Times: user=0.00 sys=0.00, real=0.00 secs] 
2020-02-15T12:11:45.119+0800: 422.551: Total time for which application threads were stopped: 0.0044291 seconds, Stopping threads took: 0.0000368 seconds
2020-02-15T12:11:45.119+0800: 422.551: [CMS-concurrent-mark-start]
2020-02-15T12:11:45.123+0800: 422.555: Total time for which application threads were stopped: 0.0001593 seconds, Stopping threads took: 0.0000426 seconds
2020-02-15T12:11:45.190+0800: 422.622: [CMS-concurrent-mark: 0.071/0.071 secs] [Times: user=0.07 sys=0.00, real=0.07 secs] 
2020-02-15T12:11:45.190+0800: 422.622: [CMS-concurrent-preclean-start]
2020-02-15T12:11:45.192+0800: 422.624: [CMS-concurrent-preclean: 0.002/0.002 secs] [Times: user=0.00 sys=0.00, real=0.01 secs] 
2020-02-15T12:11:45.192+0800: 422.624: [GC (CMS Final Remark) [YG occupancy: 643 K (19648 K)]2020-02-15T12:11:45.192+0800: 422.624: [Rescan (parallel) , 0.0028583 secs]2020-02-15T12:11:45.195+0800: 422.627: [weak refs processing, 0.0002420 secs]2020-02-15T12:11:45.195+0800: 422.628: [class unloading, 0.0128423 secs]2020-02-15T12:11:45.208+0800: 422.641: [scrub symbol table, 0.0123746 secs]2020-02-15T12:11:45.221+0800: 422.653: [scrub string table, 0.0009846 secs][1 CMS-remark: 37847K(43712K)] 38490K(63360K), 0.0297464 secs] [Times: user=0.03 sys=0.00, real=0.03 secs] 
2020-02-15T12:11:45.222+0800: 422.654: Total time for which application threads were stopped: 0.0299231 seconds, Stopping threads took: 0.0000403 seconds
2020-02-15T12:11:45.222+0800: 422.654: [CMS-concurrent-sweep-start]
2020-02-15T12:11:45.241+0800: 422.673: [CMS-concurrent-sweep: 0.018/0.018 secs] [Times: user=0.02 sys=0.00, real=0.01 secs] 
2020-02-15T12:11:45.241+0800: 422.673: [CMS-concurrent-reset-start]
2020-02-15T12:11:45.241+0800: 422.673: [CMS-concurrent-reset: 0.000/0.000 secs] [Times: user=0.00 sys=0.00, real=0.00 secs] 
2020-02-15T12:11:47.240+0800: 424.672: [GC (CMS Initial Mark) [1 CMS-initial-mark: 37847K(43712K)] 38663K(63360K), 0.0046832 secs] [Times: user=0.00 sys=0.00, real=0.01 secs] 
2020-02-15T12:11:47.245+0800: 424.677: Total time for which application threads were stopped: 0.0049316 seconds, Stopping threads took: 0.0000572 seconds
2020-02-15T12:11:47.245+0800: 424.677: [CMS-concurrent-mark-start]
2020-02-15T12:11:47.319+0800: 424.751: [CMS-concurrent-mark: 0.074/0.074 secs] [Times: user=0.07 sys=0.00, real=0.07 secs] 
2020-02-15T12:11:47.319+0800: 424.751: [CMS-concurrent-preclean-start]
2020-02-15T12:11:47.321+0800: 424.753: [CMS-concurrent-preclean: 0.002/0.002 secs] [Times: user=0.01 sys=0.00, real=0.00 secs] 
2020-02-15T12:11:47.321+0800: 424.753: [GC (CMS Final Remark) [YG occupancy: 816 K (19648 K)]2020-02-15T12:11:47.321+0800: 424.753: [Rescan (parallel) , 0.0032289 secs]2020-02-15T12:11:47.325+0800: 424.757: [weak refs processing, 0.0003243 secs]2020-02-15T12:11:47.325+0800: 424.757: [class unloading, 0.0287102 secs]2020-02-15T12:11:47.354+0800: 424.786: [scrub symbol table, 0.0126945 secs]2020-02-15T12:11:47.366+0800: 424.799: [scrub string table, 0.0009624 secs][1 CMS-remark: 37847K(43712K)] 38663K(63360K), 0.0463056 secs] [Times: user=0.03 sys=0.00, real=0.05 secs] 
2020-02-15T12:11:47.368+0800: 424.800: Total time for which application threads were stopped: 0.0465091 seconds, Stopping threads took: 0.0000532 seconds
2020-02-15T12:11:47.368+0800: 424.800: [CMS-concurrent-sweep-start]
2020-02-15T12:11:47.388+0800: 424.820: [CMS-concurrent-sweep: 0.020/0.020 secs] [Times: user=0.02 sys=0.00, real=0.02 secs] 
2020-02-15T12:11:47.388+0800: 424.820: [CMS-concurrent-reset-start]
2020-02-15T12:11:47.388+0800: 424.820: [CMS-concurrent-reset: 0.000/0.000 secs] [Times: user=0.00 sys=0.00, real=0.00 secs] 
2020-02-15T12:11:48.368+0800: 425.800: Total time for which application threads were stopped: 0.0001879 seconds, Stopping threads took: 0.0000444 seconds
2020-02-15T12:11:49.388+0800: 426.820: [GC (CMS Initial Mark) [1 CMS-initial-mark: 37847K(43712K)] 39477K(63360K), 0.0044843 secs] [Times: user=0.00 sys=0.00, real=0.01 secs] 
2020-02-15T12:11:49.393+0800: 426.825: Total time for which application threads were stopped: 0.0046740 seconds, Stopping threads took: 0.0000431 seconds
2020-02-15T12:11:49.393+0800: 426.825: [CMS-concurrent-mark-start]
2020-02-15T12:11:49.462+0800: 426.894: [CMS-concurrent-mark: 0.069/0.069 secs] [Times: user=0.07 sys=0.00, real=0.07 secs] 
2020-02-15T12:11:49.462+0800: 426.894: [CMS-concurrent-preclean-start]
2020-02-15T12:11:49.465+0800: 426.897: [CMS-concurrent-preclean: 0.002/0.002 secs] [Times: user=0.00 sys=0.00, real=0.00 secs] 
2020-02-15T12:11:49.465+0800: 426.897: [GC (CMS Final Remark) [YG occupancy: 1630 K (19648 K)]2020-02-15T12:11:49.465+0800: 426.897: [Rescan (parallel) , 0.0035742 secs]2020-02-15T12:11:49.468+0800: 426.901: [weak refs processing, 0.0002492 secs]2020-02-15T12:11:49.469+0800: 426.901: [class unloading, 0.0126289 secs]2020-02-15T12:11:49.481+0800: 426.913: [scrub symbol table, 0.0098220 secs]2020-02-15T12:11:49.491+0800: 426.923: [scrub string table, 0.0009681 secs][1 CMS-remark: 37847K(43712K)] 39477K(63360K), 0.0276159 secs] [Times: user=0.03 sys=0.00, real=0.03 secs] 
2020-02-15T12:11:49.492+0800: 426.925: Total time for which application threads were stopped: 0.0277813 seconds, Stopping threads took: 0.0000383 seconds
2020-02-15T12:11:49.493+0800: 426.925: [CMS-concurrent-sweep-start]
2020-02-15T12:11:49.511+0800: 426.943: [CMS-concurrent-sweep: 0.018/0.018 secs] [Times: user=0.02 sys=0.00, real=0.01 secs] 
2020-02-15T12:11:49.511+0800: 426.943: [CMS-concurrent-reset-start]
2020-02-15T12:11:49.511+0800: 426.943: [CMS-concurrent-reset: 0.000/0.000 secs] [Times: user=0.00 sys=0.00, real=0.00 secs] 
2020-02-15T12:11:51.510+0800: 428.942: [GC (CMS Initial Mark) [1 CMS-initial-mark: 37847K(43712K)] 40119K(63360K), 0.0050090 secs] [Times: user=0.01 sys=0.00, real=0.01 secs] 
2020-02-15T12:11:51.515+0800: 428.947: Total time for which application threads were stopped: 0.0052596 seconds, Stopping threads took: 0.0000872 seconds
2020-02-15T12:11:51.515+0800: 428.947: [CMS-concurrent-mark-start]
2020-02-15T12:11:51.595+0800: 429.027: [CMS-concurrent-mark: 0.080/0.080 secs] [Times: user=0.07 sys=0.00, real=0.08 secs] 
2020-02-15T12:11:51.595+0800: 429.027: [CMS-concurrent-preclean-start]
2020-02-15T12:11:51.598+0800: 429.030: [CMS-concurrent-preclean: 0.003/0.003 secs] [Times: user=0.01 sys=0.00, real=0.00 secs] 
2020-02-15T12:11:51.598+0800: 429.030: [CMS-concurrent-abortable-preclean-start]
2020-02-15T12:11:53.515+0800: 430.948: Total time for which application threads were stopped: 0.0001684 seconds, Stopping threads took: 0.0000590 seconds
2020-02-15T12:11:55.516+0800: 432.948: Total time for which application threads were stopped: 0.0001975 seconds, Stopping threads took: 0.0000434 seconds
 CMS: abort preclean due to time 2020-02-15T12:11:56.649+0800: 434.082: [CMS-concurrent-abortable-preclean: 0.134/5.052 secs] [Times: user=0.17 sys=0.01, real=5.05 secs] 
2020-02-15T12:11:56.650+0800: 434.082: [GC (CMS Final Remark) [YG occupancy: 4469 K (19648 K)]2020-02-15T12:11:56.650+0800: 434.082: [Rescan (parallel) , 0.0053360 secs]2020-02-15T12:11:56.655+0800: 434.087: [weak refs processing, 0.0003574 secs]2020-02-15T12:11:56.656+0800: 434.088: [class unloading, 0.0133122 secs]2020-02-15T12:11:56.669+0800: 434.101: [scrub symbol table, 0.0113868 secs]2020-02-15T12:11:56.680+0800: 434.112: [scrub string table, 0.0014155 secs][1 CMS-remark: 37847K(43712K)] 42316K(63360K), 0.0323182 secs] [Times: user=0.03 sys=0.00, real=0.04 secs] 
2020-02-15T12:11:56.682+0800: 434.114: Total time for which application threads were stopped: 0.0325193 seconds, Stopping threads took: 0.0000410 seconds
2020-02-15T12:11:56.682+0800: 434.114: [CMS-concurrent-sweep-start]
2020-02-15T12:11:56.710+0800: 434.143: [CMS-concurrent-sweep: 0.028/0.028 secs] [Times: user=0.02 sys=0.00, real=0.02 secs] 
2020-02-15T12:11:56.711+0800: 434.143: [CMS-concurrent-reset-start]
2020-02-15T12:11:56.711+0800: 434.143: [CMS-concurrent-reset: 0.000/0.000 secs] [Times: user=0.00 sys=0.00, real=0.00 secs] 
2020-02-15T12:11:58.710+0800: 436.142: [GC (CMS Initial Mark) [1 CMS-initial-mark: 37847K(43712K)] 42994K(63360K), 0.0069308 secs] [Times: user=0.01 sys=0.00, real=0.01 secs] 
2020-02-15T12:11:58.717+0800: 436.149: Total time for which application threads were stopped: 0.0071858 seconds, Stopping threads took: 0.0000492 seconds
2020-02-15T12:11:58.717+0800: 436.149: [CMS-concurrent-mark-start]
2020-02-15T12:11:58.789+0800: 436.221: [CMS-concurrent-mark: 0.072/0.072 secs] [Times: user=0.07 sys=0.00, real=0.07 secs] 
2020-02-15T12:11:58.789+0800: 436.221: [CMS-concurrent-preclean-start]
2020-02-15T12:11:58.791+0800: 436.223: [CMS-concurrent-preclean: 0.002/0.002 secs] [Times: user=0.00 sys=0.00, real=0.00 secs] 
2020-02-15T12:11:58.791+0800: 436.223: [CMS-concurrent-abortable-preclean-start]
2020-02-15T12:12:00.718+0800: 438.151: Total time for which application threads were stopped: 0.0001954 seconds, Stopping threads took: 0.0000449 seconds
 CMS: abort preclean due to time 2020-02-15T12:12:03.814+0800: 441.246: [CMS-concurrent-abortable-preclean: 0.140/5.023 secs] [Times: user=0.17 sys=0.00, real=5.03 secs] 
2020-02-15T12:12:03.814+0800: 441.246: [GC (CMS Final Remark) [YG occupancy: 6802 K (19648 K)]2020-02-15T12:12:03.814+0800: 441.246: [Rescan (parallel) , 0.0085474 secs]2020-02-15T12:12:03.823+0800: 441.255: [weak refs processing, 0.0003089 secs]2020-02-15T12:12:03.823+0800: 441.255: [class unloading, 0.0142882 secs]2020-02-15T12:12:03.838+0800: 441.270: [scrub symbol table, 0.0114802 secs]2020-02-15T12:12:03.849+0800: 441.281: [scrub string table, 0.0010092 secs][1 CMS-remark: 37847K(43712K)] 44649K(63360K), 0.0360532 secs] [Times: user=0.04 sys=0.00, real=0.03 secs] 
2020-02-15T12:12:03.850+0800: 441.282: Total time for which application threads were stopped: 0.0362433 seconds, Stopping threads took: 0.0000399 seconds
2020-02-15T12:12:03.851+0800: 441.283: [CMS-concurrent-sweep-start]
2020-02-15T12:12:03.870+0800: 441.302: [CMS-concurrent-sweep: 0.019/0.019 secs] [Times: user=0.02 sys=0.00, real=0.02 secs] 
2020-02-15T12:12:03.870+0800: 441.302: [CMS-concurrent-reset-start]
2020-02-15T12:12:03.870+0800: 441.302: [CMS-concurrent-reset: 0.000/0.000 secs] [Times: user=0.00 sys=0.00, real=0.00 secs] 
2020-02-15T12:12:05.851+0800: 443.283: Total time for which application threads were stopped: 0.0001705 seconds, Stopping threads took: 0.0000466 seconds
2020-02-15T12:12:05.870+0800: 443.302: [GC (CMS Initial Mark) [1 CMS-initial-mark: 37847K(43712K)] 45858K(63360K), 0.0088457 secs] [Times: user=0.00 sys=0.00, real=0.01 secs] 
2020-02-15T12:12:05.879+0800: 443.311: Total time for which application threads were stopped: 0.0090791 seconds, Stopping threads took: 0.0000486 seconds
2020-02-15T12:12:05.879+0800: 443.311: [CMS-concurrent-mark-start]
2020-02-15T12:12:05.957+0800: 443.389: [CMS-concurrent-mark: 0.078/0.078 secs] [Times: user=0.08 sys=0.00, real=0.08 secs] 
2020-02-15T12:12:05.957+0800: 443.389: [CMS-concurrent-preclean-start]
2020-02-15T12:12:05.960+0800: 443.392: [CMS-concurrent-preclean: 0.003/0.003 secs] [Times: user=0.00 sys=0.00, real=0.00 secs] 
2020-02-15T12:12:05.960+0800: 443.392: [CMS-concurrent-abortable-preclean-start]
 CMS: abort preclean due to time 2020-02-15T12:12:11.003+0800: 448.435: [CMS-concurrent-abortable-preclean: 0.138/5.043 secs] [Times: user=0.16 sys=0.00, real=5.05 secs] 
2020-02-15T12:12:11.003+0800: 448.436: [GC (CMS Final Remark) [YG occupancy: 9632 K (19648 K)]2020-02-15T12:12:11.004+0800: 448.436: [Rescan (parallel) , 0.0092419 secs]2020-02-15T12:12:11.013+0800: 448.445: [weak refs processing, 0.0003758 secs]2020-02-15T12:12:11.013+0800: 448.445: [class unloading, 0.0171817 secs]2020-02-15T12:12:11.030+0800: 448.463: [scrub symbol table, 0.0108806 secs]2020-02-15T12:12:11.041+0800: 448.473: [scrub string table, 0.0012226 secs][1 CMS-remark: 37847K(43712K)] 47479K(63360K), 0.0393789 secs] [Times: user=0.03 sys=0.01, real=0.04 secs] 
2020-02-15T12:12:11.043+0800: 448.475: Total time for which application threads were stopped: 0.0395693 seconds, Stopping threads took: 0.0000398 seconds
2020-02-15T12:12:11.043+0800: 448.475: [CMS-concurrent-sweep-start]
2020-02-15T12:12:11.062+0800: 448.494: [CMS-concurrent-sweep: 0.019/0.019 secs] [Times: user=0.02 sys=0.00, real=0.02 secs] 
2020-02-15T12:12:11.062+0800: 448.494: [CMS-concurrent-reset-start]
2020-02-15T12:12:11.062+0800: 448.495: [CMS-concurrent-reset: 0.000/0.000 secs] [Times: user=0.00 sys=0.00, real=0.00 secs] 
2020-02-15T12:12:13.062+0800: 450.494: [GC (CMS Initial Mark) [1 CMS-initial-mark: 37847K(43712K)] 48005K(63360K), 0.0100947 secs] [Times: user=0.01 sys=0.00, real=0.01 secs] 
2020-02-15T12:12:13.072+0800: 450.504: Total time for which application threads were stopped: 0.0103529 seconds, Stopping threads took: 0.0000692 seconds
2020-02-15T12:12:13.072+0800: 450.504: [CMS-concurrent-mark-start]
2020-02-15T12:12:13.148+0800: 450.580: [CMS-concurrent-mark: 0.076/0.076 secs] [Times: user=0.08 sys=0.00, real=0.07 secs] 
2020-02-15T12:12:13.148+0800: 450.580: [CMS-concurrent-preclean-start]
2020-02-15T12:12:13.151+0800: 450.583: [CMS-concurrent-preclean: 0.003/0.003 secs] [Times: user=0.00 sys=0.00, real=0.00 secs] 
2020-02-15T12:12:13.151+0800: 450.583: [CMS-concurrent-abortable-preclean-start]
2020-02-15T12:12:14.072+0800: 451.504: Total time for which application threads were stopped: 0.0001810 seconds, Stopping threads took: 0.0000553 seconds
2020-02-15T12:12:16.073+0800: 453.505: Total time for which application threads were stopped: 0.0001975 seconds, Stopping threads took: 0.0000507 seconds
2020-02-15T12:12:18.073+0800: 455.505: Total time for which application threads were stopped: 0.0001764 seconds, Stopping threads took: 0.0000457 seconds
 CMS: abort preclean due to time 2020-02-15T12:12:18.178+0800: 455.611: [CMS-concurrent-abortable-preclean: 0.138/5.028 secs] [Times: user=0.17 sys=0.00, real=5.03 secs] 
2020-02-15T12:12:18.179+0800: 455.611: [GC (CMS Final Remark) [YG occupancy: 12278 K (19648 K)]2020-02-15T12:12:18.179+0800: 455.611: [Rescan (parallel) , 0.0109890 secs]2020-02-15T12:12:18.190+0800: 455.622: [weak refs processing, 0.0002810 secs]2020-02-15T12:12:18.190+0800: 455.622: [class unloading, 0.0168865 secs]2020-02-15T12:12:18.207+0800: 455.639: [scrub symbol table, 0.0154184 secs]2020-02-15T12:12:18.222+0800: 455.655: [scrub string table, 0.0010603 secs][1 CMS-remark: 37847K(43712K)] 50125K(63360K), 0.0450817 secs] [Times: user=0.04 sys=0.00, real=0.05 secs] 
2020-02-15T12:12:18.224+0800: 455.656: Total time for which application threads were stopped: 0.0452612 seconds, Stopping threads took: 0.0000407 seconds
2020-02-15T12:12:18.224+0800: 455.656: [CMS-concurrent-sweep-start]
2020-02-15T12:12:18.243+0800: 455.675: [CMS-concurrent-sweep: 0.019/0.019 secs] [Times: user=0.02 sys=0.00, real=0.02 secs] 
2020-02-15T12:12:18.243+0800: 455.675: [CMS-concurrent-reset-start]
2020-02-15T12:12:18.243+0800: 455.675: [CMS-concurrent-reset: 0.000/0.000 secs] [Times: user=0.00 sys=0.00, real=0.00 secs] 
2020-02-15T12:12:20.242+0800: 457.675: [GC (CMS Initial Mark) [1 CMS-initial-mark: 37847K(43712K)] 50370K(63360K), 0.0161539 secs] [Times: user=0.02 sys=0.00, real=0.01 secs] 
2020-02-15T12:12:20.259+0800: 457.691: Total time for which application threads were stopped: 0.0164586 seconds, Stopping threads took: 0.0000730 seconds
2020-02-15T12:12:20.259+0800: 457.691: [CMS-concurrent-mark-start]
2020-02-15T12:12:20.411+0800: 457.843: [CMS-concurrent-mark: 0.152/0.152 secs] [Times: user=0.14 sys=0.00, real=0.15 secs] 
2020-02-15T12:12:20.411+0800: 457.843: [CMS-concurrent-preclean-start]
2020-02-15T12:12:20.414+0800: 457.846: [CMS-concurrent-preclean: 0.003/0.003 secs] [Times: user=0.00 sys=0.00, real=0.01 secs] 
2020-02-15T12:12:20.414+0800: 457.846: [CMS-concurrent-abortable-preclean-start]
2020-02-15T12:12:25.259+0800: 462.692: Total time for which application threads were stopped: 0.0001664 seconds, Stopping threads took: 0.0000452 seconds
 CMS: abort preclean due to time 2020-02-15T12:12:25.468+0800: 462.900: [CMS-concurrent-abortable-preclean: 0.142/5.053 secs] [Times: user=0.18 sys=0.00, real=5.05 secs] 
2020-02-15T12:12:25.468+0800: 462.900: [GC (CMS Final Remark) [YG occupancy: 15389 K (19648 K)]2020-02-15T12:12:25.468+0800: 462.900: [Rescan (parallel) , 0.0125641 secs]2020-02-15T12:12:25.480+0800: 462.913: [weak refs processing, 0.0002585 secs]2020-02-15T12:12:25.481+0800: 462.913: [class unloading, 0.0136648 secs]2020-02-15T12:12:25.494+0800: 462.927: [scrub symbol table, 0.0117019 secs]2020-02-15T12:12:25.506+0800: 462.938: [scrub string table, 0.0009625 secs][1 CMS-remark: 37847K(43712K)] 53236K(63360K), 0.0395764 secs] [Times: user=0.04 sys=0.00, real=0.04 secs] 
2020-02-15T12:12:25.507+0800: 462.940: Total time for which application threads were stopped: 0.0397499 seconds, Stopping threads took: 0.0000410 seconds
2020-02-15T12:12:25.508+0800: 462.940: [CMS-concurrent-sweep-start]
2020-02-15T12:12:25.526+0800: 462.958: [CMS-concurrent-sweep: 0.018/0.018 secs] [Times: user=0.02 sys=0.00, real=0.02 secs] 
2020-02-15T12:12:25.526+0800: 462.958: [CMS-concurrent-reset-start]
2020-02-15T12:12:25.526+0800: 462.958: [CMS-concurrent-reset: 0.000/0.000 secs] [Times: user=0.00 sys=0.00, real=0.00 secs] 
2020-02-15T12:12:27.525+0800: 464.957: [GC (CMS Initial Mark) [1 CMS-initial-mark: 37847K(43712K)] 53238K(63360K), 0.0121731 secs] [Times: user=0.02 sys=0.00, real=0.01 secs] 
2020-02-15T12:12:27.537+0800: 464.969: Total time for which application threads were stopped: 0.0124358 seconds, Stopping threads took: 0.0000637 seconds
2020-02-15T12:12:27.537+0800: 464.969: [CMS-concurrent-mark-start]
2020-02-15T12:12:27.608+0800: 465.041: [CMS-concurrent-mark: 0.071/0.071 secs] [Times: user=0.07 sys=0.00, real=0.07 secs] 
2020-02-15T12:12:27.608+0800: 465.041: [CMS-concurrent-preclean-start]
2020-02-15T12:12:27.614+0800: 465.046: [CMS-concurrent-preclean: 0.005/0.005 secs] [Times: user=0.00 sys=0.00, real=0.01 secs] 
2020-02-15T12:12:27.614+0800: 465.046: [CMS-concurrent-abortable-preclean-start]
2020-02-15T12:12:28.538+0800: 465.970: Total time for which application threads were stopped: 0.0001673 seconds, Stopping threads took: 0.0000461 seconds
 CMS: abort preclean due to time 2020-02-15T12:12:32.654+0800: 470.086: [CMS-concurrent-abortable-preclean: 0.136/5.040 secs] [Times: user=0.16 sys=0.00, real=5.04 secs] 
2020-02-15T12:12:32.655+0800: 470.087: [GC (CMS Final Remark) [YG occupancy: 16836 K (19648 K)]2020-02-15T12:12:32.655+0800: 470.087: [Rescan (parallel) , 0.0141379 secs]2020-02-15T12:12:32.669+0800: 470.101: [weak refs processing, 0.0002792 secs]2020-02-15T12:12:32.669+0800: 470.101: [class unloading, 0.0135777 secs]2020-02-15T12:12:32.683+0800: 470.115: [scrub symbol table, 0.0102312 secs]2020-02-15T12:12:32.693+0800: 470.125: [scrub string table, 0.0010914 secs][1 CMS-remark: 37847K(43712K)] 54683K(63360K), 0.0397562 secs] [Times: user=0.04 sys=0.00, real=0.04 secs] 
2020-02-15T12:12:32.694+0800: 470.126: Total time for which application threads were stopped: 0.0399209 seconds, Stopping threads took: 0.0000388 seconds
2020-02-15T12:12:32.694+0800: 470.127: [CMS-concurrent-sweep-start]
2020-02-15T12:12:32.713+0800: 470.145: [CMS-concurrent-sweep: 0.019/0.019 secs] [Times: user=0.02 sys=0.00, real=0.02 secs] 
2020-02-15T12:12:32.713+0800: 470.145: [CMS-concurrent-reset-start]
2020-02-15T12:12:32.713+0800: 470.145: [CMS-concurrent-reset: 0.000/0.000 secs] [Times: user=0.00 sys=0.00, real=0.00 secs] 
2020-02-15T12:12:33.658+0800: 471.090: [GC (Allocation Failure) 2020-02-15T12:12:33.658+0800: 471.090: [ParNew
Desired survivor size 1114112 bytes, new threshold 6 (max 6)
- age   1:      29616 bytes,      29616 total
- age   2:       1664 bytes,      31280 total
- age   3:       2056 bytes,      33336 total
- age   4:       5208 bytes,      38544 total
- age   5:       4752 bytes,      43296 total
- age   6:       7832 bytes,      51128 total
: 17556K->79K(19648K), 0.0047407 secs] 55403K->37933K(63360K), 0.0048396 secs] [Times: user=0.00 sys=0.00, real=0.01 secs] 
2020-02-15T12:12:33.663+0800: 471.095: Total time for which application threads were stopped: 0.0050619 seconds, Stopping threads took: 0.0000398 seconds
2020-02-15T12:12:33.665+0800: 471.097: [GC (CMS Initial Mark) [1 CMS-initial-mark: 37853K(43712K)] 38072K(63360K), 0.0033501 secs] [Times: user=0.01 sys=0.00, real=0.00 secs] 
2020-02-15T12:12:33.668+0800: 471.100: Total time for which application threads were stopped: 0.0034688 seconds, Stopping threads took: 0.0000168 seconds
2020-02-15T12:12:33.668+0800: 471.100: [CMS-concurrent-mark-start]
2020-02-15T12:12:33.673+0800: 471.105: Total time for which application threads were stopped: 0.0001066 seconds, Stopping threads took: 0.0000218 seconds
2020-02-15T12:12:33.673+0800: 471.105: Total time for which application threads were stopped: 0.0000414 seconds, Stopping threads took: 0.0000078 seconds
2020-02-15T12:12:33.673+0800: 471.105: Total time for which application threads were stopped: 0.0000451 seconds, Stopping threads took: 0.0000070 seconds
2020-02-15T12:12:33.738+0800: 471.170: [CMS-concurrent-mark: 0.070/0.070 secs] [Times: user=0.07 sys=0.00, real=0.07 secs] 
2020-02-15T12:12:33.738+0800: 471.170: [CMS-concurrent-preclean-start]
2020-02-15T12:12:33.741+0800: 471.173: [CMS-concurrent-preclean: 0.002/0.002 secs] [Times: user=0.00 sys=0.00, real=0.00 secs] 
2020-02-15T12:12:33.741+0800: 471.173: [GC (CMS Final Remark) [YG occupancy: 218 K (19648 K)]2020-02-15T12:12:33.741+0800: 471.173: [Rescan (parallel) , 0.0021425 secs]2020-02-15T12:12:33.743+0800: 471.175: [weak refs processing, 0.0002366 secs]2020-02-15T12:12:33.743+0800: 471.175: [class unloading, 0.0130807 secs]2020-02-15T12:12:33.756+0800: 471.188: [scrub symbol table, 0.0109075 secs]2020-02-15T12:12:33.767+0800: 471.199: [scrub string table, 0.0009740 secs][1 CMS-remark: 37853K(43712K)] 38072K(63360K), 0.0277759 secs] [Times: user=0.02 sys=0.00, real=0.03 secs] 
2020-02-15T12:12:33.769+0800: 471.201: Total time for which application threads were stopped: 0.0279407 seconds, Stopping threads took: 0.0000387 seconds
2020-02-15T12:12:33.769+0800: 471.201: [CMS-concurrent-sweep-start]
2020-02-15T12:12:33.787+0800: 471.220: [CMS-concurrent-sweep: 0.019/0.019 secs] [Times: user=0.02 sys=0.00, real=0.02 secs] 
2020-02-15T12:12:33.787+0800: 471.220: [CMS-concurrent-reset-start]
2020-02-15T12:12:33.788+0800: 471.220: [CMS-concurrent-reset: 0.000/0.000 secs] [Times: user=0.00 sys=0.00, real=0.00 secs] 
2020-02-15T12:12:35.770+0800: 473.203: Total time for which application threads were stopped: 0.0002201 seconds, Stopping threads took: 0.0000540 seconds
2020-02-15T12:12:35.788+0800: 473.220: [GC (CMS Initial Mark) [1 CMS-initial-mark: 37853K(43712K)] 39332K(63360K), 0.0049453 secs] [Times: user=0.00 sys=0.00, real=0.01 secs] 
2020-02-15T12:12:35.793+0800: 473.225: Total time for which application threads were stopped: 0.0051393 seconds, Stopping threads took: 0.0000456 seconds
2020-02-15T12:12:35.793+0800: 473.225: [CMS-concurrent-mark-start]
2020-02-15T12:12:35.866+0800: 473.299: [CMS-concurrent-mark: 0.074/0.074 secs] [Times: user=0.07 sys=0.00, real=0.07 secs] 
2020-02-15T12:12:35.866+0800: 473.299: [CMS-concurrent-preclean-start]
2020-02-15T12:12:35.869+0800: 473.301: [CMS-concurrent-preclean: 0.002/0.002 secs] [Times: user=0.01 sys=0.00, real=0.00 secs] 
2020-02-15T12:12:35.869+0800: 473.301: [GC (CMS Final Remark) [YG occupancy: 1481 K (19648 K)]2020-02-15T12:12:35.869+0800: 473.301: [Rescan (parallel) , 0.0031893 secs]2020-02-15T12:12:35.872+0800: 473.304: [weak refs processing, 0.0004488 secs]2020-02-15T12:12:35.873+0800: 473.305: [class unloading, 0.0133745 secs]2020-02-15T12:12:35.886+0800: 473.318: [scrub symbol table, 0.0104079 secs]2020-02-15T12:12:35.897+0800: 473.329: [scrub string table, 0.0010644 secs][1 CMS-remark: 37853K(43712K)] 39334K(63360K), 0.0288346 secs] [Times: user=0.02 sys=0.00, real=0.03 secs] 
2020-02-15T12:12:35.898+0800: 473.330: Total time for which application threads were stopped: 0.0290186 seconds, Stopping threads took: 0.0000394 seconds
2020-02-15T12:12:35.898+0800: 473.330: [CMS-concurrent-sweep-start]
2020-02-15T12:12:35.917+0800: 473.349: [CMS-concurrent-sweep: 0.019/0.019 secs] [Times: user=0.02 sys=0.00, real=0.02 secs] 
2020-02-15T12:12:35.917+0800: 473.349: [CMS-concurrent-reset-start]
2020-02-15T12:12:35.917+0800: 473.349: [CMS-concurrent-reset: 0.000/0.000 secs] [Times: user=0.00 sys=0.00, real=0.00 secs] 
2020-02-15T12:12:36.898+0800: 474.330: Total time for which application threads were stopped: 0.0002109 seconds, Stopping threads took: 0.0000739 seconds
2020-02-15T12:12:37.899+0800: 475.331: Total time for which application threads were stopped: 0.0001679 seconds, Stopping threads took: 0.0000443 seconds
2020-02-15T12:12:37.917+0800: 475.349: [GC (CMS Initial Mark) [1 CMS-initial-mark: 37853K(43712K)] 40234K(63360K), 0.0051664 secs] [Times: user=0.00 sys=0.00, real=0.01 secs] 
2020-02-15T12:12:37.922+0800: 475.354: Total time for which application threads were stopped: 0.0053898 seconds, Stopping threads took: 0.0000565 seconds
2020-02-15T12:12:37.922+0800: 475.354: [CMS-concurrent-mark-start]
2020-02-15T12:12:37.997+0800: 475.429: [CMS-concurrent-mark: 0.075/0.075 secs] [Times: user=0.07 sys=0.00, real=0.07 secs] 
2020-02-15T12:12:37.997+0800: 475.429: [CMS-concurrent-preclean-start]
2020-02-15T12:12:38.000+0800: 475.432: [CMS-concurrent-preclean: 0.003/0.003 secs] [Times: user=0.01 sys=0.00, real=0.00 secs] 
2020-02-15T12:12:38.000+0800: 475.432: [CMS-concurrent-abortable-preclean-start]
2020-02-15T12:12:39.923+0800: 477.355: Total time for which application threads were stopped: 0.0001676 seconds, Stopping threads took: 0.0000525 seconds
2020-02-15T12:12:40.923+0800: 478.355: Total time for which application threads were stopped: 0.0002099 seconds, Stopping threads took: 0.0000540 seconds
 CMS: abort preclean due to time 2020-02-15T12:12:43.088+0800: 480.520: [CMS-concurrent-abortable-preclean: 0.123/5.088 secs] [Times: user=0.15 sys=0.00, real=5.09 secs] 
2020-02-15T12:12:43.088+0800: 480.520: [GC (CMS Final Remark) [YG occupancy: 3848 K (19648 K)]2020-02-15T12:12:43.088+0800: 480.521: [Rescan (parallel) , 0.0053555 secs]2020-02-15T12:12:43.094+0800: 480.526: [weak refs processing, 0.0002657 secs]2020-02-15T12:12:43.094+0800: 480.526: [class unloading, 0.0131494 secs]2020-02-15T12:12:43.107+0800: 480.539: [scrub symbol table, 0.0129822 secs]2020-02-15T12:12:43.120+0800: 480.552: [scrub string table, 0.0013753 secs][1 CMS-remark: 37853K(43712K)] 41702K(63360K), 0.0335954 secs] [Times: user=0.03 sys=0.00, real=0.04 secs] 
2020-02-15T12:12:43.122+0800: 480.554: Total time for which application threads were stopped: 0.0338100 seconds, Stopping threads took: 0.0000388 seconds
2020-02-15T12:12:43.122+0800: 480.554: [CMS-concurrent-sweep-start]
2020-02-15T12:12:43.142+0800: 480.574: [CMS-concurrent-sweep: 0.020/0.020 secs] [Times: user=0.02 sys=0.00, real=0.02 secs] 
2020-02-15T12:12:43.142+0800: 480.575: [CMS-concurrent-reset-start]
2020-02-15T12:12:43.143+0800: 480.575: [CMS-concurrent-reset: 0.000/0.000 secs] [Times: user=0.00 sys=0.00, real=0.00 secs] 
2020-02-15T12:12:45.142+0800: 482.574: [GC (CMS Initial Mark) [1 CMS-initial-mark: 37853K(43712K)] 42252K(63360K), 0.0062576 secs] [Times: user=0.00 sys=0.00, real=0.00 secs] 
2020-02-15T12:12:45.148+0800: 482.580: Total time for which application threads were stopped: 0.0064680 seconds, Stopping threads took: 0.0000447 seconds
2020-02-15T12:12:45.148+0800: 482.580: [CMS-concurrent-mark-start]
2020-02-15T12:12:45.220+0800: 482.653: [CMS-concurrent-mark: 0.072/0.072 secs] [Times: user=0.07 sys=0.00, real=0.07 secs] 
2020-02-15T12:12:45.221+0800: 482.653: [CMS-concurrent-preclean-start]
2020-02-15T12:12:45.223+0800: 482.655: [CMS-concurrent-preclean: 0.002/0.002 secs] [Times: user=0.01 sys=0.00, real=0.01 secs] 
2020-02-15T12:12:45.223+0800: 482.655: [CMS-concurrent-abortable-preclean-start]
2020-02-15T12:12:46.148+0800: 483.581: Total time for which application threads were stopped: 0.0001565 seconds, Stopping threads took: 0.0000398 seconds
 CMS: abort preclean due to time 2020-02-15T12:12:50.251+0800: 487.683: [CMS-concurrent-abortable-preclean: 0.121/5.028 secs] [Times: user=0.15 sys=0.00, real=5.02 secs] 
2020-02-15T12:12:50.251+0800: 487.683: [GC (CMS Final Remark) [YG occupancy: 6056 K (19648 K)]2020-02-15T12:12:50.251+0800: 487.683: [Rescan (parallel) , 0.0068147 secs]2020-02-15T12:12:50.258+0800: 487.690: [weak refs processing, 0.0002713 secs]2020-02-15T12:12:50.258+0800: 487.690: [class unloading, 0.0144081 secs]2020-02-15T12:12:50.273+0800: 487.705: [scrub symbol table, 0.0113589 secs]2020-02-15T12:12:50.284+0800: 487.716: [scrub string table, 0.0010268 secs][1 CMS-remark: 37853K(43712K)] 43909K(63360K), 0.0342850 secs] [Times: user=0.04 sys=0.00, real=0.04 secs] 
2020-02-15T12:12:50.285+0800: 487.717: Total time for which application threads were stopped: 0.0344678 seconds, Stopping threads took: 0.0000408 seconds
2020-02-15T12:12:50.285+0800: 487.717: [CMS-concurrent-sweep-start]
2020-02-15T12:12:50.304+0800: 487.737: [CMS-concurrent-sweep: 0.019/0.019 secs] [Times: user=0.02 sys=0.00, real=0.02 secs] 
2020-02-15T12:12:50.305+0800: 487.737: [CMS-concurrent-reset-start]
2020-02-15T12:12:50.305+0800: 487.737: [CMS-concurrent-reset: 0.000/0.000 secs] [Times: user=0.00 sys=0.00, real=0.00 secs] 
2020-02-15T12:12:51.286+0800: 488.718: Total time for which application threads were stopped: 0.0001800 seconds, Stopping threads took: 0.0000454 seconds
2020-02-15T12:12:52.286+0800: 489.718: Total time for which application threads were stopped: 0.0001520 seconds, Stopping threads took: 0.0000432 seconds
2020-02-15T12:12:52.304+0800: 489.736: [GC (CMS Initial Mark) [1 CMS-initial-mark: 37853K(43712K)] 44797K(63360K), 0.0073460 secs] [Times: user=0.01 sys=0.00, real=0.01 secs] 
2020-02-15T12:12:52.312+0800: 489.744: Total time for which application threads were stopped: 0.0075484 seconds, Stopping threads took: 0.0000427 seconds
2020-02-15T12:12:52.312+0800: 489.744: [CMS-concurrent-mark-start]
2020-02-15T12:12:52.381+0800: 489.813: [CMS-concurrent-mark: 0.070/0.070 secs] [Times: user=0.07 sys=0.00, real=0.06 secs] 
2020-02-15T12:12:52.381+0800: 489.813: [CMS-concurrent-preclean-start]
2020-02-15T12:12:52.384+0800: 489.816: [CMS-concurrent-preclean: 0.003/0.003 secs] [Times: user=0.00 sys=0.00, real=0.01 secs] 
2020-02-15T12:12:52.384+0800: 489.816: [CMS-concurrent-abortable-preclean-start]
2020-02-15T12:12:55.312+0800: 492.744: Total time for which application threads were stopped: 0.0001876 seconds, Stopping threads took: 0.0000451 seconds
2020-02-15T12:12:56.312+0800: 493.744: Total time for which application threads were stopped: 0.0001840 seconds, Stopping threads took: 0.0000710 seconds
 CMS: abort preclean due to time 2020-02-15T12:12:57.442+0800: 494.874: [CMS-concurrent-abortable-preclean: 0.121/5.058 secs] [Times: user=0.16 sys=0.00, real=5.06 secs] 
2020-02-15T12:12:57.442+0800: 494.874: [GC (CMS Final Remark) [YG occupancy: 8934 K (19648 K)]2020-02-15T12:12:57.442+0800: 494.874: [Rescan (parallel) , 0.0087138 secs]2020-02-15T12:12:57.451+0800: 494.883: [weak refs processing, 0.0002756 secs]2020-02-15T12:12:57.451+0800: 494.883: [class unloading, 0.0263520 secs]2020-02-15T12:12:57.477+0800: 494.910: [scrub symbol table, 0.0129111 secs]2020-02-15T12:12:57.490+0800: 494.923: [scrub string table, 0.0030177 secs][1 CMS-remark: 37853K(43712K)] 46787K(63360K), 0.0517145 secs] [Times: user=0.03 sys=0.00, real=0.05 secs] 
2020-02-15T12:12:57.494+0800: 494.926: Total time for which application threads were stopped: 0.0519202 seconds, Stopping threads took: 0.0000672 seconds
2020-02-15T12:12:57.494+0800: 494.926: [CMS-concurrent-sweep-start]
2020-02-15T12:12:57.513+0800: 494.945: [CMS-concurrent-sweep: 0.019/0.019 secs] [Times: user=0.02 sys=0.00, real=0.02 secs] 
2020-02-15T12:12:57.513+0800: 494.945: [CMS-concurrent-reset-start]
2020-02-15T12:12:57.513+0800: 494.945: [CMS-concurrent-reset: 0.000/0.000 secs] [Times: user=0.00 sys=0.00, real=0.00 secs] 
2020-02-15T12:12:58.494+0800: 495.926: Total time for which application threads were stopped: 0.0002133 seconds, Stopping threads took: 0.0000536 seconds
2020-02-15T12:12:59.512+0800: 496.944: [GC (CMS Initial Mark) [1 CMS-initial-mark: 37853K(43712K)] 47494K(63360K), 0.0083966 secs] [Times: user=0.01 sys=0.00, real=0.00 secs] 
2020-02-15T12:12:59.521+0800: 496.953: Total time for which application threads were stopped: 0.0085911 seconds, Stopping threads took: 0.0000501 seconds
2020-02-15T12:12:59.521+0800: 496.953: [CMS-concurrent-mark-start]
2020-02-15T12:12:59.585+0800: 497.017: [CMS-concurrent-mark: 0.064/0.064 secs] [Times: user=0.06 sys=0.00, real=0.07 secs] 
2020-02-15T12:12:59.585+0800: 497.017: [CMS-concurrent-preclean-start]
2020-02-15T12:12:59.588+0800: 497.020: [CMS-concurrent-preclean: 0.002/0.002 secs] [Times: user=0.00 sys=0.00, real=0.00 secs] 
2020-02-15T12:12:59.588+0800: 497.020: [CMS-concurrent-abortable-preclean-start]
2020-02-15T12:13:01.522+0800: 498.954: Total time for which application threads were stopped: 0.0001527 seconds, Stopping threads took: 0.0000431 seconds
2020-02-15T12:13:03.528+0800: 500.960: Total time for which application threads were stopped: 0.0001756 seconds, Stopping threads took: 0.0000459 seconds
 CMS: abort preclean due to time 2020-02-15T12:13:04.660+0800: 502.092: [CMS-concurrent-abortable-preclean: 0.127/5.072 secs] [Times: user=0.15 sys=0.00, real=5.07 secs] 
2020-02-15T12:13:04.660+0800: 502.092: [GC (CMS Final Remark) [YG occupancy: 11216 K (19648 K)]2020-02-15T12:13:04.660+0800: 502.092: [Rescan (parallel) , 0.0103016 secs]2020-02-15T12:13:04.671+0800: 502.103: [weak refs processing, 0.0002784 secs]2020-02-15T12:13:04.671+0800: 502.103: [class unloading, 0.0146163 secs]2020-02-15T12:13:04.686+0800: 502.118: [scrub symbol table, 0.0121730 secs]2020-02-15T12:13:04.698+0800: 502.130: [scrub string table, 0.0010977 secs][1 CMS-remark: 37853K(43712K)] 49070K(63360K), 0.0391557 secs] [Times: user=0.04 sys=0.00, real=0.04 secs] 
2020-02-15T12:13:04.699+0800: 502.131: Total time for which application threads were stopped: 0.0393533 seconds, Stopping threads took: 0.0000393 seconds
2020-02-15T12:13:04.699+0800: 502.131: [CMS-concurrent-sweep-start]
2020-02-15T12:13:04.718+0800: 502.150: [CMS-concurrent-sweep: 0.019/0.019 secs] [Times: user=0.02 sys=0.00, real=0.02 secs] 
2020-02-15T12:13:04.718+0800: 502.150: [CMS-concurrent-reset-start]
2020-02-15T12:13:04.718+0800: 502.150: [CMS-concurrent-reset: 0.000/0.000 secs] [Times: user=0.00 sys=0.00, real=0.00 secs] 
2020-02-15T12:13:05.699+0800: 503.132: Total time for which application threads were stopped: 0.0002046 seconds, Stopping threads took: 0.0000579 seconds
2020-02-15T12:13:06.718+0800: 504.150: [GC (CMS Initial Mark) [1 CMS-initial-mark: 37853K(43712K)] 50376K(63360K), 0.0100419 secs] [Times: user=0.01 sys=0.00, real=0.01 secs] 
2020-02-15T12:13:06.728+0800: 504.160: Total time for which application threads were stopped: 0.0102165 seconds, Stopping threads took: 0.0000362 seconds
2020-02-15T12:13:06.728+0800: 504.160: [CMS-concurrent-mark-start]
2020-02-15T12:13:06.794+0800: 504.226: [CMS-concurrent-mark: 0.066/0.066 secs] [Times: user=0.06 sys=0.00, real=0.07 secs] 
2020-02-15T12:13:06.794+0800: 504.226: [CMS-concurrent-preclean-start]
2020-02-15T12:13:06.796+0800: 504.228: [CMS-concurrent-preclean: 0.002/0.002 secs] [Times: user=0.01 sys=0.00, real=0.00 secs] 
2020-02-15T12:13:06.796+0800: 504.228: [CMS-concurrent-abortable-preclean-start]
2020-02-15T12:13:08.728+0800: 506.160: Total time for which application threads were stopped: 0.0001646 seconds, Stopping threads took: 0.0000483 seconds
2020-02-15T12:13:09.728+0800: 507.160: Total time for which application threads were stopped: 0.0001540 seconds, Stopping threads took: 0.0000373 seconds
2020-02-15T12:13:10.729+0800: 508.161: Total time for which application threads were stopped: 0.0001639 seconds, Stopping threads took: 0.0000445 seconds
 CMS: abort preclean due to time 2020-02-15T12:13:11.858+0800: 509.290: [CMS-concurrent-abortable-preclean: 0.121/5.062 secs] [Times: user=0.15 sys=0.01, real=5.06 secs] 
2020-02-15T12:13:11.859+0800: 509.291: [GC (CMS Final Remark) [YG occupancy: 13953 K (19648 K)]2020-02-15T12:13:11.859+0800: 509.291: [Rescan (parallel) , 0.0113040 secs]2020-02-15T12:13:11.870+0800: 509.302: [weak refs processing, 0.0002625 secs]2020-02-15T12:13:11.870+0800: 509.302: [class unloading, 0.0140892 secs]2020-02-15T12:13:11.884+0800: 509.317: [scrub symbol table, 0.0111405 secs]2020-02-15T12:13:11.896+0800: 509.328: [scrub string table, 0.0009810 secs][1 CMS-remark: 37853K(43712K)] 51806K(63360K), 0.0381690 secs] [Times: user=0.04 sys=0.00, real=0.04 secs] 
2020-02-15T12:13:11.897+0800: 509.329: Total time for which application threads were stopped: 0.0383358 seconds, Stopping threads took: 0.0000377 seconds
2020-02-15T12:13:11.897+0800: 509.329: [CMS-concurrent-sweep-start]
2020-02-15T12:13:11.916+0800: 509.348: [CMS-concurrent-sweep: 0.019/0.019 secs] [Times: user=0.02 sys=0.00, real=0.02 secs] 
2020-02-15T12:13:11.916+0800: 509.348: [CMS-concurrent-reset-start]
2020-02-15T12:13:11.916+0800: 509.349: [CMS-concurrent-reset: 0.000/0.000 secs] [Times: user=0.00 sys=0.00, real=0.00 secs] 
2020-02-15T12:13:12.897+0800: 510.329: Total time for which application threads were stopped: 0.0001923 seconds, Stopping threads took: 0.0000457 seconds
2020-02-15T12:13:13.897+0800: 511.330: Total time for which application threads were stopped: 0.0002219 seconds, Stopping threads took: 0.0000472 seconds
2020-02-15T12:13:13.916+0800: 511.348: [GC (CMS Initial Mark) [1 CMS-initial-mark: 37853K(43712K)] 52545K(63360K), 0.0126785 secs] [Times: user=0.01 sys=0.00, real=0.01 secs] 
2020-02-15T12:13:13.929+0800: 511.361: Total time for which application threads were stopped: 0.0129003 seconds, Stopping threads took: 0.0000408 seconds
2020-02-15T12:13:13.929+0800: 511.361: [CMS-concurrent-mark-start]
2020-02-15T12:13:14.006+0800: 511.438: [CMS-concurrent-mark: 0.077/0.077 secs] [Times: user=0.08 sys=0.00, real=0.08 secs] 
2020-02-15T12:13:14.006+0800: 511.438: [CMS-concurrent-preclean-start]
2020-02-15T12:13:14.008+0800: 511.440: [CMS-concurrent-preclean: 0.002/0.002 secs] [Times: user=0.00 sys=0.00, real=0.00 secs] 
2020-02-15T12:13:14.008+0800: 511.440: [CMS-concurrent-abortable-preclean-start]
2020-02-15T12:13:15.929+0800: 513.361: Total time for which application threads were stopped: 0.0002055 seconds, Stopping threads took: 0.0000447 seconds
 CMS: abort preclean due to time 2020-02-15T12:13:19.009+0800: 516.441: [CMS-concurrent-abortable-preclean: 0.124/5.001 secs] [Times: user=0.17 sys=0.00, real=5.00 secs] 
2020-02-15T12:13:19.010+0800: 516.442: [GC (CMS Final Remark) [YG occupancy: 16994 K (19648 K)]2020-02-15T12:13:19.010+0800: 516.442: [Rescan (parallel) , 0.0133675 secs]2020-02-15T12:13:19.023+0800: 516.455: [weak refs processing, 0.0002745 secs]2020-02-15T12:13:19.023+0800: 516.455: [class unloading, 0.0144610 secs]2020-02-15T12:13:19.038+0800: 516.470: [scrub symbol table, 0.0149247 secs]2020-02-15T12:13:19.053+0800: 516.485: [scrub string table, 0.0014081 secs][1 CMS-remark: 37853K(43712K)] 54848K(63360K), 0.0449617 secs] [Times: user=0.05 sys=0.00, real=0.05 secs] 
2020-02-15T12:13:19.055+0800: 516.487: Total time for which application threads were stopped: 0.0451485 seconds, Stopping threads took: 0.0000407 seconds
2020-02-15T12:13:19.055+0800: 516.487: [CMS-concurrent-sweep-start]
2020-02-15T12:13:19.082+0800: 516.514: [CMS-concurrent-sweep: 0.027/0.027 secs] [Times: user=0.02 sys=0.00, real=0.03 secs] 
2020-02-15T12:13:19.082+0800: 516.514: [CMS-concurrent-reset-start]
2020-02-15T12:13:19.082+0800: 516.514: [CMS-concurrent-reset: 0.000/0.000 secs] [Times: user=0.00 sys=0.00, real=0.00 secs] 
2020-02-15T12:13:21.055+0800: 518.487: Total time for which application threads were stopped: 0.0001751 seconds, Stopping threads took: 0.0000553 seconds
2020-02-15T12:13:21.080+0800: 518.512: [GC (Allocation Failure) 2020-02-15T12:13:21.080+0800: 518.512: [ParNew
Desired survivor size 1114112 bytes, new threshold 6 (max 6)
- age   1:      34464 bytes,      34464 total
- age   2:       4192 bytes,      38656 total
- age   3:       1344 bytes,      40000 total
- age   4:       2056 bytes,      42056 total
- age   5:       5208 bytes,      47264 total
- age   6:       4752 bytes,      52016 total
: 17511K->57K(19648K), 0.0048955 secs] 55365K->37918K(63360K), 0.0050115 secs] [Times: user=0.01 sys=0.00, real=0.01 secs] 
2020-02-15T12:13:21.085+0800: 518.517: Total time for which application threads were stopped: 0.0052316 seconds, Stopping threads took: 0.0000400 seconds
2020-02-15T12:13:21.097+0800: 518.530: [GC (CMS Initial Mark) [1 CMS-initial-mark: 37861K(43712K)] 38058K(63360K), 0.0069948 secs] [Times: user=0.01 sys=0.00, real=0.01 secs] 
2020-02-15T12:13:21.104+0800: 518.537: Total time for which application threads were stopped: 0.0072860 seconds, Stopping threads took: 0.0000419 seconds
2020-02-15T12:13:21.105+0800: 518.537: [CMS-concurrent-mark-start]
2020-02-15T12:13:21.111+0800: 518.544: Total time for which application threads were stopped: 0.0001595 seconds, Stopping threads took: 0.0000367 seconds
2020-02-15T12:13:21.180+0800: 518.612: [CMS-concurrent-mark: 0.075/0.076 secs] [Times: user=0.07 sys=0.00, real=0.07 secs] 
2020-02-15T12:13:21.180+0800: 518.612: [CMS-concurrent-preclean-start]
2020-02-15T12:13:21.182+0800: 518.615: [CMS-concurrent-preclean: 0.002/0.002 secs] [Times: user=0.00 sys=0.00, real=0.01 secs] 
2020-02-15T12:13:21.183+0800: 518.615: [GC (CMS Final Remark) [YG occupancy: 356 K (19648 K)]2020-02-15T12:13:21.183+0800: 518.615: [Rescan (parallel) , 0.0031474 secs]2020-02-15T12:13:21.186+0800: 518.618: [weak refs processing, 0.0002465 secs]2020-02-15T12:13:21.186+0800: 518.618: [class unloading, 0.0136673 secs]2020-02-15T12:13:21.200+0800: 518.632: [scrub symbol table, 0.0111603 secs]2020-02-15T12:13:21.211+0800: 518.643: [scrub string table, 0.0009845 secs][1 CMS-remark: 37861K(43712K)] 38217K(63360K), 0.0295713 secs] [Times: user=0.03 sys=0.00, real=0.03 secs] 
2020-02-15T12:13:21.212+0800: 518.644: Total time for which application threads were stopped: 0.0297409 seconds, Stopping threads took: 0.0000407 seconds
2020-02-15T12:13:21.212+0800: 518.644: [CMS-concurrent-sweep-start]
2020-02-15T12:13:21.231+0800: 518.663: [CMS-concurrent-sweep: 0.019/0.019 secs] [Times: user=0.02 sys=0.00, real=0.01 secs] 
2020-02-15T12:13:21.231+0800: 518.663: [CMS-concurrent-reset-start]
2020-02-15T12:13:21.231+0800: 518.663: [CMS-concurrent-reset: 0.000/0.000 secs] [Times: user=0.00 sys=0.00, real=0.00 secs] 
2020-02-15T12:13:23.213+0800: 520.645: Total time for which application threads were stopped: 0.0001884 seconds, Stopping threads took: 0.0000444 seconds
2020-02-15T12:13:23.231+0800: 520.663: [GC (CMS Initial Mark) [1 CMS-initial-mark: 37860K(43712K)] 38947K(63360K), 0.0045540 secs] [Times: user=0.01 sys=0.00, real=0.01 secs] 
2020-02-15T12:13:23.236+0800: 520.668: Total time for which application threads were stopped: 0.0047664 seconds, Stopping threads took: 0.0000440 seconds
2020-02-15T12:13:23.236+0800: 520.668: [CMS-concurrent-mark-start]
2020-02-15T12:13:23.310+0800: 520.742: [CMS-concurrent-mark: 0.074/0.074 secs] [Times: user=0.07 sys=0.00, real=0.07 secs] 
2020-02-15T12:13:23.310+0800: 520.742: [CMS-concurrent-preclean-start]
2020-02-15T12:13:23.312+0800: 520.744: [CMS-concurrent-preclean: 0.002/0.002 secs] [Times: user=0.00 sys=0.00, real=0.01 secs] 
2020-02-15T12:13:23.312+0800: 520.745: [GC (CMS Final Remark) [YG occupancy: 1087 K (19648 K)]2020-02-15T12:13:23.313+0800: 520.745: [Rescan (parallel) , 0.0029970 secs]2020-02-15T12:13:23.316+0800: 520.748: [weak refs processing, 0.0002434 secs]2020-02-15T12:13:23.316+0800: 520.748: [class unloading, 0.0133803 secs]2020-02-15T12:13:23.329+0800: 520.761: [scrub symbol table, 0.0100400 secs]2020-02-15T12:13:23.339+0800: 520.771: [scrub string table, 0.0009776 secs][1 CMS-remark: 37860K(43712K)] 38947K(63360K), 0.0281193 secs] [Times: user=0.03 sys=0.00, real=0.02 secs] 
2020-02-15T12:13:23.341+0800: 520.773: Total time for which application threads were stopped: 0.0282949 seconds, Stopping threads took: 0.0000407 seconds
2020-02-15T12:13:23.341+0800: 520.773: [CMS-concurrent-sweep-start]
2020-02-15T12:13:23.359+0800: 520.791: [CMS-concurrent-sweep: 0.018/0.018 secs] [Times: user=0.02 sys=0.00, real=0.02 secs] 
2020-02-15T12:13:23.359+0800: 520.791: [CMS-concurrent-reset-start]
2020-02-15T12:13:23.359+0800: 520.791: [CMS-concurrent-reset: 0.000/0.000 secs] [Times: user=0.00 sys=0.00, real=0.00 secs] 
2020-02-15T12:13:25.359+0800: 522.791: [GC (CMS Initial Mark) [1 CMS-initial-mark: 37860K(43712K)] 39757K(63360K), 0.0047941 secs] [Times: user=0.00 sys=0.00, real=0.01 secs] 
2020-02-15T12:13:25.363+0800: 522.796: Total time for which application threads were stopped: 0.0049821 seconds, Stopping threads took: 0.0000443 seconds
2020-02-15T12:13:25.363+0800: 522.796: [CMS-concurrent-mark-start]
2020-02-15T12:13:25.435+0800: 522.867: [CMS-concurrent-mark: 0.071/0.071 secs] [Times: user=0.07 sys=0.00, real=0.07 secs] 
2020-02-15T12:13:25.435+0800: 522.867: [CMS-concurrent-preclean-start]
2020-02-15T12:13:25.437+0800: 522.869: [CMS-concurrent-preclean: 0.002/0.002 secs] [Times: user=0.00 sys=0.00, real=0.00 secs] 
2020-02-15T12:13:25.437+0800: 522.869: [GC (CMS Final Remark) [YG occupancy: 1897 K (19648 K)]2020-02-15T12:13:25.437+0800: 522.869: [Rescan (parallel) , 0.0032647 secs]2020-02-15T12:13:25.441+0800: 522.873: [weak refs processing, 0.0002320 secs]2020-02-15T12:13:25.441+0800: 522.873: [class unloading, 0.0137045 secs]2020-02-15T12:13:25.455+0800: 522.887: [scrub symbol table, 0.0104085 secs]2020-02-15T12:13:25.465+0800: 522.897: [scrub string table, 0.0009833 secs][1 CMS-remark: 37860K(43712K)] 39757K(63360K), 0.0289544 secs] [Times: user=0.03 sys=0.00, real=0.03 secs] 
2020-02-15T12:13:25.467+0800: 522.899: Total time for which application threads were stopped: 0.0294050 seconds, Stopping threads took: 0.0000427 seconds
2020-02-15T12:13:25.467+0800: 522.899: [CMS-concurrent-sweep-start]
2020-02-15T12:13:25.485+0800: 522.917: [CMS-concurrent-sweep: 0.018/0.018 secs] [Times: user=0.02 sys=0.00, real=0.02 secs] 
2020-02-15T12:13:25.485+0800: 522.917: [CMS-concurrent-reset-start]
2020-02-15T12:13:25.485+0800: 522.917: [CMS-concurrent-reset: 0.000/0.000 secs] [Times: user=0.00 sys=0.00, real=0.00 secs] 
2020-02-15T12:13:27.485+0800: 524.917: [GC (CMS Initial Mark) [1 CMS-initial-mark: 37860K(43712K)] 40323K(63360K), 0.0053279 secs] [Times: user=0.01 sys=0.00, real=0.00 secs] 
2020-02-15T12:13:27.490+0800: 524.922: Total time for which application threads were stopped: 0.0055730 seconds, Stopping threads took: 0.0000701 seconds
2020-02-15T12:13:27.490+0800: 524.922: [CMS-concurrent-mark-start]
2020-02-15T12:13:27.573+0800: 525.005: [CMS-concurrent-mark: 0.083/0.083 secs] [Times: user=0.08 sys=0.00, real=0.09 secs] 
2020-02-15T12:13:27.573+0800: 525.005: [CMS-concurrent-preclean-start]
2020-02-15T12:13:27.575+0800: 525.007: [CMS-concurrent-preclean: 0.003/0.003 secs] [Times: user=0.00 sys=0.00, real=0.00 secs] 
2020-02-15T12:13:27.575+0800: 525.007: [CMS-concurrent-abortable-preclean-start]
2020-02-15T12:13:28.490+0800: 525.922: Total time for which application threads were stopped: 0.0001599 seconds, Stopping threads took: 0.0000441 seconds
2020-02-15T12:13:31.491+0800: 528.923: Total time for which application threads were stopped: 0.0001627 seconds, Stopping threads took: 0.0000438 seconds
 CMS: abort preclean due to time 2020-02-15T12:13:32.621+0800: 530.053: [CMS-concurrent-abortable-preclean: 0.126/5.046 secs] [Times: user=0.15 sys=0.01, real=5.04 secs] 
2020-02-15T12:13:32.621+0800: 530.054: [GC (CMS Final Remark) [YG occupancy: 4164 K (19648 K)]2020-02-15T12:13:32.621+0800: 530.054: [Rescan (parallel) , 0.0055763 secs]2020-02-15T12:13:32.627+0800: 530.059: [weak refs processing, 0.0002585 secs]2020-02-15T12:13:32.627+0800: 530.059: [class unloading, 0.0135408 secs]2020-02-15T12:13:32.641+0800: 530.073: [scrub symbol table, 0.0109145 secs]2020-02-15T12:13:32.652+0800: 530.084: [scrub string table, 0.0013126 secs][1 CMS-remark: 37860K(43712K)] 42024K(63360K), 0.0320475 secs] [Times: user=0.03 sys=0.00, real=0.03 secs] 
2020-02-15T12:13:32.654+0800: 530.086: Total time for which application threads were stopped: 0.0322303 seconds, Stopping threads took: 0.0000378 seconds
2020-02-15T12:13:32.654+0800: 530.086: [CMS-concurrent-sweep-start]
2020-02-15T12:13:32.673+0800: 530.105: [CMS-concurrent-sweep: 0.019/0.019 secs] [Times: user=0.01 sys=0.00, real=0.02 secs] 
2020-02-15T12:13:32.673+0800: 530.105: [CMS-concurrent-reset-start]
2020-02-15T12:13:32.673+0800: 530.105: [CMS-concurrent-reset: 0.000/0.000 secs] [Times: user=0.00 sys=0.00, real=0.00 secs] 
2020-02-15T12:13:34.672+0800: 532.105: [GC (CMS Initial Mark) [1 CMS-initial-mark: 37860K(43712K)] 42604K(63360K), 0.0065605 secs] [Times: user=0.00 sys=0.00, real=0.00 secs] 
2020-02-15T12:13:34.679+0800: 532.111: Total time for which application threads were stopped: 0.0067912 seconds, Stopping threads took: 0.0000633 seconds
2020-02-15T12:13:34.679+0800: 532.111: [CMS-concurrent-mark-start]
2020-02-15T12:13:34.749+0800: 532.181: [CMS-concurrent-mark: 0.070/0.070 secs] [Times: user=0.07 sys=0.00, real=0.07 secs] 
2020-02-15T12:13:34.749+0800: 532.181: [CMS-concurrent-preclean-start]
2020-02-15T12:13:34.751+0800: 532.183: [CMS-concurrent-preclean: 0.002/0.002 secs] [Times: user=0.00 sys=0.00, real=0.00 secs] 
2020-02-15T12:13:34.751+0800: 532.183: [CMS-concurrent-abortable-preclean-start]
2020-02-15T12:13:36.679+0800: 534.112: Total time for which application threads were stopped: 0.0001612 seconds, Stopping threads took: 0.0000465 seconds
2020-02-15T12:13:38.680+0800: 536.112: Total time for which application threads were stopped: 0.0001568 seconds, Stopping threads took: 0.0000445 seconds
 CMS: abort preclean due to time 2020-02-15T12:13:39.811+0800: 537.243: [CMS-concurrent-abortable-preclean: 0.132/5.059 secs] [Times: user=0.18 sys=0.00, real=5.06 secs] 
2020-02-15T12:13:39.811+0800: 537.243: [GC (CMS Final Remark) [YG occupancy: 6930 K (19648 K)]2020-02-15T12:13:39.811+0800: 537.243: [Rescan (parallel) , 0.0071322 secs]2020-02-15T12:13:39.818+0800: 537.250: [weak refs processing, 0.0002590 secs]2020-02-15T12:13:39.818+0800: 537.250: [class unloading, 0.0138434 secs]2020-02-15T12:13:39.832+0800: 537.264: [scrub symbol table, 0.0107198 secs]2020-02-15T12:13:39.843+0800: 537.275: [scrub string table, 0.0013104 secs][1 CMS-remark: 37860K(43712K)] 44791K(63360K), 0.0336755 secs] [Times: user=0.03 sys=0.00, real=0.04 secs] 
2020-02-15T12:13:39.845+0800: 537.277: Total time for which application threads were stopped: 0.0338438 seconds, Stopping threads took: 0.0000400 seconds
2020-02-15T12:13:39.845+0800: 537.277: [CMS-concurrent-sweep-start]
2020-02-15T12:13:39.863+0800: 537.295: [CMS-concurrent-sweep: 0.018/0.018 secs] [Times: user=0.02 sys=0.00, real=0.02 secs] 
2020-02-15T12:13:39.863+0800: 537.295: [CMS-concurrent-reset-start]
2020-02-15T12:13:39.863+0800: 537.295: [CMS-concurrent-reset: 0.000/0.000 secs] [Times: user=0.00 sys=0.00, real=0.00 secs] 
2020-02-15T12:13:40.845+0800: 538.277: Total time for which application threads were stopped: 0.0001832 seconds, Stopping threads took: 0.0000462 seconds
2020-02-15T12:13:41.845+0800: 539.277: Total time for which application threads were stopped: 0.0001556 seconds, Stopping threads took: 0.0000437 seconds
2020-02-15T12:13:41.863+0800: 539.296: [GC (CMS Initial Mark) [1 CMS-initial-mark: 37860K(43712K)] 45394K(63360K), 0.0080734 secs] [Times: user=0.01 sys=0.00, real=0.01 secs] 
2020-02-15T12:13:41.872+0800: 539.304: Total time for which application threads were stopped: 0.0082922 seconds, Stopping threads took: 0.0000422 seconds
2020-02-15T12:13:41.872+0800: 539.304: [CMS-concurrent-mark-start]
2020-02-15T12:13:41.945+0800: 539.377: [CMS-concurrent-mark: 0.073/0.073 secs] [Times: user=0.07 sys=0.00, real=0.07 secs] 
2020-02-15T12:13:41.945+0800: 539.377: [CMS-concurrent-preclean-start]
2020-02-15T12:13:41.947+0800: 539.380: [CMS-concurrent-preclean: 0.002/0.002 secs] [Times: user=0.00 sys=0.00, real=0.00 secs] 
2020-02-15T12:13:41.947+0800: 539.380: [CMS-concurrent-abortable-preclean-start]
2020-02-15T12:13:42.873+0800: 540.305: Total time for which application threads were stopped: 0.0002419 seconds, Stopping threads took: 0.0000414 seconds
2020-02-15T12:13:43.873+0800: 541.306: Total time for which application threads were stopped: 0.0002211 seconds, Stopping threads took: 0.0000512 seconds
 CMS: abort preclean due to time 2020-02-15T12:13:46.953+0800: 544.385: [CMS-concurrent-abortable-preclean: 0.123/5.005 secs] [Times: user=0.16 sys=0.01, real=5.01 secs] 
2020-02-15T12:13:46.953+0800: 544.385: [GC (CMS Final Remark) [YG occupancy: 9761 K (19648 K)]2020-02-15T12:13:46.953+0800: 544.385: [Rescan (parallel) , 0.0080161 secs]2020-02-15T12:13:46.961+0800: 544.393: [weak refs processing, 0.0002522 secs]2020-02-15T12:13:46.961+0800: 544.393: [class unloading, 0.0139416 secs]2020-02-15T12:13:46.975+0800: 544.407: [scrub symbol table, 0.0090745 secs]2020-02-15T12:13:46.984+0800: 544.417: [scrub string table, 0.0011353 secs][1 CMS-remark: 37860K(43712K)] 47622K(63360K), 0.0327780 secs] [Times: user=0.03 sys=0.00, real=0.03 secs] 
2020-02-15T12:13:46.986+0800: 544.418: Total time for which application threads were stopped: 0.0329613 seconds, Stopping threads took: 0.0000517 seconds
2020-02-15T12:13:46.986+0800: 544.418: [CMS-concurrent-sweep-start]
2020-02-15T12:13:47.004+0800: 544.436: [CMS-concurrent-sweep: 0.018/0.018 secs] [Times: user=0.02 sys=0.00, real=0.02 secs] 
2020-02-15T12:13:47.004+0800: 544.436: [CMS-concurrent-reset-start]
2020-02-15T12:13:47.004+0800: 544.437: [CMS-concurrent-reset: 0.000/0.000 secs] [Times: user=0.00 sys=0.00, real=0.00 secs] 
2020-02-15T12:13:48.986+0800: 546.418: Total time for which application threads were stopped: 0.0001669 seconds, Stopping threads took: 0.0000419 seconds
2020-02-15T12:13:49.004+0800: 546.437: [GC (CMS Initial Mark) [1 CMS-initial-mark: 37860K(43712K)] 48335K(63360K), 0.0100516 secs] [Times: user=0.01 sys=0.00, real=0.01 secs] 
2020-02-15T12:13:49.015+0800: 546.447: Total time for which application threads were stopped: 0.0102403 seconds, Stopping threads took: 0.0000394 seconds
2020-02-15T12:13:49.015+0800: 546.447: [CMS-concurrent-mark-start]
2020-02-15T12:13:49.083+0800: 546.515: [CMS-concurrent-mark: 0.068/0.068 secs] [Times: user=0.07 sys=0.00, real=0.07 secs] 
2020-02-15T12:13:49.083+0800: 546.515: [CMS-concurrent-preclean-start]
2020-02-15T12:13:49.085+0800: 546.517: [CMS-concurrent-preclean: 0.002/0.002 secs] [Times: user=0.00 sys=0.00, real=0.00 secs] 
2020-02-15T12:13:49.085+0800: 546.517: [CMS-concurrent-abortable-preclean-start]
2020-02-15T12:13:51.015+0800: 548.447: Total time for which application threads were stopped: 0.0001856 seconds, Stopping threads took: 0.0000495 seconds
2020-02-15T12:13:52.015+0800: 549.447: Total time for which application threads were stopped: 0.0001825 seconds, Stopping threads took: 0.0000640 seconds
2020-02-15T12:13:54.016+0800: 551.448: Total time for which application threads were stopped: 0.0001768 seconds, Stopping threads took: 0.0000418 seconds
 CMS: abort preclean due to time 2020-02-15T12:13:54.120+0800: 551.553: [CMS-concurrent-abortable-preclean: 0.124/5.035 secs] [Times: user=0.15 sys=0.01, real=5.03 secs] 
2020-02-15T12:13:54.121+0800: 551.553: [GC (CMS Final Remark) [YG occupancy: 11916 K (19648 K)]2020-02-15T12:13:54.121+0800: 551.553: [Rescan (parallel) , 0.0099293 secs]2020-02-15T12:13:54.131+0800: 551.563: [weak refs processing, 0.0002609 secs]2020-02-15T12:13:54.131+0800: 551.563: [class unloading, 0.0136507 secs]2020-02-15T12:13:54.145+0800: 551.577: [scrub symbol table, 0.0109156 secs]2020-02-15T12:13:54.156+0800: 551.588: [scrub string table, 0.0013195 secs][1 CMS-remark: 37860K(43712K)] 49777K(63360K), 0.0365235 secs] [Times: user=0.03 sys=0.00, real=0.04 secs] 
2020-02-15T12:13:54.157+0800: 551.589: Total time for which application threads were stopped: 0.0366986 seconds, Stopping threads took: 0.0000364 seconds
2020-02-15T12:13:54.157+0800: 551.589: [CMS-concurrent-sweep-start]
2020-02-15T12:13:54.184+0800: 551.617: [CMS-concurrent-sweep: 0.027/0.027 secs] [Times: user=0.03 sys=0.00, real=0.03 secs] 
2020-02-15T12:13:54.185+0800: 551.617: [CMS-concurrent-reset-start]
2020-02-15T12:13:54.185+0800: 551.617: [CMS-concurrent-reset: 0.000/0.000 secs] [Times: user=0.00 sys=0.00, real=0.00 secs] 
2020-02-15T12:13:55.158+0800: 552.590: Total time for which application threads were stopped: 0.0001733 seconds, Stopping threads took: 0.0000414 seconds
2020-02-15T12:13:56.185+0800: 553.617: [GC (CMS Initial Mark) [1 CMS-initial-mark: 37860K(43712K)] 51237K(63360K), 0.0108219 secs] [Times: user=0.01 sys=0.00, real=0.01 secs] 
2020-02-15T12:13:56.196+0800: 553.628: Total time for which application threads were stopped: 0.0110029 seconds, Stopping threads took: 0.0000439 seconds
2020-02-15T12:13:56.196+0800: 553.628: [CMS-concurrent-mark-start]
2020-02-15T12:13:56.263+0800: 553.695: [CMS-concurrent-mark: 0.067/0.067 secs] [Times: user=0.07 sys=0.00, real=0.07 secs] 
2020-02-15T12:13:56.263+0800: 553.695: [CMS-concurrent-preclean-start]
2020-02-15T12:13:56.265+0800: 553.697: [CMS-concurrent-preclean: 0.002/0.002 secs] [Times: user=0.00 sys=0.00, real=0.00 secs] 
2020-02-15T12:13:56.265+0800: 553.697: [CMS-concurrent-abortable-preclean-start]
2020-02-15T12:13:58.196+0800: 555.628: Total time for which application threads were stopped: 0.0001722 seconds, Stopping threads took: 0.0000438 seconds
2020-02-15T12:13:59.196+0800: 556.628: Total time for which application threads were stopped: 0.0001667 seconds, Stopping threads took: 0.0000462 seconds
2020-02-15T12:14:00.197+0800: 557.629: Total time for which application threads were stopped: 0.0001647 seconds, Stopping threads took: 0.0000450 seconds
 CMS: abort preclean due to time 2020-02-15T12:14:01.331+0800: 558.763: [CMS-concurrent-abortable-preclean: 0.122/5.066 secs] [Times: user=0.28 sys=0.00, real=5.06 secs] 
2020-02-15T12:14:01.331+0800: 558.763: [GC (CMS Final Remark) [YG occupancy: 14861 K (19648 K)]2020-02-15T12:14:01.331+0800: 558.763: [Rescan (parallel) , 0.0108650 secs]2020-02-15T12:14:01.342+0800: 558.774: [weak refs processing, 0.0002527 secs]2020-02-15T12:14:01.342+0800: 558.774: [class unloading, 0.0128424 secs]2020-02-15T12:14:01.355+0800: 558.787: [scrub symbol table, 0.0090332 secs]2020-02-15T12:14:01.364+0800: 558.796: [scrub string table, 0.0009801 secs][1 CMS-remark: 37860K(43712K)] 52721K(63360K), 0.0343207 secs] [Times: user=0.04 sys=0.00, real=0.04 secs] 
2020-02-15T12:14:01.365+0800: 558.797: Total time for which application threads were stopped: 0.0344860 seconds, Stopping threads took: 0.0000379 seconds
2020-02-15T12:14:01.365+0800: 558.797: [CMS-concurrent-sweep-start]
2020-02-15T12:14:01.383+0800: 558.815: [CMS-concurrent-sweep: 0.018/0.018 secs] [Times: user=0.01 sys=0.00, real=0.02 secs] 
2020-02-15T12:14:01.383+0800: 558.815: [CMS-concurrent-reset-start]
2020-02-15T12:14:01.383+0800: 558.815: [CMS-concurrent-reset: 0.000/0.000 secs] [Times: user=0.00 sys=0.00, real=0.00 secs] 
2020-02-15T12:14:03.382+0800: 560.814: [GC (CMS Initial Mark) [1 CMS-initial-mark: 37860K(43712K)] 53239K(63360K), 0.0122237 secs] [Times: user=0.01 sys=0.00, real=0.01 secs] 
2020-02-15T12:14:03.395+0800: 560.827: Total time for which application threads were stopped: 0.0124599 seconds, Stopping threads took: 0.0000448 seconds
2020-02-15T12:14:03.395+0800: 560.827: [CMS-concurrent-mark-start]
2020-02-15T12:14:03.465+0800: 560.897: [CMS-concurrent-mark: 0.070/0.070 secs] [Times: user=0.07 sys=0.00, real=0.07 secs] 
2020-02-15T12:14:03.465+0800: 560.897: [CMS-concurrent-preclean-start]
2020-02-15T12:14:03.467+0800: 560.899: [CMS-concurrent-preclean: 0.002/0.002 secs] [Times: user=0.00 sys=0.00, real=0.00 secs] 
2020-02-15T12:14:03.467+0800: 560.899: [CMS-concurrent-abortable-preclean-start]
2020-02-15T12:14:05.395+0800: 562.827: Total time for which application threads were stopped: 0.0001782 seconds, Stopping threads took: 0.0000463 seconds
2020-02-15T12:14:06.395+0800: 563.827: Total time for which application threads were stopped: 0.0001690 seconds, Stopping threads took: 0.0000505 seconds
 CMS: abort preclean due to time 2020-02-15T12:14:08.551+0800: 565.983: [CMS-concurrent-abortable-preclean: 0.125/5.084 secs] [Times: user=0.16 sys=0.00, real=5.09 secs] 
2020-02-15T12:14:08.552+0800: 565.984: [GC (CMS Final Remark) [YG occupancy: 17499 K (19648 K)]2020-02-15T12:14:08.552+0800: 565.984: [Rescan (parallel) , 0.0136991 secs]2020-02-15T12:14:08.565+0800: 565.998: [weak refs processing, 0.0002578 secs]2020-02-15T12:14:08.566+0800: 565.998: [class unloading, 0.0138619 secs]2020-02-15T12:14:08.580+0800: 566.012: [scrub symbol table, 0.0102701 secs]2020-02-15T12:14:08.590+0800: 566.022: [scrub string table, 0.0010068 secs][1 CMS-remark: 37860K(43712K)] 55359K(63360K), 0.0394919 secs] [Times: user=0.04 sys=0.00, real=0.03 secs] 
2020-02-15T12:14:08.591+0800: 566.023: Total time for which application threads were stopped: 0.0396729 seconds, Stopping threads took: 0.0000395 seconds
2020-02-15T12:14:08.591+0800: 566.023: [CMS-concurrent-sweep-start]
2020-02-15T12:14:08.610+0800: 566.042: [CMS-concurrent-sweep: 0.019/0.019 secs] [Times: user=0.02 sys=0.00, real=0.02 secs] 
2020-02-15T12:14:08.610+0800: 566.042: [CMS-concurrent-reset-start]
2020-02-15T12:14:08.610+0800: 566.043: [CMS-concurrent-reset: 0.000/0.000 secs] [Times: user=0.00 sys=0.00, real=0.00 secs] 
2020-02-15T12:14:09.765+0800: 567.197: [GC (Allocation Failure) 2020-02-15T12:14:09.765+0800: 567.197: [ParNew
Desired survivor size 1114112 bytes, new threshold 6 (max 6)
- age   1:      31192 bytes,      31192 total
- age   2:       3832 bytes,      35024 total
- age   3:       4192 bytes,      39216 total
- age   4:       1344 bytes,      40560 total
- age   5:       2056 bytes,      42616 total
- age   6:       5208 bytes,      47824 total
: 17499K->52K(19648K), 0.0043920 secs] 55359K->37917K(63360K), 0.0044801 secs] [Times: user=0.00 sys=0.00, real=0.00 secs] 
2020-02-15T12:14:09.769+0800: 567.201: Total time for which application threads were stopped: 0.0046860 seconds, Stopping threads took: 0.0000414 seconds
2020-02-15T12:14:09.771+0800: 567.203: [GC (CMS Initial Mark) [1 CMS-initial-mark: 37864K(43712K)] 38058K(63360K), 0.0031744 secs] [Times: user=0.00 sys=0.00, real=0.01 secs] 
2020-02-15T12:14:09.774+0800: 567.206: Total time for which application threads were stopped: 0.0032749 seconds, Stopping threads took: 0.0000158 seconds
2020-02-15T12:14:09.774+0800: 567.206: [CMS-concurrent-mark-start]
2020-02-15T12:14:09.779+0800: 567.211: Total time for which application threads were stopped: 0.0000742 seconds, Stopping threads took: 0.0000171 seconds
2020-02-15T12:14:09.779+0800: 567.211: Total time for which application threads were stopped: 0.0000415 seconds, Stopping threads took: 0.0000083 seconds
2020-02-15T12:14:09.779+0800: 567.211: Total time for which application threads were stopped: 0.0000429 seconds, Stopping threads took: 0.0000086 seconds
2020-02-15T12:14:09.845+0800: 567.277: [CMS-concurrent-mark: 0.070/0.070 secs] [Times: user=0.07 sys=0.00, real=0.07 secs] 
2020-02-15T12:14:09.845+0800: 567.277: [CMS-concurrent-preclean-start]
2020-02-15T12:14:09.847+0800: 567.279: [CMS-concurrent-preclean: 0.002/0.002 secs] [Times: user=0.00 sys=0.00, real=0.00 secs] 
2020-02-15T12:14:09.847+0800: 567.279: [GC (CMS Final Remark) [YG occupancy: 380 K (19648 K)]2020-02-15T12:14:09.847+0800: 567.279: [Rescan (parallel) , 0.0023856 secs]2020-02-15T12:14:09.849+0800: 567.282: [weak refs processing, 0.0002244 secs]2020-02-15T12:14:09.850+0800: 567.282: [class unloading, 0.0131648 secs]2020-02-15T12:14:09.863+0800: 567.295: [scrub symbol table, 0.0097739 secs]2020-02-15T12:14:09.873+0800: 567.305: [scrub string table, 0.0009689 secs][1 CMS-remark: 37864K(43712K)] 38245K(63360K), 0.0268878 secs] [Times: user=0.03 sys=0.00, real=0.03 secs] 
2020-02-15T12:14:09.874+0800: 567.306: Total time for which application threads were stopped: 0.0270589 seconds, Stopping threads took: 0.0000372 seconds
2020-02-15T12:14:09.874+0800: 567.306: [CMS-concurrent-sweep-start]
2020-02-15T12:14:09.892+0800: 567.325: [CMS-concurrent-sweep: 0.018/0.018 secs] [Times: user=0.01 sys=0.00, real=0.02 secs] 
2020-02-15T12:14:09.892+0800: 567.325: [CMS-concurrent-reset-start]
2020-02-15T12:14:09.893+0800: 567.325: [CMS-concurrent-reset: 0.000/0.000 secs] [Times: user=0.00 sys=0.00, real=0.00 secs] 
2020-02-15T12:14:10.874+0800: 568.306: Total time for which application threads were stopped: 0.0001396 seconds, Stopping threads took: 0.0000352 seconds
2020-02-15T12:14:11.893+0800: 569.325: [GC (CMS Initial Mark) [1 CMS-initial-mark: 37864K(43712K)] 38809K(63360K), 0.0046937 secs] [Times: user=0.01 sys=0.00, real=0.00 secs] 
2020-02-15T12:14:11.897+0800: 569.329: Total time for which application threads were stopped: 0.0048920 seconds, Stopping threads took: 0.0000434 seconds
2020-02-15T12:14:11.897+0800: 569.329: [CMS-concurrent-mark-start]
2020-02-15T12:14:11.972+0800: 569.404: [CMS-concurrent-mark: 0.074/0.074 secs] [Times: user=0.07 sys=0.00, real=0.08 secs] 
2020-02-15T12:14:11.972+0800: 569.404: [CMS-concurrent-preclean-start]
2020-02-15T12:14:11.974+0800: 569.406: [CMS-concurrent-preclean: 0.002/0.002 secs] [Times: user=0.00 sys=0.00, real=0.00 secs] 
2020-02-15T12:14:11.974+0800: 569.407: [GC (CMS Final Remark) [YG occupancy: 946 K (19648 K)]2020-02-15T12:14:11.974+0800: 569.407: [Rescan (parallel) , 0.0038310 secs]2020-02-15T12:14:11.978+0800: 569.410: [weak refs processing, 0.0002576 secs]2020-02-15T12:14:11.979+0800: 569.411: [class unloading, 0.0147192 secs]2020-02-15T12:14:11.993+0800: 569.426: [scrub symbol table, 0.0127252 secs]2020-02-15T12:14:12.006+0800: 569.438: [scrub string table, 0.0010662 secs][1 CMS-remark: 37864K(43712K)] 38811K(63360K), 0.0329816 secs] [Times: user=0.03 sys=0.00, real=0.03 secs] 
2020-02-15T12:14:12.007+0800: 569.440: Total time for which application threads were stopped: 0.0331645 seconds, Stopping threads took: 0.0000399 seconds
2020-02-15T12:14:12.008+0800: 569.440: [CMS-concurrent-sweep-start]
2020-02-15T12:14:12.027+0800: 569.459: [CMS-concurrent-sweep: 0.019/0.019 secs] [Times: user=0.02 sys=0.00, real=0.02 secs] 
2020-02-15T12:14:12.027+0800: 569.459: [CMS-concurrent-reset-start]
2020-02-15T12:14:12.027+0800: 569.459: [CMS-concurrent-reset: 0.000/0.000 secs] [Times: user=0.00 sys=0.00, real=0.00 secs] 
2020-02-15T12:14:13.008+0800: 570.440: Total time for which application threads were stopped: 0.0001827 seconds, Stopping threads took: 0.0000464 seconds
2020-02-15T12:14:14.008+0800: 571.440: Total time for which application threads were stopped: 0.0001819 seconds, Stopping threads took: 0.0000520 seconds
2020-02-15T12:14:14.026+0800: 571.458: [GC (CMS Initial Mark) [1 CMS-initial-mark: 37864K(43712K)] 39762K(63360K), 0.0050022 secs] [Times: user=0.01 sys=0.00, real=0.01 secs] 
2020-02-15T12:14:14.031+0800: 571.464: Total time for which application threads were stopped: 0.0052566 seconds, Stopping threads took: 0.0000532 seconds
2020-02-15T12:14:14.032+0800: 571.464: [CMS-concurrent-mark-start]
2020-02-15T12:14:14.107+0800: 571.539: [CMS-concurrent-mark: 0.075/0.075 secs] [Times: user=0.07 sys=0.00, real=0.07 secs] 
2020-02-15T12:14:14.107+0800: 571.539: [CMS-concurrent-preclean-start]
2020-02-15T12:14:14.109+0800: 571.541: [CMS-concurrent-preclean: 0.002/0.002 secs] [Times: user=0.00 sys=0.00, real=0.00 secs] 
2020-02-15T12:14:14.109+0800: 571.541: [GC (CMS Final Remark) [YG occupancy: 1897 K (19648 K)]2020-02-15T12:14:14.109+0800: 571.541: [Rescan (parallel) , 0.0044403 secs]2020-02-15T12:14:14.114+0800: 571.546: [weak refs processing, 0.0002673 secs]2020-02-15T12:14:14.114+0800: 571.546: [class unloading, 0.0149014 secs]2020-02-15T12:14:14.129+0800: 571.561: [scrub symbol table, 0.0120277 secs]2020-02-15T12:14:14.141+0800: 571.573: [scrub string table, 0.0009942 secs][1 CMS-remark: 37864K(43712K)] 39762K(63360K), 0.0330102 secs] [Times: user=0.03 sys=0.00, real=0.04 secs] 
2020-02-15T12:14:14.142+0800: 571.574: Total time for which application threads were stopped: 0.0331818 seconds, Stopping threads took: 0.0000393 seconds
2020-02-15T12:14:14.142+0800: 571.574: [CMS-concurrent-sweep-start]
2020-02-15T12:14:14.161+0800: 571.593: [CMS-concurrent-sweep: 0.018/0.018 secs] [Times: user=0.02 sys=0.00, real=0.01 secs] 
2020-02-15T12:14:14.161+0800: 571.593: [CMS-concurrent-reset-start]
2020-02-15T12:14:14.161+0800: 571.593: [CMS-concurrent-reset: 0.000/0.000 secs] [Times: user=0.00 sys=0.00, real=0.00 secs] 
2020-02-15T12:14:15.143+0800: 572.575: Total time for which application threads were stopped: 0.0001917 seconds, Stopping threads took: 0.0000522 seconds
2020-02-15T12:14:16.143+0800: 573.575: Total time for which application threads were stopped: 0.0001545 seconds, Stopping threads took: 0.0000425 seconds
2020-02-15T12:14:16.161+0800: 573.593: [GC (CMS Initial Mark) [1 CMS-initial-mark: 37864K(43712K)] 40996K(63360K), 0.0054258 secs] [Times: user=0.00 sys=0.00, real=0.01 secs] 
2020-02-15T12:14:16.167+0800: 573.599: Total time for which application threads were stopped: 0.0056317 seconds, Stopping threads took: 0.0000420 seconds
2020-02-15T12:14:16.167+0800: 573.599: [CMS-concurrent-mark-start]
2020-02-15T12:14:16.238+0800: 573.670: [CMS-concurrent-mark: 0.071/0.071 secs] [Times: user=0.07 sys=0.00, real=0.07 secs] 
2020-02-15T12:14:16.238+0800: 573.670: [CMS-concurrent-preclean-start]
2020-02-15T12:14:16.240+0800: 573.672: [CMS-concurrent-preclean: 0.002/0.002 secs] [Times: user=0.00 sys=0.00, real=0.00 secs] 
2020-02-15T12:14:16.240+0800: 573.672: [CMS-concurrent-abortable-preclean-start]
2020-02-15T12:14:21.167+0800: 578.599: Total time for which application threads were stopped: 0.0001690 seconds, Stopping threads took: 0.0000403 seconds
 CMS: abort preclean due to time 2020-02-15T12:14:21.271+0800: 578.703: [CMS-concurrent-abortable-preclean: 0.123/5.031 secs] [Times: user=0.16 sys=0.00, real=5.03 secs] 
2020-02-15T12:14:21.271+0800: 578.703: [GC (CMS Final Remark) [YG occupancy: 4682 K (19648 K)]2020-02-15T12:14:21.271+0800: 578.703: [Rescan (parallel) , 0.0060538 secs]2020-02-15T12:14:21.277+0800: 578.710: [weak refs processing, 0.0002488 secs]2020-02-15T12:14:21.278+0800: 578.710: [class unloading, 0.0138869 secs]2020-02-15T12:14:21.292+0800: 578.724: [scrub symbol table, 0.0098015 secs]2020-02-15T12:14:21.301+0800: 578.734: [scrub string table, 0.0010152 secs][1 CMS-remark: 37864K(43712K)] 42547K(63360K), 0.0313363 secs] [Times: user=0.03 sys=0.00, real=0.03 secs] 
2020-02-15T12:14:21.303+0800: 578.735: Total time for which application threads were stopped: 0.0315183 seconds, Stopping threads took: 0.0000401 seconds
2020-02-15T12:14:21.303+0800: 578.735: [CMS-concurrent-sweep-start]
2020-02-15T12:14:21.322+0800: 578.754: [CMS-concurrent-sweep: 0.019/0.019 secs] [Times: user=0.02 sys=0.00, real=0.02 secs] 
2020-02-15T12:14:21.322+0800: 578.754: [CMS-concurrent-reset-start]
2020-02-15T12:14:21.322+0800: 578.754: [CMS-concurrent-reset: 0.000/0.000 secs] [Times: user=0.00 sys=0.00, real=0.00 secs] 
2020-02-15T12:14:23.321+0800: 580.753: [GC (CMS Initial Mark) [1 CMS-initial-mark: 37864K(43712K)] 42714K(63360K), 0.0063963 secs] [Times: user=0.01 sys=0.00, real=0.01 secs] 
2020-02-15T12:14:23.328+0800: 580.760: Total time for which application threads were stopped: 0.0066210 seconds, Stopping threads took: 0.0000631 seconds
2020-02-15T12:14:23.328+0800: 580.760: [CMS-concurrent-mark-start]
2020-02-15T12:14:23.411+0800: 580.843: [CMS-concurrent-mark: 0.083/0.083 secs] [Times: user=0.08 sys=0.00, real=0.08 secs] 
2020-02-15T12:14:23.411+0800: 580.843: [CMS-concurrent-preclean-start]
2020-02-15T12:14:23.419+0800: 580.851: [CMS-concurrent-preclean: 0.009/0.009 secs] [Times: user=0.01 sys=0.00, real=0.01 secs] 
2020-02-15T12:14:23.419+0800: 580.851: [CMS-concurrent-abortable-preclean-start]
2020-02-15T12:14:24.328+0800: 581.760: Total time for which application threads were stopped: 0.0001795 seconds, Stopping threads took: 0.0000468 seconds
2020-02-15T12:14:24.796+0800: 582.228: Total time for which application threads were stopped: 0.0001799 seconds, Stopping threads took: 0.0000313 seconds
2020-02-15T12:14:25.796+0800: 583.228: Total time for which application threads were stopped: 0.0001654 seconds, Stopping threads took: 0.0000450 seconds
 CMS: abort preclean due to time 2020-02-15T12:14:28.464+0800: 585.896: [CMS-concurrent-abortable-preclean: 0.122/5.044 secs] [Times: user=0.18 sys=0.00, real=5.05 secs] 
2020-02-15T12:14:28.464+0800: 585.896: [GC (CMS Final Remark) [YG occupancy: 7500 K (19648 K)]2020-02-15T12:14:28.464+0800: 585.896: [Rescan (parallel) , 0.0066609 secs]2020-02-15T12:14:28.471+0800: 585.903: [weak refs processing, 0.0002763 secs]2020-02-15T12:14:28.471+0800: 585.903: [class unloading, 0.0136060 secs]2020-02-15T12:14:28.485+0800: 585.917: [scrub symbol table, 0.0091882 secs]2020-02-15T12:14:28.494+0800: 585.926: [scrub string table, 0.0009835 secs][1 CMS-remark: 37864K(43712K)] 45365K(63360K), 0.0310587 secs] [Times: user=0.03 sys=0.00, real=0.03 secs] 
2020-02-15T12:14:28.495+0800: 585.927: Total time for which application threads were stopped: 0.0312415 seconds, Stopping threads took: 0.0000403 seconds
2020-02-15T12:14:28.495+0800: 585.927: [CMS-concurrent-sweep-start]
2020-02-15T12:14:28.514+0800: 585.946: [CMS-concurrent-sweep: 0.018/0.018 secs] [Times: user=0.02 sys=0.00, real=0.02 secs] 
2020-02-15T12:14:28.514+0800: 585.946: [CMS-concurrent-reset-start]
2020-02-15T12:14:28.514+0800: 585.946: [CMS-concurrent-reset: 0.000/0.000 secs] [Times: user=0.00 sys=0.00, real=0.00 secs] 
2020-02-15T12:14:30.513+0800: 587.945: [GC (CMS Initial Mark) [1 CMS-initial-mark: 37864K(43712K)] 45397K(63360K), 0.0077937 secs] [Times: user=0.01 sys=0.00, real=0.00 secs] 
2020-02-15T12:14:30.521+0800: 587.953: Total time for which application threads were stopped: 0.0079862 seconds, Stopping threads took: 0.0000406 seconds
2020-02-15T12:14:30.521+0800: 587.953: [CMS-concurrent-mark-start]
2020-02-15T12:14:30.587+0800: 588.019: [CMS-concurrent-mark: 0.066/0.066 secs] [Times: user=0.06 sys=0.00, real=0.07 secs] 
2020-02-15T12:14:30.587+0800: 588.019: [CMS-concurrent-preclean-start]
2020-02-15T12:14:30.589+0800: 588.022: [CMS-concurrent-preclean: 0.002/0.002 secs] [Times: user=0.01 sys=0.00, real=0.00 secs] 
2020-02-15T12:14:30.589+0800: 588.022: [CMS-concurrent-abortable-preclean-start]
2020-02-15T12:14:34.521+0800: 591.953: Total time for which application threads were stopped: 0.0001587 seconds, Stopping threads took: 0.0000391 seconds
2020-02-15T12:14:35.522+0800: 592.954: Total time for which application threads were stopped: 0.0001543 seconds, Stopping threads took: 0.0000426 seconds
 CMS: abort preclean due to time 2020-02-15T12:14:35.626+0800: 593.059: [CMS-concurrent-abortable-preclean: 0.121/5.037 secs] [Times: user=0.15 sys=0.00, real=5.04 secs] 
2020-02-15T12:14:35.627+0800: 593.059: [GC (CMS Final Remark) [YG occupancy: 9734 K (19648 K)]2020-02-15T12:14:35.627+0800: 593.059: [Rescan (parallel) , 0.0076053 secs]2020-02-15T12:14:35.634+0800: 593.066: [weak refs processing, 0.0002694 secs]2020-02-15T12:14:35.635+0800: 593.067: [class unloading, 0.0135373 secs]2020-02-15T12:14:35.648+0800: 593.080: [scrub symbol table, 0.0095910 secs]2020-02-15T12:14:35.658+0800: 593.090: [scrub string table, 0.0009858 secs][1 CMS-remark: 37864K(43712K)] 47599K(63360K), 0.0322849 secs] [Times: user=0.03 sys=0.00, real=0.03 secs] 
2020-02-15T12:14:35.659+0800: 593.091: Total time for which application threads were stopped: 0.0324548 seconds, Stopping threads took: 0.0000425 seconds
2020-02-15T12:14:35.659+0800: 593.091: [CMS-concurrent-sweep-start]
2020-02-15T12:14:35.677+0800: 593.110: [CMS-concurrent-sweep: 0.018/0.018 secs] [Times: user=0.02 sys=0.00, real=0.02 secs] 
2020-02-15T12:14:35.678+0800: 593.110: [CMS-concurrent-reset-start]
2020-02-15T12:14:35.678+0800: 593.110: [CMS-concurrent-reset: 0.000/0.000 secs] [Times: user=0.00 sys=0.00, real=0.00 secs] 
2020-02-15T12:14:37.677+0800: 595.109: [GC (CMS Initial Mark) [1 CMS-initial-mark: 37864K(43712K)] 48408K(63360K), 0.0091245 secs] [Times: user=0.01 sys=0.00, real=0.01 secs] 
2020-02-15T12:14:37.686+0800: 595.118: Total time for which application threads were stopped: 0.0093286 seconds, Stopping threads took: 0.0000431 seconds
2020-02-15T12:14:37.686+0800: 595.118: [CMS-concurrent-mark-start]
2020-02-15T12:14:37.752+0800: 595.184: [CMS-concurrent-mark: 0.066/0.066 secs] [Times: user=0.07 sys=0.00, real=0.07 secs] 
2020-02-15T12:14:37.752+0800: 595.184: [CMS-concurrent-preclean-start]
2020-02-15T12:14:37.754+0800: 595.186: [CMS-concurrent-preclean: 0.002/0.002 secs] [Times: user=0.00 sys=0.00, real=0.00 secs] 
2020-02-15T12:14:37.754+0800: 595.186: [CMS-concurrent-abortable-preclean-start]
 CMS: abort preclean due to time 2020-02-15T12:14:42.778+0800: 600.211: [CMS-concurrent-abortable-preclean: 0.119/5.024 secs] [Times: user=0.13 sys=0.00, real=5.02 secs] 
2020-02-15T12:14:42.779+0800: 600.211: [GC (CMS Final Remark) [YG occupancy: 11972 K (19648 K)]2020-02-15T12:14:42.779+0800: 600.211: [Rescan (parallel) , 0.0114236 secs]2020-02-15T12:14:42.790+0800: 600.222: [weak refs processing, 0.0002646 secs]2020-02-15T12:14:42.790+0800: 600.223: [class unloading, 0.0135183 secs]2020-02-15T12:14:42.804+0800: 600.236: [scrub symbol table, 0.0093370 secs]2020-02-15T12:14:42.813+0800: 600.245: [scrub string table, 0.0009360 secs][1 CMS-remark: 37864K(43712K)] 49837K(63360K), 0.0358327 secs] [Times: user=0.04 sys=0.00, real=0.04 secs] 
2020-02-15T12:14:42.815+0800: 600.247: Total time for which application threads were stopped: 0.0360213 seconds, Stopping threads took: 0.0000551 seconds
2020-02-15T12:14:42.815+0800: 600.247: [CMS-concurrent-sweep-start]
2020-02-15T12:14:42.841+0800: 600.273: [CMS-concurrent-sweep: 0.026/0.026 secs] [Times: user=0.02 sys=0.00, real=0.02 secs] 
2020-02-15T12:14:42.841+0800: 600.273: [CMS-concurrent-reset-start]
2020-02-15T12:14:42.841+0800: 600.273: [CMS-concurrent-reset: 0.000/0.000 secs] [Times: user=0.00 sys=0.00, real=0.00 secs] 
2020-02-15T12:14:44.840+0800: 602.272: [GC (CMS Initial Mark) [1 CMS-initial-mark: 37864K(43712K)] 51020K(63360K), 0.0103668 secs] [Times: user=0.01 sys=0.00, real=0.01 secs] 
2020-02-15T12:14:44.851+0800: 602.283: Total time for which application threads were stopped: 0.0105724 seconds, Stopping threads took: 0.0000460 seconds
2020-02-15T12:14:44.851+0800: 602.283: [CMS-concurrent-mark-start]
2020-02-15T12:14:44.916+0800: 602.348: [CMS-concurrent-mark: 0.065/0.065 secs] [Times: user=0.07 sys=0.00, real=0.07 secs] 
2020-02-15T12:14:44.916+0800: 602.348: [CMS-concurrent-preclean-start]
2020-02-15T12:14:44.918+0800: 602.350: [CMS-concurrent-preclean: 0.002/0.002 secs] [Times: user=0.00 sys=0.00, real=0.00 secs] 
2020-02-15T12:14:44.918+0800: 602.350: [CMS-concurrent-abortable-preclean-start]
 CMS: abort preclean due to time 2020-02-15T12:14:49.943+0800: 607.375: [CMS-concurrent-abortable-preclean: 0.118/5.025 secs] [Times: user=0.14 sys=0.01, real=5.03 secs] 
2020-02-15T12:14:49.943+0800: 607.375: [GC (CMS Final Remark) [YG occupancy: 14797 K (19648 K)]2020-02-15T12:14:49.943+0800: 607.376: [Rescan (parallel) , 0.0116085 secs]2020-02-15T12:14:49.955+0800: 607.387: [weak refs processing, 0.0002542 secs]2020-02-15T12:14:49.955+0800: 607.387: [class unloading, 0.0133238 secs]2020-02-15T12:14:49.969+0800: 607.401: [scrub symbol table, 0.0095575 secs]2020-02-15T12:14:49.978+0800: 607.410: [scrub string table, 0.0009468 secs][1 CMS-remark: 37864K(43712K)] 52662K(63360K), 0.0360300 secs] [Times: user=0.03 sys=0.00, real=0.03 secs] 
2020-02-15T12:14:49.979+0800: 607.412: Total time for which application threads were stopped: 0.0362029 seconds, Stopping threads took: 0.0000376 seconds
2020-02-15T12:14:49.980+0800: 607.412: [CMS-concurrent-sweep-start]
2020-02-15T12:14:49.998+0800: 607.431: [CMS-concurrent-sweep: 0.019/0.019 secs] [Times: user=0.02 sys=0.00, real=0.02 secs] 
2020-02-15T12:14:49.999+0800: 607.431: [CMS-concurrent-reset-start]
2020-02-15T12:14:49.999+0800: 607.431: [CMS-concurrent-reset: 0.000/0.000 secs] [Times: user=0.00 sys=0.00, real=0.00 secs] 
2020-02-15T12:14:51.980+0800: 609.412: Total time for which application threads were stopped: 0.0001889 seconds, Stopping threads took: 0.0000642 seconds
2020-02-15T12:14:51.998+0800: 609.430: [GC (CMS Initial Mark) [1 CMS-initial-mark: 37864K(43712K)] 53586K(63360K), 0.0126355 secs] [Times: user=0.02 sys=0.00, real=0.01 secs] 
2020-02-15T12:14:52.011+0800: 609.443: Total time for which application threads were stopped: 0.0128071 seconds, Stopping threads took: 0.0000289 seconds
2020-02-15T12:14:52.011+0800: 609.443: [CMS-concurrent-mark-start]
2020-02-15T12:14:52.083+0800: 609.515: [CMS-concurrent-mark: 0.072/0.072 secs] [Times: user=0.06 sys=0.00, real=0.08 secs] 
2020-02-15T12:14:52.083+0800: 609.515: [CMS-concurrent-preclean-start]
2020-02-15T12:14:52.085+0800: 609.517: [CMS-concurrent-preclean: 0.002/0.002 secs] [Times: user=0.01 sys=0.00, real=0.00 secs] 
2020-02-15T12:14:52.085+0800: 609.517: [CMS-concurrent-abortable-preclean-start]
2020-02-15T12:14:56.028+0800: 613.460: [GC (Allocation Failure) 2020-02-15T12:14:56.028+0800: 613.460: [ParNew
Desired survivor size 1114112 bytes, new threshold 6 (max 6)
- age   1:     107680 bytes,     107680 total
- age   2:       5952 bytes,     113632 total
- age   3:       3512 bytes,     117144 total
- age   4:       4192 bytes,     121336 total
- age   5:       1344 bytes,     122680 total
- age   6:       2056 bytes,     124736 total
: 17524K->159K(19648K), 0.0043120 secs] 55389K->38029K(63360K), 0.0044008 secs] [Times: user=0.00 sys=0.00, real=0.01 secs] 
2020-02-15T12:14:56.033+0800: 613.465: Total time for which application threads were stopped: 0.0045718 seconds, Stopping threads took: 0.0000317 seconds
2020-02-15T12:14:56.036+0800: 613.468: Total time for which application threads were stopped: 0.0000660 seconds, Stopping threads took: 0.0000135 seconds
2020-02-15T12:14:56.036+0800: 613.468: Total time for which application threads were stopped: 0.0001201 seconds, Stopping threads took: 0.0000081 seconds
 CMS: abort preclean due to time 2020-02-15T12:14:57.167+0800: 614.599: [CMS-concurrent-abortable-preclean: 0.122/5.082 secs] [Times: user=0.16 sys=0.00, real=5.08 secs] 
2020-02-15T12:14:57.167+0800: 614.600: [GC (CMS Final Remark) [YG occupancy: 323 K (19648 K)]2020-02-15T12:14:57.168+0800: 614.600: [Rescan (parallel) , 0.0024469 secs]2020-02-15T12:14:57.170+0800: 614.602: [weak refs processing, 0.0003925 secs]2020-02-15T12:14:57.170+0800: 614.602: [class unloading, 0.0131386 secs]2020-02-15T12:14:57.184+0800: 614.616: [scrub symbol table, 0.0090176 secs]2020-02-15T12:14:57.193+0800: 614.625: [scrub string table, 0.0009447 secs][1 CMS-remark: 37870K(43712K)] 38193K(63360K), 0.0262382 secs] [Times: user=0.02 sys=0.00, real=0.03 secs] 
2020-02-15T12:14:57.194+0800: 614.626: Total time for which application threads were stopped: 0.0264418 seconds, Stopping threads took: 0.0000448 seconds
2020-02-15T12:14:57.194+0800: 614.626: [CMS-concurrent-sweep-start]
2020-02-15T12:14:57.212+0800: 614.644: [CMS-concurrent-sweep: 0.018/0.018 secs] [Times: user=0.02 sys=0.00, real=0.02 secs] 
2020-02-15T12:14:57.212+0800: 614.644: [CMS-concurrent-reset-start]
2020-02-15T12:14:57.212+0800: 614.644: [CMS-concurrent-reset: 0.000/0.000 secs] [Times: user=0.00 sys=0.00, real=0.00 secs] 
2020-02-15T12:14:59.212+0800: 616.644: [GC (CMS Initial Mark) [1 CMS-initial-mark: 37870K(43712K)] 38950K(63360K), 0.0042696 secs] [Times: user=0.00 sys=0.00, real=0.00 secs] 
2020-02-15T12:14:59.216+0800: 616.648: Total time for which application threads were stopped: 0.0044570 seconds, Stopping threads took: 0.0000426 seconds
2020-02-15T12:14:59.216+0800: 616.648: [CMS-concurrent-mark-start]
2020-02-15T12:14:59.280+0800: 616.712: [CMS-concurrent-mark: 0.064/0.064 secs] [Times: user=0.07 sys=0.00, real=0.06 secs] 
2020-02-15T12:14:59.280+0800: 616.712: [CMS-concurrent-preclean-start]
2020-02-15T12:14:59.282+0800: 616.714: [CMS-concurrent-preclean: 0.002/0.002 secs] [Times: user=0.00 sys=0.00, real=0.01 secs] 
2020-02-15T12:14:59.282+0800: 616.714: [GC (CMS Final Remark) [YG occupancy: 1080 K (19648 K)]2020-02-15T12:14:59.282+0800: 616.714: [Rescan (parallel) , 0.0026864 secs]2020-02-15T12:14:59.285+0800: 616.717: [weak refs processing, 0.0002543 secs]2020-02-15T12:14:59.285+0800: 616.717: [class unloading, 0.0131319 secs]2020-02-15T12:14:59.298+0800: 616.730: [scrub symbol table, 0.0090314 secs]2020-02-15T12:14:59.307+0800: 616.739: [scrub string table, 0.0009421 secs][1 CMS-remark: 37870K(43712K)] 38950K(63360K), 0.0262968 secs] [Times: user=0.03 sys=0.00, real=0.02 secs] 
2020-02-15T12:14:59.308+0800: 616.740: Total time for which application threads were stopped: 0.0264598 seconds, Stopping threads took: 0.0000399 seconds
2020-02-15T12:14:59.308+0800: 616.740: [CMS-concurrent-sweep-start]
2020-02-15T12:14:59.328+0800: 616.761: [CMS-concurrent-sweep: 0.020/0.020 secs] [Times: user=0.02 sys=0.00, real=0.02 secs] 
2020-02-15T12:14:59.329+0800: 616.761: [CMS-concurrent-reset-start]
2020-02-15T12:14:59.329+0800: 616.761: [CMS-concurrent-reset: 0.000/0.000 secs] [Times: user=0.00 sys=0.00, real=0.00 secs] 
2020-02-15T12:15:00.308+0800: 617.741: Total time for which application threads were stopped: 0.0001885 seconds, Stopping threads took: 0.0000515 seconds
2020-02-15T12:15:01.329+0800: 618.761: [GC (CMS Initial Mark) [1 CMS-initial-mark: 37870K(43712K)] 39863K(63360K), 0.0045086 secs] [Times: user=0.00 sys=0.00, real=0.01 secs] 
2020-02-15T12:15:01.333+0800: 618.765: Total time for which application threads were stopped: 0.0049171 seconds, Stopping threads took: 0.0000551 seconds
2020-02-15T12:15:01.334+0800: 618.766: [CMS-concurrent-mark-start]
2020-02-15T12:15:01.401+0800: 618.833: [CMS-concurrent-mark: 0.067/0.067 secs] [Times: user=0.07 sys=0.00, real=0.06 secs] 
2020-02-15T12:15:01.401+0800: 618.833: [CMS-concurrent-preclean-start]
2020-02-15T12:15:01.403+0800: 618.835: [CMS-concurrent-preclean: 0.002/0.002 secs] [Times: user=0.00 sys=0.00, real=0.01 secs] 
2020-02-15T12:15:01.403+0800: 618.835: [GC (CMS Final Remark) [YG occupancy: 1993 K (19648 K)]2020-02-15T12:15:01.403+0800: 618.835: [Rescan (parallel) , 0.0029572 secs]2020-02-15T12:15:01.406+0800: 618.838: [weak refs processing, 0.0002336 secs]2020-02-15T12:15:01.407+0800: 618.839: [class unloading, 0.0133602 secs]2020-02-15T12:15:01.420+0800: 618.852: [scrub symbol table, 0.0092953 secs]2020-02-15T12:15:01.429+0800: 618.861: [scrub string table, 0.0012453 secs][1 CMS-remark: 37870K(43712K)] 39863K(63360K), 0.0273620 secs] [Times: user=0.03 sys=0.00, real=0.02 secs] 
2020-02-15T12:15:01.431+0800: 618.863: Total time for which application threads were stopped: 0.0275260 seconds, Stopping threads took: 0.0000394 seconds
2020-02-15T12:15:01.431+0800: 618.863: [CMS-concurrent-sweep-start]
2020-02-15T12:15:01.453+0800: 618.885: [CMS-concurrent-sweep: 0.023/0.023 secs] [Times: user=0.02 sys=0.00, real=0.03 secs] 
2020-02-15T12:15:01.453+0800: 618.886: [CMS-concurrent-reset-start]
2020-02-15T12:15:01.454+0800: 618.886: [CMS-concurrent-reset: 0.000/0.000 secs] [Times: user=0.00 sys=0.00, real=0.00 secs] 
2020-02-15T12:15:03.453+0800: 620.885: [GC (CMS Initial Mark) [1 CMS-initial-mark: 37870K(43712K)] 39870K(63360K), 0.0070124 secs] [Times: user=0.01 sys=0.00, real=0.00 secs] 
2020-02-15T12:15:03.460+0800: 620.892: Total time for which application threads were stopped: 0.0073177 seconds, Stopping threads took: 0.0000543 seconds
2020-02-15T12:15:03.460+0800: 620.892: [CMS-concurrent-mark-start]
2020-02-15T12:15:03.596+0800: 621.028: [CMS-concurrent-mark: 0.136/0.136 secs] [Times: user=0.11 sys=0.00, real=0.14 secs] 
2020-02-15T12:15:03.596+0800: 621.028: [CMS-concurrent-preclean-start]
2020-02-15T12:15:03.599+0800: 621.031: [CMS-concurrent-preclean: 0.003/0.003 secs] [Times: user=0.01 sys=0.00, real=0.00 secs] 
2020-02-15T12:15:03.599+0800: 621.031: [CMS-concurrent-abortable-preclean-start]
2020-02-15T12:15:04.460+0800: 621.893: Total time for which application threads were stopped: 0.0002278 seconds, Stopping threads took: 0.0000560 seconds
 CMS: abort preclean due to time 2020-02-15T12:15:08.686+0800: 626.118: [CMS-concurrent-abortable-preclean: 0.147/5.087 secs] [Times: user=0.18 sys=0.00, real=5.09 secs] 
2020-02-15T12:15:08.686+0800: 626.118: [GC (CMS Final Remark) [YG occupancy: 4577 K (19648 K)]2020-02-15T12:15:08.686+0800: 626.118: [Rescan (parallel) , 0.0063456 secs]2020-02-15T12:15:08.693+0800: 626.125: [weak refs processing, 0.0002670 secs]2020-02-15T12:15:08.693+0800: 626.125: [class unloading, 0.0137505 secs]2020-02-15T12:15:08.707+0800: 626.139: [scrub symbol table, 0.0147916 secs]2020-02-15T12:15:08.721+0800: 626.154: [scrub string table, 0.0009797 secs][1 CMS-remark: 37870K(43712K)] 42447K(63360K), 0.0364400 secs] [Times: user=0.03 sys=0.00, real=0.04 secs] 
2020-02-15T12:15:08.723+0800: 626.155: Total time for which application threads were stopped: 0.0366080 seconds, Stopping threads took: 0.0000395 seconds
2020-02-15T12:15:08.723+0800: 626.155: [CMS-concurrent-sweep-start]
2020-02-15T12:15:08.741+0800: 626.173: [CMS-concurrent-sweep: 0.018/0.018 secs] [Times: user=0.02 sys=0.00, real=0.01 secs] 
2020-02-15T12:15:08.741+0800: 626.173: [CMS-concurrent-reset-start]
2020-02-15T12:15:08.741+0800: 626.173: [CMS-concurrent-reset: 0.000/0.000 secs] [Times: user=0.00 sys=0.00, real=0.01 secs] 
2020-02-15T12:15:10.741+0800: 628.173: [GC (CMS Initial Mark) [1 CMS-initial-mark: 37870K(43712K)] 42537K(63360K), 0.0075447 secs] [Times: user=0.00 sys=0.00, real=0.01 secs] 
2020-02-15T12:15:10.749+0800: 628.181: Total time for which application threads were stopped: 0.0077931 seconds, Stopping threads took: 0.0000527 seconds
2020-02-15T12:15:10.749+0800: 628.181: [CMS-concurrent-mark-start]
2020-02-15T12:15:10.822+0800: 628.254: [CMS-concurrent-mark: 0.073/0.073 secs] [Times: user=0.08 sys=0.00, real=0.08 secs] 
2020-02-15T12:15:10.822+0800: 628.254: [CMS-concurrent-preclean-start]
2020-02-15T12:15:10.825+0800: 628.257: [CMS-concurrent-preclean: 0.002/0.002 secs] [Times: user=0.00 sys=0.00, real=0.00 secs] 
2020-02-15T12:15:10.825+0800: 628.257: [CMS-concurrent-abortable-preclean-start]
2020-02-15T12:15:13.751+0800: 631.183: Total time for which application threads were stopped: 0.0001611 seconds, Stopping threads took: 0.0000446 seconds
2020-02-15T12:15:15.752+0800: 633.184: Total time for which application threads were stopped: 0.0001634 seconds, Stopping threads took: 0.0000456 seconds
 CMS: abort preclean due to time 2020-02-15T12:15:15.857+0800: 633.289: [CMS-concurrent-abortable-preclean: 0.132/5.032 secs] [Times: user=0.16 sys=0.01, real=5.03 secs] 
2020-02-15T12:15:15.857+0800: 633.289: [GC (CMS Final Remark) [YG occupancy: 6704 K (19648 K)]2020-02-15T12:15:15.857+0800: 633.289: [Rescan (parallel) , 0.0075313 secs]2020-02-15T12:15:15.865+0800: 633.297: [weak refs processing, 0.0003124 secs]2020-02-15T12:15:15.865+0800: 633.297: [class unloading, 0.0143703 secs]2020-02-15T12:15:15.880+0800: 633.312: [scrub symbol table, 0.0112050 secs]2020-02-15T12:15:15.891+0800: 633.323: [scrub string table, 0.0010261 secs][1 CMS-remark: 37870K(43712K)] 44574K(63360K), 0.0347901 secs] [Times: user=0.04 sys=0.00, real=0.04 secs] 
2020-02-15T12:15:15.892+0800: 633.324: Total time for which application threads were stopped: 0.0349636 seconds, Stopping threads took: 0.0000401 seconds
2020-02-15T12:15:15.892+0800: 633.324: [CMS-concurrent-sweep-start]
2020-02-15T12:15:15.920+0800: 633.352: [CMS-concurrent-sweep: 0.028/0.028 secs] [Times: user=0.02 sys=0.00, real=0.02 secs] 
2020-02-15T12:15:15.920+0800: 633.353: [CMS-concurrent-reset-start]
2020-02-15T12:15:15.921+0800: 633.353: [CMS-concurrent-reset: 0.000/0.000 secs] [Times: user=0.00 sys=0.00, real=0.00 secs] 
2020-02-15T12:15:17.920+0800: 635.352: [GC (CMS Initial Mark) [1 CMS-initial-mark: 37870K(43712K)] 45345K(63360K), 0.0087415 secs] [Times: user=0.01 sys=0.00, real=0.01 secs] 
2020-02-15T12:15:17.929+0800: 635.361: Total time for which application threads were stopped: 0.0089821 seconds, Stopping threads took: 0.0000428 seconds
2020-02-15T12:15:17.929+0800: 635.361: [CMS-concurrent-mark-start]
2020-02-15T12:15:18.007+0800: 635.439: [CMS-concurrent-mark: 0.078/0.078 secs] [Times: user=0.07 sys=0.00, real=0.08 secs] 
2020-02-15T12:15:18.007+0800: 635.439: [CMS-concurrent-preclean-start]
2020-02-15T12:15:18.010+0800: 635.442: [CMS-concurrent-preclean: 0.002/0.002 secs] [Times: user=0.01 sys=0.00, real=0.00 secs] 
2020-02-15T12:15:18.010+0800: 635.442: [CMS-concurrent-abortable-preclean-start]
 CMS: abort preclean due to time 2020-02-15T12:15:23.052+0800: 640.484: [CMS-concurrent-abortable-preclean: 0.131/5.042 secs] [Times: user=0.15 sys=0.00, real=5.05 secs] 
2020-02-15T12:15:23.053+0800: 640.485: [GC (CMS Final Remark) [YG occupancy: 9337 K (19648 K)]2020-02-15T12:15:23.053+0800: 640.485: [Rescan (parallel) , 0.0082507 secs]2020-02-15T12:15:23.061+0800: 640.493: [weak refs processing, 0.0002473 secs]2020-02-15T12:15:23.061+0800: 640.493: [class unloading, 0.0137103 secs]2020-02-15T12:15:23.075+0800: 640.507: [scrub symbol table, 0.0103385 secs]2020-02-15T12:15:23.086+0800: 640.518: [scrub string table, 0.0009957 secs][1 CMS-remark: 37870K(43712K)] 47207K(63360K), 0.0344375 secs] [Times: user=0.04 sys=0.00, real=0.03 secs] 
2020-02-15T12:15:23.087+0800: 640.519: Total time for which application threads were stopped: 0.0346518 seconds, Stopping threads took: 0.0000506 seconds
2020-02-15T12:15:23.087+0800: 640.519: [CMS-concurrent-sweep-start]
2020-02-15T12:15:23.106+0800: 640.538: [CMS-concurrent-sweep: 0.019/0.019 secs] [Times: user=0.01 sys=0.00, real=0.02 secs] 
2020-02-15T12:15:23.106+0800: 640.538: [CMS-concurrent-reset-start]
2020-02-15T12:15:23.106+0800: 640.538: [CMS-concurrent-reset: 0.000/0.000 secs] [Times: user=0.01 sys=0.00, real=0.00 secs] 
2020-02-15T12:15:24.087+0800: 641.520: Total time for which application threads were stopped: 0.0002319 seconds, Stopping threads took: 0.0000513 seconds
2020-02-15T12:15:25.088+0800: 642.520: Total time for which application threads were stopped: 0.0001596 seconds, Stopping threads took: 0.0000418 seconds
2020-02-15T12:15:25.106+0800: 642.538: [GC (CMS Initial Mark) [1 CMS-initial-mark: 37870K(43712K)] 48432K(63360K), 0.0100183 secs] [Times: user=0.01 sys=0.00, real=0.01 secs] 
2020-02-15T12:15:25.116+0800: 642.548: Total time for which application threads were stopped: 0.0102668 seconds, Stopping threads took: 0.0000628 seconds
2020-02-15T12:15:25.116+0800: 642.548: [CMS-concurrent-mark-start]
2020-02-15T12:15:25.187+0800: 642.619: [CMS-concurrent-mark: 0.071/0.071 secs] [Times: user=0.07 sys=0.00, real=0.07 secs] 
2020-02-15T12:15:25.187+0800: 642.619: [CMS-concurrent-preclean-start]
2020-02-15T12:15:25.190+0800: 642.622: [CMS-concurrent-preclean: 0.003/0.003 secs] [Times: user=0.00 sys=0.00, real=0.00 secs] 
2020-02-15T12:15:25.190+0800: 642.622: [CMS-concurrent-abortable-preclean-start]
2020-02-15T12:15:29.117+0800: 646.549: Total time for which application threads were stopped: 0.0001622 seconds, Stopping threads took: 0.0000478 seconds
 CMS: abort preclean due to time 2020-02-15T12:15:30.248+0800: 647.680: [CMS-concurrent-abortable-preclean: 0.129/5.058 secs] [Times: user=0.19 sys=0.01, real=5.06 secs] 
2020-02-15T12:15:30.248+0800: 647.680: [GC (CMS Final Remark) [YG occupancy: 11984 K (19648 K)]2020-02-15T12:15:30.248+0800: 647.680: [Rescan (parallel) , 0.0123888 secs]2020-02-15T12:15:30.261+0800: 647.693: [weak refs processing, 0.0002563 secs]2020-02-15T12:15:30.261+0800: 647.693: [class unloading, 0.0134714 secs]2020-02-15T12:15:30.274+0800: 647.706: [scrub symbol table, 0.0107802 secs]2020-02-15T12:15:30.285+0800: 647.717: [scrub string table, 0.0009813 secs][1 CMS-remark: 37870K(43712K)] 49854K(63360K), 0.0382372 secs] [Times: user=0.04 sys=0.00, real=0.04 secs] 
2020-02-15T12:15:30.286+0800: 647.719: Total time for which application threads were stopped: 0.0384161 seconds, Stopping threads took: 0.0000418 seconds
2020-02-15T12:15:30.286+0800: 647.719: [CMS-concurrent-sweep-start]
2020-02-15T12:15:30.305+0800: 647.737: [CMS-concurrent-sweep: 0.019/0.019 secs] [Times: user=0.02 sys=0.00, real=0.02 secs] 
2020-02-15T12:15:30.305+0800: 647.737: [CMS-concurrent-reset-start]
2020-02-15T12:15:30.305+0800: 647.738: [CMS-concurrent-reset: 0.000/0.000 secs] [Times: user=0.00 sys=0.00, real=0.00 secs] 
2020-02-15T12:15:31.287+0800: 648.719: Total time for which application threads were stopped: 0.0001993 seconds, Stopping threads took: 0.0000519 seconds
2020-02-15T12:15:32.305+0800: 649.737: [GC (CMS Initial Mark) [1 CMS-initial-mark: 37870K(43712K)] 50634K(63360K), 0.0106503 secs] [Times: user=0.01 sys=0.00, real=0.01 secs] 
2020-02-15T12:15:32.316+0800: 649.748: Total time for which application threads were stopped: 0.0109029 seconds, Stopping threads took: 0.0000739 seconds
2020-02-15T12:15:32.316+0800: 649.748: [CMS-concurrent-mark-start]
2020-02-15T12:15:32.387+0800: 649.819: [CMS-concurrent-mark: 0.071/0.071 secs] [Times: user=0.07 sys=0.00, real=0.07 secs] 
2020-02-15T12:15:32.387+0800: 649.819: [CMS-concurrent-preclean-start]
2020-02-15T12:15:32.389+0800: 649.821: [CMS-concurrent-preclean: 0.002/0.002 secs] [Times: user=0.00 sys=0.00, real=0.00 secs] 
2020-02-15T12:15:32.389+0800: 649.821: [CMS-concurrent-abortable-preclean-start]
2020-02-15T12:15:34.316+0800: 651.748: Total time for which application threads were stopped: 0.0001655 seconds, Stopping threads took: 0.0000437 seconds
2020-02-15T12:15:35.316+0800: 652.749: Total time for which application threads were stopped: 0.0001812 seconds, Stopping threads took: 0.0000534 seconds
2020-02-15T12:15:36.317+0800: 653.749: Total time for which application threads were stopped: 0.0001600 seconds, Stopping threads took: 0.0000423 seconds
 CMS: abort preclean due to time 2020-02-15T12:15:37.448+0800: 654.880: [CMS-concurrent-abortable-preclean: 0.129/5.059 secs] [Times: user=0.22 sys=0.00, real=5.06 secs] 
2020-02-15T12:15:37.449+0800: 654.881: [GC (CMS Final Remark) [YG occupancy: 14835 K (19648 K)]2020-02-15T12:15:37.449+0800: 654.881: [Rescan (parallel) , 0.0121851 secs]2020-02-15T12:15:37.461+0800: 654.893: [weak refs processing, 0.0002621 secs]2020-02-15T12:15:37.461+0800: 654.893: [class unloading, 0.0139662 secs]2020-02-15T12:15:37.475+0800: 654.907: [scrub symbol table, 0.0114080 secs]2020-02-15T12:15:37.487+0800: 654.919: [scrub string table, 0.0010081 secs][1 CMS-remark: 37870K(43712K)] 52705K(63360K), 0.0391855 secs] [Times: user=0.04 sys=0.00, real=0.04 secs] 
2020-02-15T12:15:37.488+0800: 654.920: Total time for which application threads were stopped: 0.0393584 seconds, Stopping threads took: 0.0000386 seconds
2020-02-15T12:15:37.488+0800: 654.920: [CMS-concurrent-sweep-start]
2020-02-15T12:15:37.507+0800: 654.939: [CMS-concurrent-sweep: 0.019/0.019 secs] [Times: user=0.02 sys=0.00, real=0.02 secs] 
2020-02-15T12:15:37.507+0800: 654.939: [CMS-concurrent-reset-start]
2020-02-15T12:15:37.507+0800: 654.939: [CMS-concurrent-reset: 0.000/0.000 secs] [Times: user=0.00 sys=0.00, real=0.00 secs] 
2020-02-15T12:15:39.506+0800: 656.938: [GC (CMS Initial Mark) [1 CMS-initial-mark: 37870K(43712K)] 53157K(63360K), 0.0120167 secs] [Times: user=0.01 sys=0.00, real=0.01 secs] 
2020-02-15T12:15:39.518+0800: 656.951: Total time for which application threads were stopped: 0.0122227 seconds, Stopping threads took: 0.0000438 seconds
2020-02-15T12:15:39.518+0800: 656.951: [CMS-concurrent-mark-start]
2020-02-15T12:15:39.588+0800: 657.020: [CMS-concurrent-mark: 0.070/0.070 secs] [Times: user=0.07 sys=0.00, real=0.07 secs] 
2020-02-15T12:15:39.588+0800: 657.020: [CMS-concurrent-preclean-start]
2020-02-15T12:15:39.590+0800: 657.022: [CMS-concurrent-preclean: 0.002/0.002 secs] [Times: user=0.00 sys=0.00, real=0.00 secs] 
2020-02-15T12:15:39.590+0800: 657.022: [CMS-concurrent-abortable-preclean-start]
2020-02-15T12:15:40.519+0800: 657.951: Total time for which application threads were stopped: 0.0001591 seconds, Stopping threads took: 0.0000410 seconds
2020-02-15T12:15:41.519+0800: 658.951: Total time for which application threads were stopped: 0.0001661 seconds, Stopping threads took: 0.0000518 seconds
2020-02-15T12:15:43.519+0800: 660.951: Total time for which application threads were stopped: 0.0001661 seconds, Stopping threads took: 0.0000422 seconds
 CMS: abort preclean due to time 2020-02-15T12:15:44.654+0800: 662.086: [CMS-concurrent-abortable-preclean: 0.129/5.064 secs] [Times: user=0.16 sys=0.01, real=5.07 secs] 
2020-02-15T12:15:44.654+0800: 662.086: [GC (CMS Final Remark) [YG occupancy: 16888 K (19648 K)]2020-02-15T12:15:44.654+0800: 662.087: [Rescan (parallel) , 0.0132979 secs]2020-02-15T12:15:44.668+0800: 662.100: [weak refs processing, 0.0002529 secs]2020-02-15T12:15:44.668+0800: 662.100: [class unloading, 0.0131931 secs]2020-02-15T12:15:44.681+0800: 662.113: [scrub symbol table, 0.0104158 secs]2020-02-15T12:15:44.692+0800: 662.124: [scrub string table, 0.0009830 secs][1 CMS-remark: 37870K(43712K)] 54758K(63360K), 0.0384794 secs] [Times: user=0.03 sys=0.00, real=0.04 secs] 
2020-02-15T12:15:44.693+0800: 662.125: Total time for which application threads were stopped: 0.0386655 seconds, Stopping threads took: 0.0000413 seconds
2020-02-15T12:15:44.693+0800: 662.125: [CMS-concurrent-sweep-start]
2020-02-15T12:15:44.711+0800: 662.143: [CMS-concurrent-sweep: 0.018/0.018 secs] [Times: user=0.02 sys=0.00, real=0.01 secs] 
2020-02-15T12:15:44.711+0800: 662.143: [CMS-concurrent-reset-start]
2020-02-15T12:15:44.711+0800: 662.143: [CMS-concurrent-reset: 0.000/0.000 secs] [Times: user=0.00 sys=0.00, real=0.00 secs] 
2020-02-15T12:15:45.693+0800: 663.125: Total time for which application threads were stopped: 0.0002260 seconds, Stopping threads took: 0.0000441 seconds
2020-02-15T12:15:45.964+0800: 663.396: [GC (Allocation Failure) 2020-02-15T12:15:45.964+0800: 663.396: [ParNew
Desired survivor size 1114112 bytes, new threshold 6 (max 6)
- age   1:      30768 bytes,      30768 total
- age   2:      13056 bytes,      43824 total
- age   3:       5512 bytes,      49336 total
- age   4:       3512 bytes,      52848 total
- age   5:       4192 bytes,      57040 total
- age   6:       1344 bytes,      58384 total
: 17631K->110K(19648K), 0.0043125 secs] 55501K->37982K(63360K), 0.0043998 secs] [Times: user=0.01 sys=0.00, real=0.00 secs] 
2020-02-15T12:15:45.968+0800: 663.400: Total time for which application threads were stopped: 0.0045825 seconds, Stopping threads took: 0.0000360 seconds
2020-02-15T12:15:45.970+0800: 663.402: [GC (CMS Initial Mark) [1 CMS-initial-mark: 37872K(43712K)] 38142K(63360K), 0.0029847 secs] [Times: user=0.00 sys=0.00, real=0.01 secs] 
2020-02-15T12:15:45.973+0800: 663.405: Total time for which application threads were stopped: 0.0030830 seconds, Stopping threads took: 0.0000154 seconds
2020-02-15T12:15:45.973+0800: 663.405: [CMS-concurrent-mark-start]
2020-02-15T12:15:45.979+0800: 663.411: Total time for which application threads were stopped: 0.0000708 seconds, Stopping threads took: 0.0000165 seconds
2020-02-15T12:15:46.040+0800: 663.472: [CMS-concurrent-mark: 0.067/0.067 secs] [Times: user=0.07 sys=0.00, real=0.06 secs] 
2020-02-15T12:15:46.040+0800: 663.472: [CMS-concurrent-preclean-start]
2020-02-15T12:15:46.042+0800: 663.474: [CMS-concurrent-preclean: 0.002/0.002 secs] [Times: user=0.00 sys=0.00, real=0.01 secs] 
2020-02-15T12:15:46.042+0800: 663.474: [GC (CMS Final Remark) [YG occupancy: 272 K (19648 K)]2020-02-15T12:15:46.042+0800: 663.474: [Rescan (parallel) , 0.0019796 secs]2020-02-15T12:15:46.044+0800: 663.476: [weak refs processing, 0.0002190 secs]2020-02-15T12:15:46.044+0800: 663.476: [class unloading, 0.0128782 secs]2020-02-15T12:15:46.057+0800: 663.489: [scrub symbol table, 0.0103766 secs]2020-02-15T12:15:46.068+0800: 663.500: [scrub string table, 0.0009733 secs][1 CMS-remark: 37872K(43712K)] 38144K(63360K), 0.0267491 secs] [Times: user=0.03 sys=0.00, real=0.02 secs] 
2020-02-15T12:15:46.069+0800: 663.501: Total time for which application threads were stopped: 0.0269204 seconds, Stopping threads took: 0.0000365 seconds
2020-02-15T12:15:46.069+0800: 663.501: [CMS-concurrent-sweep-start]
2020-02-15T12:15:46.087+0800: 663.519: [CMS-concurrent-sweep: 0.018/0.018 secs] [Times: user=0.01 sys=0.00, real=0.02 secs] 
2020-02-15T12:15:46.087+0800: 663.519: [CMS-concurrent-reset-start]
2020-02-15T12:15:46.087+0800: 663.519: [CMS-concurrent-reset: 0.000/0.000 secs] [Times: user=0.00 sys=0.00, real=0.00 secs] 
2020-02-15T12:15:48.086+0800: 665.518: [GC (CMS Initial Mark) [1 CMS-initial-mark: 37872K(43712K)] 38868K(63360K), 0.0041390 secs] [Times: user=0.01 sys=0.00, real=0.00 secs] 
2020-02-15T12:15:48.090+0800: 665.523: Total time for which application threads were stopped: 0.0043226 seconds, Stopping threads took: 0.0000487 seconds
2020-02-15T12:15:48.091+0800: 665.523: [CMS-concurrent-mark-start]
2020-02-15T12:15:48.158+0800: 665.590: [CMS-concurrent-mark: 0.067/0.067 secs] [Times: user=0.06 sys=0.00, real=0.07 secs] 
2020-02-15T12:15:48.158+0800: 665.590: [CMS-concurrent-preclean-start]
2020-02-15T12:15:48.160+0800: 665.592: [CMS-concurrent-preclean: 0.002/0.002 secs] [Times: user=0.00 sys=0.00, real=0.00 secs] 
2020-02-15T12:15:48.160+0800: 665.592: [GC (CMS Final Remark) [YG occupancy: 996 K (19648 K)]2020-02-15T12:15:48.160+0800: 665.592: [Rescan (parallel) , 0.0023917 secs]2020-02-15T12:15:48.163+0800: 665.595: [weak refs processing, 0.0002345 secs]2020-02-15T12:15:48.163+0800: 665.595: [class unloading, 0.0132294 secs]2020-02-15T12:15:48.176+0800: 665.608: [scrub symbol table, 0.0087273 secs]2020-02-15T12:15:48.185+0800: 665.617: [scrub string table, 0.0012378 secs][1 CMS-remark: 37872K(43712K)] 38868K(63360K), 0.0260909 secs] [Times: user=0.03 sys=0.00, real=0.03 secs] 
2020-02-15T12:15:48.186+0800: 665.618: Total time for which application threads were stopped: 0.0262464 seconds, Stopping threads took: 0.0000331 seconds
2020-02-15T12:15:48.186+0800: 665.618: [CMS-concurrent-sweep-start]
2020-02-15T12:15:48.204+0800: 665.636: [CMS-concurrent-sweep: 0.018/0.018 secs] [Times: user=0.02 sys=0.00, real=0.02 secs] 
2020-02-15T12:15:48.204+0800: 665.636: [CMS-concurrent-reset-start]
2020-02-15T12:15:48.204+0800: 665.637: [CMS-concurrent-reset: 0.000/0.000 secs] [Times: user=0.00 sys=0.00, real=0.00 secs] 
2020-02-15T12:15:49.186+0800: 666.619: Total time for which application threads were stopped: 0.0001791 seconds, Stopping threads took: 0.0000440 seconds
2020-02-15T12:15:50.187+0800: 667.619: Total time for which application threads were stopped: 0.0001549 seconds, Stopping threads took: 0.0000386 seconds
2020-02-15T12:15:50.204+0800: 667.636: [GC (CMS Initial Mark) [1 CMS-initial-mark: 37872K(43712K)] 39532K(63360K), 0.0048831 secs] [Times: user=0.00 sys=0.00, real=0.00 secs] 
2020-02-15T12:15:50.209+0800: 667.641: Total time for which application threads were stopped: 0.0050714 seconds, Stopping threads took: 0.0000464 seconds
2020-02-15T12:15:50.209+0800: 667.641: [CMS-concurrent-mark-start]
2020-02-15T12:15:50.275+0800: 667.707: [CMS-concurrent-mark: 0.066/0.066 secs] [Times: user=0.07 sys=0.00, real=0.07 secs] 
2020-02-15T12:15:50.275+0800: 667.707: [CMS-concurrent-preclean-start]
2020-02-15T12:15:50.277+0800: 667.709: [CMS-concurrent-preclean: 0.002/0.002 secs] [Times: user=0.00 sys=0.00, real=0.00 secs] 
2020-02-15T12:15:50.277+0800: 667.710: [GC (CMS Final Remark) [YG occupancy: 1660 K (19648 K)]2020-02-15T12:15:50.277+0800: 667.710: [Rescan (parallel) , 0.0031878 secs]2020-02-15T12:15:50.281+0800: 667.713: [weak refs processing, 0.0002171 secs]2020-02-15T12:15:50.281+0800: 667.713: [class unloading, 0.0131013 secs]2020-02-15T12:15:50.294+0800: 667.726: [scrub symbol table, 0.0099884 secs]2020-02-15T12:15:50.304+0800: 667.736: [scrub string table, 0.0009616 secs][1 CMS-remark: 37872K(43712K)] 39532K(63360K), 0.0277235 secs] [Times: user=0.03 sys=0.00, real=0.03 secs] 
2020-02-15T12:15:50.305+0800: 667.737: Total time for which application threads were stopped: 0.0278950 seconds, Stopping threads took: 0.0000471 seconds
2020-02-15T12:15:50.305+0800: 667.737: [CMS-concurrent-sweep-start]
2020-02-15T12:15:50.324+0800: 667.756: [CMS-concurrent-sweep: 0.019/0.019 secs] [Times: user=0.01 sys=0.00, real=0.02 secs] 
2020-02-15T12:15:50.324+0800: 667.756: [CMS-concurrent-reset-start]
2020-02-15T12:15:50.324+0800: 667.756: [CMS-concurrent-reset: 0.000/0.000 secs] [Times: user=0.00 sys=0.00, real=0.00 secs] 
2020-02-15T12:15:52.324+0800: 669.756: [GC (CMS Initial Mark) [1 CMS-initial-mark: 37872K(43712K)] 40524K(63360K), 0.0053159 secs] [Times: user=0.01 sys=0.01, real=0.00 secs] 
2020-02-15T12:15:52.329+0800: 669.761: Total time for which application threads were stopped: 0.0055408 seconds, Stopping threads took: 0.0000434 seconds
2020-02-15T12:15:52.329+0800: 669.761: [CMS-concurrent-mark-start]
2020-02-15T12:15:52.400+0800: 669.832: [CMS-concurrent-mark: 0.071/0.071 secs] [Times: user=0.07 sys=0.00, real=0.07 secs] 
2020-02-15T12:15:52.400+0800: 669.832: [CMS-concurrent-preclean-start]
2020-02-15T12:15:52.403+0800: 669.835: [CMS-concurrent-preclean: 0.002/0.003 secs] [Times: user=0.00 sys=0.00, real=0.01 secs] 
2020-02-15T12:15:52.403+0800: 669.835: [CMS-concurrent-abortable-preclean-start]
2020-02-15T12:15:55.329+0800: 672.761: Total time for which application threads were stopped: 0.0001565 seconds, Stopping threads took: 0.0000438 seconds
 CMS: abort preclean due to time 2020-02-15T12:15:57.486+0800: 674.918: [CMS-concurrent-abortable-preclean: 0.125/5.083 secs] [Times: user=0.15 sys=0.00, real=5.08 secs] 
2020-02-15T12:15:57.486+0800: 674.919: [GC (CMS Final Remark) [YG occupancy: 4531 K (19648 K)]2020-02-15T12:15:57.486+0800: 674.919: [Rescan (parallel) , 0.0054070 secs]2020-02-15T12:15:57.492+0800: 674.924: [weak refs processing, 0.0002698 secs]2020-02-15T12:15:57.492+0800: 674.924: [class unloading, 0.0142329 secs]2020-02-15T12:15:57.506+0800: 674.939: [scrub symbol table, 0.0097919 secs]2020-02-15T12:15:57.516+0800: 674.948: [scrub string table, 0.0011348 secs][1 CMS-remark: 37872K(43712K)] 42403K(63360K), 0.0312131 secs] [Times: user=0.03 sys=0.00, real=0.03 secs] 
2020-02-15T12:15:57.518+0800: 674.950: Total time for which application threads were stopped: 0.0314127 seconds, Stopping threads took: 0.0000387 seconds
2020-02-15T12:15:57.518+0800: 674.950: [CMS-concurrent-sweep-start]
2020-02-15T12:15:57.536+0800: 674.968: [CMS-concurrent-sweep: 0.018/0.018 secs] [Times: user=0.02 sys=0.00, real=0.02 secs] 
2020-02-15T12:15:57.536+0800: 674.968: [CMS-concurrent-reset-start]
2020-02-15T12:15:57.536+0800: 674.968: [CMS-concurrent-reset: 0.000/0.000 secs] [Times: user=0.00 sys=0.00, real=0.00 secs] 
2020-02-15T12:15:59.536+0800: 676.968: [GC (CMS Initial Mark) [1 CMS-initial-mark: 37872K(43712K)] 43140K(63360K), 0.0069300 secs] [Times: user=0.00 sys=0.00, real=0.01 secs] 
2020-02-15T12:15:59.543+0800: 676.975: Total time for which application threads were stopped: 0.0071327 seconds, Stopping threads took: 0.0000431 seconds
2020-02-15T12:15:59.543+0800: 676.975: [CMS-concurrent-mark-start]
2020-02-15T12:15:59.613+0800: 677.045: [CMS-concurrent-mark: 0.070/0.070 secs] [Times: user=0.07 sys=0.00, real=0.07 secs] 
2020-02-15T12:15:59.613+0800: 677.045: [CMS-concurrent-preclean-start]
2020-02-15T12:15:59.615+0800: 677.048: [CMS-concurrent-preclean: 0.002/0.002 secs] [Times: user=0.01 sys=0.00, real=0.00 secs] 
2020-02-15T12:15:59.615+0800: 677.048: [CMS-concurrent-abortable-preclean-start]
2020-02-15T12:16:01.551+0800: 678.983: Total time for which application threads were stopped: 0.0001735 seconds, Stopping threads took: 0.0000469 seconds
 CMS: abort preclean due to time 2020-02-15T12:16:04.635+0800: 682.067: [CMS-concurrent-abortable-preclean: 0.127/5.020 secs] [Times: user=0.15 sys=0.00, real=5.02 secs] 
2020-02-15T12:16:04.635+0800: 682.067: [GC (CMS Final Remark) [YG occupancy: 6977 K (19648 K)]2020-02-15T12:16:04.635+0800: 682.067: [Rescan (parallel) , 0.0073245 secs]2020-02-15T12:16:04.643+0800: 682.075: [weak refs processing, 0.0003314 secs]2020-02-15T12:16:04.643+0800: 682.075: [class unloading, 0.0143904 secs]2020-02-15T12:16:04.658+0800: 682.090: [scrub symbol table, 0.0126270 secs]2020-02-15T12:16:04.670+0800: 682.102: [scrub string table, 0.0010057 secs][1 CMS-remark: 37872K(43712K)] 44849K(63360K), 0.0360464 secs] [Times: user=0.04 sys=0.00, real=0.04 secs] 
2020-02-15T12:16:04.671+0800: 682.104: Total time for which application threads were stopped: 0.0362463 seconds, Stopping threads took: 0.0000531 seconds
2020-02-15T12:16:04.672+0800: 682.104: [CMS-concurrent-sweep-start]
2020-02-15T12:16:04.690+0800: 682.122: [CMS-concurrent-sweep: 0.019/0.019 secs] [Times: user=0.02 sys=0.00, real=0.01 secs] 
2020-02-15T12:16:04.690+0800: 682.122: [CMS-concurrent-reset-start]
2020-02-15T12:16:04.690+0800: 682.122: [CMS-concurrent-reset: 0.000/0.000 secs] [Times: user=0.00 sys=0.00, real=0.00 secs] 
2020-02-15T12:16:06.690+0800: 684.122: [GC (CMS Initial Mark) [1 CMS-initial-mark: 37872K(43712K)] 45931K(63360K), 0.0080093 secs] [Times: user=0.01 sys=0.00, real=0.01 secs] 
2020-02-15T12:16:06.698+0800: 684.130: Total time for which application threads were stopped: 0.0082361 seconds, Stopping threads took: 0.0000492 seconds
2020-02-15T12:16:06.698+0800: 684.130: [CMS-concurrent-mark-start]
2020-02-15T12:16:06.769+0800: 684.201: [CMS-concurrent-mark: 0.071/0.071 secs] [Times: user=0.07 sys=0.00, real=0.07 secs] 
2020-02-15T12:16:06.769+0800: 684.201: [CMS-concurrent-preclean-start]
2020-02-15T12:16:06.771+0800: 684.203: [CMS-concurrent-preclean: 0.002/0.002 secs] [Times: user=0.00 sys=0.00, real=0.00 secs] 
2020-02-15T12:16:06.771+0800: 684.203: [CMS-concurrent-abortable-preclean-start]
2020-02-15T12:16:11.698+0800: 689.130: Total time for which application threads were stopped: 0.0001527 seconds, Stopping threads took: 0.0000420 seconds
 CMS: abort preclean due to time 2020-02-15T12:16:11.803+0800: 689.235: [CMS-concurrent-abortable-preclean: 0.124/5.032 secs] [Times: user=0.14 sys=0.00, real=5.04 secs] 
2020-02-15T12:16:11.803+0800: 689.236: [GC (CMS Final Remark) [YG occupancy: 9527 K (19648 K)]2020-02-15T12:16:11.803+0800: 689.236: [Rescan (parallel) , 0.0076422 secs]2020-02-15T12:16:11.811+0800: 689.243: [weak refs processing, 0.0002498 secs]2020-02-15T12:16:11.811+0800: 689.244: [class unloading, 0.0136596 secs]2020-02-15T12:16:11.825+0800: 689.257: [scrub symbol table, 0.0095393 secs]2020-02-15T12:16:11.835+0800: 689.267: [scrub string table, 0.0011740 secs][1 CMS-remark: 37872K(43712K)] 47399K(63360K), 0.0325383 secs] [Times: user=0.03 sys=0.00, real=0.03 secs] 
2020-02-15T12:16:11.836+0800: 689.268: Total time for which application threads were stopped: 0.0327157 seconds, Stopping threads took: 0.0000385 seconds
2020-02-15T12:16:11.836+0800: 689.268: [CMS-concurrent-sweep-start]
2020-02-15T12:16:11.854+0800: 689.286: [CMS-concurrent-sweep: 0.018/0.018 secs] [Times: user=0.02 sys=0.00, real=0.02 secs] 
2020-02-15T12:16:11.854+0800: 689.286: [CMS-concurrent-reset-start]
2020-02-15T12:16:11.854+0800: 689.286: [CMS-concurrent-reset: 0.000/0.000 secs] [Times: user=0.00 sys=0.00, real=0.00 secs] 
2020-02-15T12:16:13.853+0800: 691.285: [GC (CMS Initial Mark) [1 CMS-initial-mark: 37872K(43712K)] 47738K(63360K), 0.0091597 secs] [Times: user=0.01 sys=0.00, real=0.01 secs] 
2020-02-15T12:16:13.862+0800: 691.295: Total time for which application threads were stopped: 0.0093536 seconds, Stopping threads took: 0.0000410 seconds
2020-02-15T12:16:13.862+0800: 691.295: [CMS-concurrent-mark-start]
2020-02-15T12:16:13.937+0800: 691.369: [CMS-concurrent-mark: 0.074/0.074 secs] [Times: user=0.06 sys=0.01, real=0.07 secs] 
2020-02-15T12:16:13.937+0800: 691.369: [CMS-concurrent-preclean-start]
2020-02-15T12:16:13.939+0800: 691.371: [CMS-concurrent-preclean: 0.002/0.002 secs] [Times: user=0.01 sys=0.00, real=0.00 secs] 
2020-02-15T12:16:13.939+0800: 691.371: [CMS-concurrent-abortable-preclean-start]
2020-02-15T12:16:16.864+0800: 694.296: Total time for which application threads were stopped: 0.0001635 seconds, Stopping threads took: 0.0000466 seconds
 CMS: abort preclean due to time 2020-02-15T12:16:19.021+0800: 696.453: [CMS-concurrent-abortable-preclean: 0.125/5.081 secs] [Times: user=0.16 sys=0.00, real=5.08 secs] 
2020-02-15T12:16:19.024+0800: 696.456: [GC (CMS Final Remark) [YG occupancy: 12585 K (19648 K)]2020-02-15T12:16:19.024+0800: 696.456: [Rescan (parallel) , 0.0104410 secs]2020-02-15T12:16:19.035+0800: 696.467: [weak refs processing, 0.0002607 secs]2020-02-15T12:16:19.035+0800: 696.467: [class unloading, 0.0136701 secs]2020-02-15T12:16:19.049+0800: 696.481: [scrub symbol table, 0.0098913 secs]2020-02-15T12:16:19.059+0800: 696.491: [scrub string table, 0.0009784 secs][1 CMS-remark: 37872K(43712K)] 50457K(63360K), 0.0355505 secs] [Times: user=0.03 sys=0.00, real=0.03 secs] 
2020-02-15T12:16:19.060+0800: 696.492: Total time for which application threads were stopped: 0.0357080 seconds, Stopping threads took: 0.0000337 seconds
2020-02-15T12:16:19.065+0800: 696.498: [CMS-concurrent-sweep-start]
2020-02-15T12:16:19.090+0800: 696.522: [CMS-concurrent-sweep: 0.024/0.024 secs] [Times: user=0.02 sys=0.00, real=0.02 secs] 
2020-02-15T12:16:19.090+0800: 696.522: [CMS-concurrent-reset-start]
2020-02-15T12:16:19.090+0800: 696.522: [CMS-concurrent-reset: 0.000/0.000 secs] [Times: user=0.00 sys=0.00, real=0.00 secs] 
2020-02-15T12:16:21.089+0800: 698.521: [GC (CMS Initial Mark) [1 CMS-initial-mark: 37872K(43712K)] 50483K(63360K), 0.0103689 secs] [Times: user=0.01 sys=0.00, real=0.01 secs] 
2020-02-15T12:16:21.100+0800: 698.532: Total time for which application threads were stopped: 0.0105638 seconds, Stopping threads took: 0.0000398 seconds
2020-02-15T12:16:21.100+0800: 698.532: [CMS-concurrent-mark-start]
2020-02-15T12:16:21.175+0800: 698.608: [CMS-concurrent-mark: 0.076/0.076 secs] [Times: user=0.07 sys=0.00, real=0.08 secs] 
2020-02-15T12:16:21.176+0800: 698.608: [CMS-concurrent-preclean-start]
2020-02-15T12:16:21.178+0800: 698.610: [CMS-concurrent-preclean: 0.002/0.002 secs] [Times: user=0.00 sys=0.00, real=0.00 secs] 
2020-02-15T12:16:21.178+0800: 698.610: [CMS-concurrent-abortable-preclean-start]
2020-02-15T12:16:22.102+0800: 699.535: Total time for which application threads were stopped: 0.0001723 seconds, Stopping threads took: 0.0000540 seconds
 CMS: abort preclean due to time 2020-02-15T12:16:26.211+0800: 703.643: [CMS-concurrent-abortable-preclean: 0.124/5.033 secs] [Times: user=0.16 sys=0.00, real=5.03 secs] 
2020-02-15T12:16:26.211+0800: 703.643: [GC (CMS Final Remark) [YG occupancy: 14794 K (19648 K)]2020-02-15T12:16:26.211+0800: 703.643: [Rescan (parallel) , 0.0126909 secs]2020-02-15T12:16:26.224+0800: 703.656: [weak refs processing, 0.0002641 secs]2020-02-15T12:16:26.224+0800: 703.656: [class unloading, 0.0146750 secs]2020-02-15T12:16:26.239+0800: 703.671: [scrub symbol table, 0.0149928 secs]2020-02-15T12:16:26.254+0800: 703.686: [scrub string table, 0.0010508 secs][1 CMS-remark: 37872K(43712K)] 52666K(63360K), 0.0440259 secs] [Times: user=0.04 sys=0.00, real=0.05 secs] 
2020-02-15T12:16:26.255+0800: 703.687: Total time for which application threads were stopped: 0.0442021 seconds, Stopping threads took: 0.0000407 seconds
2020-02-15T12:16:26.255+0800: 703.687: [CMS-concurrent-sweep-start]
2020-02-15T12:16:26.275+0800: 703.707: [CMS-concurrent-sweep: 0.020/0.020 secs] [Times: user=0.02 sys=0.00, real=0.02 secs] 
2020-02-15T12:16:26.275+0800: 703.707: [CMS-concurrent-reset-start]
2020-02-15T12:16:26.275+0800: 703.707: [CMS-concurrent-reset: 0.000/0.000 secs] [Times: user=0.00 sys=0.00, real=0.00 secs] 
2020-02-15T12:16:28.275+0800: 705.707: [GC (CMS Initial Mark) [1 CMS-initial-mark: 37872K(43712K)] 53458K(63360K), 0.0116522 secs] [Times: user=0.01 sys=0.00, real=0.01 secs] 
2020-02-15T12:16:28.286+0800: 705.718: Total time for which application threads were stopped: 0.0119000 seconds, Stopping threads took: 0.0000593 seconds
2020-02-15T12:16:28.286+0800: 705.718: [CMS-concurrent-mark-start]
2020-02-15T12:16:28.351+0800: 705.783: [CMS-concurrent-mark: 0.065/0.065 secs] [Times: user=0.06 sys=0.00, real=0.06 secs] 
2020-02-15T12:16:28.351+0800: 705.783: [CMS-concurrent-preclean-start]
2020-02-15T12:16:28.353+0800: 705.785: [CMS-concurrent-preclean: 0.002/0.002 secs] [Times: user=0.00 sys=0.00, real=0.00 secs] 
2020-02-15T12:16:28.353+0800: 705.785: [CMS-concurrent-abortable-preclean-start]
 CMS: abort preclean due to time 2020-02-15T12:16:33.388+0800: 710.820: [CMS-concurrent-abortable-preclean: 0.123/5.035 secs] [Times: user=0.15 sys=0.01, real=5.03 secs] 
2020-02-15T12:16:33.388+0800: 710.821: [GC (CMS Final Remark) [YG occupancy: 16888 K (19648 K)]2020-02-15T12:16:33.389+0800: 710.821: [Rescan (parallel) , 0.0126202 secs]2020-02-15T12:16:33.401+0800: 710.833: [weak refs processing, 0.0002756 secs]2020-02-15T12:16:33.401+0800: 710.834: [class unloading, 0.0136007 secs]2020-02-15T12:16:33.415+0800: 710.847: [scrub symbol table, 0.0094766 secs]2020-02-15T12:16:33.425+0800: 710.857: [scrub string table, 0.0009672 secs][1 CMS-remark: 37872K(43712K)] 54760K(63360K), 0.0372151 secs] [Times: user=0.04 sys=0.00, real=0.04 secs] 
2020-02-15T12:16:33.426+0800: 710.858: Total time for which application threads were stopped: 0.0373810 seconds, Stopping threads took: 0.0000386 seconds
2020-02-15T12:16:33.426+0800: 710.858: [CMS-concurrent-sweep-start]
2020-02-15T12:16:33.444+0800: 710.876: [CMS-concurrent-sweep: 0.018/0.018 secs] [Times: user=0.02 sys=0.00, real=0.02 secs] 
2020-02-15T12:16:33.444+0800: 710.876: [CMS-concurrent-reset-start]
2020-02-15T12:16:33.444+0800: 710.876: [CMS-concurrent-reset: 0.000/0.000 secs] [Times: user=0.00 sys=0.00, real=0.00 secs] 
2020-02-15T12:16:34.813+0800: 712.245: [GC (Allocation Failure) 2020-02-15T12:16:34.813+0800: 712.245: [ParNew
Desired survivor size 1114112 bytes, new threshold 6 (max 6)
- age   1:      26944 bytes,      26944 total
- age   2:       5800 bytes,      32744 total
- age   3:       6888 bytes,      39632 total
- age   4:       5512 bytes,      45144 total
- age   5:       3512 bytes,      48656 total
- age   6:       4192 bytes,      52848 total
: 17582K->70K(19648K), 0.0043992 secs] 55454K->37943K(63360K), 0.0044814 secs] [Times: user=0.01 sys=0.00, real=0.00 secs] 
2020-02-15T12:16:34.818+0800: 712.250: Total time for which application threads were stopped: 0.0046954 seconds, Stopping threads took: 0.0000435 seconds
2020-02-15T12:16:34.822+0800: 712.254: [GC (CMS Initial Mark) [1 CMS-initial-mark: 37873K(43712K)] 38273K(63360K), 0.0031774 secs] [Times: user=0.00 sys=0.00, real=0.00 secs] 
2020-02-15T12:16:34.825+0800: 712.258: Total time for which application threads were stopped: 0.0032966 seconds, Stopping threads took: 0.0000219 seconds
2020-02-15T12:16:34.825+0800: 712.258: [CMS-concurrent-mark-start]
2020-02-15T12:16:34.842+0800: 712.275: Total time for which application threads were stopped: 0.0000940 seconds, Stopping threads took: 0.0000200 seconds
2020-02-15T12:16:34.843+0800: 712.275: Total time for which application threads were stopped: 0.0000431 seconds, Stopping threads took: 0.0000084 seconds
2020-02-15T12:16:34.843+0800: 712.275: Total time for which application threads were stopped: 0.0000387 seconds, Stopping threads took: 0.0000070 seconds
2020-02-15T12:16:34.901+0800: 712.333: [CMS-concurrent-mark: 0.075/0.076 secs] [Times: user=0.07 sys=0.00, real=0.07 secs] 
2020-02-15T12:16:34.901+0800: 712.333: [CMS-concurrent-preclean-start]
2020-02-15T12:16:34.903+0800: 712.336: [CMS-concurrent-preclean: 0.002/0.002 secs] [Times: user=0.01 sys=0.00, real=0.01 secs] 
2020-02-15T12:16:34.904+0800: 712.336: [GC (CMS Final Remark) [YG occupancy: 767 K (19648 K)]2020-02-15T12:16:34.904+0800: 712.336: [Rescan (parallel) , 0.0021801 secs]2020-02-15T12:16:34.906+0800: 712.338: [weak refs processing, 0.0002232 secs]2020-02-15T12:16:34.906+0800: 712.338: [class unloading, 0.0133176 secs]2020-02-15T12:16:34.919+0800: 712.351: [scrub symbol table, 0.0089723 secs]2020-02-15T12:16:34.928+0800: 712.360: [scrub string table, 0.0011755 secs][1 CMS-remark: 37873K(43712K)] 38640K(63360K), 0.0261099 secs] [Times: user=0.02 sys=0.00, real=0.02 secs] 
2020-02-15T12:16:34.930+0800: 712.362: Total time for which application threads were stopped: 0.0262697 seconds, Stopping threads took: 0.0000368 seconds
2020-02-15T12:16:34.930+0800: 712.362: [CMS-concurrent-sweep-start]
2020-02-15T12:16:34.948+0800: 712.380: [CMS-concurrent-sweep: 0.019/0.019 secs] [Times: user=0.02 sys=0.00, real=0.02 secs] 
2020-02-15T12:16:34.948+0800: 712.380: [CMS-concurrent-reset-start]
2020-02-15T12:16:34.948+0800: 712.381: [CMS-concurrent-reset: 0.000/0.000 secs] [Times: user=0.00 sys=0.00, real=0.00 secs] 
2020-02-15T12:16:36.948+0800: 714.380: [GC (CMS Initial Mark) [1 CMS-initial-mark: 37873K(43712K)] 39188K(63360K), 0.0043921 secs] [Times: user=0.00 sys=0.00, real=0.01 secs] 
2020-02-15T12:16:36.952+0800: 714.384: Total time for which application threads were stopped: 0.0045588 seconds, Stopping threads took: 0.0000417 seconds
2020-02-15T12:16:36.952+0800: 714.384: [CMS-concurrent-mark-start]
2020-02-15T12:16:37.016+0800: 714.448: [CMS-concurrent-mark: 0.064/0.064 secs] [Times: user=0.06 sys=0.00, real=0.06 secs] 
2020-02-15T12:16:37.016+0800: 714.449: [CMS-concurrent-preclean-start]
2020-02-15T12:16:37.019+0800: 714.451: [CMS-concurrent-preclean: 0.002/0.002 secs] [Times: user=0.00 sys=0.00, real=0.00 secs] 
2020-02-15T12:16:37.019+0800: 714.451: [GC (CMS Final Remark) [YG occupancy: 1317 K (19648 K)]2020-02-15T12:16:37.019+0800: 714.451: [Rescan (parallel) , 0.0024669 secs]2020-02-15T12:16:37.021+0800: 714.453: [weak refs processing, 0.0002258 secs]2020-02-15T12:16:37.021+0800: 714.453: [class unloading, 0.0125957 secs]2020-02-15T12:16:37.034+0800: 714.466: [scrub symbol table, 0.0089385 secs]2020-02-15T12:16:37.043+0800: 714.475: [scrub string table, 0.0010914 secs][1 CMS-remark: 37873K(43712K)] 39190K(63360K), 0.0255388 secs] [Times: user=0.03 sys=0.00, real=0.03 secs] 
2020-02-15T12:16:37.044+0800: 714.476: Total time for which application threads were stopped: 0.0256904 seconds, Stopping threads took: 0.0000338 seconds
2020-02-15T12:16:37.044+0800: 714.476: [CMS-concurrent-sweep-start]
2020-02-15T12:16:37.067+0800: 714.499: [CMS-concurrent-sweep: 0.022/0.022 secs] [Times: user=0.02 sys=0.00, real=0.02 secs] 
2020-02-15T12:16:37.067+0800: 714.499: [CMS-concurrent-reset-start]
2020-02-15T12:16:37.067+0800: 714.499: [CMS-concurrent-reset: 0.000/0.000 secs] [Times: user=0.00 sys=0.00, real=0.00 secs] 
2020-02-15T12:16:39.066+0800: 716.498: [GC (CMS Initial Mark) [1 CMS-initial-mark: 37873K(43712K)] 39990K(63360K), 0.0049715 secs] [Times: user=0.00 sys=0.00, real=0.00 secs] 
2020-02-15T12:16:39.071+0800: 716.503: Total time for which application threads were stopped: 0.0052064 seconds, Stopping threads took: 0.0000506 seconds
2020-02-15T12:16:39.071+0800: 716.503: [CMS-concurrent-mark-start]
2020-02-15T12:16:39.140+0800: 716.572: [CMS-concurrent-mark: 0.069/0.069 secs] [Times: user=0.07 sys=0.00, real=0.07 secs] 
2020-02-15T12:16:39.140+0800: 716.572: [CMS-concurrent-preclean-start]
2020-02-15T12:16:39.142+0800: 716.574: [CMS-concurrent-preclean: 0.002/0.002 secs] [Times: user=0.00 sys=0.00, real=0.01 secs] 
2020-02-15T12:16:39.142+0800: 716.574: [CMS-concurrent-abortable-preclean-start]
2020-02-15T12:16:40.071+0800: 717.503: Total time for which application threads were stopped: 0.0001376 seconds, Stopping threads took: 0.0000375 seconds
 CMS: abort preclean due to time 2020-02-15T12:16:44.184+0800: 721.616: [CMS-concurrent-abortable-preclean: 0.122/5.042 secs] [Times: user=0.15 sys=0.01, real=5.04 secs] 
2020-02-15T12:16:44.184+0800: 721.616: [GC (CMS Final Remark) [YG occupancy: 3714 K (19648 K)]2020-02-15T12:16:44.184+0800: 721.616: [Rescan (parallel) , 0.0050679 secs]2020-02-15T12:16:44.189+0800: 721.621: [weak refs processing, 0.0002512 secs]2020-02-15T12:16:44.190+0800: 721.622: [class unloading, 0.0151226 secs]2020-02-15T12:16:44.205+0800: 721.637: [scrub symbol table, 0.0090981 secs]2020-02-15T12:16:44.214+0800: 721.646: [scrub string table, 0.0009846 secs][1 CMS-remark: 37873K(43712K)] 41588K(63360K), 0.0308102 secs] [Times: user=0.03 sys=0.00, real=0.03 secs] 
2020-02-15T12:16:44.215+0800: 721.647: Total time for which application threads were stopped: 0.0309688 seconds, Stopping threads took: 0.0000336 seconds
2020-02-15T12:16:44.220+0800: 721.652: [CMS-concurrent-sweep-start]
2020-02-15T12:16:44.247+0800: 721.679: [CMS-concurrent-sweep: 0.027/0.027 secs] [Times: user=0.03 sys=0.00, real=0.03 secs] 
2020-02-15T12:16:44.247+0800: 721.679: [CMS-concurrent-reset-start]
2020-02-15T12:16:44.247+0800: 721.679: [CMS-concurrent-reset: 0.000/0.000 secs] [Times: user=0.00 sys=0.00, real=0.00 secs] 
2020-02-15T12:16:46.246+0800: 723.678: [GC (CMS Initial Mark) [1 CMS-initial-mark: 37873K(43712K)] 42519K(63360K), 0.0060499 secs] [Times: user=0.01 sys=0.00, real=0.01 secs] 
2020-02-15T12:16:46.252+0800: 723.684: Total time for which application threads were stopped: 0.0062287 seconds, Stopping threads took: 0.0000433 seconds
2020-02-15T12:16:46.252+0800: 723.684: [CMS-concurrent-mark-start]
2020-02-15T12:16:46.317+0800: 723.749: [CMS-concurrent-mark: 0.065/0.065 secs] [Times: user=0.06 sys=0.00, real=0.06 secs] 
2020-02-15T12:16:46.317+0800: 723.749: [CMS-concurrent-preclean-start]
2020-02-15T12:16:46.319+0800: 723.751: [CMS-concurrent-preclean: 0.002/0.002 secs] [Times: user=0.00 sys=0.00, real=0.00 secs] 
2020-02-15T12:16:46.319+0800: 723.751: [CMS-concurrent-abortable-preclean-start]
2020-02-15T12:16:47.252+0800: 724.685: Total time for which application threads were stopped: 0.0001371 seconds, Stopping threads took: 0.0000372 seconds
2020-02-15T12:16:49.253+0800: 726.685: Total time for which application threads were stopped: 0.0001510 seconds, Stopping threads took: 0.0000421 seconds
2020-02-15T12:16:50.253+0800: 727.685: Total time for which application threads were stopped: 0.0001740 seconds, Stopping threads took: 0.0000546 seconds
 CMS: abort preclean due to time 2020-02-15T12:16:51.384+0800: 728.817: [CMS-concurrent-abortable-preclean: 0.124/5.065 secs] [Times: user=0.15 sys=0.00, real=5.07 secs] 
2020-02-15T12:16:51.385+0800: 728.817: [GC (CMS Final Remark) [YG occupancy: 6079 K (19648 K)]2020-02-15T12:16:51.385+0800: 728.817: [Rescan (parallel) , 0.0064112 secs]2020-02-15T12:16:51.391+0800: 728.823: [weak refs processing, 0.0003147 secs]2020-02-15T12:16:51.392+0800: 728.824: [class unloading, 0.0143553 secs]2020-02-15T12:16:51.406+0800: 728.838: [scrub symbol table, 0.0106877 secs]2020-02-15T12:16:51.417+0800: 728.849: [scrub string table, 0.0010635 secs][1 CMS-remark: 37873K(43712K)] 43953K(63360K), 0.0331327 secs] [Times: user=0.03 sys=0.00, real=0.03 secs] 
2020-02-15T12:16:51.418+0800: 728.850: Total time for which application threads were stopped: 0.0332977 seconds, Stopping threads took: 0.0000407 seconds
2020-02-15T12:16:51.424+0800: 728.856: [CMS-concurrent-sweep-start]
2020-02-15T12:16:51.444+0800: 728.876: [CMS-concurrent-sweep: 0.020/0.020 secs] [Times: user=0.02 sys=0.00, real=0.02 secs] 
2020-02-15T12:16:51.444+0800: 728.876: [CMS-concurrent-reset-start]
2020-02-15T12:16:51.444+0800: 728.876: [CMS-concurrent-reset: 0.000/0.000 secs] [Times: user=0.00 sys=0.00, real=0.00 secs] 
2020-02-15T12:16:53.443+0800: 730.875: [GC (CMS Initial Mark) [1 CMS-initial-mark: 37873K(43712K)] 44752K(63360K), 0.0072756 secs] [Times: user=0.00 sys=0.00, real=0.00 secs] 
2020-02-15T12:16:53.450+0800: 730.882: Total time for which application threads were stopped: 0.0075113 seconds, Stopping threads took: 0.0000406 seconds
2020-02-15T12:16:53.450+0800: 730.883: [CMS-concurrent-mark-start]
2020-02-15T12:16:53.521+0800: 730.953: [CMS-concurrent-mark: 0.071/0.071 secs] [Times: user=0.07 sys=0.00, real=0.08 secs] 
2020-02-15T12:16:53.521+0800: 730.954: [CMS-concurrent-preclean-start]
2020-02-15T12:16:53.524+0800: 730.956: [CMS-concurrent-preclean: 0.002/0.002 secs] [Times: user=0.01 sys=0.00, real=0.00 secs] 
2020-02-15T12:16:53.524+0800: 730.956: [CMS-concurrent-abortable-preclean-start]
2020-02-15T12:16:55.451+0800: 732.883: Total time for which application threads were stopped: 0.0001752 seconds, Stopping threads took: 0.0000454 seconds
 CMS: abort preclean due to time 2020-02-15T12:16:58.529+0800: 735.961: [CMS-concurrent-abortable-preclean: 0.121/5.005 secs] [Times: user=0.14 sys=0.00, real=5.00 secs] 
2020-02-15T12:16:58.529+0800: 735.961: [GC (CMS Final Remark) [YG occupancy: 8985 K (19648 K)]2020-02-15T12:16:58.529+0800: 735.961: [Rescan (parallel) , 0.0073516 secs]2020-02-15T12:16:58.537+0800: 735.969: [weak refs processing, 0.0002643 secs]2020-02-15T12:16:58.537+0800: 735.969: [class unloading, 0.0136736 secs]2020-02-15T12:16:58.551+0800: 735.983: [scrub symbol table, 0.0096085 secs]2020-02-15T12:16:58.560+0800: 735.992: [scrub string table, 0.0009538 secs][1 CMS-remark: 37873K(43712K)] 46859K(63360K), 0.0321167 secs] [Times: user=0.03 sys=0.00, real=0.04 secs] 
2020-02-15T12:16:58.561+0800: 735.994: Total time for which application threads were stopped: 0.0322935 seconds, Stopping threads took: 0.0000497 seconds
2020-02-15T12:16:58.562+0800: 735.994: [CMS-concurrent-sweep-start]
2020-02-15T12:16:58.580+0800: 736.012: [CMS-concurrent-sweep: 0.018/0.018 secs] [Times: user=0.02 sys=0.00, real=0.01 secs] 
2020-02-15T12:16:58.580+0800: 736.012: [CMS-concurrent-reset-start]
2020-02-15T12:16:58.580+0800: 736.012: [CMS-concurrent-reset: 0.000/0.000 secs] [Times: user=0.00 sys=0.00, real=0.00 secs] 
2020-02-15T12:17:00.579+0800: 738.011: [GC (CMS Initial Mark) [1 CMS-initial-mark: 37873K(43712K)] 47282K(63360K), 0.0083942 secs] [Times: user=0.01 sys=0.00, real=0.01 secs] 
2020-02-15T12:17:00.587+0800: 738.019: Total time for which application threads were stopped: 0.0085729 seconds, Stopping threads took: 0.0000368 seconds
2020-02-15T12:17:00.587+0800: 738.020: [CMS-concurrent-mark-start]
2020-02-15T12:17:00.653+0800: 738.085: [CMS-concurrent-mark: 0.065/0.065 secs] [Times: user=0.07 sys=0.00, real=0.07 secs] 
2020-02-15T12:17:00.653+0800: 738.085: [CMS-concurrent-preclean-start]
2020-02-15T12:17:00.655+0800: 738.087: [CMS-concurrent-preclean: 0.002/0.002 secs] [Times: user=0.00 sys=0.00, real=0.00 secs] 
2020-02-15T12:17:00.655+0800: 738.087: [CMS-concurrent-abortable-preclean-start]
2020-02-15T12:17:05.588+0800: 743.020: Total time for which application threads were stopped: 0.0001977 seconds, Stopping threads took: 0.0000462 seconds
 CMS: abort preclean due to time 2020-02-15T12:17:05.693+0800: 743.125: [CMS-concurrent-abortable-preclean: 0.125/5.038 secs] [Times: user=0.15 sys=0.00, real=5.04 secs] 
2020-02-15T12:17:05.693+0800: 743.125: [GC (CMS Final Remark) [YG occupancy: 11625 K (19648 K)]2020-02-15T12:17:05.693+0800: 743.125: [Rescan (parallel) , 0.0094395 secs]2020-02-15T12:17:05.703+0800: 743.135: [weak refs processing, 0.0002589 secs]2020-02-15T12:17:05.703+0800: 743.135: [class unloading, 0.0137247 secs]2020-02-15T12:17:05.717+0800: 743.149: [scrub symbol table, 0.0100137 secs]2020-02-15T12:17:05.727+0800: 743.159: [scrub string table, 0.0009759 secs][1 CMS-remark: 37873K(43712K)] 49498K(63360K), 0.0347183 secs] [Times: user=0.03 sys=0.00, real=0.03 secs] 
2020-02-15T12:17:05.728+0800: 743.160: Total time for which application threads were stopped: 0.0348854 seconds, Stopping threads took: 0.0000422 seconds
2020-02-15T12:17:05.728+0800: 743.160: [CMS-concurrent-sweep-start]
2020-02-15T12:17:05.746+0800: 743.179: [CMS-concurrent-sweep: 0.018/0.018 secs] [Times: user=0.02 sys=0.00, real=0.02 secs] 
2020-02-15T12:17:05.747+0800: 743.179: [CMS-concurrent-reset-start]
2020-02-15T12:17:05.747+0800: 743.179: [CMS-concurrent-reset: 0.000/0.000 secs] [Times: user=0.00 sys=0.00, real=0.00 secs] 
2020-02-15T12:17:07.728+0800: 745.161: Total time for which application threads were stopped: 0.0002051 seconds, Stopping threads took: 0.0000511 seconds
2020-02-15T12:17:07.747+0800: 745.179: [GC (CMS Initial Mark) [1 CMS-initial-mark: 37873K(43712K)] 50198K(63360K), 0.0104284 secs] [Times: user=0.01 sys=0.00, real=0.01 secs] 
2020-02-15T12:17:07.757+0800: 745.189: Total time for which application threads were stopped: 0.0106270 seconds, Stopping threads took: 0.0000451 seconds
2020-02-15T12:17:07.757+0800: 745.189: [CMS-concurrent-mark-start]
2020-02-15T12:17:07.828+0800: 745.260: [CMS-concurrent-mark: 0.070/0.070 secs] [Times: user=0.07 sys=0.00, real=0.07 secs] 
2020-02-15T12:17:07.828+0800: 745.260: [CMS-concurrent-preclean-start]
2020-02-15T12:17:07.830+0800: 745.262: [CMS-concurrent-preclean: 0.002/0.002 secs] [Times: user=0.01 sys=0.00, real=0.00 secs] 
2020-02-15T12:17:07.830+0800: 745.262: [CMS-concurrent-abortable-preclean-start]
2020-02-15T12:17:09.757+0800: 747.190: Total time for which application threads were stopped: 0.0001640 seconds, Stopping threads took: 0.0000545 seconds
 CMS: abort preclean due to time 2020-02-15T12:17:12.837+0800: 750.269: [CMS-concurrent-abortable-preclean: 0.120/5.007 secs] [Times: user=0.13 sys=0.01, real=5.01 secs] 
2020-02-15T12:17:12.837+0800: 750.269: [GC (CMS Final Remark) [YG occupancy: 13693 K (19648 K)]2020-02-15T12:17:12.837+0800: 750.269: [Rescan (parallel) , 0.0119710 secs]2020-02-15T12:17:12.849+0800: 750.281: [weak refs processing, 0.0002405 secs]2020-02-15T12:17:12.849+0800: 750.281: [class unloading, 0.0134418 secs]2020-02-15T12:17:12.863+0800: 750.295: [scrub symbol table, 0.0091227 secs]2020-02-15T12:17:12.872+0800: 750.304: [scrub string table, 0.0009580 secs][1 CMS-remark: 37873K(43712K)] 51567K(63360K), 0.0359866 secs] [Times: user=0.04 sys=0.00, real=0.04 secs] 
2020-02-15T12:17:12.873+0800: 750.305: Total time for which application threads were stopped: 0.0361875 seconds, Stopping threads took: 0.0000469 seconds
2020-02-15T12:17:12.873+0800: 750.305: [CMS-concurrent-sweep-start]
2020-02-15T12:17:12.891+0800: 750.323: [CMS-concurrent-sweep: 0.018/0.018 secs] [Times: user=0.02 sys=0.00, real=0.02 secs] 
2020-02-15T12:17:12.892+0800: 750.324: [CMS-concurrent-reset-start]
2020-02-15T12:17:12.892+0800: 750.324: [CMS-concurrent-reset: 0.000/0.000 secs] [Times: user=0.00 sys=0.00, real=0.00 secs] 
2020-02-15T12:17:14.873+0800: 752.305: Total time for which application threads were stopped: 0.0001775 seconds, Stopping threads took: 0.0000465 seconds
2020-02-15T12:17:14.892+0800: 752.324: [GC (CMS Initial Mark) [1 CMS-initial-mark: 37873K(43712K)] 53127K(63360K), 0.0119282 secs] [Times: user=0.01 sys=0.00, real=0.01 secs] 
2020-02-15T12:17:14.904+0800: 752.336: Total time for which application threads were stopped: 0.0121370 seconds, Stopping threads took: 0.0000440 seconds
2020-02-15T12:17:14.904+0800: 752.336: [CMS-concurrent-mark-start]
2020-02-15T12:17:14.973+0800: 752.405: [CMS-concurrent-mark: 0.070/0.070 secs] [Times: user=0.07 sys=0.00, real=0.07 secs] 
2020-02-15T12:17:14.973+0800: 752.405: [CMS-concurrent-preclean-start]
2020-02-15T12:17:14.976+0800: 752.408: [CMS-concurrent-preclean: 0.002/0.002 secs] [Times: user=0.00 sys=0.00, real=0.00 secs] 
2020-02-15T12:17:14.976+0800: 752.408: [CMS-concurrent-abortable-preclean-start]
 CMS: abort preclean due to time 2020-02-15T12:17:20.007+0800: 757.439: [CMS-concurrent-abortable-preclean: 0.126/5.031 secs] [Times: user=0.14 sys=0.00, real=5.03 secs] 
2020-02-15T12:17:20.007+0800: 757.439: [GC (CMS Final Remark) [YG occupancy: 16694 K (19648 K)]2020-02-15T12:17:20.007+0800: 757.439: [Rescan (parallel) , 0.0140216 secs]2020-02-15T12:17:20.021+0800: 757.453: [weak refs processing, 0.0003143 secs]2020-02-15T12:17:20.022+0800: 757.454: [class unloading, 0.0158329 secs]2020-02-15T12:17:20.037+0800: 757.470: [scrub symbol table, 0.0157520 secs]2020-02-15T12:17:20.053+0800: 757.485: [scrub string table, 0.0010450 secs][1 CMS-remark: 37873K(43712K)] 54567K(63360K), 0.0473242 secs] [Times: user=0.04 sys=0.00, real=0.05 secs] 
2020-02-15T12:17:20.055+0800: 757.487: Total time for which application threads were stopped: 0.0475191 seconds, Stopping threads took: 0.0000490 seconds
2020-02-15T12:17:20.055+0800: 757.487: [CMS-concurrent-sweep-start]
2020-02-15T12:17:20.074+0800: 757.507: [CMS-concurrent-sweep: 0.020/0.020 secs] [Times: user=0.02 sys=0.00, real=0.02 secs] 
2020-02-15T12:17:20.075+0800: 757.507: [CMS-concurrent-reset-start]
2020-02-15T12:17:20.075+0800: 757.507: [CMS-concurrent-reset: 0.000/0.000 secs] [Times: user=0.00 sys=0.00, real=0.00 secs] 
2020-02-15T12:17:22.074+0800: 759.506: [GC (CMS Initial Mark) [1 CMS-initial-mark: 37873K(43712K)] 55315K(63360K), 0.0135505 secs] [Times: user=0.01 sys=0.00, real=0.01 secs] 
2020-02-15T12:17:22.088+0800: 759.520: Total time for which application threads were stopped: 0.0137916 seconds, Stopping threads took: 0.0000459 seconds
2020-02-15T12:17:22.088+0800: 759.520: [CMS-concurrent-mark-start]
2020-02-15T12:17:22.125+0800: 759.558: [GC (Allocation Failure) 2020-02-15T12:17:22.126+0800: 759.558: [ParNew
Desired survivor size 1114112 bytes, new threshold 6 (max 6)
- age   1:      35488 bytes,      35488 total
- age   2:        520 bytes,      36008 total
- age   3:       5720 bytes,      41728 total
- age   4:       6648 bytes,      48376 total
- age   5:       5512 bytes,      53888 total
- age   6:       3512 bytes,      57400 total
: 17542K->94K(19648K), 0.0043211 secs] 55415K->37972K(63360K), 0.0044306 secs] [Times: user=0.00 sys=0.00, real=0.00 secs] 
2020-02-15T12:17:22.130+0800: 759.562: Total time for which application threads were stopped: 0.0046495 seconds, Stopping threads took: 0.0000469 seconds
2020-02-15T12:17:22.135+0800: 759.567: Total time for which application threads were stopped: 0.0001271 seconds, Stopping threads took: 0.0000292 seconds
2020-02-15T12:17:22.135+0800: 759.567: Total time for which application threads were stopped: 0.0000405 seconds, Stopping threads took: 0.0000086 seconds
2020-02-15T12:17:22.135+0800: 759.567: Total time for which application threads were stopped: 0.0000362 seconds, Stopping threads took: 0.0000074 seconds
2020-02-15T12:17:22.135+0800: 759.567: Total time for which application threads were stopped: 0.0000575 seconds, Stopping threads took: 0.0000069 seconds
2020-02-15T12:17:22.174+0800: 759.606: [CMS-concurrent-mark: 0.079/0.086 secs] [Times: user=0.09 sys=0.00, real=0.09 secs] 
2020-02-15T12:17:22.174+0800: 759.606: [CMS-concurrent-preclean-start]
2020-02-15T12:17:22.177+0800: 759.609: [CMS-concurrent-preclean: 0.002/0.002 secs] [Times: user=0.00 sys=0.00, real=0.00 secs] 
2020-02-15T12:17:22.177+0800: 759.609: [GC (CMS Final Remark) [YG occupancy: 289 K (19648 K)]2020-02-15T12:17:22.177+0800: 759.609: [Rescan (parallel) , 0.0028393 secs]2020-02-15T12:17:22.180+0800: 759.612: [weak refs processing, 0.0002420 secs]2020-02-15T12:17:22.180+0800: 759.612: [class unloading, 0.0138233 secs]2020-02-15T12:17:22.194+0800: 759.626: [scrub symbol table, 0.0105884 secs]2020-02-15T12:17:22.205+0800: 759.637: [scrub string table, 0.0009985 secs][1 CMS-remark: 37877K(43712K)] 38167K(63360K), 0.0289764 secs] [Times: user=0.03 sys=0.00, real=0.03 secs] 
2020-02-15T12:17:22.206+0800: 759.638: Total time for which application threads were stopped: 0.0291358 seconds, Stopping threads took: 0.0000381 seconds
2020-02-15T12:17:22.206+0800: 759.638: [CMS-concurrent-sweep-start]
2020-02-15T12:17:22.224+0800: 759.656: [CMS-concurrent-sweep: 0.018/0.018 secs] [Times: user=0.01 sys=0.00, real=0.02 secs] 
2020-02-15T12:17:22.224+0800: 759.656: [CMS-concurrent-reset-start]
2020-02-15T12:17:22.224+0800: 759.656: [CMS-concurrent-reset: 0.000/0.000 secs] [Times: user=0.00 sys=0.00, real=0.00 secs] 
2020-02-15T12:17:23.206+0800: 760.638: Total time for which application threads were stopped: 0.0002293 seconds, Stopping threads took: 0.0000462 seconds
2020-02-15T12:17:24.224+0800: 761.657: [GC (CMS Initial Mark) [1 CMS-initial-mark: 37877K(43712K)] 38179K(63360K), 0.0040290 secs] [Times: user=0.00 sys=0.00, real=0.00 secs] 
2020-02-15T12:17:24.229+0800: 761.661: Total time for which application threads were stopped: 0.0042248 seconds, Stopping threads took: 0.0000533 seconds
2020-02-15T12:17:24.229+0800: 761.661: [CMS-concurrent-mark-start]
2020-02-15T12:17:24.300+0800: 761.732: [CMS-concurrent-mark: 0.072/0.072 secs] [Times: user=0.07 sys=0.00, real=0.07 secs] 
2020-02-15T12:17:24.300+0800: 761.733: [CMS-concurrent-preclean-start]
2020-02-15T12:17:24.303+0800: 761.735: [CMS-concurrent-preclean: 0.003/0.003 secs] [Times: user=0.01 sys=0.00, real=0.01 secs] 
2020-02-15T12:17:24.303+0800: 761.735: [GC (CMS Final Remark) [YG occupancy: 302 K (19648 K)]2020-02-15T12:17:24.303+0800: 761.735: [Rescan (parallel) , 0.0023379 secs]2020-02-15T12:17:24.306+0800: 761.738: [weak refs processing, 0.0002358 secs]2020-02-15T12:17:24.306+0800: 761.738: [class unloading, 0.0146631 secs]2020-02-15T12:17:24.320+0800: 761.753: [scrub symbol table, 0.0103055 secs]2020-02-15T12:17:24.331+0800: 761.763: [scrub string table, 0.0010025 secs][1 CMS-remark: 37877K(43712K)] 38179K(63360K), 0.0288222 secs] [Times: user=0.02 sys=0.00, real=0.03 secs] 
2020-02-15T12:17:24.332+0800: 761.764: Total time for which application threads were stopped: 0.0289815 seconds, Stopping threads took: 0.0000384 seconds
2020-02-15T12:17:24.335+0800: 761.767: [CMS-concurrent-sweep-start]
2020-02-15T12:17:24.371+0800: 761.803: [CMS-concurrent-sweep: 0.036/0.036 secs] [Times: user=0.03 sys=0.00, real=0.03 secs] 
2020-02-15T12:17:24.371+0800: 761.803: [CMS-concurrent-reset-start]
2020-02-15T12:17:24.371+0800: 761.803: [CMS-concurrent-reset: 0.000/0.000 secs] [Times: user=0.00 sys=0.00, real=0.00 secs] 
2020-02-15T12:17:26.371+0800: 763.803: [GC (CMS Initial Mark) [1 CMS-initial-mark: 37877K(43712K)] 39595K(63360K), 0.0046633 secs] [Times: user=0.01 sys=0.00, real=0.01 secs] 
2020-02-15T12:17:26.375+0800: 763.807: Total time for which application threads were stopped: 0.0048469 seconds, Stopping threads took: 0.0000447 seconds
2020-02-15T12:17:26.375+0800: 763.807: [CMS-concurrent-mark-start]
2020-02-15T12:17:26.446+0800: 763.878: [CMS-concurrent-mark: 0.070/0.070 secs] [Times: user=0.07 sys=0.00, real=0.07 secs] 
2020-02-15T12:17:26.446+0800: 763.878: [CMS-concurrent-preclean-start]
2020-02-15T12:17:26.448+0800: 763.880: [CMS-concurrent-preclean: 0.003/0.003 secs] [Times: user=0.00 sys=0.00, real=0.00 secs] 
2020-02-15T12:17:26.448+0800: 763.881: [GC (CMS Final Remark) [YG occupancy: 1718 K (19648 K)]2020-02-15T12:17:26.448+0800: 763.881: [Rescan (parallel) , 0.0031976 secs]2020-02-15T12:17:26.452+0800: 763.884: [weak refs processing, 0.0002345 secs]2020-02-15T12:17:26.452+0800: 763.884: [class unloading, 0.0142620 secs]2020-02-15T12:17:26.466+0800: 763.898: [scrub symbol table, 0.0099817 secs]2020-02-15T12:17:26.476+0800: 763.908: [scrub string table, 0.0010072 secs][1 CMS-remark: 37877K(43712K)] 39595K(63360K), 0.0289532 secs] [Times: user=0.03 sys=0.00, real=0.03 secs] 
2020-02-15T12:17:26.477+0800: 763.910: Total time for which application threads were stopped: 0.0291130 seconds, Stopping threads took: 0.0000370 seconds
2020-02-15T12:17:26.478+0800: 763.910: [CMS-concurrent-sweep-start]
2020-02-15T12:17:26.496+0800: 763.928: [CMS-concurrent-sweep: 0.019/0.019 secs] [Times: user=0.01 sys=0.00, real=0.02 secs] 
2020-02-15T12:17:26.496+0800: 763.928: [CMS-concurrent-reset-start]
2020-02-15T12:17:26.496+0800: 763.929: [CMS-concurrent-reset: 0.000/0.000 secs] [Times: user=0.00 sys=0.00, real=0.00 secs] 
2020-02-15T12:17:28.496+0800: 765.928: [GC (CMS Initial Mark) [1 CMS-initial-mark: 37877K(43712K)] 40290K(63360K), 0.0047947 secs] [Times: user=0.01 sys=0.00, real=0.00 secs] 
2020-02-15T12:17:28.501+0800: 765.933: Total time for which application threads were stopped: 0.0049930 seconds, Stopping threads took: 0.0000745 seconds
2020-02-15T12:17:28.501+0800: 765.933: [CMS-concurrent-mark-start]
2020-02-15T12:17:28.567+0800: 765.999: [CMS-concurrent-mark: 0.066/0.066 secs] [Times: user=0.06 sys=0.00, real=0.07 secs] 
2020-02-15T12:17:28.567+0800: 765.999: [CMS-concurrent-preclean-start]
2020-02-15T12:17:28.569+0800: 766.001: [CMS-concurrent-preclean: 0.002/0.002 secs] [Times: user=0.00 sys=0.00, real=0.00 secs] 
2020-02-15T12:17:28.569+0800: 766.001: [CMS-concurrent-abortable-preclean-start]
 CMS: abort preclean due to time 2020-02-15T12:17:33.596+0800: 771.028: [CMS-concurrent-abortable-preclean: 0.123/5.027 secs] [Times: user=0.14 sys=0.00, real=5.03 secs] 
2020-02-15T12:17:33.596+0800: 771.029: [GC (CMS Final Remark) [YG occupancy: 3794 K (19648 K)]2020-02-15T12:17:33.597+0800: 771.029: [Rescan (parallel) , 0.0040983 secs]2020-02-15T12:17:33.601+0800: 771.033: [weak refs processing, 0.0002351 secs]2020-02-15T12:17:33.601+0800: 771.033: [class unloading, 0.0133081 secs]2020-02-15T12:17:33.614+0800: 771.046: [scrub symbol table, 0.0094735 secs]2020-02-15T12:17:33.624+0800: 771.056: [scrub string table, 0.0009673 secs][1 CMS-remark: 37877K(43712K)] 41671K(63360K), 0.0283112 secs] [Times: user=0.03 sys=0.00, real=0.03 secs] 
2020-02-15T12:17:33.625+0800: 771.057: Total time for which application threads were stopped: 0.0284730 seconds, Stopping threads took: 0.0000401 seconds
2020-02-15T12:17:33.625+0800: 771.057: [CMS-concurrent-sweep-start]
2020-02-15T12:17:33.643+0800: 771.075: [CMS-concurrent-sweep: 0.018/0.018 secs] [Times: user=0.02 sys=0.00, real=0.02 secs] 
2020-02-15T12:17:33.643+0800: 771.075: [CMS-concurrent-reset-start]
2020-02-15T12:17:33.643+0800: 771.075: [CMS-concurrent-reset: 0.000/0.000 secs] [Times: user=0.00 sys=0.00, real=0.00 secs] 
2020-02-15T12:17:35.643+0800: 773.075: [GC (CMS Initial Mark) [1 CMS-initial-mark: 37877K(43712K)] 43031K(63360K), 0.0061659 secs] [Times: user=0.00 sys=0.00, real=0.00 secs] 
2020-02-15T12:17:35.649+0800: 773.081: Total time for which application threads were stopped: 0.0063494 seconds, Stopping threads took: 0.0000388 seconds
2020-02-15T12:17:35.649+0800: 773.081: [CMS-concurrent-mark-start]
2020-02-15T12:17:35.713+0800: 773.145: [CMS-concurrent-mark: 0.064/0.064 secs] [Times: user=0.06 sys=0.00, real=0.07 secs] 
2020-02-15T12:17:35.713+0800: 773.145: [CMS-concurrent-preclean-start]
2020-02-15T12:17:35.715+0800: 773.147: [CMS-concurrent-preclean: 0.002/0.002 secs] [Times: user=0.01 sys=0.00, real=0.00 secs] 
2020-02-15T12:17:35.715+0800: 773.147: [CMS-concurrent-abortable-preclean-start]
 CMS: abort preclean due to time 2020-02-15T12:17:40.744+0800: 778.176: [CMS-concurrent-abortable-preclean: 0.121/5.029 secs] [Times: user=0.13 sys=0.00, real=5.03 secs] 
2020-02-15T12:17:40.744+0800: 778.176: [GC (CMS Final Remark) [YG occupancy: 6840 K (19648 K)]2020-02-15T12:17:40.744+0800: 778.176: [Rescan (parallel) , 0.0056399 secs]2020-02-15T12:17:40.750+0800: 778.182: [weak refs processing, 0.0002535 secs]2020-02-15T12:17:40.750+0800: 778.182: [class unloading, 0.0135947 secs]2020-02-15T12:17:40.764+0800: 778.196: [scrub symbol table, 0.0093240 secs]2020-02-15T12:17:40.773+0800: 778.205: [scrub string table, 0.0009557 secs][1 CMS-remark: 37877K(43712K)] 44717K(63360K), 0.0300123 secs] [Times: user=0.03 sys=0.00, real=0.03 secs] 
2020-02-15T12:17:40.774+0800: 778.206: Total time for which application threads were stopped: 0.0301679 seconds, Stopping threads took: 0.0000354 seconds
2020-02-15T12:17:40.774+0800: 778.206: [CMS-concurrent-sweep-start]
2020-02-15T12:17:40.792+0800: 778.224: [CMS-concurrent-sweep: 0.018/0.018 secs] [Times: user=0.02 sys=0.00, real=0.02 secs] 
2020-02-15T12:17:40.792+0800: 778.224: [CMS-concurrent-reset-start]
2020-02-15T12:17:40.792+0800: 778.224: [CMS-concurrent-reset: 0.000/0.000 secs] [Times: user=0.00 sys=0.00, real=0.00 secs] 
2020-02-15T12:17:42.791+0800: 780.224: [GC (CMS Initial Mark) [1 CMS-initial-mark: 37876K(43712K)] 45100K(63360K), 0.0073976 secs] [Times: user=0.00 sys=0.00, real=0.00 secs] 
2020-02-15T12:17:42.799+0800: 780.231: Total time for which application threads were stopped: 0.0075886 seconds, Stopping threads took: 0.0000420 seconds
2020-02-15T12:17:42.799+0800: 780.231: [CMS-concurrent-mark-start]
2020-02-15T12:17:42.865+0800: 780.297: [CMS-concurrent-mark: 0.066/0.066 secs] [Times: user=0.07 sys=0.00, real=0.07 secs] 
2020-02-15T12:17:42.865+0800: 780.298: [CMS-concurrent-preclean-start]
2020-02-15T12:17:42.868+0800: 780.300: [CMS-concurrent-preclean: 0.002/0.002 secs] [Times: user=0.00 sys=0.00, real=0.00 secs] 
2020-02-15T12:17:42.868+0800: 780.300: [CMS-concurrent-abortable-preclean-start]
2020-02-15T12:17:45.800+0800: 783.232: Total time for which application threads were stopped: 0.0001491 seconds, Stopping threads took: 0.0000468 seconds
 CMS: abort preclean due to time 2020-02-15T12:17:47.957+0800: 785.389: [CMS-concurrent-abortable-preclean: 0.123/5.089 secs] [Times: user=0.15 sys=0.00, real=5.09 secs] 
2020-02-15T12:17:47.957+0800: 785.389: [GC (CMS Final Remark) [YG occupancy: 9347 K (19648 K)]2020-02-15T12:17:47.957+0800: 785.389: [Rescan (parallel) , 0.0074993 secs]2020-02-15T12:17:47.965+0800: 785.397: [weak refs processing, 0.0002379 secs]2020-02-15T12:17:47.965+0800: 785.397: [class unloading, 0.0139008 secs]2020-02-15T12:17:47.979+0800: 785.411: [scrub symbol table, 0.0148475 secs]2020-02-15T12:17:47.994+0800: 785.426: [scrub string table, 0.0014028 secs][1 CMS-remark: 37876K(43712K)] 47224K(63360K), 0.0381339 secs] [Times: user=0.03 sys=0.00, real=0.04 secs] 
2020-02-15T12:17:47.995+0800: 785.427: Total time for which application threads were stopped: 0.0383043 seconds, Stopping threads took: 0.0000464 seconds
2020-02-15T12:17:47.995+0800: 785.428: [CMS-concurrent-sweep-start]
2020-02-15T12:17:48.014+0800: 785.446: [CMS-concurrent-sweep: 0.018/0.018 secs] [Times: user=0.02 sys=0.00, real=0.02 secs] 
2020-02-15T12:17:48.014+0800: 785.446: [CMS-concurrent-reset-start]
2020-02-15T12:17:48.014+0800: 785.446: [CMS-concurrent-reset: 0.000/0.000 secs] [Times: user=0.00 sys=0.00, real=0.00 secs] 
2020-02-15T12:17:50.013+0800: 787.445: [GC (CMS Initial Mark) [1 CMS-initial-mark: 37876K(43712K)] 48002K(63360K), 0.0092225 secs] [Times: user=0.01 sys=0.00, real=0.01 secs] 
2020-02-15T12:17:50.022+0800: 787.455: Total time for which application threads were stopped: 0.0094418 seconds, Stopping threads took: 0.0000456 seconds
2020-02-15T12:17:50.022+0800: 787.455: [CMS-concurrent-mark-start]
2020-02-15T12:17:50.091+0800: 787.523: [CMS-concurrent-mark: 0.069/0.069 secs] [Times: user=0.07 sys=0.00, real=0.07 secs] 
2020-02-15T12:17:50.091+0800: 787.524: [CMS-concurrent-preclean-start]
2020-02-15T12:17:50.094+0800: 787.526: [CMS-concurrent-preclean: 0.002/0.002 secs] [Times: user=0.00 sys=0.00, real=0.00 secs] 
2020-02-15T12:17:50.094+0800: 787.526: [CMS-concurrent-abortable-preclean-start]
 CMS: abort preclean due to time 2020-02-15T12:17:55.126+0800: 792.558: [CMS-concurrent-abortable-preclean: 0.122/5.032 secs] [Times: user=0.14 sys=0.01, real=5.03 secs] 
2020-02-15T12:17:55.126+0800: 792.558: [GC (CMS Final Remark) [YG occupancy: 12314 K (19648 K)]2020-02-15T12:17:55.126+0800: 792.558: [Rescan (parallel) , 0.0097400 secs]2020-02-15T12:17:55.136+0800: 792.568: [weak refs processing, 0.0002591 secs]2020-02-15T12:17:55.136+0800: 792.568: [class unloading, 0.0132945 secs]2020-02-15T12:17:55.149+0800: 792.581: [scrub symbol table, 0.0091905 secs]2020-02-15T12:17:55.158+0800: 792.591: [scrub string table, 0.0009769 secs][1 CMS-remark: 37876K(43712K)] 50191K(63360K), 0.0337158 secs] [Times: user=0.04 sys=0.00, real=0.03 secs] 
2020-02-15T12:17:55.160+0800: 792.592: Total time for which application threads were stopped: 0.0338648 seconds, Stopping threads took: 0.0000360 seconds
2020-02-15T12:17:55.160+0800: 792.592: [CMS-concurrent-sweep-start]
2020-02-15T12:17:55.182+0800: 792.614: [CMS-concurrent-sweep: 0.022/0.022 secs] [Times: user=0.02 sys=0.00, real=0.03 secs] 
2020-02-15T12:17:55.182+0800: 792.614: [CMS-concurrent-reset-start]
2020-02-15T12:17:55.182+0800: 792.614: [CMS-concurrent-reset: 0.000/0.000 secs] [Times: user=0.00 sys=0.00, real=0.00 secs] 
2020-02-15T12:17:57.181+0800: 794.613: [GC (CMS Initial Mark) [1 CMS-initial-mark: 37876K(43712K)] 50873K(63360K), 0.0105660 secs] [Times: user=0.01 sys=0.00, real=0.01 secs] 
2020-02-15T12:17:57.192+0800: 794.624: Total time for which application threads were stopped: 0.0108059 seconds, Stopping threads took: 0.0000644 seconds
2020-02-15T12:17:57.192+0800: 794.624: [CMS-concurrent-mark-start]
2020-02-15T12:17:57.262+0800: 794.694: [CMS-concurrent-mark: 0.070/0.070 secs] [Times: user=0.07 sys=0.00, real=0.07 secs] 
2020-02-15T12:17:57.262+0800: 794.694: [CMS-concurrent-preclean-start]
2020-02-15T12:17:57.265+0800: 794.697: [CMS-concurrent-preclean: 0.002/0.002 secs] [Times: user=0.01 sys=0.00, real=0.00 secs] 
2020-02-15T12:17:57.265+0800: 794.697: [CMS-concurrent-abortable-preclean-start]
2020-02-15T12:17:58.192+0800: 795.624: Total time for which application threads were stopped: 0.0001237 seconds, Stopping threads took: 0.0000347 seconds
 CMS: abort preclean due to time 2020-02-15T12:18:02.296+0800: 799.728: [CMS-concurrent-abortable-preclean: 0.124/5.032 secs] [Times: user=0.17 sys=0.00, real=5.03 secs] 
2020-02-15T12:18:02.297+0800: 799.729: [GC (CMS Final Remark) [YG occupancy: 14636 K (19648 K)]2020-02-15T12:18:02.297+0800: 799.729: [Rescan (parallel) , 0.0124913 secs]2020-02-15T12:18:02.309+0800: 799.741: [weak refs processing, 0.0003076 secs]2020-02-15T12:18:02.309+0800: 799.742: [class unloading, 0.0149738 secs]2020-02-15T12:18:02.324+0800: 799.757: [scrub symbol table, 0.0136110 secs]2020-02-15T12:18:02.338+0800: 799.770: [scrub string table, 0.0010064 secs][1 CMS-remark: 37876K(43712K)] 52513K(63360K), 0.0427216 secs] [Times: user=0.04 sys=0.00, real=0.04 secs] 
2020-02-15T12:18:02.339+0800: 799.771: Total time for which application threads were stopped: 0.0428898 seconds, Stopping threads took: 0.0000395 seconds
2020-02-15T12:18:02.339+0800: 799.771: [CMS-concurrent-sweep-start]
2020-02-15T12:18:02.358+0800: 799.791: [CMS-concurrent-sweep: 0.019/0.019 secs] [Times: user=0.02 sys=0.00, real=0.02 secs] 
2020-02-15T12:18:02.359+0800: 799.791: [CMS-concurrent-reset-start]
2020-02-15T12:18:02.359+0800: 799.791: [CMS-concurrent-reset: 0.000/0.000 secs] [Times: user=0.00 sys=0.00, real=0.00 secs] 
2020-02-15T12:18:04.358+0800: 801.790: [GC (CMS Initial Mark) [1 CMS-initial-mark: 37876K(43712K)] 52697K(63360K), 0.0117803 secs] [Times: user=0.02 sys=0.00, real=0.01 secs] 
2020-02-15T12:18:04.370+0800: 801.802: Total time for which application threads were stopped: 0.0119716 seconds, Stopping threads took: 0.0000438 seconds
2020-02-15T12:18:04.370+0800: 801.802: [CMS-concurrent-mark-start]
2020-02-15T12:18:04.439+0800: 801.871: [CMS-concurrent-mark: 0.069/0.069 secs] [Times: user=0.06 sys=0.00, real=0.07 secs] 
2020-02-15T12:18:04.439+0800: 801.871: [CMS-concurrent-preclean-start]
2020-02-15T12:18:04.441+0800: 801.873: [CMS-concurrent-preclean: 0.002/0.002 secs] [Times: user=0.01 sys=0.00, real=0.00 secs] 
2020-02-15T12:18:04.441+0800: 801.873: [CMS-concurrent-abortable-preclean-start]
2020-02-15T12:18:05.370+0800: 802.802: Total time for which application threads were stopped: 0.0001529 seconds, Stopping threads took: 0.0000402 seconds
2020-02-15T12:18:07.370+0800: 804.802: Total time for which application threads were stopped: 0.0001748 seconds, Stopping threads took: 0.0000482 seconds
 CMS: abort preclean due to time 2020-02-15T12:18:09.529+0800: 806.961: [CMS-concurrent-abortable-preclean: 0.130/5.088 secs] [Times: user=0.15 sys=0.01, real=5.09 secs] 
2020-02-15T12:18:09.529+0800: 806.961: [GC (CMS Final Remark) [YG occupancy: 17266 K (19648 K)]2020-02-15T12:18:09.529+0800: 806.962: [Rescan (parallel) , 0.0133839 secs]2020-02-15T12:18:09.543+0800: 806.975: [weak refs processing, 0.0002587 secs]2020-02-15T12:18:09.543+0800: 806.975: [class unloading, 0.0136750 secs]2020-02-15T12:18:09.557+0800: 806.989: [scrub symbol table, 0.0097873 secs]2020-02-15T12:18:09.567+0800: 806.999: [scrub string table, 0.0009921 secs][1 CMS-remark: 37876K(43712K)] 55143K(63360K), 0.0383718 secs] [Times: user=0.04 sys=0.00, real=0.04 secs] 
2020-02-15T12:18:09.568+0800: 807.000: Total time for which application threads were stopped: 0.0385513 seconds, Stopping threads took: 0.0000380 seconds
2020-02-15T12:18:09.568+0800: 807.000: [CMS-concurrent-sweep-start]
2020-02-15T12:18:09.587+0800: 807.019: [CMS-concurrent-sweep: 0.019/0.019 secs] [Times: user=0.02 sys=0.00, real=0.02 secs] 
2020-02-15T12:18:09.587+0800: 807.019: [CMS-concurrent-reset-start]
2020-02-15T12:18:09.587+0800: 807.019: [CMS-concurrent-reset: 0.000/0.000 secs] [Times: user=0.00 sys=0.00, real=0.00 secs] 
2020-02-15T12:18:11.586+0800: 809.018: [GC (CMS Initial Mark) [1 CMS-initial-mark: 37876K(43712K)] 55428K(63360K), 0.0130022 secs] [Times: user=0.02 sys=0.00, real=0.01 secs] 
2020-02-15T12:18:11.599+0800: 809.031: Total time for which application threads were stopped: 0.0132168 seconds, Stopping threads took: 0.0000429 seconds
2020-02-15T12:18:11.599+0800: 809.031: [CMS-concurrent-mark-start]
2020-02-15T12:18:11.670+0800: 809.102: [CMS-concurrent-mark: 0.071/0.071 secs] [Times: user=0.07 sys=0.00, real=0.07 secs] 
2020-02-15T12:18:11.670+0800: 809.102: [CMS-concurrent-preclean-start]
2020-02-15T12:18:11.672+0800: 809.104: [CMS-concurrent-preclean: 0.002/0.002 secs] [Times: user=0.00 sys=0.00, real=0.01 secs] 
2020-02-15T12:18:11.672+0800: 809.104: [CMS-concurrent-abortable-preclean-start]
2020-02-15T12:18:12.015+0800: 809.447: [GC (Allocation Failure) 2020-02-15T12:18:12.015+0800: 809.447: [ParNew
Desired survivor size 1114112 bytes, new threshold 6 (max 6)
- age   1:      26024 bytes,      26024 total
- age   2:       2912 bytes,      28936 total
- age   3:        440 bytes,      29376 total
- age   4:       5720 bytes,      35096 total
- age   5:       6648 bytes,      41744 total
- age   6:       5512 bytes,      47256 total
: 17553K->65K(19648K), 0.0042616 secs] 55430K->37945K(63360K), 0.0043532 secs] [Times: user=0.00 sys=0.00, real=0.00 secs] 
2020-02-15T12:18:12.019+0800: 809.451: Total time for which application threads were stopped: 0.0045422 seconds, Stopping threads took: 0.0000400 seconds
2020-02-15T12:18:12.026+0800: 809.458: Total time for which application threads were stopped: 0.0000814 seconds, Stopping threads took: 0.0000177 seconds
2020-02-15T12:18:12.026+0800: 809.458: Total time for which application threads were stopped: 0.0000398 seconds, Stopping threads took: 0.0000083 seconds
2020-02-15T12:18:14.027+0800: 811.459: Total time for which application threads were stopped: 0.0001698 seconds, Stopping threads took: 0.0000374 seconds
 CMS: abort preclean due to time 2020-02-15T12:18:16.695+0800: 814.127: [CMS-concurrent-abortable-preclean: 0.123/5.023 secs] [Times: user=0.15 sys=0.00, real=5.02 secs] 
2020-02-15T12:18:16.695+0800: 814.128: [GC (CMS Final Remark) [YG occupancy: 2315 K (19648 K)]2020-02-15T12:18:16.696+0800: 814.128: [Rescan (parallel) , 0.0035777 secs]2020-02-15T12:18:16.699+0800: 814.131: [weak refs processing, 0.0002915 secs]2020-02-15T12:18:16.699+0800: 814.131: [class unloading, 0.0135543 secs]2020-02-15T12:18:16.713+0800: 814.145: [scrub symbol table, 0.0096843 secs]2020-02-15T12:18:16.723+0800: 814.155: [scrub string table, 0.0009426 secs][1 CMS-remark: 37880K(43712K)] 40196K(63360K), 0.0283085 secs] [Times: user=0.03 sys=0.00, real=0.03 secs] 
2020-02-15T12:18:16.724+0800: 814.156: Total time for which application threads were stopped: 0.0284655 seconds, Stopping threads took: 0.0000379 seconds
2020-02-15T12:18:16.724+0800: 814.156: [CMS-concurrent-sweep-start]
2020-02-15T12:18:16.742+0800: 814.174: [CMS-concurrent-sweep: 0.018/0.018 secs] [Times: user=0.01 sys=0.00, real=0.02 secs] 
2020-02-15T12:18:16.742+0800: 814.174: [CMS-concurrent-reset-start]
2020-02-15T12:18:16.742+0800: 814.174: [CMS-concurrent-reset: 0.000/0.000 secs] [Times: user=0.00 sys=0.00, real=0.00 secs] 
2020-02-15T12:18:18.741+0800: 816.173: [GC (CMS Initial Mark) [1 CMS-initial-mark: 37880K(43712K)] 40949K(63360K), 0.0052457 secs] [Times: user=0.00 sys=0.00, real=0.01 secs] 
2020-02-15T12:18:18.747+0800: 816.179: Total time for which application threads were stopped: 0.0054363 seconds, Stopping threads took: 0.0000455 seconds
2020-02-15T12:18:18.747+0800: 816.179: [CMS-concurrent-mark-start]
2020-02-15T12:18:18.816+0800: 816.248: [CMS-concurrent-mark: 0.070/0.070 secs] [Times: user=0.07 sys=0.00, real=0.07 secs] 
2020-02-15T12:18:18.816+0800: 816.249: [CMS-concurrent-preclean-start]
2020-02-15T12:18:18.819+0800: 816.251: [CMS-concurrent-preclean: 0.002/0.002 secs] [Times: user=0.00 sys=0.00, real=0.00 secs] 
2020-02-15T12:18:18.819+0800: 816.251: [CMS-concurrent-abortable-preclean-start]
2020-02-15T12:18:22.747+0800: 820.179: Total time for which application threads were stopped: 0.0001850 seconds, Stopping threads took: 0.0000770 seconds
 CMS: abort preclean due to time 2020-02-15T12:18:23.878+0800: 821.310: [CMS-concurrent-abortable-preclean: 0.123/5.059 secs] [Times: user=0.14 sys=0.00, real=5.06 secs] 
2020-02-15T12:18:23.878+0800: 821.310: [GC (CMS Final Remark) [YG occupancy: 4819 K (19648 K)]2020-02-15T12:18:23.878+0800: 821.310: [Rescan (parallel) , 0.0058481 secs]2020-02-15T12:18:23.884+0800: 821.316: [weak refs processing, 0.0002906 secs]2020-02-15T12:18:23.884+0800: 821.316: [class unloading, 0.0154197 secs]2020-02-15T12:18:23.900+0800: 821.332: [scrub symbol table, 0.0125443 secs]2020-02-15T12:18:23.912+0800: 821.345: [scrub string table, 0.0010134 secs][1 CMS-remark: 37880K(43712K)] 42699K(63360K), 0.0353824 secs] [Times: user=0.04 sys=0.00, real=0.04 secs] 
2020-02-15T12:18:23.914+0800: 821.346: Total time for which application threads were stopped: 0.0355543 seconds, Stopping threads took: 0.0000423 seconds
2020-02-15T12:18:23.914+0800: 821.346: [CMS-concurrent-sweep-start]
2020-02-15T12:18:23.933+0800: 821.365: [CMS-concurrent-sweep: 0.019/0.019 secs] [Times: user=0.02 sys=0.00, real=0.02 secs] 
2020-02-15T12:18:23.933+0800: 821.365: [CMS-concurrent-reset-start]
2020-02-15T12:18:23.933+0800: 821.365: [CMS-concurrent-reset: 0.000/0.000 secs] [Times: user=0.00 sys=0.00, real=0.00 secs] 
2020-02-15T12:18:25.932+0800: 823.364: [GC (CMS Initial Mark) [1 CMS-initial-mark: 37879K(43712K)] 43899K(63360K), 0.0073537 secs] [Times: user=0.00 sys=0.00, real=0.00 secs] 
2020-02-15T12:18:25.940+0800: 823.372: Total time for which application threads were stopped: 0.0075712 seconds, Stopping threads took: 0.0000424 seconds
2020-02-15T12:18:25.940+0800: 823.372: [CMS-concurrent-mark-start]
2020-02-15T12:18:26.011+0800: 823.443: [CMS-concurrent-mark: 0.071/0.071 secs] [Times: user=0.07 sys=0.00, real=0.07 secs] 
2020-02-15T12:18:26.011+0800: 823.443: [CMS-concurrent-preclean-start]
2020-02-15T12:18:26.013+0800: 823.445: [CMS-concurrent-preclean: 0.002/0.002 secs] [Times: user=0.01 sys=0.00, real=0.01 secs] 
2020-02-15T12:18:26.013+0800: 823.445: [CMS-concurrent-abortable-preclean-start]
 CMS: abort preclean due to time 2020-02-15T12:18:31.040+0800: 828.472: [CMS-concurrent-abortable-preclean: 0.121/5.027 secs] [Times: user=0.14 sys=0.00, real=5.02 secs] 
2020-02-15T12:18:31.040+0800: 828.472: [GC (CMS Final Remark) [YG occupancy: 7286 K (19648 K)]2020-02-15T12:18:31.040+0800: 828.472: [Rescan (parallel) , 0.0076376 secs]2020-02-15T12:18:31.048+0800: 828.480: [weak refs processing, 0.0002828 secs]2020-02-15T12:18:31.048+0800: 828.480: [class unloading, 0.0146244 secs]2020-02-15T12:18:31.063+0800: 828.495: [scrub symbol table, 0.0104024 secs]2020-02-15T12:18:31.073+0800: 828.505: [scrub string table, 0.0009876 secs][1 CMS-remark: 37879K(43712K)] 45166K(63360K), 0.0341845 secs] [Times: user=0.03 sys=0.00, real=0.04 secs] 
2020-02-15T12:18:31.074+0800: 828.506: Total time for which application threads were stopped: 0.0343576 seconds, Stopping threads took: 0.0000401 seconds
2020-02-15T12:18:31.074+0800: 828.506: [CMS-concurrent-sweep-start]
2020-02-15T12:18:31.093+0800: 828.525: [CMS-concurrent-sweep: 0.018/0.018 secs] [Times: user=0.02 sys=0.00, real=0.02 secs] 
2020-02-15T12:18:31.093+0800: 828.525: [CMS-concurrent-reset-start]
2020-02-15T12:18:31.093+0800: 828.525: [CMS-concurrent-reset: 0.000/0.000 secs] [Times: user=0.00 sys=0.00, real=0.00 secs] 
2020-02-15T12:18:33.092+0800: 830.524: [GC (CMS Initial Mark) [1 CMS-initial-mark: 37879K(43712K)] 46056K(63360K), 0.0086782 secs] [Times: user=0.01 sys=0.00, real=0.00 secs] 
2020-02-15T12:18:33.101+0800: 830.533: Total time for which application threads were stopped: 0.0089036 seconds, Stopping threads took: 0.0000439 seconds
2020-02-15T12:18:33.101+0800: 830.533: [CMS-concurrent-mark-start]
2020-02-15T12:18:33.174+0800: 830.606: [CMS-concurrent-mark: 0.073/0.073 secs] [Times: user=0.07 sys=0.00, real=0.08 secs] 
2020-02-15T12:18:33.174+0800: 830.606: [CMS-concurrent-preclean-start]
2020-02-15T12:18:33.176+0800: 830.608: [CMS-concurrent-preclean: 0.002/0.002 secs] [Times: user=0.00 sys=0.00, real=0.00 secs] 
2020-02-15T12:18:33.176+0800: 830.608: [CMS-concurrent-abortable-preclean-start]
2020-02-15T12:18:35.101+0800: 832.534: Total time for which application threads were stopped: 0.0002439 seconds, Stopping threads took: 0.0000698 seconds
 CMS: abort preclean due to time 2020-02-15T12:18:38.180+0800: 835.612: [CMS-concurrent-abortable-preclean: 0.120/5.003 secs] [Times: user=0.16 sys=0.01, real=5.00 secs] 
2020-02-15T12:18:38.180+0800: 835.612: [GC (CMS Final Remark) [YG occupancy: 10172 K (19648 K)]2020-02-15T12:18:38.180+0800: 835.612: [Rescan (parallel) , 0.0093737 secs]2020-02-15T12:18:38.189+0800: 835.621: [weak refs processing, 0.0002618 secs]2020-02-15T12:18:38.190+0800: 835.622: [class unloading, 0.0139734 secs]2020-02-15T12:18:38.204+0800: 835.636: [scrub symbol table, 0.0111191 secs]2020-02-15T12:18:38.215+0800: 835.647: [scrub string table, 0.0009852 secs][1 CMS-remark: 37879K(43712K)] 48052K(63360K), 0.0359911 secs] [Times: user=0.04 sys=0.00, real=0.04 secs] 
2020-02-15T12:18:38.216+0800: 835.648: Total time for which application threads were stopped: 0.0361812 seconds, Stopping threads took: 0.0000400 seconds
2020-02-15T12:18:38.216+0800: 835.648: [CMS-concurrent-sweep-start]
2020-02-15T12:18:38.235+0800: 835.667: [CMS-concurrent-sweep: 0.019/0.019 secs] [Times: user=0.02 sys=0.00, real=0.02 secs] 
2020-02-15T12:18:38.235+0800: 835.667: [CMS-concurrent-reset-start]
2020-02-15T12:18:38.235+0800: 835.667: [CMS-concurrent-reset: 0.000/0.000 secs] [Times: user=0.00 sys=0.00, real=0.00 secs] 
2020-02-15T12:18:40.234+0800: 837.667: [GC (CMS Initial Mark) [1 CMS-initial-mark: 37879K(43712K)] 48873K(63360K), 0.0104440 secs] [Times: user=0.01 sys=0.00, real=0.01 secs] 
2020-02-15T12:18:40.245+0800: 837.677: Total time for which application threads were stopped: 0.0106885 seconds, Stopping threads took: 0.0000446 seconds
2020-02-15T12:18:40.246+0800: 837.678: [CMS-concurrent-mark-start]
2020-02-15T12:18:40.324+0800: 837.756: [CMS-concurrent-mark: 0.078/0.078 secs] [Times: user=0.08 sys=0.00, real=0.08 secs] 
2020-02-15T12:18:40.324+0800: 837.756: [CMS-concurrent-preclean-start]
2020-02-15T12:18:40.326+0800: 837.758: [CMS-concurrent-preclean: 0.002/0.002 secs] [Times: user=0.00 sys=0.00, real=0.00 secs] 
2020-02-15T12:18:40.326+0800: 837.758: [CMS-concurrent-abortable-preclean-start]
 CMS: abort preclean due to time 2020-02-15T12:18:45.356+0800: 842.788: [CMS-concurrent-abortable-preclean: 0.120/5.030 secs] [Times: user=0.15 sys=0.00, real=5.03 secs] 
2020-02-15T12:18:45.356+0800: 842.788: [GC (CMS Final Remark) [YG occupancy: 13126 K (19648 K)]2020-02-15T12:18:45.356+0800: 842.788: [Rescan (parallel) , 0.0137901 secs]2020-02-15T12:18:45.370+0800: 842.802: [weak refs processing, 0.0002753 secs]2020-02-15T12:18:45.370+0800: 842.803: [class unloading, 0.0179262 secs]2020-02-15T12:18:45.388+0800: 842.821: [scrub symbol table, 0.0302779 secs]2020-02-15T12:18:45.419+0800: 842.851: [scrub string table, 0.0021687 secs][1 CMS-remark: 37879K(43712K)] 51005K(63360K), 0.0647332 secs] [Times: user=0.04 sys=0.00, real=0.06 secs] 
2020-02-15T12:18:45.421+0800: 842.853: Total time for which application threads were stopped: 0.0649000 seconds, Stopping threads took: 0.0000381 seconds
2020-02-15T12:18:45.422+0800: 842.855: [CMS-concurrent-sweep-start]
2020-02-15T12:18:45.468+0800: 842.901: [CMS-concurrent-sweep: 0.046/0.046 secs] [Times: user=0.02 sys=0.00, real=0.04 secs] 
2020-02-15T12:18:45.469+0800: 842.901: [CMS-concurrent-reset-start]
2020-02-15T12:18:45.469+0800: 842.901: [CMS-concurrent-reset: 0.000/0.000 secs] [Times: user=0.00 sys=0.00, real=0.00 secs] 
2020-02-15T12:18:47.468+0800: 844.900: [GC (CMS Initial Mark) [1 CMS-initial-mark: 37879K(43712K)] 51578K(63360K), 0.0115144 secs] [Times: user=0.01 sys=0.00, real=0.01 secs] 
2020-02-15T12:18:47.480+0800: 844.912: Total time for which application threads were stopped: 0.0117551 seconds, Stopping threads took: 0.0000420 seconds
2020-02-15T12:18:47.480+0800: 844.912: [CMS-concurrent-mark-start]
2020-02-15T12:18:47.552+0800: 844.984: [CMS-concurrent-mark: 0.072/0.072 secs] [Times: user=0.07 sys=0.00, real=0.08 secs] 
2020-02-15T12:18:47.552+0800: 844.984: [CMS-concurrent-preclean-start]
2020-02-15T12:18:47.554+0800: 844.986: [CMS-concurrent-preclean: 0.002/0.002 secs] [Times: user=0.00 sys=0.00, real=0.00 secs] 
2020-02-15T12:18:47.554+0800: 844.986: [CMS-concurrent-abortable-preclean-start]
 CMS: abort preclean due to time 2020-02-15T12:18:52.585+0800: 850.017: [CMS-concurrent-abortable-preclean: 0.122/5.031 secs] [Times: user=0.15 sys=0.00, real=5.03 secs] 
2020-02-15T12:18:52.585+0800: 850.017: [GC (CMS Final Remark) [YG occupancy: 15512 K (19648 K)]2020-02-15T12:18:52.585+0800: 850.017: [Rescan (parallel) , 0.0124035 secs]2020-02-15T12:18:52.598+0800: 850.030: [weak refs processing, 0.0002660 secs]2020-02-15T12:18:52.598+0800: 850.030: [class unloading, 0.0141076 secs]2020-02-15T12:18:52.612+0800: 850.044: [scrub symbol table, 0.0124404 secs]2020-02-15T12:18:52.625+0800: 850.057: [scrub string table, 0.0010234 secs][1 CMS-remark: 37879K(43712K)] 53391K(63360K), 0.0405282 secs] [Times: user=0.04 sys=0.00, real=0.04 secs] 
2020-02-15T12:18:52.626+0800: 850.058: Total time for which application threads were stopped: 0.0407234 seconds, Stopping threads took: 0.0000518 seconds
2020-02-15T12:18:52.626+0800: 850.058: [CMS-concurrent-sweep-start]
2020-02-15T12:18:52.645+0800: 850.077: [CMS-concurrent-sweep: 0.019/0.019 secs] [Times: user=0.02 sys=0.00, real=0.02 secs] 
2020-02-15T12:18:52.645+0800: 850.077: [CMS-concurrent-reset-start]
2020-02-15T12:18:52.645+0800: 850.077: [CMS-concurrent-reset: 0.000/0.000 secs] [Times: user=0.00 sys=0.00, real=0.00 secs] 
2020-02-15T12:18:54.644+0800: 852.076: [GC (CMS Initial Mark) [1 CMS-initial-mark: 37879K(43712K)] 53402K(63360K), 0.0131572 secs] [Times: user=0.01 sys=0.00, real=0.01 secs] 
2020-02-15T12:18:54.657+0800: 852.089: Total time for which application threads were stopped: 0.0134009 seconds, Stopping threads took: 0.0000514 seconds
2020-02-15T12:18:54.657+0800: 852.089: [CMS-concurrent-mark-start]
2020-02-15T12:18:54.742+0800: 852.174: [CMS-concurrent-mark: 0.085/0.085 secs] [Times: user=0.08 sys=0.00, real=0.09 secs] 
2020-02-15T12:18:54.742+0800: 852.174: [CMS-concurrent-preclean-start]
2020-02-15T12:18:54.745+0800: 852.177: [CMS-concurrent-preclean: 0.002/0.003 secs] [Times: user=0.00 sys=0.00, real=0.00 secs] 
2020-02-15T12:18:54.745+0800: 852.177: [CMS-concurrent-abortable-preclean-start]
2020-02-15T12:18:59.697+0800: 857.130: [GC (Allocation Failure) 2020-02-15T12:18:59.698+0800: 857.130: [ParNew
Desired survivor size 1114112 bytes, new threshold 6 (max 6)
- age   1:      26352 bytes,      26352 total
- age   2:       1528 bytes,      27880 total
- age   3:       2472 bytes,      30352 total
- age   4:        440 bytes,      30792 total
- age   5:       5720 bytes,      36512 total
- age   6:       6648 bytes,      43160 total
: 17530K->43K(19648K), 0.0042407 secs] 55410K->37928K(63360K), 0.0043305 secs] [Times: user=0.00 sys=0.00, real=0.01 secs] 
2020-02-15T12:18:59.702+0800: 857.134: Total time for which application threads were stopped: 0.0045372 seconds, Stopping threads took: 0.0000627 seconds
2020-02-15T12:18:59.709+0800: 857.141: Total time for which application threads were stopped: 0.0000772 seconds, Stopping threads took: 0.0000173 seconds
2020-02-15T12:18:59.709+0800: 857.141: Total time for which application threads were stopped: 0.0000416 seconds, Stopping threads took: 0.0000091 seconds
2020-02-15T12:18:59.709+0800: 857.141: Total time for which application threads were stopped: 0.0000364 seconds, Stopping threads took: 0.0000077 seconds
2020-02-15T12:18:59.709+0800: 857.141: Total time for which application threads were stopped: 0.0000362 seconds, Stopping threads took: 0.0000073 seconds
 CMS: abort preclean due to time 2020-02-15T12:18:59.814+0800: 857.246: [CMS-concurrent-abortable-preclean: 0.123/5.070 secs] [Times: user=0.15 sys=0.00, real=5.07 secs] 
2020-02-15T12:18:59.815+0800: 857.247: [GC (CMS Final Remark) [YG occupancy: 712 K (19648 K)]2020-02-15T12:18:59.815+0800: 857.247: [Rescan (parallel) , 0.0027537 secs]2020-02-15T12:18:59.817+0800: 857.249: [weak refs processing, 0.0002424 secs]2020-02-15T12:18:59.818+0800: 857.250: [class unloading, 0.0134422 secs]2020-02-15T12:18:59.831+0800: 857.263: [scrub symbol table, 0.0100673 secs]2020-02-15T12:18:59.841+0800: 857.273: [scrub string table, 0.0009698 secs][1 CMS-remark: 37885K(43712K)] 38597K(63360K), 0.0276984 secs] [Times: user=0.03 sys=0.00, real=0.03 secs] 
2020-02-15T12:18:59.842+0800: 857.274: Total time for which application threads were stopped: 0.0278739 seconds, Stopping threads took: 0.0000409 seconds
2020-02-15T12:18:59.842+0800: 857.274: [CMS-concurrent-sweep-start]
2020-02-15T12:18:59.861+0800: 857.293: [CMS-concurrent-sweep: 0.019/0.019 secs] [Times: user=0.02 sys=0.00, real=0.01 secs] 
2020-02-15T12:18:59.861+0800: 857.293: [CMS-concurrent-reset-start]
2020-02-15T12:18:59.861+0800: 857.293: [CMS-concurrent-reset: 0.000/0.000 secs] [Times: user=0.00 sys=0.00, real=0.01 secs] 
2020-02-15T12:19:01.861+0800: 859.293: [GC (CMS Initial Mark) [1 CMS-initial-mark: 37885K(43712K)] 38874K(63360K), 0.0044068 secs] [Times: user=0.00 sys=0.00, real=0.01 secs] 
2020-02-15T12:19:01.865+0800: 859.297: Total time for which application threads were stopped: 0.0046134 seconds, Stopping threads took: 0.0000452 seconds
2020-02-15T12:19:01.865+0800: 859.297: [CMS-concurrent-mark-start]
2020-02-15T12:19:01.939+0800: 859.372: [CMS-concurrent-mark: 0.074/0.074 secs] [Times: user=0.07 sys=0.00, real=0.07 secs] 
2020-02-15T12:19:01.940+0800: 859.372: [CMS-concurrent-preclean-start]
2020-02-15T12:19:01.942+0800: 859.374: [CMS-concurrent-preclean: 0.002/0.002 secs] [Times: user=0.01 sys=0.00, real=0.01 secs] 
2020-02-15T12:19:01.942+0800: 859.374: [GC (CMS Final Remark) [YG occupancy: 989 K (19648 K)]2020-02-15T12:19:01.942+0800: 859.374: [Rescan (parallel) , 0.0037505 secs]2020-02-15T12:19:01.946+0800: 859.378: [weak refs processing, 0.0002516 secs]2020-02-15T12:19:01.946+0800: 859.378: [class unloading, 0.0144714 secs]2020-02-15T12:19:01.961+0800: 859.393: [scrub symbol table, 0.0106880 secs]2020-02-15T12:19:01.971+0800: 859.404: [scrub string table, 0.0009793 secs][1 CMS-remark: 37885K(43712K)] 38874K(63360K), 0.0303679 secs] [Times: user=0.03 sys=0.00, real=0.03 secs] 
2020-02-15T12:19:01.973+0800: 859.405: Total time for which application threads were stopped: 0.0305313 seconds, Stopping threads took: 0.0000403 seconds
2020-02-15T12:19:01.973+0800: 859.405: [CMS-concurrent-sweep-start]
2020-02-15T12:19:01.991+0800: 859.424: [CMS-concurrent-sweep: 0.019/0.019 secs] [Times: user=0.01 sys=0.00, real=0.02 secs] 
2020-02-15T12:19:01.992+0800: 859.424: [CMS-concurrent-reset-start]
2020-02-15T12:19:01.992+0800: 859.424: [CMS-concurrent-reset: 0.000/0.000 secs] [Times: user=0.00 sys=0.00, real=0.00 secs] 
2020-02-15T12:19:03.991+0800: 861.423: [GC (CMS Initial Mark) [1 CMS-initial-mark: 37885K(43712K)] 39432K(63360K), 0.0048141 secs] [Times: user=0.01 sys=0.00, real=0.01 secs] 
2020-02-15T12:19:03.996+0800: 861.428: Total time for which application threads were stopped: 0.0050335 seconds, Stopping threads took: 0.0000447 seconds
2020-02-15T12:19:03.996+0800: 861.428: [CMS-concurrent-mark-start]
2020-02-15T12:19:04.069+0800: 861.502: [CMS-concurrent-mark: 0.074/0.074 secs] [Times: user=0.07 sys=0.00, real=0.07 secs] 
2020-02-15T12:19:04.070+0800: 861.502: [CMS-concurrent-preclean-start]
2020-02-15T12:19:04.072+0800: 861.504: [CMS-concurrent-preclean: 0.002/0.003 secs] [Times: user=0.00 sys=0.00, real=0.01 secs] 
2020-02-15T12:19:04.072+0800: 861.504: [GC (CMS Final Remark) [YG occupancy: 1547 K (19648 K)]2020-02-15T12:19:04.072+0800: 861.505: [Rescan (parallel) , 0.0046338 secs]2020-02-15T12:19:04.077+0800: 861.509: [weak refs processing, 0.0003842 secs]2020-02-15T12:19:04.077+0800: 861.510: [class unloading, 0.0176605 secs]2020-02-15T12:19:04.095+0800: 861.527: [scrub symbol table, 0.0114669 secs]2020-02-15T12:19:04.107+0800: 861.539: [scrub string table, 0.0015046 secs][1 CMS-remark: 37885K(43712K)] 39432K(63360K), 0.0359541 secs] [Times: user=0.04 sys=0.00, real=0.03 secs] 
2020-02-15T12:19:04.108+0800: 861.540: Total time for which application threads were stopped: 0.0361569 seconds, Stopping threads took: 0.0000470 seconds
2020-02-15T12:19:04.108+0800: 861.541: [CMS-concurrent-sweep-start]
2020-02-15T12:19:04.127+0800: 861.559: [CMS-concurrent-sweep: 0.019/0.019 secs] [Times: user=0.01 sys=0.00, real=0.02 secs] 
2020-02-15T12:19:04.127+0800: 861.559: [CMS-concurrent-reset-start]
2020-02-15T12:19:04.128+0800: 861.560: [CMS-concurrent-reset: 0.000/0.000 secs] [Times: user=0.00 sys=0.00, real=0.00 secs] 
2020-02-15T12:19:06.127+0800: 863.559: [GC (CMS Initial Mark) [1 CMS-initial-mark: 37885K(43712K)] 40703K(63360K), 0.0053731 secs] [Times: user=0.01 sys=0.00, real=0.01 secs] 
2020-02-15T12:19:06.132+0800: 863.564: Total time for which application threads were stopped: 0.0055837 seconds, Stopping threads took: 0.0000458 seconds
2020-02-15T12:19:06.132+0800: 863.564: [CMS-concurrent-mark-start]
2020-02-15T12:19:06.205+0800: 863.637: [CMS-concurrent-mark: 0.073/0.073 secs] [Times: user=0.07 sys=0.00, real=0.07 secs] 
2020-02-15T12:19:06.205+0800: 863.637: [CMS-concurrent-preclean-start]
2020-02-15T12:19:06.207+0800: 863.639: [CMS-concurrent-preclean: 0.002/0.002 secs] [Times: user=0.00 sys=0.00, real=0.00 secs] 
2020-02-15T12:19:06.207+0800: 863.639: [CMS-concurrent-abortable-preclean-start]
2020-02-15T12:19:10.133+0800: 867.565: Total time for which application threads were stopped: 0.0001590 seconds, Stopping threads took: 0.0000490 seconds
2020-02-15T12:19:11.133+0800: 868.565: Total time for which application threads were stopped: 0.0001573 seconds, Stopping threads took: 0.0000423 seconds
 CMS: abort preclean due to time 2020-02-15T12:19:11.238+0800: 868.670: [CMS-concurrent-abortable-preclean: 0.121/5.030 secs] [Times: user=0.14 sys=0.01, real=5.03 secs] 
2020-02-15T12:19:11.238+0800: 868.670: [GC (CMS Final Remark) [YG occupancy: 4461 K (19648 K)]2020-02-15T12:19:11.238+0800: 868.670: [Rescan (parallel) , 0.0052062 secs]2020-02-15T12:19:11.243+0800: 868.675: [weak refs processing, 0.0002555 secs]2020-02-15T12:19:11.243+0800: 868.675: [class unloading, 0.0133533 secs]2020-02-15T12:19:11.257+0800: 868.689: [scrub symbol table, 0.0094612 secs]2020-02-15T12:19:11.266+0800: 868.698: [scrub string table, 0.0009523 secs][1 CMS-remark: 37885K(43712K)] 42346K(63360K), 0.0294382 secs] [Times: user=0.03 sys=0.00, real=0.03 secs] 
2020-02-15T12:19:11.267+0800: 868.699: Total time for which application threads were stopped: 0.0296041 seconds, Stopping threads took: 0.0000372 seconds
2020-02-15T12:19:11.267+0800: 868.700: [CMS-concurrent-sweep-start]
2020-02-15T12:19:11.286+0800: 868.718: [CMS-concurrent-sweep: 0.018/0.018 secs] [Times: user=0.02 sys=0.00, real=0.02 secs] 
2020-02-15T12:19:11.286+0800: 868.718: [CMS-concurrent-reset-start]
2020-02-15T12:19:11.286+0800: 868.718: [CMS-concurrent-reset: 0.000/0.000 secs] [Times: user=0.00 sys=0.00, real=0.00 secs] 
2020-02-15T12:19:13.285+0800: 870.717: [GC (CMS Initial Mark) [1 CMS-initial-mark: 37885K(43712K)] 42837K(63360K), 0.0069798 secs] [Times: user=0.01 sys=0.00, real=0.01 secs] 
2020-02-15T12:19:13.292+0800: 870.724: Total time for which application threads were stopped: 0.0072077 seconds, Stopping threads took: 0.0000435 seconds
2020-02-15T12:19:13.292+0800: 870.724: [CMS-concurrent-mark-start]
2020-02-15T12:19:13.369+0800: 870.801: [CMS-concurrent-mark: 0.077/0.077 secs] [Times: user=0.07 sys=0.00, real=0.07 secs] 
2020-02-15T12:19:13.369+0800: 870.801: [CMS-concurrent-preclean-start]
2020-02-15T12:19:13.372+0800: 870.804: [CMS-concurrent-preclean: 0.002/0.002 secs] [Times: user=0.00 sys=0.00, real=0.01 secs] 
2020-02-15T12:19:13.372+0800: 870.804: [CMS-concurrent-abortable-preclean-start]
2020-02-15T12:19:15.295+0800: 872.727: Total time for which application threads were stopped: 0.0001701 seconds, Stopping threads took: 0.0000513 seconds
 CMS: abort preclean due to time 2020-02-15T12:19:18.374+0800: 875.806: [CMS-concurrent-abortable-preclean: 0.120/5.002 secs] [Times: user=0.14 sys=0.00, real=5.00 secs] 
2020-02-15T12:19:18.374+0800: 875.806: [GC (CMS Final Remark) [YG occupancy: 7219 K (19648 K)]2020-02-15T12:19:18.374+0800: 875.806: [Rescan (parallel) , 0.0073076 secs]2020-02-15T12:19:18.382+0800: 875.814: [weak refs processing, 0.0002633 secs]2020-02-15T12:19:18.382+0800: 875.814: [class unloading, 0.0145182 secs]2020-02-15T12:19:18.396+0800: 875.829: [scrub symbol table, 0.0111118 secs]2020-02-15T12:19:18.408+0800: 875.840: [scrub string table, 0.0009863 secs][1 CMS-remark: 37885K(43712K)] 45104K(63360K), 0.0344325 secs] [Times: user=0.04 sys=0.00, real=0.03 secs] 
2020-02-15T12:19:18.409+0800: 875.841: Total time for which application threads were stopped: 0.0345877 seconds, Stopping threads took: 0.0000387 seconds
2020-02-15T12:19:18.409+0800: 875.841: [CMS-concurrent-sweep-start]
2020-02-15T12:19:18.427+0800: 875.859: [CMS-concurrent-sweep: 0.018/0.018 secs] [Times: user=0.01 sys=0.00, real=0.02 secs] 
2020-02-15T12:19:18.427+0800: 875.859: [CMS-concurrent-reset-start]
2020-02-15T12:19:18.427+0800: 875.859: [CMS-concurrent-reset: 0.000/0.000 secs] [Times: user=0.00 sys=0.00, real=0.00 secs] 
2020-02-15T12:19:20.409+0800: 877.841: Total time for which application threads were stopped: 0.0002041 seconds, Stopping threads took: 0.0000618 seconds
2020-02-15T12:19:20.426+0800: 877.858: [GC (CMS Initial Mark) [1 CMS-initial-mark: 37885K(43712K)] 45817K(63360K), 0.0084337 secs] [Times: user=0.01 sys=0.00, real=0.01 secs] 
2020-02-15T12:19:20.435+0800: 877.867: Total time for which application threads were stopped: 0.0086795 seconds, Stopping threads took: 0.0000440 seconds
2020-02-15T12:19:20.435+0800: 877.867: [CMS-concurrent-mark-start]
2020-02-15T12:19:20.515+0800: 877.948: [CMS-concurrent-mark: 0.080/0.080 secs] [Times: user=0.08 sys=0.00, real=0.08 secs] 
2020-02-15T12:19:20.516+0800: 877.948: [CMS-concurrent-preclean-start]
2020-02-15T12:19:20.518+0800: 877.950: [CMS-concurrent-preclean: 0.002/0.002 secs] [Times: user=0.00 sys=0.00, real=0.00 secs] 
2020-02-15T12:19:20.518+0800: 877.950: [CMS-concurrent-abortable-preclean-start]
 CMS: abort preclean due to time 2020-02-15T12:19:25.544+0800: 882.976: [CMS-concurrent-abortable-preclean: 0.121/5.026 secs] [Times: user=0.15 sys=0.00, real=5.03 secs] 
2020-02-15T12:19:25.544+0800: 882.976: [GC (CMS Final Remark) [YG occupancy: 10244 K (19648 K)]2020-02-15T12:19:25.544+0800: 882.976: [Rescan (parallel) , 0.0091771 secs]2020-02-15T12:19:25.553+0800: 882.985: [weak refs processing, 0.0002832 secs]2020-02-15T12:19:25.553+0800: 882.986: [class unloading, 0.0134967 secs]2020-02-15T12:19:25.567+0800: 882.999: [scrub symbol table, 0.0108248 secs]2020-02-15T12:19:25.578+0800: 883.010: [scrub string table, 0.0012576 secs][1 CMS-remark: 37885K(43712K)] 48129K(63360K), 0.0352874 secs] [Times: user=0.03 sys=0.00, real=0.03 secs] 
2020-02-15T12:19:25.579+0800: 883.011: Total time for which application threads were stopped: 0.0354668 seconds, Stopping threads took: 0.0000505 seconds
2020-02-15T12:19:25.579+0800: 883.011: [CMS-concurrent-sweep-start]
2020-02-15T12:19:25.598+0800: 883.030: [CMS-concurrent-sweep: 0.018/0.018 secs] [Times: user=0.02 sys=0.00, real=0.02 secs] 
2020-02-15T12:19:25.598+0800: 883.030: [CMS-concurrent-reset-start]
2020-02-15T12:19:25.598+0800: 883.030: [CMS-concurrent-reset: 0.000/0.000 secs] [Times: user=0.00 sys=0.00, real=0.00 secs] 
2020-02-15T12:19:27.580+0800: 885.012: Total time for which application threads were stopped: 0.0001846 seconds, Stopping threads took: 0.0000470 seconds
2020-02-15T12:19:27.598+0800: 885.030: [GC (CMS Initial Mark) [1 CMS-initial-mark: 37885K(43712K)] 48746K(63360K), 0.0135952 secs] [Times: user=0.01 sys=0.00, real=0.02 secs] 
2020-02-15T12:19:27.612+0800: 885.044: Total time for which application threads were stopped: 0.0138596 seconds, Stopping threads took: 0.0000397 seconds
2020-02-15T12:19:27.612+0800: 885.044: [CMS-concurrent-mark-start]
2020-02-15T12:19:27.709+0800: 885.141: [CMS-concurrent-mark: 0.097/0.097 secs] [Times: user=0.10 sys=0.00, real=0.09 secs] 
2020-02-15T12:19:27.709+0800: 885.141: [CMS-concurrent-preclean-start]
2020-02-15T12:19:27.712+0800: 885.144: [CMS-concurrent-preclean: 0.002/0.002 secs] [Times: user=0.00 sys=0.00, real=0.01 secs] 
2020-02-15T12:19:27.712+0800: 885.144: [CMS-concurrent-abortable-preclean-start]
2020-02-15T12:19:32.613+0800: 890.045: Total time for which application threads were stopped: 0.0001799 seconds, Stopping threads took: 0.0000470 seconds
 CMS: abort preclean due to time 2020-02-15T12:19:32.718+0800: 890.150: [CMS-concurrent-abortable-preclean: 0.123/5.006 secs] [Times: user=0.15 sys=0.01, real=5.00 secs] 
2020-02-15T12:19:32.718+0800: 890.150: [GC (CMS Final Remark) [YG occupancy: 12258 K (19648 K)]2020-02-15T12:19:32.718+0800: 890.150: [Rescan (parallel) , 0.0147756 secs]2020-02-15T12:19:32.733+0800: 890.165: [weak refs processing, 0.0003943 secs]2020-02-15T12:19:32.733+0800: 890.166: [class unloading, 0.0197040 secs]2020-02-15T12:19:32.753+0800: 890.185: [scrub symbol table, 0.0137153 secs]2020-02-15T12:19:32.767+0800: 890.199: [scrub string table, 0.0013421 secs][1 CMS-remark: 37885K(43712K)] 50143K(63360K), 0.0502700 secs] [Times: user=0.04 sys=0.00, real=0.05 secs] 
2020-02-15T12:19:32.769+0800: 890.201: Total time for which application threads were stopped: 0.0504664 seconds, Stopping threads took: 0.0000479 seconds
2020-02-15T12:19:32.769+0800: 890.201: [CMS-concurrent-sweep-start]
2020-02-15T12:19:32.797+0800: 890.229: [CMS-concurrent-sweep: 0.028/0.028 secs] [Times: user=0.03 sys=0.00, real=0.03 secs] 
2020-02-15T12:19:32.797+0800: 890.229: [CMS-concurrent-reset-start]
2020-02-15T12:19:32.797+0800: 890.229: [CMS-concurrent-reset: 0.000/0.000 secs] [Times: user=0.00 sys=0.00, real=0.00 secs] 
2020-02-15T12:19:34.769+0800: 892.201: Total time for which application threads were stopped: 0.0001657 seconds, Stopping threads took: 0.0000505 seconds
2020-02-15T12:19:34.796+0800: 892.228: [GC (CMS Initial Mark) [1 CMS-initial-mark: 37885K(43712K)] 50340K(63360K), 0.0105088 secs] [Times: user=0.01 sys=0.00, real=0.01 secs] 
2020-02-15T12:19:34.807+0800: 892.239: Total time for which application threads were stopped: 0.0107033 seconds, Stopping threads took: 0.0000465 seconds
2020-02-15T12:19:34.807+0800: 892.239: [CMS-concurrent-mark-start]
2020-02-15T12:19:34.916+0800: 892.348: [CMS-concurrent-mark: 0.109/0.109 secs] [Times: user=0.10 sys=0.00, real=0.11 secs] 
2020-02-15T12:19:34.916+0800: 892.348: [CMS-concurrent-preclean-start]
2020-02-15T12:19:34.918+0800: 892.350: [CMS-concurrent-preclean: 0.002/0.002 secs] [Times: user=0.00 sys=0.00, real=0.00 secs] 
2020-02-15T12:19:34.918+0800: 892.350: [CMS-concurrent-abortable-preclean-start]
2020-02-15T12:19:35.807+0800: 893.239: Total time for which application threads were stopped: 0.0002080 seconds, Stopping threads took: 0.0000438 seconds
 CMS: abort preclean due to time 2020-02-15T12:19:40.012+0800: 897.444: [CMS-concurrent-abortable-preclean: 0.119/5.094 secs] [Times: user=0.14 sys=0.00, real=5.10 secs] 
2020-02-15T12:19:40.012+0800: 897.444: [GC (CMS Final Remark) [YG occupancy: 15052 K (19648 K)]2020-02-15T12:19:40.012+0800: 897.444: [Rescan (parallel) , 0.0122952 secs]2020-02-15T12:19:40.024+0800: 897.456: [weak refs processing, 0.0002807 secs]2020-02-15T12:19:40.025+0800: 897.457: [class unloading, 0.0145518 secs]2020-02-15T12:19:40.039+0800: 897.471: [scrub symbol table, 0.0112970 secs]2020-02-15T12:19:40.050+0800: 897.483: [scrub string table, 0.0009607 secs][1 CMS-remark: 37885K(43712K)] 52937K(63360K), 0.0396416 secs] [Times: user=0.03 sys=0.00, real=0.04 secs] 
2020-02-15T12:19:40.052+0800: 897.484: Total time for which application threads were stopped: 0.0398176 seconds, Stopping threads took: 0.0000426 seconds
2020-02-15T12:19:40.052+0800: 897.484: [CMS-concurrent-sweep-start]
2020-02-15T12:19:40.070+0800: 897.502: [CMS-concurrent-sweep: 0.019/0.019 secs] [Times: user=0.02 sys=0.00, real=0.01 secs] 
2020-02-15T12:19:40.070+0800: 897.503: [CMS-concurrent-reset-start]
2020-02-15T12:19:40.071+0800: 897.503: [CMS-concurrent-reset: 0.000/0.000 secs] [Times: user=0.00 sys=0.00, real=0.00 secs] 
2020-02-15T12:19:42.070+0800: 899.502: [GC (CMS Initial Mark) [1 CMS-initial-mark: 37885K(43712K)] 53126K(63360K), 0.0121205 secs] [Times: user=0.01 sys=0.00, real=0.02 secs] 
2020-02-15T12:19:42.082+0800: 899.514: Total time for which application threads were stopped: 0.0123447 seconds, Stopping threads took: 0.0000447 seconds
2020-02-15T12:19:42.082+0800: 899.514: [CMS-concurrent-mark-start]
2020-02-15T12:19:42.154+0800: 899.586: [CMS-concurrent-mark: 0.072/0.072 secs] [Times: user=0.07 sys=0.00, real=0.07 secs] 
2020-02-15T12:19:42.154+0800: 899.586: [CMS-concurrent-preclean-start]
2020-02-15T12:19:42.157+0800: 899.589: [CMS-concurrent-preclean: 0.003/0.003 secs] [Times: user=0.00 sys=0.00, real=0.00 secs] 
2020-02-15T12:19:42.157+0800: 899.589: [CMS-concurrent-abortable-preclean-start]
 CMS: abort preclean due to time 2020-02-15T12:19:47.189+0800: 904.621: [CMS-concurrent-abortable-preclean: 0.117/5.033 secs] [Times: user=0.15 sys=0.01, real=5.03 secs] 
2020-02-15T12:19:47.189+0800: 904.622: [GC (CMS Final Remark) [YG occupancy: 17362 K (19648 K)]2020-02-15T12:19:47.189+0800: 904.622: [Rescan (parallel) , 0.0132357 secs]2020-02-15T12:19:47.203+0800: 904.635: [weak refs processing, 0.0002547 secs]2020-02-15T12:19:47.203+0800: 904.635: [class unloading, 0.0137769 secs]2020-02-15T12:19:47.217+0800: 904.649: [scrub symbol table, 0.0097552 secs]2020-02-15T12:19:47.227+0800: 904.659: [scrub string table, 0.0009801 secs][1 CMS-remark: 37885K(43712K)] 55247K(63360K), 0.0382372 secs] [Times: user=0.03 sys=0.00, real=0.04 secs] 
2020-02-15T12:19:47.228+0800: 904.660: Total time for which application threads were stopped: 0.0384031 seconds, Stopping threads took: 0.0000474 seconds
2020-02-15T12:19:47.228+0800: 904.660: [CMS-concurrent-sweep-start]
2020-02-15T12:19:47.246+0800: 904.678: [CMS-concurrent-sweep: 0.019/0.019 secs] [Times: user=0.02 sys=0.00, real=0.02 secs] 
2020-02-15T12:19:47.246+0800: 904.679: [CMS-concurrent-reset-start]
2020-02-15T12:19:47.247+0800: 904.679: [CMS-concurrent-reset: 0.000/0.000 secs] [Times: user=0.00 sys=0.00, real=0.00 secs] 
2020-02-15T12:19:47.418+0800: 904.850: [GC (Allocation Failure) 2020-02-15T12:19:47.418+0800: 904.850: [ParNew
Desired survivor size 1114112 bytes, new threshold 6 (max 6)
- age   1:      37056 bytes,      37056 total
- age   2:        208 bytes,      37264 total
- age   3:       1088 bytes,      38352 total
- age   4:       2472 bytes,      40824 total
- age   5:        440 bytes,      41264 total
- age   6:       5720 bytes,      46984 total
: 17515K->84K(19648K), 0.0042435 secs] 55400K->37975K(63360K), 0.0043319 secs] [Times: user=0.01 sys=0.00, real=0.01 secs] 
2020-02-15T12:19:47.422+0800: 904.854: Total time for which application threads were stopped: 0.0045306 seconds, Stopping threads took: 0.0000442 seconds
2020-02-15T12:19:47.428+0800: 904.860: [GC (CMS Initial Mark) [1 CMS-initial-mark: 37891K(43712K)] 38579K(63360K), 0.0036703 secs] [Times: user=0.00 sys=0.00, real=0.01 secs] 
2020-02-15T12:19:47.431+0800: 904.864: Total time for which application threads were stopped: 0.0038016 seconds, Stopping threads took: 0.0000239 seconds
2020-02-15T12:19:47.431+0800: 904.864: [CMS-concurrent-mark-start]
2020-02-15T12:19:47.436+0800: 904.868: Total time for which application threads were stopped: 0.0000917 seconds, Stopping threads took: 0.0000192 seconds
2020-02-15T12:19:47.500+0800: 904.932: [CMS-concurrent-mark: 0.068/0.068 secs] [Times: user=0.07 sys=0.00, real=0.06 secs] 
2020-02-15T12:19:47.500+0800: 904.932: [CMS-concurrent-preclean-start]
2020-02-15T12:19:47.502+0800: 904.935: [CMS-concurrent-preclean: 0.002/0.002 secs] [Times: user=0.00 sys=0.00, real=0.01 secs] 
2020-02-15T12:19:47.503+0800: 904.935: [GC (CMS Final Remark) [YG occupancy: 688 K (19648 K)]2020-02-15T12:19:47.503+0800: 904.935: [Rescan (parallel) , 0.0023075 secs]2020-02-15T12:19:47.505+0800: 904.937: [weak refs processing, 0.0002576 secs]2020-02-15T12:19:47.505+0800: 904.937: [class unloading, 0.0139352 secs]2020-02-15T12:19:47.519+0800: 904.951: [scrub symbol table, 0.0103450 secs]2020-02-15T12:19:47.530+0800: 904.962: [scrub string table, 0.0009970 secs][1 CMS-remark: 37891K(43712K)] 38579K(63360K), 0.0280511 secs] [Times: user=0.03 sys=0.00, real=0.02 secs] 
2020-02-15T12:19:47.531+0800: 904.963: Total time for which application threads were stopped: 0.0282069 seconds, Stopping threads took: 0.0000377 seconds
2020-02-15T12:19:47.531+0800: 904.963: [CMS-concurrent-sweep-start]
2020-02-15T12:19:47.550+0800: 904.982: [CMS-concurrent-sweep: 0.019/0.019 secs] [Times: user=0.02 sys=0.00, real=0.02 secs] 
2020-02-15T12:19:47.550+0800: 904.982: [CMS-concurrent-reset-start]
2020-02-15T12:19:47.550+0800: 904.982: [CMS-concurrent-reset: 0.000/0.000 secs] [Times: user=0.00 sys=0.00, real=0.00 secs] 
2020-02-15T12:19:49.549+0800: 906.981: [GC (CMS Initial Mark) [1 CMS-initial-mark: 37891K(43712K)] 38783K(63360K), 0.0042711 secs] [Times: user=0.01 sys=0.00, real=0.01 secs] 
2020-02-15T12:19:49.554+0800: 906.986: Total time for which application threads were stopped: 0.0044635 seconds, Stopping threads took: 0.0000443 seconds
2020-02-15T12:19:49.554+0800: 906.986: [CMS-concurrent-mark-start]
2020-02-15T12:19:49.625+0800: 907.057: [CMS-concurrent-mark: 0.071/0.071 secs] [Times: user=0.07 sys=0.00, real=0.07 secs] 
2020-02-15T12:19:49.625+0800: 907.057: [CMS-concurrent-preclean-start]
2020-02-15T12:19:49.627+0800: 907.059: [CMS-concurrent-preclean: 0.002/0.002 secs] [Times: user=0.00 sys=0.00, real=0.00 secs] 
2020-02-15T12:19:49.628+0800: 907.060: [GC (CMS Final Remark) [YG occupancy: 892 K (19648 K)]2020-02-15T12:19:49.628+0800: 907.060: [Rescan (parallel) , 0.0036888 secs]2020-02-15T12:19:49.631+0800: 907.063: [weak refs processing, 0.0002621 secs]2020-02-15T12:19:49.632+0800: 907.064: [class unloading, 0.0136252 secs]2020-02-15T12:19:49.645+0800: 907.077: [scrub symbol table, 0.0101821 secs]2020-02-15T12:19:49.655+0800: 907.088: [scrub string table, 0.0009810 secs][1 CMS-remark: 37891K(43712K)] 38783K(63360K), 0.0289519 secs] [Times: user=0.03 sys=0.00, real=0.03 secs] 
2020-02-15T12:19:49.657+0800: 907.089: Total time for which application threads were stopped: 0.0291119 seconds, Stopping threads took: 0.0000399 seconds
2020-02-15T12:19:49.657+0800: 907.089: [CMS-concurrent-sweep-start]
2020-02-15T12:19:49.675+0800: 907.107: [CMS-concurrent-sweep: 0.018/0.018 secs] [Times: user=0.02 sys=0.00, real=0.02 secs] 
2020-02-15T12:19:49.675+0800: 907.107: [CMS-concurrent-reset-start]
2020-02-15T12:19:49.675+0800: 907.107: [CMS-concurrent-reset: 0.000/0.000 secs] [Times: user=0.00 sys=0.00, real=0.00 secs] 
2020-02-15T12:19:51.675+0800: 909.107: [GC (CMS Initial Mark) [1 CMS-initial-mark: 37891K(43712K)] 39494K(63360K), 0.0048062 secs] [Times: user=0.00 sys=0.00, real=0.00 secs] 
2020-02-15T12:19:51.679+0800: 909.112: Total time for which application threads were stopped: 0.0050339 seconds, Stopping threads took: 0.0000524 seconds
2020-02-15T12:19:51.679+0800: 909.112: [CMS-concurrent-mark-start]
2020-02-15T12:19:51.752+0800: 909.184: [CMS-concurrent-mark: 0.072/0.072 secs] [Times: user=0.08 sys=0.00, real=0.08 secs] 
2020-02-15T12:19:51.752+0800: 909.184: [CMS-concurrent-preclean-start]
2020-02-15T12:19:51.754+0800: 909.187: [CMS-concurrent-preclean: 0.003/0.003 secs] [Times: user=0.00 sys=0.00, real=0.00 secs] 
2020-02-15T12:19:51.755+0800: 909.187: [GC (CMS Final Remark) [YG occupancy: 1603 K (19648 K)]2020-02-15T12:19:51.755+0800: 909.187: [Rescan (parallel) , 0.0040700 secs]2020-02-15T12:19:51.759+0800: 909.191: [weak refs processing, 0.0002512 secs]2020-02-15T12:19:51.759+0800: 909.191: [class unloading, 0.0136048 secs]2020-02-15T12:19:51.773+0800: 909.205: [scrub symbol table, 0.0119290 secs]2020-02-15T12:19:51.785+0800: 909.217: [scrub string table, 0.0012535 secs][1 CMS-remark: 37891K(43712K)] 39494K(63360K), 0.0313427 secs] [Times: user=0.03 sys=0.00, real=0.03 secs] 
2020-02-15T12:19:51.786+0800: 909.218: Total time for which application threads were stopped: 0.0315183 seconds, Stopping threads took: 0.0000405 seconds
2020-02-15T12:19:51.786+0800: 909.218: [CMS-concurrent-sweep-start]
2020-02-15T12:19:51.804+0800: 909.236: [CMS-concurrent-sweep: 0.018/0.018 secs] [Times: user=0.02 sys=0.00, real=0.02 secs] 
2020-02-15T12:19:51.804+0800: 909.236: [CMS-concurrent-reset-start]
2020-02-15T12:19:51.804+0800: 909.237: [CMS-concurrent-reset: 0.000/0.000 secs] [Times: user=0.00 sys=0.00, real=0.00 secs] 
2020-02-15T12:19:53.804+0800: 911.236: [GC (CMS Initial Mark) [1 CMS-initial-mark: 37891K(43712K)] 40235K(63360K), 0.0049601 secs] [Times: user=0.01 sys=0.00, real=0.00 secs] 
2020-02-15T12:19:53.809+0800: 911.241: Total time for which application threads were stopped: 0.0051538 seconds, Stopping threads took: 0.0000442 seconds
2020-02-15T12:19:53.809+0800: 911.241: [CMS-concurrent-mark-start]
2020-02-15T12:19:53.879+0800: 911.311: [CMS-concurrent-mark: 0.070/0.070 secs] [Times: user=0.07 sys=0.00, real=0.07 secs] 
2020-02-15T12:19:53.879+0800: 911.311: [CMS-concurrent-preclean-start]
2020-02-15T12:19:53.881+0800: 911.314: [CMS-concurrent-preclean: 0.002/0.002 secs] [Times: user=0.00 sys=0.00, real=0.01 secs] 
2020-02-15T12:19:53.881+0800: 911.314: [CMS-concurrent-abortable-preclean-start]
2020-02-15T12:19:55.809+0800: 913.241: Total time for which application threads were stopped: 0.0001690 seconds, Stopping threads took: 0.0000444 seconds
 CMS: abort preclean due to time 2020-02-15T12:19:58.893+0800: 916.325: [CMS-concurrent-abortable-preclean: 0.121/5.011 secs] [Times: user=0.15 sys=0.01, real=5.01 secs] 
2020-02-15T12:19:58.893+0800: 916.325: [GC (CMS Final Remark) [YG occupancy: 4529 K (19648 K)]2020-02-15T12:19:58.893+0800: 916.325: [Rescan (parallel) , 0.0059387 secs]2020-02-15T12:19:58.899+0800: 916.331: [weak refs processing, 0.0002715 secs]2020-02-15T12:19:58.899+0800: 916.332: [class unloading, 0.0145198 secs]2020-02-15T12:19:58.914+0800: 916.346: [scrub symbol table, 0.0110372 secs]2020-02-15T12:19:58.925+0800: 916.357: [scrub string table, 0.0009883 secs][1 CMS-remark: 37891K(43712K)] 42420K(63360K), 0.0330001 secs] [Times: user=0.03 sys=0.00, real=0.03 secs] 
2020-02-15T12:19:58.926+0800: 916.358: Total time for which application threads were stopped: 0.0331707 seconds, Stopping threads took: 0.0000502 seconds
2020-02-15T12:19:58.926+0800: 916.358: [CMS-concurrent-sweep-start]
2020-02-15T12:19:58.945+0800: 916.377: [CMS-concurrent-sweep: 0.019/0.019 secs] [Times: user=0.02 sys=0.00, real=0.02 secs] 
2020-02-15T12:19:58.945+0800: 916.377: [CMS-concurrent-reset-start]
2020-02-15T12:19:58.945+0800: 916.377: [CMS-concurrent-reset: 0.000/0.000 secs] [Times: user=0.00 sys=0.00, real=0.00 secs] 
2020-02-15T12:20:00.945+0800: 918.377: [GC (CMS Initial Mark) [1 CMS-initial-mark: 37891K(43712K)] 42838K(63360K), 0.0092092 secs] [Times: user=0.01 sys=0.00, real=0.01 secs] 
2020-02-15T12:20:00.954+0800: 918.386: Total time for which application threads were stopped: 0.0094939 seconds, Stopping threads took: 0.0000506 seconds
2020-02-15T12:20:00.954+0800: 918.386: [CMS-concurrent-mark-start]
2020-02-15T12:20:01.034+0800: 918.466: [CMS-concurrent-mark: 0.080/0.080 secs] [Times: user=0.08 sys=0.00, real=0.08 secs] 
2020-02-15T12:20:01.034+0800: 918.466: [CMS-concurrent-preclean-start]
2020-02-15T12:20:01.037+0800: 918.469: [CMS-concurrent-preclean: 0.002/0.002 secs] [Times: user=0.00 sys=0.00, real=0.00 secs] 
2020-02-15T12:20:01.037+0800: 918.469: [CMS-concurrent-abortable-preclean-start]
 CMS: abort preclean due to time 2020-02-15T12:20:06.067+0800: 923.500: [CMS-concurrent-abortable-preclean: 0.126/5.031 secs] [Times: user=0.18 sys=0.00, real=5.03 secs] 
2020-02-15T12:20:06.068+0800: 923.500: [GC (CMS Final Remark) [YG occupancy: 7039 K (19648 K)]2020-02-15T12:20:06.068+0800: 923.500: [Rescan (parallel) , 0.0070319 secs]2020-02-15T12:20:06.075+0800: 923.507: [weak refs processing, 0.0002615 secs]2020-02-15T12:20:06.075+0800: 923.507: [class unloading, 0.0141176 secs]2020-02-15T12:20:06.089+0800: 923.521: [scrub symbol table, 0.0095638 secs]2020-02-15T12:20:06.099+0800: 923.531: [scrub string table, 0.0010077 secs][1 CMS-remark: 37891K(43712K)] 44931K(63360K), 0.0322349 secs] [Times: user=0.03 sys=0.00, real=0.03 secs] 
2020-02-15T12:20:06.100+0800: 923.532: Total time for which application threads were stopped: 0.0323910 seconds, Stopping threads took: 0.0000366 seconds
2020-02-15T12:20:06.100+0800: 923.532: [CMS-concurrent-sweep-start]
2020-02-15T12:20:06.119+0800: 923.551: [CMS-concurrent-sweep: 0.019/0.019 secs] [Times: user=0.02 sys=0.00, real=0.02 secs] 
2020-02-15T12:20:06.119+0800: 923.551: [CMS-concurrent-reset-start]
2020-02-15T12:20:06.119+0800: 923.551: [CMS-concurrent-reset: 0.000/0.000 secs] [Times: user=0.00 sys=0.00, real=0.00 secs] 
2020-02-15T12:20:08.118+0800: 925.550: [GC (CMS Initial Mark) [1 CMS-initial-mark: 37891K(43712K)] 45847K(63360K), 0.0078187 secs] [Times: user=0.01 sys=0.00, real=0.01 secs] 
2020-02-15T12:20:08.126+0800: 925.558: Total time for which application threads were stopped: 0.0080069 seconds, Stopping threads took: 0.0000529 seconds
2020-02-15T12:20:08.126+0800: 925.558: [CMS-concurrent-mark-start]
2020-02-15T12:20:08.194+0800: 925.626: [CMS-concurrent-mark: 0.068/0.068 secs] [Times: user=0.07 sys=0.00, real=0.07 secs] 
2020-02-15T12:20:08.194+0800: 925.626: [CMS-concurrent-preclean-start]
2020-02-15T12:20:08.197+0800: 925.629: [CMS-concurrent-preclean: 0.003/0.003 secs] [Times: user=0.00 sys=0.00, real=0.00 secs] 
2020-02-15T12:20:08.197+0800: 925.629: [CMS-concurrent-abortable-preclean-start]
 CMS: abort preclean due to time 2020-02-15T12:20:13.225+0800: 930.657: [CMS-concurrent-abortable-preclean: 0.123/5.028 secs] [Times: user=0.14 sys=0.00, real=5.03 secs] 
2020-02-15T12:20:13.226+0800: 930.658: [GC (CMS Final Remark) [YG occupancy: 9184 K (19648 K)]2020-02-15T12:20:13.226+0800: 930.658: [Rescan (parallel) , 0.0208731 secs]2020-02-15T12:20:13.247+0800: 930.679: [weak refs processing, 0.0002860 secs]2020-02-15T12:20:13.247+0800: 930.679: [class unloading, 0.0151102 secs]2020-02-15T12:20:13.262+0800: 930.695: [scrub symbol table, 0.0119730 secs]2020-02-15T12:20:13.274+0800: 930.707: [scrub string table, 0.0011485 secs][1 CMS-remark: 37891K(43712K)] 47075K(63360K), 0.0496618 secs] [Times: user=0.03 sys=0.00, real=0.05 secs] 
2020-02-15T12:20:13.276+0800: 930.708: Total time for which application threads were stopped: 0.0498319 seconds, Stopping threads took: 0.0000377 seconds
2020-02-15T12:20:13.276+0800: 930.708: [CMS-concurrent-sweep-start]
2020-02-15T12:20:13.296+0800: 930.728: [CMS-concurrent-sweep: 0.020/0.020 secs] [Times: user=0.02 sys=0.00, real=0.02 secs] 
2020-02-15T12:20:13.296+0800: 930.728: [CMS-concurrent-reset-start]
2020-02-15T12:20:13.296+0800: 930.728: [CMS-concurrent-reset: 0.000/0.000 secs] [Times: user=0.00 sys=0.00, real=0.00 secs] 
2020-02-15T12:20:15.295+0800: 932.727: [GC (CMS Initial Mark) [1 CMS-initial-mark: 37891K(43712K)] 48574K(63360K), 0.0104051 secs] [Times: user=0.01 sys=0.00, real=0.01 secs] 
2020-02-15T12:20:15.306+0800: 932.738: Total time for which application threads were stopped: 0.0106485 seconds, Stopping threads took: 0.0000521 seconds
2020-02-15T12:20:15.306+0800: 932.738: [CMS-concurrent-mark-start]
2020-02-15T12:20:15.379+0800: 932.811: [CMS-concurrent-mark: 0.073/0.073 secs] [Times: user=0.07 sys=0.00, real=0.07 secs] 
2020-02-15T12:20:15.379+0800: 932.811: [CMS-concurrent-preclean-start]
2020-02-15T12:20:15.382+0800: 932.814: [CMS-concurrent-preclean: 0.002/0.002 secs] [Times: user=0.00 sys=0.00, real=0.01 secs] 
2020-02-15T12:20:15.382+0800: 932.814: [CMS-concurrent-abortable-preclean-start]
 CMS: abort preclean due to time 2020-02-15T12:20:20.409+0800: 937.841: [CMS-concurrent-abortable-preclean: 0.123/5.027 secs] [Times: user=0.14 sys=0.01, real=5.02 secs] 
2020-02-15T12:20:20.409+0800: 937.841: [GC (CMS Final Remark) [YG occupancy: 12145 K (19648 K)]2020-02-15T12:20:20.409+0800: 937.841: [Rescan (parallel) , 0.0111421 secs]2020-02-15T12:20:20.420+0800: 937.852: [weak refs processing, 0.0002693 secs]2020-02-15T12:20:20.421+0800: 937.853: [class unloading, 0.0140609 secs]2020-02-15T12:20:20.435+0800: 937.867: [scrub symbol table, 0.0101760 secs]2020-02-15T12:20:20.445+0800: 937.877: [scrub string table, 0.0009707 secs][1 CMS-remark: 37891K(43712K)] 50037K(63360K), 0.0368774 secs] [Times: user=0.04 sys=0.00, real=0.04 secs] 
2020-02-15T12:20:20.446+0800: 937.878: Total time for which application threads were stopped: 0.0370445 seconds, Stopping threads took: 0.0000435 seconds
2020-02-15T12:20:20.446+0800: 937.878: [CMS-concurrent-sweep-start]
2020-02-15T12:20:20.465+0800: 937.897: [CMS-concurrent-sweep: 0.019/0.019 secs] [Times: user=0.01 sys=0.00, real=0.02 secs] 
2020-02-15T12:20:20.465+0800: 937.897: [CMS-concurrent-reset-start]
2020-02-15T12:20:20.465+0800: 937.897: [CMS-concurrent-reset: 0.000/0.000 secs] [Times: user=0.00 sys=0.00, real=0.00 secs] 
2020-02-15T12:20:22.464+0800: 939.896: [GC (CMS Initial Mark) [1 CMS-initial-mark: 37891K(43712K)] 50541K(63360K), 0.0106103 secs] [Times: user=0.01 sys=0.00, real=0.01 secs] 
2020-02-15T12:20:22.475+0800: 939.907: Total time for which application threads were stopped: 0.0108598 seconds, Stopping threads took: 0.0000430 seconds
2020-02-15T12:20:22.475+0800: 939.907: [CMS-concurrent-mark-start]
2020-02-15T12:20:22.550+0800: 939.983: [CMS-concurrent-mark: 0.075/0.075 secs] [Times: user=0.07 sys=0.00, real=0.07 secs] 
2020-02-15T12:20:22.551+0800: 939.983: [CMS-concurrent-preclean-start]
2020-02-15T12:20:22.553+0800: 939.985: [CMS-concurrent-preclean: 0.002/0.002 secs] [Times: user=0.00 sys=0.00, real=0.01 secs] 
2020-02-15T12:20:22.553+0800: 939.985: [CMS-concurrent-abortable-preclean-start]
 CMS: abort preclean due to time 2020-02-15T12:20:27.626+0800: 945.058: [CMS-concurrent-abortable-preclean: 0.120/5.073 secs] [Times: user=0.14 sys=0.00, real=5.07 secs] 
2020-02-15T12:20:27.630+0800: 945.062: [GC (CMS Final Remark) [YG occupancy: 14965 K (19648 K)]2020-02-15T12:20:27.630+0800: 945.062: [Rescan (parallel) , 0.0418357 secs]2020-02-15T12:20:27.672+0800: 945.104: [weak refs processing, 0.0002881 secs]2020-02-15T12:20:27.672+0800: 945.104: [class unloading, 0.0548363 secs]2020-02-15T12:20:27.727+0800: 945.159: [scrub symbol table, 0.0354644 secs]2020-02-15T12:20:27.762+0800: 945.194: [scrub string table, 0.0010516 secs][1 CMS-remark: 37891K(43712K)] 52857K(63360K), 0.1338054 secs] [Times: user=0.05 sys=0.00, real=0.14 secs] 
2020-02-15T12:20:27.763+0800: 945.196: Total time for which application threads were stopped: 0.1339962 seconds, Stopping threads took: 0.0000562 seconds
2020-02-15T12:20:27.764+0800: 945.196: [CMS-concurrent-sweep-start]
2020-02-15T12:20:27.828+0800: 945.260: [CMS-concurrent-sweep: 0.064/0.064 secs] [Times: user=0.02 sys=0.00, real=0.06 secs] 
2020-02-15T12:20:27.828+0800: 945.260: [CMS-concurrent-reset-start]
2020-02-15T12:20:27.828+0800: 945.260: [CMS-concurrent-reset: 0.000/0.000 secs] [Times: user=0.00 sys=0.00, real=0.00 secs] 
2020-02-15T12:20:28.772+0800: 946.204: Total time for which application threads were stopped: 0.0001508 seconds, Stopping threads took: 0.0000408 seconds
2020-02-15T12:20:29.831+0800: 947.263: [GC (CMS Initial Mark) [1 CMS-initial-mark: 37891K(43712K)] 53161K(63360K), 0.0317395 secs] [Times: user=0.01 sys=0.00, real=0.04 secs] 
2020-02-15T12:20:29.863+0800: 947.295: Total time for which application threads were stopped: 0.0319464 seconds, Stopping threads took: 0.0000442 seconds
2020-02-15T12:20:29.863+0800: 947.295: [CMS-concurrent-mark-start]
2020-02-15T12:20:30.240+0800: 947.672: [CMS-concurrent-mark: 0.378/0.378 secs] [Times: user=0.11 sys=0.00, real=0.37 secs] 
2020-02-15T12:20:30.240+0800: 947.672: [CMS-concurrent-preclean-start]
2020-02-15T12:20:30.243+0800: 947.675: [CMS-concurrent-preclean: 0.003/0.003 secs] [Times: user=0.00 sys=0.00, real=0.01 secs] 
2020-02-15T12:20:30.243+0800: 947.675: [CMS-concurrent-abortable-preclean-start]
2020-02-15T12:20:35.084+0800: 952.516: [GC (Allocation Failure) 2020-02-15T12:20:35.084+0800: 952.516: [ParNew
Desired survivor size 1114112 bytes, new threshold 6 (max 6)
- age   1:      40512 bytes,      40512 total
- age   2:       1504 bytes,      42016 total
- age   3:         88 bytes,      42104 total
- age   4:       1088 bytes,      43192 total
- age   5:       2472 bytes,      45664 total
- age   6:        440 bytes,      46104 total
: 17556K->55K(19648K), 0.0041544 secs] 55447K->37952K(63360K), 0.0042642 secs] [Times: user=0.00 sys=0.00, real=0.00 secs] 
2020-02-15T12:20:35.089+0800: 952.521: Total time for which application threads were stopped: 0.0044616 seconds, Stopping threads took: 0.0000359 seconds
2020-02-15T12:20:35.101+0800: 952.533: Total time for which application threads were stopped: 0.0001386 seconds, Stopping threads took: 0.0000365 seconds
2020-02-15T12:20:35.101+0800: 952.533: Total time for which application threads were stopped: 0.0001163 seconds, Stopping threads took: 0.0000094 seconds
 CMS: abort preclean due to time 2020-02-15T12:20:35.323+0800: 952.755: [CMS-concurrent-abortable-preclean: 0.122/5.080 secs] [Times: user=0.18 sys=0.01, real=5.08 secs] 
2020-02-15T12:20:35.323+0800: 952.755: [GC (CMS Final Remark) [YG occupancy: 500 K (19648 K)]2020-02-15T12:20:35.323+0800: 952.755: [Rescan (parallel) , 0.0027524 secs]2020-02-15T12:20:35.326+0800: 952.758: [weak refs processing, 0.0002525 secs]2020-02-15T12:20:35.326+0800: 952.758: [class unloading, 0.0370974 secs]2020-02-15T12:20:35.363+0800: 952.795: [scrub symbol table, 0.0338367 secs]2020-02-15T12:20:35.397+0800: 952.829: [scrub string table, 0.0009554 secs][1 CMS-remark: 37897K(43712K)] 38397K(63360K), 0.0751109 secs] [Times: user=0.03 sys=0.00, real=0.07 secs] 
2020-02-15T12:20:35.398+0800: 952.830: Total time for which application threads were stopped: 0.0752607 seconds, Stopping threads took: 0.0000359 seconds
2020-02-15T12:20:35.398+0800: 952.830: [CMS-concurrent-sweep-start]
2020-02-15T12:20:35.442+0800: 952.874: [CMS-concurrent-sweep: 0.044/0.044 secs] [Times: user=0.02 sys=0.00, real=0.05 secs] 
2020-02-15T12:20:35.442+0800: 952.874: [CMS-concurrent-reset-start]
2020-02-15T12:20:35.442+0800: 952.874: [CMS-concurrent-reset: 0.000/0.000 secs] [Times: user=0.00 sys=0.00, real=0.00 secs] 
2020-02-15T12:20:37.447+0800: 954.879: [GC (CMS Initial Mark) [1 CMS-initial-mark: 37897K(43712K)] 38403K(63360K), 0.0040237 secs] [Times: user=0.01 sys=0.00, real=0.00 secs] 
2020-02-15T12:20:37.451+0800: 954.883: Total time for which application threads were stopped: 0.0042020 seconds, Stopping threads took: 0.0000436 seconds
2020-02-15T12:20:37.451+0800: 954.883: [CMS-concurrent-mark-start]
2020-02-15T12:20:37.795+0800: 955.227: [CMS-concurrent-mark: 0.344/0.344 secs] [Times: user=0.09 sys=0.00, real=0.35 secs] 
2020-02-15T12:20:37.795+0800: 955.227: [CMS-concurrent-preclean-start]
2020-02-15T12:20:37.798+0800: 955.230: [CMS-concurrent-preclean: 0.003/0.003 secs] [Times: user=0.00 sys=0.00, real=0.00 secs] 
2020-02-15T12:20:37.804+0800: 955.236: [GC (CMS Final Remark) [YG occupancy: 1314 K (19648 K)]2020-02-15T12:20:37.804+0800: 955.236: [Rescan (parallel) , 0.0127302 secs]2020-02-15T12:20:37.817+0800: 955.249: [weak refs processing, 0.0003690 secs]2020-02-15T12:20:37.817+0800: 955.249: [class unloading, 0.0736254 secs]2020-02-15T12:20:37.891+0800: 955.323: [scrub symbol table, 0.0533375 secs]2020-02-15T12:20:37.944+0800: 955.376: [scrub string table, 0.0014754 secs][1 CMS-remark: 37897K(43712K)] 39211K(63360K), 0.1418745 secs] [Times: user=0.05 sys=0.00, real=0.14 secs] 
2020-02-15T12:20:37.946+0800: 955.378: Total time for which application threads were stopped: 0.1420955 seconds, Stopping threads took: 0.0000509 seconds
2020-02-15T12:20:37.946+0800: 955.378: [CMS-concurrent-sweep-start]
2020-02-15T12:20:38.028+0800: 955.460: [CMS-concurrent-sweep: 0.082/0.082 secs] [Times: user=0.02 sys=0.00, real=0.08 secs] 
2020-02-15T12:20:38.028+0800: 955.461: [CMS-concurrent-reset-start]
2020-02-15T12:20:38.029+0800: 955.461: [CMS-concurrent-reset: 0.000/0.000 secs] [Times: user=0.00 sys=0.00, real=0.00 secs] 
2020-02-15T12:20:40.028+0800: 957.460: [GC (CMS Initial Mark) [1 CMS-initial-mark: 37897K(43712K)] 39245K(63360K), 0.0047433 secs] [Times: user=0.00 sys=0.00, real=0.01 secs] 
2020-02-15T12:20:40.033+0800: 957.465: Total time for which application threads were stopped: 0.0049809 seconds, Stopping threads took: 0.0000412 seconds
2020-02-15T12:20:40.033+0800: 957.465: [CMS-concurrent-mark-start]
2020-02-15T12:20:40.276+0800: 957.708: [CMS-concurrent-mark: 0.243/0.243 secs] [Times: user=0.09 sys=0.00, real=0.24 secs] 
2020-02-15T12:20:40.276+0800: 957.708: [CMS-concurrent-preclean-start]
2020-02-15T12:20:40.289+0800: 957.722: [CMS-concurrent-preclean: 0.014/0.014 secs] [Times: user=0.00 sys=0.00, real=0.01 secs] 
2020-02-15T12:20:40.290+0800: 957.722: [GC (CMS Final Remark) [YG occupancy: 1791 K (19648 K)]2020-02-15T12:20:40.290+0800: 957.722: [Rescan (parallel) , 0.0045229 secs]2020-02-15T12:20:40.294+0800: 957.726: [weak refs processing, 0.0002659 secs]2020-02-15T12:20:40.295+0800: 957.727: [class unloading, 0.0509584 secs]2020-02-15T12:20:40.346+0800: 957.778: [scrub symbol table, 0.0240181 secs]2020-02-15T12:20:40.370+0800: 957.802: [scrub string table, 0.0010009 secs][1 CMS-remark: 37897K(43712K)] 39688K(63360K), 0.0809514 secs] [Times: user=0.03 sys=0.00, real=0.08 secs] 
2020-02-15T12:20:40.371+0800: 957.803: Total time for which application threads were stopped: 0.0811153 seconds, Stopping threads took: 0.0000388 seconds
2020-02-15T12:20:40.371+0800: 957.803: [CMS-concurrent-sweep-start]
2020-02-15T12:20:40.415+0800: 957.847: [CMS-concurrent-sweep: 0.045/0.045 secs] [Times: user=0.02 sys=0.00, real=0.05 secs] 
2020-02-15T12:20:40.419+0800: 957.852: [CMS-concurrent-reset-start]
2020-02-15T12:20:40.420+0800: 957.852: [CMS-concurrent-reset: 0.000/0.000 secs] [Times: user=0.00 sys=0.00, real=0.00 secs] 
2020-02-15T12:20:42.425+0800: 959.857: [GC (CMS Initial Mark) [1 CMS-initial-mark: 37897K(43712K)] 40063K(63360K), 0.0048392 secs] [Times: user=0.00 sys=0.00, real=0.00 secs] 
2020-02-15T12:20:42.430+0800: 959.862: Total time for which application threads were stopped: 0.0050295 seconds, Stopping threads took: 0.0000425 seconds
2020-02-15T12:20:42.430+0800: 959.862: [CMS-concurrent-mark-start]
2020-02-15T12:20:42.675+0800: 960.107: [CMS-concurrent-mark: 0.245/0.245 secs] [Times: user=0.08 sys=0.00, real=0.25 secs] 
2020-02-15T12:20:42.675+0800: 960.107: [CMS-concurrent-preclean-start]
2020-02-15T12:20:42.692+0800: 960.124: [CMS-concurrent-preclean: 0.017/0.017 secs] [Times: user=0.00 sys=0.00, real=0.02 secs] 
2020-02-15T12:20:42.692+0800: 960.124: [CMS-concurrent-abortable-preclean-start]
2020-02-15T12:20:43.431+0800: 960.863: Total time for which application threads were stopped: 0.0001750 seconds, Stopping threads took: 0.0000384 seconds
 CMS: abort preclean due to time 2020-02-15T12:20:47.770+0800: 965.202: [CMS-concurrent-abortable-preclean: 0.124/5.078 secs] [Times: user=0.16 sys=0.00, real=5.07 secs] 
2020-02-15T12:20:47.770+0800: 965.202: [GC (CMS Final Remark) [YG occupancy: 4833 K (19648 K)]2020-02-15T12:20:47.770+0800: 965.202: [Rescan (parallel) , 0.0058148 secs]2020-02-15T12:20:47.776+0800: 965.208: [weak refs processing, 0.0002517 secs]2020-02-15T12:20:47.776+0800: 965.208: [class unloading, 0.0139169 secs]2020-02-15T12:20:47.790+0800: 965.222: [scrub symbol table, 0.0113031 secs]2020-02-15T12:20:47.802+0800: 965.234: [scrub string table, 0.0010008 secs][1 CMS-remark: 37897K(43712K)] 42730K(63360K), 0.0324993 secs] [Times: user=0.03 sys=0.00, real=0.04 secs] 
2020-02-15T12:20:47.803+0800: 965.235: Total time for which application threads were stopped: 0.0326570 seconds, Stopping threads took: 0.0000388 seconds
2020-02-15T12:20:47.803+0800: 965.235: [CMS-concurrent-sweep-start]
2020-02-15T12:20:47.821+0800: 965.254: [CMS-concurrent-sweep: 0.019/0.019 secs] [Times: user=0.02 sys=0.00, real=0.02 secs] 
2020-02-15T12:20:47.821+0800: 965.254: [CMS-concurrent-reset-start]
2020-02-15T12:20:47.822+0800: 965.254: [CMS-concurrent-reset: 0.000/0.000 secs] [Times: user=0.00 sys=0.00, real=0.00 secs] 
2020-02-15T12:20:49.821+0800: 967.253: [GC (CMS Initial Mark) [1 CMS-initial-mark: 37897K(43712K)] 42919K(63360K), 0.0071556 secs] [Times: user=0.01 sys=0.00, real=0.01 secs] 
2020-02-15T12:20:49.828+0800: 967.260: Total time for which application threads were stopped: 0.0074313 seconds, Stopping threads took: 0.0000448 seconds
2020-02-15T12:20:49.828+0800: 967.260: [CMS-concurrent-mark-start]
2020-02-15T12:20:49.904+0800: 967.336: [CMS-concurrent-mark: 0.076/0.076 secs] [Times: user=0.08 sys=0.00, real=0.08 secs] 
2020-02-15T12:20:49.904+0800: 967.336: [CMS-concurrent-preclean-start]
2020-02-15T12:20:49.906+0800: 967.339: [CMS-concurrent-preclean: 0.002/0.002 secs] [Times: user=0.00 sys=0.00, real=0.00 secs] 
2020-02-15T12:20:49.907+0800: 967.339: [CMS-concurrent-abortable-preclean-start]
2020-02-15T12:20:50.828+0800: 968.261: Total time for which application threads were stopped: 0.0001657 seconds, Stopping threads took: 0.0000572 seconds
 CMS: abort preclean due to time 2020-02-15T12:20:54.936+0800: 972.368: [CMS-concurrent-abortable-preclean: 0.124/5.029 secs] [Times: user=0.14 sys=0.01, real=5.03 secs] 
2020-02-15T12:20:54.936+0800: 972.368: [GC (CMS Final Remark) [YG occupancy: 7055 K (19648 K)]2020-02-15T12:20:54.936+0800: 972.368: [Rescan (parallel) , 0.0070995 secs]2020-02-15T12:20:54.943+0800: 972.375: [weak refs processing, 0.0002644 secs]2020-02-15T12:20:54.943+0800: 972.376: [class unloading, 0.0136486 secs]2020-02-15T12:20:54.957+0800: 972.389: [scrub symbol table, 0.0096186 secs]2020-02-15T12:20:54.967+0800: 972.399: [scrub string table, 0.0010228 secs][1 CMS-remark: 37897K(43712K)] 44953K(63360K), 0.0318523 secs] [Times: user=0.04 sys=0.00, real=0.03 secs] 
2020-02-15T12:20:54.968+0800: 972.400: Total time for which application threads were stopped: 0.0320307 seconds, Stopping threads took: 0.0000386 seconds
2020-02-15T12:20:54.968+0800: 972.400: [CMS-concurrent-sweep-start]
2020-02-15T12:20:54.986+0800: 972.419: [CMS-concurrent-sweep: 0.018/0.018 secs] [Times: user=0.01 sys=0.00, real=0.02 secs] 
2020-02-15T12:20:54.987+0800: 972.419: [CMS-concurrent-reset-start]
2020-02-15T12:20:54.987+0800: 972.419: [CMS-concurrent-reset: 0.000/0.000 secs] [Times: user=0.00 sys=0.00, real=0.00 secs] 
2020-02-15T12:20:56.986+0800: 974.418: [GC (CMS Initial Mark) [1 CMS-initial-mark: 37897K(43712K)] 45830K(63360K), 0.0083826 secs] [Times: user=0.01 sys=0.00, real=0.01 secs] 
2020-02-15T12:20:56.994+0800: 974.427: Total time for which application threads were stopped: 0.0086193 seconds, Stopping threads took: 0.0000467 seconds
2020-02-15T12:20:56.995+0800: 974.427: [CMS-concurrent-mark-start]
2020-02-15T12:20:57.067+0800: 974.499: [CMS-concurrent-mark: 0.073/0.073 secs] [Times: user=0.07 sys=0.00, real=0.07 secs] 
2020-02-15T12:20:57.067+0800: 974.499: [CMS-concurrent-preclean-start]
2020-02-15T12:20:57.069+0800: 974.502: [CMS-concurrent-preclean: 0.002/0.002 secs] [Times: user=0.01 sys=0.00, real=0.00 secs] 
2020-02-15T12:20:57.069+0800: 974.502: [CMS-concurrent-abortable-preclean-start]
2020-02-15T12:20:57.995+0800: 975.427: Total time for which application threads were stopped: 0.0001612 seconds, Stopping threads took: 0.0000625 seconds
 CMS: abort preclean due to time 2020-02-15T12:21:02.102+0800: 979.534: [CMS-concurrent-abortable-preclean: 0.127/5.033 secs] [Times: user=0.19 sys=0.00, real=5.04 secs] 
2020-02-15T12:21:02.102+0800: 979.535: [GC (CMS Final Remark) [YG occupancy: 9397 K (19648 K)]2020-02-15T12:21:02.102+0800: 979.535: [Rescan (parallel) , 0.0092763 secs]2020-02-15T12:21:02.112+0800: 979.544: [weak refs processing, 0.0002631 secs]2020-02-15T12:21:02.112+0800: 979.544: [class unloading, 0.0151110 secs]2020-02-15T12:21:02.127+0800: 979.559: [scrub symbol table, 0.0091861 secs]2020-02-15T12:21:02.136+0800: 979.569: [scrub string table, 0.0012318 secs][1 CMS-remark: 37897K(43712K)] 47294K(63360K), 0.0352886 secs] [Times: user=0.03 sys=0.00, real=0.03 secs] 
2020-02-15T12:21:02.138+0800: 979.570: Total time for which application threads were stopped: 0.0354579 seconds, Stopping threads took: 0.0000487 seconds
2020-02-15T12:21:02.138+0800: 979.570: [CMS-concurrent-sweep-start]
2020-02-15T12:21:02.156+0800: 979.588: [CMS-concurrent-sweep: 0.018/0.018 secs] [Times: user=0.02 sys=0.00, real=0.02 secs] 
2020-02-15T12:21:02.156+0800: 979.588: [CMS-concurrent-reset-start]
2020-02-15T12:21:02.156+0800: 979.589: [CMS-concurrent-reset: 0.000/0.000 secs] [Times: user=0.00 sys=0.00, real=0.00 secs] 
2020-02-15T12:21:03.138+0800: 980.570: Total time for which application threads were stopped: 0.0001912 seconds, Stopping threads took: 0.0000459 seconds
2020-02-15T12:21:04.157+0800: 981.589: [GC (CMS Initial Mark) [1 CMS-initial-mark: 37897K(43712K)] 47842K(63360K), 0.0090858 secs] [Times: user=0.01 sys=0.00, real=0.01 secs] 
2020-02-15T12:21:04.166+0800: 981.598: Total time for which application threads were stopped: 0.0092511 seconds, Stopping threads took: 0.0000411 seconds
2020-02-15T12:21:04.166+0800: 981.598: [CMS-concurrent-mark-start]
2020-02-15T12:21:04.234+0800: 981.666: [CMS-concurrent-mark: 0.068/0.068 secs] [Times: user=0.07 sys=0.00, real=0.07 secs] 
2020-02-15T12:21:04.234+0800: 981.666: [CMS-concurrent-preclean-start]
2020-02-15T12:21:04.236+0800: 981.668: [CMS-concurrent-preclean: 0.002/0.002 secs] [Times: user=0.00 sys=0.00, real=0.00 secs] 
2020-02-15T12:21:04.236+0800: 981.668: [CMS-concurrent-abortable-preclean-start]
2020-02-15T12:21:05.166+0800: 982.598: Total time for which application threads were stopped: 0.0001671 seconds, Stopping threads took: 0.0000492 seconds
2020-02-15T12:21:08.166+0800: 985.598: Total time for which application threads were stopped: 0.0001653 seconds, Stopping threads took: 0.0000414 seconds
 CMS: abort preclean due to time 2020-02-15T12:21:09.297+0800: 986.729: [CMS-concurrent-abortable-preclean: 0.128/5.061 secs] [Times: user=0.16 sys=0.01, real=5.06 secs] 
2020-02-15T12:21:09.297+0800: 986.729: [GC (CMS Final Remark) [YG occupancy: 12099 K (19648 K)]2020-02-15T12:21:09.297+0800: 986.729: [Rescan (parallel) , 0.0091983 secs]2020-02-15T12:21:09.306+0800: 986.738: [weak refs processing, 0.0002660 secs]2020-02-15T12:21:09.306+0800: 986.739: [class unloading, 0.0133810 secs]2020-02-15T12:21:09.320+0800: 986.752: [scrub symbol table, 0.0092456 secs]2020-02-15T12:21:09.329+0800: 986.761: [scrub string table, 0.0009777 secs][1 CMS-remark: 37897K(43712K)] 49996K(63360K), 0.0332053 secs] [Times: user=0.03 sys=0.00, real=0.03 secs] 
2020-02-15T12:21:09.330+0800: 986.762: Total time for which application threads were stopped: 0.0333676 seconds, Stopping threads took: 0.0000396 seconds
2020-02-15T12:21:09.330+0800: 986.762: [CMS-concurrent-sweep-start]
2020-02-15T12:21:09.348+0800: 986.780: [CMS-concurrent-sweep: 0.018/0.018 secs] [Times: user=0.02 sys=0.00, real=0.02 secs] 
2020-02-15T12:21:09.348+0800: 986.780: [CMS-concurrent-reset-start]
2020-02-15T12:21:09.348+0800: 986.780: [CMS-concurrent-reset: 0.000/0.000 secs] [Times: user=0.00 sys=0.00, real=0.00 secs] 
2020-02-15T12:21:11.331+0800: 988.763: Total time for which application threads were stopped: 0.0001893 seconds, Stopping threads took: 0.0000433 seconds
2020-02-15T12:21:11.348+0800: 988.780: [GC (CMS Initial Mark) [1 CMS-initial-mark: 37897K(43712K)] 50766K(63360K), 0.0113223 secs] [Times: user=0.01 sys=0.00, real=0.01 secs] 
2020-02-15T12:21:11.359+0800: 988.791: Total time for which application threads were stopped: 0.0115156 seconds, Stopping threads took: 0.0000345 seconds
2020-02-15T12:21:11.359+0800: 988.791: [CMS-concurrent-mark-start]
2020-02-15T12:21:11.429+0800: 988.861: [CMS-concurrent-mark: 0.069/0.069 secs] [Times: user=0.07 sys=0.00, real=0.07 secs] 
2020-02-15T12:21:11.429+0800: 988.861: [CMS-concurrent-preclean-start]
2020-02-15T12:21:11.431+0800: 988.863: [CMS-concurrent-preclean: 0.002/0.002 secs] [Times: user=0.00 sys=0.00, real=0.00 secs] 
2020-02-15T12:21:11.431+0800: 988.863: [CMS-concurrent-abortable-preclean-start]
 CMS: abort preclean due to time 2020-02-15T12:21:16.459+0800: 993.891: [CMS-concurrent-abortable-preclean: 0.124/5.028 secs] [Times: user=0.15 sys=0.00, real=5.03 secs] 
2020-02-15T12:21:16.460+0800: 993.892: [GC (CMS Final Remark) [YG occupancy: 14808 K (19648 K)]2020-02-15T12:21:16.460+0800: 993.892: [Rescan (parallel) , 0.0120430 secs]2020-02-15T12:21:16.472+0800: 993.904: [weak refs processing, 0.0002674 secs]2020-02-15T12:21:16.472+0800: 993.904: [class unloading, 0.0141152 secs]2020-02-15T12:21:16.486+0800: 993.918: [scrub symbol table, 0.0106195 secs]2020-02-15T12:21:16.497+0800: 993.929: [scrub string table, 0.0009704 secs][1 CMS-remark: 37897K(43712K)] 52705K(63360K), 0.0382376 secs] [Times: user=0.03 sys=0.00, real=0.04 secs] 
2020-02-15T12:21:16.498+0800: 993.930: Total time for which application threads were stopped: 0.0383946 seconds, Stopping threads took: 0.0000391 seconds
2020-02-15T12:21:16.498+0800: 993.930: [CMS-concurrent-sweep-start]
2020-02-15T12:21:16.517+0800: 993.949: [CMS-concurrent-sweep: 0.019/0.019 secs] [Times: user=0.01 sys=0.00, real=0.02 secs] 
2020-02-15T12:21:16.517+0800: 993.949: [CMS-concurrent-reset-start]
2020-02-15T12:21:16.517+0800: 993.949: [CMS-concurrent-reset: 0.000/0.000 secs] [Times: user=0.00 sys=0.00, real=0.00 secs] 
2020-02-15T12:21:18.498+0800: 995.930: Total time for which application threads were stopped: 0.0001582 seconds, Stopping threads took: 0.0000437 seconds
2020-02-15T12:21:18.516+0800: 995.949: [GC (CMS Initial Mark) [1 CMS-initial-mark: 37897K(43712K)] 53447K(63360K), 0.0117840 secs] [Times: user=0.01 sys=0.00, real=0.01 secs] 
2020-02-15T12:21:18.528+0800: 995.960: Total time for which application threads were stopped: 0.0119791 seconds, Stopping threads took: 0.0000290 seconds
2020-02-15T12:21:18.528+0800: 995.961: [CMS-concurrent-mark-start]
2020-02-15T12:21:18.595+0800: 996.027: [CMS-concurrent-mark: 0.067/0.067 secs] [Times: user=0.06 sys=0.00, real=0.07 secs] 
2020-02-15T12:21:18.595+0800: 996.027: [CMS-concurrent-preclean-start]
2020-02-15T12:21:18.598+0800: 996.030: [CMS-concurrent-preclean: 0.002/0.002 secs] [Times: user=0.01 sys=0.00, real=0.00 secs] 
2020-02-15T12:21:18.598+0800: 996.030: [CMS-concurrent-abortable-preclean-start]
 CMS: abort preclean due to time 2020-02-15T12:21:23.630+0800: 1001.062: [CMS-concurrent-abortable-preclean: 0.126/5.032 secs] [Times: user=0.17 sys=0.00, real=5.03 secs] 
2020-02-15T12:21:23.630+0800: 1001.062: [GC (CMS Final Remark) [YG occupancy: 17319 K (19648 K)]2020-02-15T12:21:23.630+0800: 1001.062: [Rescan (parallel) , 0.0145536 secs]2020-02-15T12:21:23.645+0800: 1001.077: [weak refs processing, 0.0002753 secs]2020-02-15T12:21:23.645+0800: 1001.077: [class unloading, 0.0145807 secs]2020-02-15T12:21:23.660+0800: 1001.092: [scrub symbol table, 0.0105273 secs]2020-02-15T12:21:23.670+0800: 1001.102: [scrub string table, 0.0010258 secs][1 CMS-remark: 37897K(43712K)] 55217K(63360K), 0.0411877 secs] [Times: user=0.04 sys=0.00, real=0.04 secs] 
2020-02-15T12:21:23.671+0800: 1001.103: Total time for which application threads were stopped: 0.0413947 seconds, Stopping threads took: 0.0000497 seconds
2020-02-15T12:21:23.671+0800: 1001.103: [CMS-concurrent-sweep-start]
2020-02-15T12:21:23.693+0800: 1001.125: [CMS-concurrent-sweep: 0.021/0.021 secs] [Times: user=0.02 sys=0.00, real=0.03 secs] 
2020-02-15T12:21:23.693+0800: 1001.125: [CMS-concurrent-reset-start]
2020-02-15T12:21:23.693+0800: 1001.125: [CMS-concurrent-reset: 0.000/0.000 secs] [Times: user=0.00 sys=0.00, real=0.00 secs] 
2020-02-15T12:21:24.881+0800: 1002.313: [GC (Allocation Failure) 2020-02-15T12:21:24.881+0800: 1002.313: [ParNew
Desired survivor size 1114112 bytes, new threshold 6 (max 6)
- age   1:      27808 bytes,      27808 total
- age   2:       3264 bytes,      31072 total
- age   3:       1184 bytes,      32256 total
- age   4:         88 bytes,      32344 total
- age   5:       1088 bytes,      33432 total
- age   6:       2472 bytes,      35904 total
: 17509K->40K(19648K), 0.0039145 secs] 55406K->37938K(63360K), 0.0040149 secs] [Times: user=0.01 sys=0.00, real=0.01 secs] 
2020-02-15T12:21:24.885+0800: 1002.317: Total time for which application threads were stopped: 0.0042135 seconds, Stopping threads took: 0.0000354 seconds
2020-02-15T12:21:24.888+0800: 1002.320: [GC (CMS Initial Mark) [1 CMS-initial-mark: 37897K(43712K)] 38242K(63360K), 0.0037014 secs] [Times: user=0.00 sys=0.00, real=0.01 secs] 
2020-02-15T12:21:24.891+0800: 1002.323: Total time for which application threads were stopped: 0.0038460 seconds, Stopping threads took: 0.0000211 seconds
2020-02-15T12:21:24.892+0800: 1002.324: [CMS-concurrent-mark-start]
2020-02-15T12:21:24.917+0800: 1002.349: Total time for which application threads were stopped: 0.0001628 seconds, Stopping threads took: 0.0000529 seconds
2020-02-15T12:21:24.917+0800: 1002.349: Total time for which application threads were stopped: 0.0000474 seconds, Stopping threads took: 0.0000082 seconds
2020-02-15T12:21:24.917+0800: 1002.349: Total time for which application threads were stopped: 0.0000374 seconds, Stopping threads took: 0.0000073 seconds
2020-02-15T12:21:24.997+0800: 1002.429: [CMS-concurrent-mark: 0.105/0.106 secs] [Times: user=0.10 sys=0.00, real=0.10 secs] 
2020-02-15T12:21:24.997+0800: 1002.429: [CMS-concurrent-preclean-start]
2020-02-15T12:21:25.000+0800: 1002.432: [CMS-concurrent-preclean: 0.002/0.002 secs] [Times: user=0.00 sys=0.00, real=0.00 secs] 
2020-02-15T12:21:25.000+0800: 1002.432: [GC (CMS Final Remark) [YG occupancy: 558 K (19648 K)]2020-02-15T12:21:25.000+0800: 1002.432: [Rescan (parallel) , 0.0029923 secs]2020-02-15T12:21:25.003+0800: 1002.435: [weak refs processing, 0.0002361 secs]2020-02-15T12:21:25.003+0800: 1002.435: [class unloading, 0.0133683 secs]2020-02-15T12:21:25.017+0800: 1002.449: [scrub symbol table, 0.0102041 secs]2020-02-15T12:21:25.027+0800: 1002.459: [scrub string table, 0.0009744 secs][1 CMS-remark: 37897K(43712K)] 38455K(63360K), 0.0279605 secs] [Times: user=0.03 sys=0.00, real=0.03 secs] 
2020-02-15T12:21:25.028+0800: 1002.460: Total time for which application threads were stopped: 0.0281199 seconds, Stopping threads took: 0.0000403 seconds
2020-02-15T12:21:25.028+0800: 1002.460: [CMS-concurrent-sweep-start]
2020-02-15T12:21:25.047+0800: 1002.479: [CMS-concurrent-sweep: 0.018/0.018 secs] [Times: user=0.02 sys=0.00, real=0.02 secs] 
2020-02-15T12:21:25.047+0800: 1002.479: [CMS-concurrent-reset-start]
2020-02-15T12:21:25.047+0800: 1002.479: [CMS-concurrent-reset: 0.000/0.000 secs] [Times: user=0.00 sys=0.00, real=0.00 secs] 
2020-02-15T12:21:27.046+0800: 1004.478: [GC (CMS Initial Mark) [1 CMS-initial-mark: 37897K(43712K)] 39257K(63360K), 0.0045115 secs] [Times: user=0.00 sys=0.00, real=0.00 secs] 
2020-02-15T12:21:27.051+0800: 1004.483: Total time for which application threads were stopped: 0.0047521 seconds, Stopping threads took: 0.0000606 seconds
2020-02-15T12:21:27.051+0800: 1004.483: [CMS-concurrent-mark-start]
2020-02-15T12:21:27.122+0800: 1004.554: [CMS-concurrent-mark: 0.071/0.071 secs] [Times: user=0.07 sys=0.00, real=0.08 secs] 
2020-02-15T12:21:27.122+0800: 1004.554: [CMS-concurrent-preclean-start]
2020-02-15T12:21:27.125+0800: 1004.557: [CMS-concurrent-preclean: 0.003/0.003 secs] [Times: user=0.01 sys=0.00, real=0.00 secs] 
2020-02-15T12:21:27.125+0800: 1004.557: [GC (CMS Final Remark) [YG occupancy: 1360 K (19648 K)]2020-02-15T12:21:27.125+0800: 1004.557: [Rescan (parallel) , 0.0039254 secs]2020-02-15T12:21:27.129+0800: 1004.561: [weak refs processing, 0.0002451 secs]2020-02-15T12:21:27.129+0800: 1004.561: [class unloading, 0.0138716 secs]2020-02-15T12:21:27.143+0800: 1004.575: [scrub symbol table, 0.0108098 secs]2020-02-15T12:21:27.154+0800: 1004.586: [scrub string table, 0.0010023 secs][1 CMS-remark: 37897K(43712K)] 39257K(63360K), 0.0300590 secs] [Times: user=0.02 sys=0.00, real=0.03 secs] 
2020-02-15T12:21:27.155+0800: 1004.587: Total time for which application threads were stopped: 0.0302246 seconds, Stopping threads took: 0.0000388 seconds
2020-02-15T12:21:27.155+0800: 1004.587: [CMS-concurrent-sweep-start]
2020-02-15T12:21:27.173+0800: 1004.606: [CMS-concurrent-sweep: 0.018/0.018 secs] [Times: user=0.01 sys=0.00, real=0.02 secs] 
2020-02-15T12:21:27.174+0800: 1004.606: [CMS-concurrent-reset-start]
2020-02-15T12:21:27.174+0800: 1004.606: [CMS-concurrent-reset: 0.000/0.000 secs] [Times: user=0.00 sys=0.00, real=0.00 secs] 
2020-02-15T12:21:29.173+0800: 1006.605: [GC (CMS Initial Mark) [1 CMS-initial-mark: 37897K(43712K)] 40068K(63360K), 0.0052034 secs] [Times: user=0.01 sys=0.00, real=0.00 secs] 
2020-02-15T12:21:29.178+0800: 1006.610: Total time for which application threads were stopped: 0.0054601 seconds, Stopping threads took: 0.0000532 seconds
2020-02-15T12:21:29.178+0800: 1006.610: [CMS-concurrent-mark-start]
2020-02-15T12:21:29.253+0800: 1006.685: [CMS-concurrent-mark: 0.075/0.075 secs] [Times: user=0.07 sys=0.00, real=0.08 secs] 
2020-02-15T12:21:29.253+0800: 1006.685: [CMS-concurrent-preclean-start]
2020-02-15T12:21:29.256+0800: 1006.688: [CMS-concurrent-preclean: 0.002/0.002 secs] [Times: user=0.00 sys=0.00, real=0.00 secs] 
2020-02-15T12:21:29.256+0800: 1006.688: [CMS-concurrent-abortable-preclean-start]
 CMS: abort preclean due to time 2020-02-15T12:21:34.280+0800: 1011.712: [CMS-concurrent-abortable-preclean: 0.119/5.025 secs] [Times: user=0.16 sys=0.00, real=5.02 secs] 
2020-02-15T12:21:34.281+0800: 1011.713: [GC (CMS Final Remark) [YG occupancy: 3566 K (19648 K)]2020-02-15T12:21:34.281+0800: 1011.713: [Rescan (parallel) , 0.0071535 secs]2020-02-15T12:21:34.288+0800: 1011.720: [weak refs processing, 0.0003793 secs]2020-02-15T12:21:34.288+0800: 1011.720: [class unloading, 0.0202000 secs]2020-02-15T12:21:34.309+0800: 1011.741: [scrub symbol table, 0.0173977 secs]2020-02-15T12:21:34.326+0800: 1011.758: [scrub string table, 0.0014037 secs][1 CMS-remark: 37897K(43712K)] 41464K(63360K), 0.0468336 secs] [Times: user=0.05 sys=0.00, real=0.05 secs] 
2020-02-15T12:21:34.328+0800: 1011.760: Total time for which application threads were stopped: 0.0470505 seconds, Stopping threads took: 0.0000595 seconds
2020-02-15T12:21:34.328+0800: 1011.760: [CMS-concurrent-sweep-start]
2020-02-15T12:21:34.357+0800: 1011.789: [CMS-concurrent-sweep: 0.029/0.029 secs] [Times: user=0.02 sys=0.00, real=0.03 secs] 
2020-02-15T12:21:34.357+0800: 1011.789: [CMS-concurrent-reset-start]
2020-02-15T12:21:34.357+0800: 1011.790: [CMS-concurrent-reset: 0.000/0.000 secs] [Times: user=0.00 sys=0.00, real=0.00 secs] 
2020-02-15T12:21:35.328+0800: 1012.760: Total time for which application threads were stopped: 0.0001574 seconds, Stopping threads took: 0.0000429 seconds
2020-02-15T12:21:36.328+0800: 1013.760: Total time for which application threads were stopped: 0.0001611 seconds, Stopping threads took: 0.0000439 seconds
2020-02-15T12:21:36.358+0800: 1013.790: [GC (CMS Initial Mark) [1 CMS-initial-mark: 37897K(43712K)] 42631K(63360K), 0.0064933 secs] [Times: user=0.00 sys=0.00, real=0.01 secs] 
2020-02-15T12:21:36.364+0800: 1013.796: Total time for which application threads were stopped: 0.0067002 seconds, Stopping threads took: 0.0000509 seconds
2020-02-15T12:21:36.364+0800: 1013.796: [CMS-concurrent-mark-start]
2020-02-15T12:21:36.433+0800: 1013.865: [CMS-concurrent-mark: 0.069/0.069 secs] [Times: user=0.07 sys=0.00, real=0.07 secs] 
2020-02-15T12:21:36.433+0800: 1013.865: [CMS-concurrent-preclean-start]
2020-02-15T12:21:36.435+0800: 1013.868: [CMS-concurrent-preclean: 0.002/0.002 secs] [Times: user=0.00 sys=0.00, real=0.00 secs] 
2020-02-15T12:21:36.435+0800: 1013.868: [CMS-concurrent-abortable-preclean-start]
2020-02-15T12:21:38.365+0800: 1015.797: Total time for which application threads were stopped: 0.0001499 seconds, Stopping threads took: 0.0000456 seconds
 CMS: abort preclean due to time 2020-02-15T12:21:41.442+0800: 1018.874: [CMS-concurrent-abortable-preclean: 0.117/5.006 secs] [Times: user=0.22 sys=0.00, real=5.01 secs] 
2020-02-15T12:21:41.442+0800: 1018.874: [GC (CMS Final Remark) [YG occupancy: 6259 K (19648 K)]2020-02-15T12:21:41.442+0800: 1018.874: [Rescan (parallel) , 0.0066476 secs]2020-02-15T12:21:41.449+0800: 1018.881: [weak refs processing, 0.0002483 secs]2020-02-15T12:21:41.449+0800: 1018.881: [class unloading, 0.0137147 secs]2020-02-15T12:21:41.463+0800: 1018.895: [scrub symbol table, 0.0105503 secs]2020-02-15T12:21:41.473+0800: 1018.905: [scrub string table, 0.0009811 secs][1 CMS-remark: 37897K(43712K)] 44157K(63360K), 0.0325294 secs] [Times: user=0.03 sys=0.00, real=0.03 secs] 
2020-02-15T12:21:41.475+0800: 1018.907: Total time for which application threads were stopped: 0.0326995 seconds, Stopping threads took: 0.0000402 seconds
2020-02-15T12:21:41.475+0800: 1018.907: [CMS-concurrent-sweep-start]
2020-02-15T12:21:41.493+0800: 1018.925: [CMS-concurrent-sweep: 0.018/0.018 secs] [Times: user=0.02 sys=0.00, real=0.02 secs] 
2020-02-15T12:21:41.493+0800: 1018.925: [CMS-concurrent-reset-start]
2020-02-15T12:21:41.493+0800: 1018.925: [CMS-concurrent-reset: 0.000/0.000 secs] [Times: user=0.00 sys=0.00, real=0.00 secs] 
2020-02-15T12:21:42.475+0800: 1019.907: Total time for which application threads were stopped: 0.0001729 seconds, Stopping threads took: 0.0000522 seconds
2020-02-15T12:21:43.475+0800: 1020.907: Total time for which application threads were stopped: 0.0001659 seconds, Stopping threads took: 0.0000538 seconds
2020-02-15T12:21:43.492+0800: 1020.924: [GC (CMS Initial Mark) [1 CMS-initial-mark: 37897K(43712K)] 44899K(63360K), 0.0072245 secs] [Times: user=0.01 sys=0.00, real=0.00 secs] 
2020-02-15T12:21:43.500+0800: 1020.932: Total time for which application threads were stopped: 0.0074349 seconds, Stopping threads took: 0.0000537 seconds
2020-02-15T12:21:43.500+0800: 1020.932: [CMS-concurrent-mark-start]
2020-02-15T12:21:43.573+0800: 1021.005: [CMS-concurrent-mark: 0.073/0.073 secs] [Times: user=0.07 sys=0.00, real=0.08 secs] 
2020-02-15T12:21:43.573+0800: 1021.005: [CMS-concurrent-preclean-start]
2020-02-15T12:21:43.575+0800: 1021.008: [CMS-concurrent-preclean: 0.002/0.002 secs] [Times: user=0.01 sys=0.00, real=0.00 secs] 
2020-02-15T12:21:43.575+0800: 1021.008: [CMS-concurrent-abortable-preclean-start]
2020-02-15T12:21:44.500+0800: 1021.932: Total time for which application threads were stopped: 0.0001713 seconds, Stopping threads took: 0.0000498 seconds
2020-02-15T12:21:45.500+0800: 1022.932: Total time for which application threads were stopped: 0.0001515 seconds, Stopping threads took: 0.0000416 seconds
 CMS: abort preclean due to time 2020-02-15T12:21:48.578+0800: 1026.010: [CMS-concurrent-abortable-preclean: 0.119/5.002 secs] [Times: user=0.19 sys=0.00, real=5.00 secs] 
2020-02-15T12:21:48.578+0800: 1026.010: [GC (CMS Final Remark) [YG occupancy: 9098 K (19648 K)]2020-02-15T12:21:48.578+0800: 1026.010: [Rescan (parallel) , 0.0081264 secs]2020-02-15T12:21:48.586+0800: 1026.018: [weak refs processing, 0.0002548 secs]2020-02-15T12:21:48.587+0800: 1026.019: [class unloading, 0.0139783 secs]2020-02-15T12:21:48.601+0800: 1026.033: [scrub symbol table, 0.0112214 secs]2020-02-15T12:21:48.612+0800: 1026.044: [scrub string table, 0.0009603 secs][1 CMS-remark: 37897K(43712K)] 46995K(63360K), 0.0347461 secs] [Times: user=0.03 sys=0.00, real=0.04 secs] 
2020-02-15T12:21:48.613+0800: 1026.045: Total time for which application threads were stopped: 0.0349046 seconds, Stopping threads took: 0.0000392 seconds
2020-02-15T12:21:48.613+0800: 1026.045: [CMS-concurrent-sweep-start]
2020-02-15T12:21:48.631+0800: 1026.063: [CMS-concurrent-sweep: 0.018/0.018 secs] [Times: user=0.02 sys=0.00, real=0.01 secs] 
2020-02-15T12:21:48.631+0800: 1026.063: [CMS-concurrent-reset-start]
2020-02-15T12:21:48.631+0800: 1026.063: [CMS-concurrent-reset: 0.000/0.000 secs] [Times: user=0.00 sys=0.00, real=0.00 secs] 
2020-02-15T12:21:50.631+0800: 1028.063: [GC (CMS Initial Mark) [1 CMS-initial-mark: 37897K(43712K)] 47821K(63360K), 0.0114892 secs] [Times: user=0.01 sys=0.00, real=0.02 secs] 
2020-02-15T12:21:50.642+0800: 1028.074: Total time for which application threads were stopped: 0.0117514 seconds, Stopping threads took: 0.0000441 seconds
2020-02-15T12:21:50.642+0800: 1028.074: [CMS-concurrent-mark-start]
2020-02-15T12:21:50.745+0800: 1028.177: [CMS-concurrent-mark: 0.103/0.103 secs] [Times: user=0.10 sys=0.00, real=0.10 secs] 
2020-02-15T12:21:50.745+0800: 1028.178: [CMS-concurrent-preclean-start]
2020-02-15T12:21:50.748+0800: 1028.180: [CMS-concurrent-preclean: 0.003/0.003 secs] [Times: user=0.00 sys=0.00, real=0.00 secs] 
2020-02-15T12:21:50.748+0800: 1028.180: [CMS-concurrent-abortable-preclean-start]
2020-02-15T12:21:52.643+0800: 1030.075: Total time for which application threads were stopped: 0.0001783 seconds, Stopping threads took: 0.0000534 seconds
2020-02-15T12:21:53.643+0800: 1031.075: Total time for which application threads were stopped: 0.0001656 seconds, Stopping threads took: 0.0000457 seconds
 CMS: abort preclean due to time 2020-02-15T12:21:55.797+0800: 1033.229: [CMS-concurrent-abortable-preclean: 0.120/5.048 secs] [Times: user=0.15 sys=0.01, real=5.05 secs] 
2020-02-15T12:21:55.797+0800: 1033.229: [GC (CMS Final Remark) [YG occupancy: 12188 K (19648 K)]2020-02-15T12:21:55.797+0800: 1033.229: [Rescan (parallel) , 0.0123769 secs]2020-02-15T12:21:55.809+0800: 1033.242: [weak refs processing, 0.0002820 secs]2020-02-15T12:21:55.810+0800: 1033.242: [class unloading, 0.0160737 secs]2020-02-15T12:21:55.826+0800: 1033.258: [scrub symbol table, 0.0129235 secs]2020-02-15T12:21:55.839+0800: 1033.271: [scrub string table, 0.0009976 secs][1 CMS-remark: 37897K(43712K)] 50086K(63360K), 0.0429126 secs] [Times: user=0.04 sys=0.00, real=0.04 secs] 
2020-02-15T12:21:55.840+0800: 1033.272: Total time for which application threads were stopped: 0.0431002 seconds, Stopping threads took: 0.0000484 seconds
2020-02-15T12:21:55.840+0800: 1033.272: [CMS-concurrent-sweep-start]
2020-02-15T12:21:55.862+0800: 1033.295: [CMS-concurrent-sweep: 0.022/0.022 secs] [Times: user=0.03 sys=0.00, real=0.03 secs] 
2020-02-15T12:21:55.863+0800: 1033.295: [CMS-concurrent-reset-start]
2020-02-15T12:21:55.863+0800: 1033.295: [CMS-concurrent-reset: 0.000/0.000 secs] [Times: user=0.00 sys=0.00, real=0.00 secs] 
2020-02-15T12:21:57.862+0800: 1035.294: [GC (CMS Initial Mark) [1 CMS-initial-mark: 37897K(43712K)] 50086K(63360K), 0.0143043 secs] [Times: user=0.01 sys=0.00, real=0.01 secs] 
2020-02-15T12:21:57.876+0800: 1035.309: Total time for which application threads were stopped: 0.0145861 seconds, Stopping threads took: 0.0000554 seconds
2020-02-15T12:21:57.877+0800: 1035.309: [CMS-concurrent-mark-start]
2020-02-15T12:21:57.967+0800: 1035.399: [CMS-concurrent-mark: 0.090/0.090 secs] [Times: user=0.09 sys=0.00, real=0.09 secs] 
2020-02-15T12:21:57.967+0800: 1035.399: [CMS-concurrent-preclean-start]
2020-02-15T12:21:57.976+0800: 1035.408: [CMS-concurrent-preclean: 0.009/0.009 secs] [Times: user=0.01 sys=0.00, real=0.01 secs] 
2020-02-15T12:21:57.976+0800: 1035.408: [CMS-concurrent-abortable-preclean-start]
 CMS: abort preclean due to time 2020-02-15T12:22:02.999+0800: 1040.432: [CMS-concurrent-abortable-preclean: 0.119/5.024 secs] [Times: user=0.14 sys=0.00, real=5.02 secs] 
2020-02-15T12:22:03.000+0800: 1040.432: [GC (CMS Final Remark) [YG occupancy: 14208 K (19648 K)]2020-02-15T12:22:03.000+0800: 1040.432: [Rescan (parallel) , 0.0123254 secs]2020-02-15T12:22:03.012+0800: 1040.444: [weak refs processing, 0.0002706 secs]2020-02-15T12:22:03.012+0800: 1040.444: [class unloading, 0.0144233 secs]2020-02-15T12:22:03.027+0800: 1040.459: [scrub symbol table, 0.0113885 secs]2020-02-15T12:22:03.038+0800: 1040.470: [scrub string table, 0.0011520 secs][1 CMS-remark: 37897K(43712K)] 52106K(63360K), 0.0397690 secs] [Times: user=0.03 sys=0.00, real=0.04 secs] 
2020-02-15T12:22:03.040+0800: 1040.472: Total time for which application threads were stopped: 0.0399485 seconds, Stopping threads took: 0.0000514 seconds
2020-02-15T12:22:03.040+0800: 1040.472: [CMS-concurrent-sweep-start]
2020-02-15T12:22:03.060+0800: 1040.492: [CMS-concurrent-sweep: 0.021/0.021 secs] [Times: user=0.02 sys=0.00, real=0.02 secs] 
2020-02-15T12:22:03.060+0800: 1040.492: [CMS-concurrent-reset-start]
2020-02-15T12:22:03.060+0800: 1040.493: [CMS-concurrent-reset: 0.000/0.000 secs] [Times: user=0.00 sys=0.00, real=0.00 secs] 
2020-02-15T12:22:05.060+0800: 1042.492: [GC (CMS Initial Mark) [1 CMS-initial-mark: 37897K(43712K)] 52940K(63360K), 0.0116891 secs] [Times: user=0.01 sys=0.00, real=0.02 secs] 
2020-02-15T12:22:05.071+0800: 1042.504: Total time for which application threads were stopped: 0.0119016 seconds, Stopping threads took: 0.0000411 seconds
2020-02-15T12:22:05.072+0800: 1042.504: [CMS-concurrent-mark-start]
2020-02-15T12:22:05.139+0800: 1042.572: [CMS-concurrent-mark: 0.068/0.068 secs] [Times: user=0.07 sys=0.00, real=0.06 secs] 
2020-02-15T12:22:05.140+0800: 1042.572: [CMS-concurrent-preclean-start]
2020-02-15T12:22:05.142+0800: 1042.574: [CMS-concurrent-preclean: 0.002/0.002 secs] [Times: user=0.00 sys=0.00, real=0.01 secs] 
2020-02-15T12:22:05.142+0800: 1042.574: [CMS-concurrent-abortable-preclean-start]
 CMS: abort preclean due to time 2020-02-15T12:22:10.161+0800: 1047.594: [CMS-concurrent-abortable-preclean: 0.115/5.020 secs] [Times: user=0.13 sys=0.00, real=5.02 secs] 
2020-02-15T12:22:10.162+0800: 1047.594: [GC (CMS Final Remark) [YG occupancy: 16376 K (19648 K)]2020-02-15T12:22:10.162+0800: 1047.594: [Rescan (parallel) , 0.0129441 secs]2020-02-15T12:22:10.175+0800: 1047.607: [weak refs processing, 0.0002674 secs]2020-02-15T12:22:10.175+0800: 1047.607: [class unloading, 0.0146121 secs]2020-02-15T12:22:10.190+0800: 1047.622: [scrub symbol table, 0.0128846 secs]2020-02-15T12:22:10.203+0800: 1047.635: [scrub string table, 0.0010689 secs][1 CMS-remark: 37897K(43712K)] 54274K(63360K), 0.0419979 secs] [Times: user=0.04 sys=0.00, real=0.04 secs] 
2020-02-15T12:22:10.204+0800: 1047.636: Total time for which application threads were stopped: 0.0421686 seconds, Stopping threads took: 0.0000399 seconds
2020-02-15T12:22:10.204+0800: 1047.636: [CMS-concurrent-sweep-start]
2020-02-15T12:22:10.223+0800: 1047.655: [CMS-concurrent-sweep: 0.019/0.019 secs] [Times: user=0.02 sys=0.00, real=0.02 secs] 
2020-02-15T12:22:10.223+0800: 1047.655: [CMS-concurrent-reset-start]
2020-02-15T12:22:10.223+0800: 1047.655: [CMS-concurrent-reset: 0.000/0.000 secs] [Times: user=0.00 sys=0.00, real=0.00 secs] 
2020-02-15T12:22:12.222+0800: 1049.654: [GC (CMS Initial Mark) [1 CMS-initial-mark: 37897K(43712K)] 55099K(63360K), 0.0128140 secs] [Times: user=0.01 sys=0.00, real=0.01 secs] 
2020-02-15T12:22:12.235+0800: 1049.667: Total time for which application threads were stopped: 0.0130509 seconds, Stopping threads took: 0.0000468 seconds
2020-02-15T12:22:12.235+0800: 1049.667: [CMS-concurrent-mark-start]
2020-02-15T12:22:12.308+0800: 1049.740: [CMS-concurrent-mark: 0.072/0.072 secs] [Times: user=0.07 sys=0.00, real=0.07 secs] 
2020-02-15T12:22:12.308+0800: 1049.740: [CMS-concurrent-preclean-start]
2020-02-15T12:22:12.310+0800: 1049.742: [CMS-concurrent-preclean: 0.003/0.003 secs] [Times: user=0.00 sys=0.00, real=0.00 secs] 
2020-02-15T12:22:12.310+0800: 1049.742: [CMS-concurrent-abortable-preclean-start]
2020-02-15T12:22:12.998+0800: 1050.430: [GC (Allocation Failure) 2020-02-15T12:22:12.998+0800: 1050.430: [ParNew
Desired survivor size 1114112 bytes, new threshold 6 (max 6)
- age   1:      39128 bytes,      39128 total
- age   2:       2200 bytes,      41328 total
- age   3:       2296 bytes,      43624 total
- age   4:       1184 bytes,      44808 total
- age   5:         88 bytes,      44896 total
- age   6:       1088 bytes,      45984 total
: 17512K->72K(19648K), 0.0040311 secs] 55410K->37972K(63360K), 0.0041304 secs] [Times: user=0.00 sys=0.00, real=0.01 secs] 
2020-02-15T12:22:13.002+0800: 1050.434: Total time for which application threads were stopped: 0.0043178 seconds, Stopping threads took: 0.0000356 seconds
2020-02-15T12:22:13.007+0800: 1050.439: Total time for which application threads were stopped: 0.0000838 seconds, Stopping threads took: 0.0000192 seconds
2020-02-15T12:22:13.007+0800: 1050.439: Total time for which application threads were stopped: 0.0000427 seconds, Stopping threads took: 0.0000093 seconds
 CMS: abort preclean due to time 2020-02-15T12:22:17.323+0800: 1054.755: [CMS-concurrent-abortable-preclean: 0.126/5.012 secs] [Times: user=0.22 sys=0.01, real=5.02 secs] 
2020-02-15T12:22:17.323+0800: 1054.755: [GC (CMS Final Remark) [YG occupancy: 2052 K (19648 K)]2020-02-15T12:22:17.323+0800: 1054.755: [Rescan (parallel) , 0.0030413 secs]2020-02-15T12:22:17.326+0800: 1054.758: [weak refs processing, 0.0005447 secs]2020-02-15T12:22:17.327+0800: 1054.759: [class unloading, 0.0136470 secs]2020-02-15T12:22:17.340+0800: 1054.772: [scrub symbol table, 0.0092567 secs]2020-02-15T12:22:17.350+0800: 1054.782: [scrub string table, 0.0009864 secs][1 CMS-remark: 37900K(43712K)] 39952K(63360K), 0.0276532 secs] [Times: user=0.03 sys=0.00, real=0.02 secs] 
2020-02-15T12:22:17.351+0800: 1054.783: Total time for which application threads were stopped: 0.0278446 seconds, Stopping threads took: 0.0000394 seconds
2020-02-15T12:22:17.351+0800: 1054.783: [CMS-concurrent-sweep-start]
2020-02-15T12:22:17.369+0800: 1054.801: [CMS-concurrent-sweep: 0.018/0.018 secs] [Times: user=0.01 sys=0.00, real=0.02 secs] 
2020-02-15T12:22:17.369+0800: 1054.801: [CMS-concurrent-reset-start]
2020-02-15T12:22:17.369+0800: 1054.801: [CMS-concurrent-reset: 0.000/0.000 secs] [Times: user=0.00 sys=0.00, real=0.00 secs] 
2020-02-15T12:22:19.368+0800: 1056.800: [GC (CMS Initial Mark) [1 CMS-initial-mark: 37900K(43712K)] 40290K(63360K), 0.0055162 secs] [Times: user=0.00 sys=0.00, real=0.01 secs] 
2020-02-15T12:22:19.374+0800: 1056.806: Total time for which application threads were stopped: 0.0057218 seconds, Stopping threads took: 0.0000485 seconds
2020-02-15T12:22:19.374+0800: 1056.806: [CMS-concurrent-mark-start]
2020-02-15T12:22:19.442+0800: 1056.875: [CMS-concurrent-mark: 0.069/0.069 secs] [Times: user=0.07 sys=0.00, real=0.07 secs] 
2020-02-15T12:22:19.443+0800: 1056.875: [CMS-concurrent-preclean-start]
2020-02-15T12:22:19.445+0800: 1056.877: [CMS-concurrent-preclean: 0.002/0.002 secs] [Times: user=0.00 sys=0.00, real=0.00 secs] 
2020-02-15T12:22:19.445+0800: 1056.877: [CMS-concurrent-abortable-preclean-start]
 CMS: abort preclean due to time 2020-02-15T12:22:24.474+0800: 1061.906: [CMS-concurrent-abortable-preclean: 0.121/5.029 secs] [Times: user=0.14 sys=0.00, real=5.03 secs] 
2020-02-15T12:22:24.475+0800: 1061.907: [GC (CMS Final Remark) [YG occupancy: 4223 K (19648 K)]2020-02-15T12:22:24.475+0800: 1061.907: [Rescan (parallel) , 0.0046564 secs]2020-02-15T12:22:24.479+0800: 1061.911: [weak refs processing, 0.0002547 secs]2020-02-15T12:22:24.479+0800: 1061.912: [class unloading, 0.0139318 secs]2020-02-15T12:22:24.493+0800: 1061.926: [scrub symbol table, 0.0110074 secs]2020-02-15T12:22:24.505+0800: 1061.937: [scrub string table, 0.0009962 secs][1 CMS-remark: 37900K(43712K)] 42123K(63360K), 0.0310311 secs] [Times: user=0.03 sys=0.00, real=0.03 secs] 
2020-02-15T12:22:24.506+0800: 1061.938: Total time for which application threads were stopped: 0.0311905 seconds, Stopping threads took: 0.0000394 seconds
2020-02-15T12:22:24.506+0800: 1061.938: [CMS-concurrent-sweep-start]
2020-02-15T12:22:24.524+0800: 1061.956: [CMS-concurrent-sweep: 0.018/0.018 secs] [Times: user=0.02 sys=0.00, real=0.02 secs] 
2020-02-15T12:22:24.524+0800: 1061.956: [CMS-concurrent-reset-start]
2020-02-15T12:22:24.524+0800: 1061.956: [CMS-concurrent-reset: 0.000/0.000 secs] [Times: user=0.00 sys=0.00, real=0.00 secs] 
2020-02-15T12:22:25.506+0800: 1062.938: Total time for which application threads were stopped: 0.0001659 seconds, Stopping threads took: 0.0000459 seconds
2020-02-15T12:22:26.524+0800: 1063.956: [GC (CMS Initial Mark) [1 CMS-initial-mark: 37900K(43712K)] 43487K(63360K), 0.0063514 secs] [Times: user=0.00 sys=0.00, real=0.00 secs] 
2020-02-15T12:22:26.531+0800: 1063.963: Total time for which application threads were stopped: 0.0065198 seconds, Stopping threads took: 0.0000428 seconds
2020-02-15T12:22:26.531+0800: 1063.963: [CMS-concurrent-mark-start]
2020-02-15T12:22:26.599+0800: 1064.031: [CMS-concurrent-mark: 0.069/0.069 secs] [Times: user=0.07 sys=0.00, real=0.07 secs] 
2020-02-15T12:22:26.599+0800: 1064.031: [CMS-concurrent-preclean-start]
2020-02-15T12:22:26.601+0800: 1064.034: [CMS-concurrent-preclean: 0.002/0.002 secs] [Times: user=0.00 sys=0.00, real=0.01 secs] 
2020-02-15T12:22:26.601+0800: 1064.034: [CMS-concurrent-abortable-preclean-start]
 CMS: abort preclean due to time 2020-02-15T12:22:31.627+0800: 1069.059: [CMS-concurrent-abortable-preclean: 0.121/5.025 secs] [Times: user=0.14 sys=0.00, real=5.02 secs] 
2020-02-15T12:22:31.627+0800: 1069.059: [GC (CMS Final Remark) [YG occupancy: 6928 K (19648 K)]2020-02-15T12:22:31.627+0800: 1069.059: [Rescan (parallel) , 0.0071219 secs]2020-02-15T12:22:31.634+0800: 1069.066: [weak refs processing, 0.0002791 secs]2020-02-15T12:22:31.635+0800: 1069.067: [class unloading, 0.0155852 secs]2020-02-15T12:22:31.650+0800: 1069.082: [scrub symbol table, 0.0143489 secs]2020-02-15T12:22:31.665+0800: 1069.097: [scrub string table, 0.0011087 secs][1 CMS-remark: 37900K(43712K)] 44828K(63360K), 0.0386603 secs] [Times: user=0.03 sys=0.00, real=0.04 secs] 
2020-02-15T12:22:31.666+0800: 1069.098: Total time for which application threads were stopped: 0.0388236 seconds, Stopping threads took: 0.0000383 seconds
2020-02-15T12:22:31.666+0800: 1069.098: [CMS-concurrent-sweep-start]
2020-02-15T12:22:31.689+0800: 1069.121: [CMS-concurrent-sweep: 0.023/0.023 secs] [Times: user=0.02 sys=0.00, real=0.02 secs] 
2020-02-15T12:22:31.689+0800: 1069.121: [CMS-concurrent-reset-start]
2020-02-15T12:22:31.689+0800: 1069.121: [CMS-concurrent-reset: 0.000/0.000 secs] [Times: user=0.00 sys=0.00, real=0.00 secs] 
2020-02-15T12:22:33.689+0800: 1071.121: [GC (CMS Initial Mark) [1 CMS-initial-mark: 37900K(43712K)] 45588K(63360K), 0.0078755 secs] [Times: user=0.01 sys=0.00, real=0.01 secs] 
2020-02-15T12:22:33.696+0800: 1071.129: Total time for which application threads were stopped: 0.0081162 seconds, Stopping threads took: 0.0000732 seconds
2020-02-15T12:22:33.697+0800: 1071.129: [CMS-concurrent-mark-start]
2020-02-15T12:22:33.767+0800: 1071.200: [CMS-concurrent-mark: 0.071/0.071 secs] [Times: user=0.07 sys=0.00, real=0.07 secs] 
2020-02-15T12:22:33.767+0800: 1071.200: [CMS-concurrent-preclean-start]
2020-02-15T12:22:33.770+0800: 1071.202: [CMS-concurrent-preclean: 0.002/0.002 secs] [Times: user=0.00 sys=0.00, real=0.00 secs] 
2020-02-15T12:22:33.770+0800: 1071.202: [CMS-concurrent-abortable-preclean-start]
 CMS: abort preclean due to time 2020-02-15T12:22:38.801+0800: 1076.233: [CMS-concurrent-abortable-preclean: 0.125/5.031 secs] [Times: user=0.15 sys=0.00, real=5.03 secs] 
2020-02-15T12:22:38.801+0800: 1076.233: [GC (CMS Final Remark) [YG occupancy: 9711 K (19648 K)]2020-02-15T12:22:38.801+0800: 1076.233: [Rescan (parallel) , 0.0084694 secs]2020-02-15T12:22:38.810+0800: 1076.242: [weak refs processing, 0.0002520 secs]2020-02-15T12:22:38.810+0800: 1076.242: [class unloading, 0.0144699 secs]2020-02-15T12:22:38.824+0800: 1076.256: [scrub symbol table, 0.0100002 secs]2020-02-15T12:22:38.834+0800: 1076.267: [scrub string table, 0.0011404 secs][1 CMS-remark: 37900K(43712K)] 47611K(63360K), 0.0345063 secs] [Times: user=0.03 sys=0.00, real=0.04 secs] 
2020-02-15T12:22:38.836+0800: 1076.268: Total time for which application threads were stopped: 0.0346837 seconds, Stopping threads took: 0.0000527 seconds
2020-02-15T12:22:38.836+0800: 1076.268: [CMS-concurrent-sweep-start]
2020-02-15T12:22:38.854+0800: 1076.286: [CMS-concurrent-sweep: 0.018/0.018 secs] [Times: user=0.02 sys=0.00, real=0.02 secs] 
2020-02-15T12:22:38.854+0800: 1076.286: [CMS-concurrent-reset-start]
2020-02-15T12:22:38.854+0800: 1076.286: [CMS-concurrent-reset: 0.000/0.000 secs] [Times: user=0.00 sys=0.00, real=0.00 secs] 
2020-02-15T12:22:40.853+0800: 1078.285: [GC (CMS Initial Mark) [1 CMS-initial-mark: 37900K(43712K)] 48565K(63360K), 0.0093763 secs] [Times: user=0.01 sys=0.00, real=0.01 secs] 
2020-02-15T12:22:40.863+0800: 1078.295: Total time for which application threads were stopped: 0.0095681 seconds, Stopping threads took: 0.0000367 seconds
2020-02-15T12:22:40.863+0800: 1078.295: [CMS-concurrent-mark-start]
2020-02-15T12:22:40.929+0800: 1078.361: [CMS-concurrent-mark: 0.066/0.066 secs] [Times: user=0.07 sys=0.00, real=0.06 secs] 
2020-02-15T12:22:40.929+0800: 1078.361: [CMS-concurrent-preclean-start]
2020-02-15T12:22:40.932+0800: 1078.364: [CMS-concurrent-preclean: 0.002/0.002 secs] [Times: user=0.00 sys=0.00, real=0.01 secs] 
2020-02-15T12:22:40.932+0800: 1078.364: [CMS-concurrent-abortable-preclean-start]
2020-02-15T12:22:42.863+0800: 1080.295: Total time for which application threads were stopped: 0.0001729 seconds, Stopping threads took: 0.0000452 seconds
2020-02-15T12:22:43.863+0800: 1081.296: Total time for which application threads were stopped: 0.0001630 seconds, Stopping threads took: 0.0000443 seconds
 CMS: abort preclean due to time 2020-02-15T12:22:46.019+0800: 1083.451: [CMS-concurrent-abortable-preclean: 0.123/5.088 secs] [Times: user=0.14 sys=0.00, real=5.08 secs] 
2020-02-15T12:22:46.019+0800: 1083.452: [GC (CMS Final Remark) [YG occupancy: 12401 K (19648 K)]2020-02-15T12:22:46.020+0800: 1083.452: [Rescan (parallel) , 0.0087509 secs]2020-02-15T12:22:46.028+0800: 1083.460: [weak refs processing, 0.0002633 secs]2020-02-15T12:22:46.029+0800: 1083.461: [class unloading, 0.0136847 secs]2020-02-15T12:22:46.042+0800: 1083.474: [scrub symbol table, 0.0086825 secs]2020-02-15T12:22:46.051+0800: 1083.483: [scrub string table, 0.0009888 secs][1 CMS-remark: 37900K(43712K)] 50301K(63360K), 0.0325192 secs] [Times: user=0.03 sys=0.00, real=0.04 secs] 
2020-02-15T12:22:46.052+0800: 1083.484: Total time for which application threads were stopped: 0.0326734 seconds, Stopping threads took: 0.0000367 seconds
2020-02-15T12:22:46.052+0800: 1083.484: [CMS-concurrent-sweep-start]
2020-02-15T12:22:46.070+0800: 1083.502: [CMS-concurrent-sweep: 0.018/0.018 secs] [Times: user=0.02 sys=0.00, real=0.01 secs] 
2020-02-15T12:22:46.070+0800: 1083.502: [CMS-concurrent-reset-start]
2020-02-15T12:22:46.070+0800: 1083.502: [CMS-concurrent-reset: 0.000/0.000 secs] [Times: user=0.00 sys=0.00, real=0.00 secs] 
2020-02-15T12:22:48.069+0800: 1085.501: [GC (CMS Initial Mark) [1 CMS-initial-mark: 37900K(43712K)] 50674K(63360K), 0.0098991 secs] [Times: user=0.00 sys=0.00, real=0.01 secs] 
2020-02-15T12:22:48.079+0800: 1085.511: Total time for which application threads were stopped: 0.0101018 seconds, Stopping threads took: 0.0000413 seconds
2020-02-15T12:22:48.079+0800: 1085.511: [CMS-concurrent-mark-start]
2020-02-15T12:22:48.151+0800: 1085.583: [CMS-concurrent-mark: 0.072/0.072 secs] [Times: user=0.07 sys=0.00, real=0.07 secs] 
2020-02-15T12:22:48.151+0800: 1085.583: [CMS-concurrent-preclean-start]
2020-02-15T12:22:48.153+0800: 1085.586: [CMS-concurrent-preclean: 0.002/0.002 secs] [Times: user=0.01 sys=0.00, real=0.01 secs] 
2020-02-15T12:22:48.153+0800: 1085.586: [CMS-concurrent-abortable-preclean-start]
 CMS: abort preclean due to time 2020-02-15T12:22:53.194+0800: 1090.626: [CMS-concurrent-abortable-preclean: 0.127/5.041 secs] [Times: user=0.16 sys=0.00, real=5.04 secs] 
2020-02-15T12:22:53.194+0800: 1090.626: [GC (CMS Final Remark) [YG occupancy: 14916 K (19648 K)]2020-02-15T12:22:53.194+0800: 1090.626: [Rescan (parallel) , 0.0121443 secs]2020-02-15T12:22:53.207+0800: 1090.639: [weak refs processing, 0.0002495 secs]2020-02-15T12:22:53.207+0800: 1090.639: [class unloading, 0.0139344 secs]2020-02-15T12:22:53.221+0800: 1090.653: [scrub symbol table, 0.0107199 secs]2020-02-15T12:22:53.232+0800: 1090.664: [scrub string table, 0.0010987 secs][1 CMS-remark: 37900K(43712K)] 52816K(63360K), 0.0384165 secs] [Times: user=0.04 sys=0.00, real=0.04 secs] 
2020-02-15T12:22:53.233+0800: 1090.665: Total time for which application threads were stopped: 0.0385837 seconds, Stopping threads took: 0.0000370 seconds
2020-02-15T12:22:53.233+0800: 1090.665: [CMS-concurrent-sweep-start]
2020-02-15T12:22:53.252+0800: 1090.684: [CMS-concurrent-sweep: 0.019/0.019 secs] [Times: user=0.02 sys=0.00, real=0.02 secs] 
2020-02-15T12:22:53.252+0800: 1090.684: [CMS-concurrent-reset-start]
2020-02-15T12:22:53.252+0800: 1090.684: [CMS-concurrent-reset: 0.000/0.000 secs] [Times: user=0.00 sys=0.00, real=0.00 secs] 
2020-02-15T12:22:55.252+0800: 1092.684: [GC (CMS Initial Mark) [1 CMS-initial-mark: 37900K(43712K)] 53450K(63360K), 0.0120999 secs] [Times: user=0.02 sys=0.00, real=0.01 secs] 
2020-02-15T12:22:55.264+0800: 1092.696: Total time for which application threads were stopped: 0.0123146 seconds, Stopping threads took: 0.0000449 seconds
2020-02-15T12:22:55.264+0800: 1092.696: [CMS-concurrent-mark-start]
2020-02-15T12:22:55.333+0800: 1092.765: [CMS-concurrent-mark: 0.069/0.069 secs] [Times: user=0.06 sys=0.00, real=0.07 secs] 
2020-02-15T12:22:55.333+0800: 1092.765: [CMS-concurrent-preclean-start]
2020-02-15T12:22:55.336+0800: 1092.768: [CMS-concurrent-preclean: 0.002/0.002 secs] [Times: user=0.01 sys=0.00, real=0.00 secs] 
2020-02-15T12:22:55.336+0800: 1092.768: [CMS-concurrent-abortable-preclean-start]
 CMS: abort preclean due to time 2020-02-15T12:23:00.367+0800: 1097.799: [CMS-concurrent-abortable-preclean: 0.125/5.032 secs] [Times: user=0.16 sys=0.01, real=5.03 secs] 
2020-02-15T12:23:00.368+0800: 1097.800: [GC (CMS Final Remark) [YG occupancy: 17017 K (19648 K)]2020-02-15T12:23:00.368+0800: 1097.800: [Rescan (parallel) , 0.0135581 secs]2020-02-15T12:23:00.381+0800: 1097.814: [weak refs processing, 0.0004114 secs]2020-02-15T12:23:00.382+0800: 1097.814: [class unloading, 0.0147236 secs]2020-02-15T12:23:00.397+0800: 1097.829: [scrub symbol table, 0.0114097 secs]2020-02-15T12:23:00.408+0800: 1097.840: [scrub string table, 0.0010134 secs][1 CMS-remark: 37900K(43712K)] 54917K(63360K), 0.0413575 secs] [Times: user=0.04 sys=0.00, real=0.04 secs] 
2020-02-15T12:23:00.409+0800: 1097.841: Total time for which application threads were stopped: 0.0415332 seconds, Stopping threads took: 0.0000506 seconds
2020-02-15T12:23:00.409+0800: 1097.841: [CMS-concurrent-sweep-start]
2020-02-15T12:23:00.428+0800: 1097.860: [CMS-concurrent-sweep: 0.018/0.018 secs] [Times: user=0.01 sys=0.00, real=0.02 secs] 
2020-02-15T12:23:00.428+0800: 1097.860: [CMS-concurrent-reset-start]
2020-02-15T12:23:00.428+0800: 1097.860: [CMS-concurrent-reset: 0.000/0.000 secs] [Times: user=0.00 sys=0.00, real=0.00 secs] 
2020-02-15T12:23:00.656+0800: 1098.088: [GC (Allocation Failure) 2020-02-15T12:23:00.656+0800: 1098.088: [ParNew
Desired survivor size 1114112 bytes, new threshold 6 (max 6)
- age   1:      36216 bytes,      36216 total
- age   2:       1896 bytes,      38112 total
- age   3:       2120 bytes,      40232 total
- age   4:       2176 bytes,      42408 total
- age   5:       1184 bytes,      43592 total
- age   6:         88 bytes,      43680 total
: 17544K->43K(19648K), 0.0042151 secs] 55444K->37944K(63360K), 0.0043199 secs] [Times: user=0.00 sys=0.00, real=0.00 secs] 
2020-02-15T12:23:00.660+0800: 1098.092: Total time for which application threads were stopped: 0.0045220 seconds, Stopping threads took: 0.0000350 seconds
2020-02-15T12:23:00.664+0800: 1098.096: [GC (CMS Initial Mark) [1 CMS-initial-mark: 37901K(43712K)] 38107K(63360K), 0.0036325 secs] [Times: user=0.01 sys=0.00, real=0.00 secs] 
2020-02-15T12:23:00.667+0800: 1098.099: Total time for which application threads were stopped: 0.0037631 seconds, Stopping threads took: 0.0000201 seconds
2020-02-15T12:23:00.667+0800: 1098.099: [CMS-concurrent-mark-start]
2020-02-15T12:23:00.672+0800: 1098.104: Total time for which application threads were stopped: 0.0000886 seconds, Stopping threads took: 0.0000200 seconds
2020-02-15T12:23:00.672+0800: 1098.104: Total time for which application threads were stopped: 0.0000393 seconds, Stopping threads took: 0.0000084 seconds
2020-02-15T12:23:00.672+0800: 1098.104: Total time for which application threads were stopped: 0.0000364 seconds, Stopping threads took: 0.0000072 seconds
2020-02-15T12:23:00.764+0800: 1098.196: [CMS-concurrent-mark: 0.096/0.097 secs] [Times: user=0.09 sys=0.00, real=0.10 secs] 
2020-02-15T12:23:00.764+0800: 1098.196: [CMS-concurrent-preclean-start]
2020-02-15T12:23:00.766+0800: 1098.198: [CMS-concurrent-preclean: 0.002/0.002 secs] [Times: user=0.00 sys=0.00, real=0.00 secs] 
2020-02-15T12:23:00.767+0800: 1098.199: [GC (CMS Final Remark) [YG occupancy: 206 K (19648 K)]2020-02-15T12:23:00.767+0800: 1098.199: [Rescan (parallel) , 0.0020562 secs]2020-02-15T12:23:00.769+0800: 1098.201: [weak refs processing, 0.0002310 secs]2020-02-15T12:23:00.769+0800: 1098.201: [class unloading, 0.0133000 secs]2020-02-15T12:23:00.782+0800: 1098.214: [scrub symbol table, 0.0096580 secs]2020-02-15T12:23:00.792+0800: 1098.224: [scrub string table, 0.0009674 secs][1 CMS-remark: 37901K(43712K)] 38107K(63360K), 0.0263925 secs] [Times: user=0.03 sys=0.00, real=0.03 secs] 
2020-02-15T12:23:00.793+0800: 1098.225: Total time for which application threads were stopped: 0.0265498 seconds, Stopping threads took: 0.0000383 seconds
2020-02-15T12:23:00.793+0800: 1098.225: [CMS-concurrent-sweep-start]
2020-02-15T12:23:00.812+0800: 1098.244: [CMS-concurrent-sweep: 0.019/0.019 secs] [Times: user=0.02 sys=0.00, real=0.02 secs] 
2020-02-15T12:23:00.812+0800: 1098.244: [CMS-concurrent-reset-start]
2020-02-15T12:23:00.812+0800: 1098.244: [CMS-concurrent-reset: 0.000/0.000 secs] [Times: user=0.00 sys=0.00, real=0.00 secs] 
2020-02-15T12:23:02.812+0800: 1100.244: [GC (CMS Initial Mark) [1 CMS-initial-mark: 37901K(43712K)] 38432K(63360K), 0.0043864 secs] [Times: user=0.01 sys=0.00, real=0.00 secs] 
2020-02-15T12:23:02.816+0800: 1100.248: Total time for which application threads were stopped: 0.0046177 seconds, Stopping threads took: 0.0000465 seconds
2020-02-15T12:23:02.816+0800: 1100.248: [CMS-concurrent-mark-start]
2020-02-15T12:23:02.891+0800: 1100.323: [CMS-concurrent-mark: 0.075/0.075 secs] [Times: user=0.07 sys=0.00, real=0.07 secs] 
2020-02-15T12:23:02.891+0800: 1100.323: [CMS-concurrent-preclean-start]
2020-02-15T12:23:02.894+0800: 1100.326: [CMS-concurrent-preclean: 0.003/0.003 secs] [Times: user=0.00 sys=0.00, real=0.01 secs] 
2020-02-15T12:23:02.894+0800: 1100.326: [GC (CMS Final Remark) [YG occupancy: 531 K (19648 K)]2020-02-15T12:23:02.894+0800: 1100.326: [Rescan (parallel) , 0.0039791 secs]2020-02-15T12:23:02.898+0800: 1100.330: [weak refs processing, 0.0002741 secs]2020-02-15T12:23:02.898+0800: 1100.330: [class unloading, 0.0154839 secs]2020-02-15T12:23:02.914+0800: 1100.346: [scrub symbol table, 0.0142132 secs]2020-02-15T12:23:02.928+0800: 1100.360: [scrub string table, 0.0009897 secs][1 CMS-remark: 37901K(43712K)] 38432K(63360K), 0.0351393 secs] [Times: user=0.03 sys=0.00, real=0.03 secs] 
2020-02-15T12:23:02.929+0800: 1100.361: Total time for which application threads were stopped: 0.0353271 seconds, Stopping threads took: 0.0000461 seconds
2020-02-15T12:23:02.929+0800: 1100.361: [CMS-concurrent-sweep-start]
2020-02-15T12:23:02.948+0800: 1100.380: [CMS-concurrent-sweep: 0.019/0.019 secs] [Times: user=0.02 sys=0.00, real=0.02 secs] 
2020-02-15T12:23:02.948+0800: 1100.380: [CMS-concurrent-reset-start]
2020-02-15T12:23:02.948+0800: 1100.380: [CMS-concurrent-reset: 0.000/0.000 secs] [Times: user=0.00 sys=0.00, real=0.00 secs] 
2020-02-15T12:23:04.932+0800: 1102.364: Total time for which application threads were stopped: 0.0001325 seconds, Stopping threads took: 0.0000336 seconds
2020-02-15T12:23:04.948+0800: 1102.380: [GC (CMS Initial Mark) [1 CMS-initial-mark: 37901K(43712K)] 39811K(63360K), 0.0048257 secs] [Times: user=0.00 sys=0.00, real=0.01 secs] 
2020-02-15T12:23:04.953+0800: 1102.385: Total time for which application threads were stopped: 0.0050182 seconds, Stopping threads took: 0.0000430 seconds
2020-02-15T12:23:04.953+0800: 1102.385: [CMS-concurrent-mark-start]
2020-02-15T12:23:05.025+0800: 1102.457: [CMS-concurrent-mark: 0.072/0.072 secs] [Times: user=0.07 sys=0.00, real=0.07 secs] 
2020-02-15T12:23:05.025+0800: 1102.457: [CMS-concurrent-preclean-start]
2020-02-15T12:23:05.027+0800: 1102.459: [CMS-concurrent-preclean: 0.002/0.002 secs] [Times: user=0.01 sys=0.00, real=0.00 secs] 
2020-02-15T12:23:05.028+0800: 1102.460: [GC (CMS Final Remark) [YG occupancy: 1910 K (19648 K)]2020-02-15T12:23:05.028+0800: 1102.460: [Rescan (parallel) , 0.0036742 secs]2020-02-15T12:23:05.031+0800: 1102.463: [weak refs processing, 0.0002824 secs]2020-02-15T12:23:05.032+0800: 1102.464: [class unloading, 0.0149444 secs]2020-02-15T12:23:05.047+0800: 1102.479: [scrub symbol table, 0.0112929 secs]2020-02-15T12:23:05.058+0800: 1102.490: [scrub string table, 0.0009855 secs][1 CMS-remark: 37901K(43712K)] 39811K(63360K), 0.0313520 secs] [Times: user=0.03 sys=0.00, real=0.03 secs] 
2020-02-15T12:23:05.059+0800: 1102.491: Total time for which application threads were stopped: 0.0315113 seconds, Stopping threads took: 0.0000381 seconds
2020-02-15T12:23:05.059+0800: 1102.491: [CMS-concurrent-sweep-start]
2020-02-15T12:23:05.077+0800: 1102.509: [CMS-concurrent-sweep: 0.018/0.018 secs] [Times: user=0.01 sys=0.00, real=0.02 secs] 
2020-02-15T12:23:05.077+0800: 1102.509: [CMS-concurrent-reset-start]
2020-02-15T12:23:05.077+0800: 1102.510: [CMS-concurrent-reset: 0.000/0.000 secs] [Times: user=0.00 sys=0.00, real=0.00 secs] 
2020-02-15T12:23:07.077+0800: 1104.509: [GC (CMS Initial Mark) [1 CMS-initial-mark: 37901K(43712K)] 40311K(63360K), 0.0052606 secs] [Times: user=0.00 sys=0.00, real=0.01 secs] 
2020-02-15T12:23:07.082+0800: 1104.514: Total time for which application threads were stopped: 0.0054725 seconds, Stopping threads took: 0.0000439 seconds
2020-02-15T12:23:07.082+0800: 1104.514: [CMS-concurrent-mark-start]
2020-02-15T12:23:07.154+0800: 1104.586: [CMS-concurrent-mark: 0.072/0.072 secs] [Times: user=0.07 sys=0.00, real=0.07 secs] 
2020-02-15T12:23:07.154+0800: 1104.586: [CMS-concurrent-preclean-start]
2020-02-15T12:23:07.157+0800: 1104.589: [CMS-concurrent-preclean: 0.002/0.002 secs] [Times: user=0.01 sys=0.00, real=0.00 secs] 
2020-02-15T12:23:07.157+0800: 1104.589: [CMS-concurrent-abortable-preclean-start]
2020-02-15T12:23:11.083+0800: 1108.515: Total time for which application threads were stopped: 0.0001600 seconds, Stopping threads took: 0.0000449 seconds
 CMS: abort preclean due to time 2020-02-15T12:23:12.213+0800: 1109.645: [CMS-concurrent-abortable-preclean: 0.125/5.057 secs] [Times: user=0.14 sys=0.01, real=5.06 secs] 
2020-02-15T12:23:12.213+0800: 1109.646: [GC (CMS Final Remark) [YG occupancy: 4046 K (19648 K)]2020-02-15T12:23:12.213+0800: 1109.646: [Rescan (parallel) , 0.0054179 secs]2020-02-15T12:23:12.219+0800: 1109.651: [weak refs processing, 0.0003000 secs]2020-02-15T12:23:12.219+0800: 1109.651: [class unloading, 0.0142913 secs]2020-02-15T12:23:12.234+0800: 1109.666: [scrub symbol table, 0.0107295 secs]2020-02-15T12:23:12.244+0800: 1109.676: [scrub string table, 0.0010062 secs][1 CMS-remark: 37901K(43712K)] 41947K(63360K), 0.0319500 secs] [Times: user=0.03 sys=0.00, real=0.03 secs] 
2020-02-15T12:23:12.245+0800: 1109.678: Total time for which application threads were stopped: 0.0321216 seconds, Stopping threads took: 0.0000496 seconds
2020-02-15T12:23:12.246+0800: 1109.678: [CMS-concurrent-sweep-start]
2020-02-15T12:23:12.264+0800: 1109.696: [CMS-concurrent-sweep: 0.019/0.019 secs] [Times: user=0.02 sys=0.00, real=0.02 secs] 
2020-02-15T12:23:12.265+0800: 1109.697: [CMS-concurrent-reset-start]
2020-02-15T12:23:12.265+0800: 1109.697: [CMS-concurrent-reset: 0.000/0.000 secs] [Times: user=0.00 sys=0.00, real=0.00 secs] 
2020-02-15T12:23:14.264+0800: 1111.696: [GC (CMS Initial Mark) [1 CMS-initial-mark: 37901K(43712K)] 42789K(63360K), 0.0071345 secs] [Times: user=0.01 sys=0.00, real=0.00 secs] 
2020-02-15T12:23:14.271+0800: 1111.703: Total time for which application threads were stopped: 0.0073497 seconds, Stopping threads took: 0.0000486 seconds
2020-02-15T12:23:14.271+0800: 1111.703: [CMS-concurrent-mark-start]
2020-02-15T12:23:14.342+0800: 1111.774: [CMS-concurrent-mark: 0.071/0.071 secs] [Times: user=0.07 sys=0.00, real=0.08 secs] 
2020-02-15T12:23:14.342+0800: 1111.774: [CMS-concurrent-preclean-start]
2020-02-15T12:23:14.345+0800: 1111.777: [CMS-concurrent-preclean: 0.002/0.002 secs] [Times: user=0.00 sys=0.00, real=0.00 secs] 
2020-02-15T12:23:14.345+0800: 1111.777: [CMS-concurrent-abortable-preclean-start]
2020-02-15T12:23:15.271+0800: 1112.704: Total time for which application threads were stopped: 0.0001457 seconds, Stopping threads took: 0.0000394 seconds
 CMS: abort preclean due to time 2020-02-15T12:23:19.377+0800: 1116.809: [CMS-concurrent-abortable-preclean: 0.124/5.032 secs] [Times: user=0.17 sys=0.01, real=5.03 secs] 
2020-02-15T12:23:19.377+0800: 1116.809: [GC (CMS Final Remark) [YG occupancy: 6716 K (19648 K)]2020-02-15T12:23:19.377+0800: 1116.809: [Rescan (parallel) , 0.0055631 secs]2020-02-15T12:23:19.383+0800: 1116.815: [weak refs processing, 0.0002467 secs]2020-02-15T12:23:19.383+0800: 1116.815: [class unloading, 0.0143188 secs]2020-02-15T12:23:19.397+0800: 1116.829: [scrub symbol table, 0.0098135 secs]2020-02-15T12:23:19.407+0800: 1116.839: [scrub string table, 0.0010361 secs][1 CMS-remark: 37901K(43712K)] 44617K(63360K), 0.0311364 secs] [Times: user=0.03 sys=0.00, real=0.03 secs] 
2020-02-15T12:23:19.408+0800: 1116.840: Total time for which application threads were stopped: 0.0313155 seconds, Stopping threads took: 0.0000456 seconds
2020-02-15T12:23:19.408+0800: 1116.840: [CMS-concurrent-sweep-start]
2020-02-15T12:23:19.427+0800: 1116.859: [CMS-concurrent-sweep: 0.018/0.018 secs] [Times: user=0.02 sys=0.00, real=0.02 secs] 
2020-02-15T12:23:19.427+0800: 1116.859: [CMS-concurrent-reset-start]
2020-02-15T12:23:19.427+0800: 1116.859: [CMS-concurrent-reset: 0.000/0.000 secs] [Times: user=0.00 sys=0.00, real=0.00 secs] 
2020-02-15T12:23:20.409+0800: 1117.841: Total time for which application threads were stopped: 0.0001858 seconds, Stopping threads took: 0.0000540 seconds
2020-02-15T12:23:21.427+0800: 1118.859: [GC (CMS Initial Mark) [1 CMS-initial-mark: 37901K(43712K)] 45572K(63360K), 0.0092132 secs] [Times: user=0.01 sys=0.00, real=0.01 secs] 
2020-02-15T12:23:21.436+0800: 1118.868: Total time for which application threads were stopped: 0.0094470 seconds, Stopping threads took: 0.0000466 seconds
2020-02-15T12:23:21.436+0800: 1118.868: [CMS-concurrent-mark-start]
2020-02-15T12:23:21.513+0800: 1118.945: [CMS-concurrent-mark: 0.076/0.076 secs] [Times: user=0.07 sys=0.00, real=0.08 secs] 
2020-02-15T12:23:21.513+0800: 1118.945: [CMS-concurrent-preclean-start]
2020-02-15T12:23:21.515+0800: 1118.947: [CMS-concurrent-preclean: 0.002/0.002 secs] [Times: user=0.00 sys=0.00, real=0.00 secs] 
2020-02-15T12:23:21.515+0800: 1118.947: [CMS-concurrent-abortable-preclean-start]
2020-02-15T12:23:24.437+0800: 1121.869: Total time for which application threads were stopped: 0.0002178 seconds, Stopping threads took: 0.0000473 seconds
2020-02-15T12:23:25.437+0800: 1122.869: Total time for which application threads were stopped: 0.0001700 seconds, Stopping threads took: 0.0000453 seconds
2020-02-15T12:23:26.437+0800: 1123.869: Total time for which application threads were stopped: 0.0001823 seconds, Stopping threads took: 0.0000432 seconds
 CMS: abort preclean due to time 2020-02-15T12:23:26.542+0800: 1123.974: [CMS-concurrent-abortable-preclean: 0.128/5.027 secs] [Times: user=0.16 sys=0.00, real=5.03 secs] 
2020-02-15T12:23:26.542+0800: 1123.975: [GC (CMS Final Remark) [YG occupancy: 9816 K (19648 K)]2020-02-15T12:23:26.542+0800: 1123.975: [Rescan (parallel) , 0.0083305 secs]2020-02-15T12:23:26.551+0800: 1123.983: [weak refs processing, 0.0002522 secs]2020-02-15T12:23:26.551+0800: 1123.983: [class unloading, 0.0134436 secs]2020-02-15T12:23:26.565+0800: 1123.997: [scrub symbol table, 0.0096014 secs]2020-02-15T12:23:26.574+0800: 1124.006: [scrub string table, 0.0009854 secs][1 CMS-remark: 37901K(43712K)] 47717K(63360K), 0.0327779 secs] [Times: user=0.03 sys=0.00, real=0.03 secs] 
2020-02-15T12:23:26.575+0800: 1124.007: Total time for which application threads were stopped: 0.0329477 seconds, Stopping threads took: 0.0000466 seconds
2020-02-15T12:23:26.576+0800: 1124.008: [CMS-concurrent-sweep-start]
2020-02-15T12:23:26.594+0800: 1124.026: [CMS-concurrent-sweep: 0.018/0.018 secs] [Times: user=0.02 sys=0.00, real=0.02 secs] 
2020-02-15T12:23:26.594+0800: 1124.026: [CMS-concurrent-reset-start]
2020-02-15T12:23:26.594+0800: 1124.026: [CMS-concurrent-reset: 0.000/0.000 secs] [Times: user=0.00 sys=0.00, real=0.00 secs] 
2020-02-15T12:23:28.593+0800: 1126.025: [GC (CMS Initial Mark) [1 CMS-initial-mark: 37901K(43712K)] 48450K(63360K), 0.0146315 secs] [Times: user=0.01 sys=0.00, real=0.01 secs] 
2020-02-15T12:23:28.608+0800: 1126.040: Total time for which application threads were stopped: 0.0149143 seconds, Stopping threads took: 0.0000685 seconds
2020-02-15T12:23:28.608+0800: 1126.040: [CMS-concurrent-mark-start]
2020-02-15T12:23:28.720+0800: 1126.152: [CMS-concurrent-mark: 0.112/0.112 secs] [Times: user=0.11 sys=0.00, real=0.11 secs] 
2020-02-15T12:23:28.720+0800: 1126.152: [CMS-concurrent-preclean-start]
2020-02-15T12:23:28.723+0800: 1126.155: [CMS-concurrent-preclean: 0.003/0.003 secs] [Times: user=0.00 sys=0.00, real=0.01 secs] 
2020-02-15T12:23:28.723+0800: 1126.155: [CMS-concurrent-abortable-preclean-start]
 CMS: abort preclean due to time 2020-02-15T12:23:33.755+0800: 1131.187: [CMS-concurrent-abortable-preclean: 0.126/5.032 secs] [Times: user=0.15 sys=0.00, real=5.03 secs] 
2020-02-15T12:23:33.755+0800: 1131.187: [GC (CMS Final Remark) [YG occupancy: 12075 K (19648 K)]2020-02-15T12:23:33.755+0800: 1131.187: [Rescan (parallel) , 0.0100249 secs]2020-02-15T12:23:33.765+0800: 1131.197: [weak refs processing, 0.0002622 secs]2020-02-15T12:23:33.765+0800: 1131.197: [class unloading, 0.0150655 secs]2020-02-15T12:23:33.780+0800: 1131.213: [scrub symbol table, 0.0112925 secs]2020-02-15T12:23:33.792+0800: 1131.224: [scrub string table, 0.0010352 secs][1 CMS-remark: 37901K(43712K)] 49977K(63360K), 0.0379046 secs] [Times: user=0.03 sys=0.00, real=0.04 secs] 
2020-02-15T12:23:33.793+0800: 1131.225: Total time for which application threads were stopped: 0.0380720 seconds, Stopping threads took: 0.0000387 seconds
2020-02-15T12:23:33.793+0800: 1131.225: [CMS-concurrent-sweep-start]
2020-02-15T12:23:33.812+0800: 1131.244: [CMS-concurrent-sweep: 0.019/0.019 secs] [Times: user=0.02 sys=0.00, real=0.02 secs] 
2020-02-15T12:23:33.812+0800: 1131.244: [CMS-concurrent-reset-start]
2020-02-15T12:23:33.812+0800: 1131.244: [CMS-concurrent-reset: 0.000/0.000 secs] [Times: user=0.00 sys=0.00, real=0.00 secs] 
2020-02-15T12:23:35.793+0800: 1133.225: Total time for which application threads were stopped: 0.0001668 seconds, Stopping threads took: 0.0000454 seconds
2020-02-15T12:23:35.812+0800: 1133.244: [GC (CMS Initial Mark) [1 CMS-initial-mark: 37900K(43712K)] 51262K(63360K), 0.0118900 secs] [Times: user=0.01 sys=0.00, real=0.01 secs] 
2020-02-15T12:23:35.824+0800: 1133.256: Total time for which application threads were stopped: 0.0121209 seconds, Stopping threads took: 0.0000482 seconds
2020-02-15T12:23:35.824+0800: 1133.256: [CMS-concurrent-mark-start]
2020-02-15T12:23:35.894+0800: 1133.326: [CMS-concurrent-mark: 0.071/0.071 secs] [Times: user=0.07 sys=0.00, real=0.07 secs] 
2020-02-15T12:23:35.894+0800: 1133.326: [CMS-concurrent-preclean-start]
2020-02-15T12:23:35.896+0800: 1133.329: [CMS-concurrent-preclean: 0.002/0.002 secs] [Times: user=0.01 sys=0.00, real=0.00 secs] 
2020-02-15T12:23:35.896+0800: 1133.329: [CMS-concurrent-abortable-preclean-start]
2020-02-15T12:23:37.824+0800: 1135.256: Total time for which application threads were stopped: 0.0001621 seconds, Stopping threads took: 0.0000466 seconds
2020-02-15T12:23:40.824+0800: 1138.256: Total time for which application threads were stopped: 0.0001494 seconds, Stopping threads took: 0.0000402 seconds
 CMS: abort preclean due to time 2020-02-15T12:23:40.928+0800: 1138.360: [CMS-concurrent-abortable-preclean: 0.123/5.032 secs] [Times: user=0.16 sys=0.01, real=5.03 secs] 
2020-02-15T12:23:40.928+0800: 1138.360: [GC (CMS Final Remark) [YG occupancy: 14811 K (19648 K)]2020-02-15T12:23:40.928+0800: 1138.360: [Rescan (parallel) , 0.0112950 secs]2020-02-15T12:23:40.940+0800: 1138.372: [weak refs processing, 0.0002459 secs]2020-02-15T12:23:40.940+0800: 1138.372: [class unloading, 0.0141487 secs]2020-02-15T12:23:40.954+0800: 1138.386: [scrub symbol table, 0.0094438 secs]2020-02-15T12:23:40.963+0800: 1138.396: [scrub string table, 0.0009751 secs][1 CMS-remark: 37900K(43712K)] 52712K(63360K), 0.0362926 secs] [Times: user=0.03 sys=0.00, real=0.04 secs] 
2020-02-15T12:23:40.965+0800: 1138.397: Total time for which application threads were stopped: 0.0364498 seconds, Stopping threads took: 0.0000393 seconds
2020-02-15T12:23:40.965+0800: 1138.397: [CMS-concurrent-sweep-start]
2020-02-15T12:23:40.983+0800: 1138.415: [CMS-concurrent-sweep: 0.018/0.018 secs] [Times: user=0.02 sys=0.00, real=0.02 secs] 
2020-02-15T12:23:40.983+0800: 1138.415: [CMS-concurrent-reset-start]
2020-02-15T12:23:40.983+0800: 1138.415: [CMS-concurrent-reset: 0.000/0.000 secs] [Times: user=0.00 sys=0.00, real=0.00 secs] 
2020-02-15T12:23:42.982+0800: 1140.414: [GC (CMS Initial Mark) [1 CMS-initial-mark: 37900K(43712K)] 52716K(63360K), 0.0117569 secs] [Times: user=0.01 sys=0.00, real=0.01 secs] 
2020-02-15T12:23:42.994+0800: 1140.426: Total time for which application threads were stopped: 0.0119805 seconds, Stopping threads took: 0.0000421 seconds
2020-02-15T12:23:42.994+0800: 1140.426: [CMS-concurrent-mark-start]
2020-02-15T12:23:43.064+0800: 1140.496: [CMS-concurrent-mark: 0.070/0.070 secs] [Times: user=0.07 sys=0.00, real=0.07 secs] 
2020-02-15T12:23:43.064+0800: 1140.496: [CMS-concurrent-preclean-start]
2020-02-15T12:23:43.066+0800: 1140.498: [CMS-concurrent-preclean: 0.002/0.002 secs] [Times: user=0.00 sys=0.00, real=0.00 secs] 
2020-02-15T12:23:43.066+0800: 1140.499: [CMS-concurrent-abortable-preclean-start]
2020-02-15T12:23:44.994+0800: 1142.426: Total time for which application threads were stopped: 0.0001685 seconds, Stopping threads took: 0.0000482 seconds
 CMS: abort preclean due to time 2020-02-15T12:23:48.078+0800: 1145.510: [CMS-concurrent-abortable-preclean: 0.119/5.012 secs] [Times: user=0.16 sys=0.00, real=5.01 secs] 
2020-02-15T12:23:48.078+0800: 1145.510: [GC (CMS Final Remark) [YG occupancy: 17002 K (19648 K)]2020-02-15T12:23:48.078+0800: 1145.510: [Rescan (parallel) , 0.0166992 secs]2020-02-15T12:23:48.095+0800: 1145.527: [weak refs processing, 0.0002666 secs]2020-02-15T12:23:48.095+0800: 1145.527: [class unloading, 0.0134380 secs]2020-02-15T12:23:48.109+0800: 1145.541: [scrub symbol table, 0.0240257 secs]2020-02-15T12:23:48.133+0800: 1145.565: [scrub string table, 0.0009485 secs][1 CMS-remark: 37900K(43712K)] 54903K(63360K), 0.0555535 secs] [Times: user=0.04 sys=0.00, real=0.06 secs] 
2020-02-15T12:23:48.134+0800: 1145.566: Total time for which application threads were stopped: 0.0557117 seconds, Stopping threads took: 0.0000387 seconds
2020-02-15T12:23:48.134+0800: 1145.566: [CMS-concurrent-sweep-start]
2020-02-15T12:23:48.171+0800: 1145.603: [CMS-concurrent-sweep: 0.037/0.037 secs] [Times: user=0.02 sys=0.00, real=0.03 secs] 
2020-02-15T12:23:48.171+0800: 1145.603: [CMS-concurrent-reset-start]
2020-02-15T12:23:48.171+0800: 1145.603: [CMS-concurrent-reset: 0.000/0.000 secs] [Times: user=0.00 sys=0.00, real=0.00 secs] 
2020-02-15T12:23:49.134+0800: 1146.566: Total time for which application threads were stopped: 0.0001846 seconds, Stopping threads took: 0.0000499 seconds
2020-02-15T12:23:49.319+0800: 1146.751: [GC (Allocation Failure) 2020-02-15T12:23:49.319+0800: 1146.751: [ParNew
Desired survivor size 1114112 bytes, new threshold 6 (max 6)
- age   1:      40424 bytes,      40424 total
- age   2:       2976 bytes,      43400 total
- age   3:       1456 bytes,      44856 total
- age   4:       2120 bytes,      46976 total
- age   5:       2176 bytes,      49152 total
- age   6:       1184 bytes,      50336 total
: 17515K->86K(19648K), 0.0040440 secs] 55415K->37987K(63360K), 0.0041162 secs] [Times: user=0.00 sys=0.00, real=0.01 secs] 
2020-02-15T12:23:49.323+0800: 1146.755: Total time for which application threads were stopped: 0.0043035 seconds, Stopping threads took: 0.0000377 seconds
2020-02-15T12:23:49.323+0800: 1146.755: [GC (CMS Initial Mark) [1 CMS-initial-mark: 37901K(43712K)] 37994K(63360K), 0.0032597 secs] [Times: user=0.01 sys=0.00, real=0.00 secs] 
2020-02-15T12:23:49.326+0800: 1146.759: Total time for which application threads were stopped: 0.0033632 seconds, Stopping threads took: 0.0000158 seconds
2020-02-15T12:23:49.327+0800: 1146.759: [CMS-concurrent-mark-start]
2020-02-15T12:23:49.333+0800: 1146.765: Total time for which application threads were stopped: 0.0001020 seconds, Stopping threads took: 0.0000234 seconds
2020-02-15T12:23:49.411+0800: 1146.844: [CMS-concurrent-mark: 0.085/0.085 secs] [Times: user=0.08 sys=0.00, real=0.09 secs] 
2020-02-15T12:23:49.412+0800: 1146.844: [CMS-concurrent-preclean-start]
2020-02-15T12:23:49.414+0800: 1146.846: [CMS-concurrent-preclean: 0.002/0.002 secs] [Times: user=0.00 sys=0.00, real=0.00 secs] 
2020-02-15T12:23:49.414+0800: 1146.846: [GC (CMS Final Remark) [YG occupancy: 93 K (19648 K)]2020-02-15T12:23:49.414+0800: 1146.846: [Rescan (parallel) , 0.0018800 secs]2020-02-15T12:23:49.416+0800: 1146.848: [weak refs processing, 0.0002592 secs]2020-02-15T12:23:49.416+0800: 1146.848: [class unloading, 0.0135488 secs]2020-02-15T12:23:49.430+0800: 1146.862: [scrub symbol table, 0.0094606 secs]2020-02-15T12:23:49.439+0800: 1146.872: [scrub string table, 0.0010884 secs][1 CMS-remark: 37901K(43712K)] 37994K(63360K), 0.0264070 secs] [Times: user=0.03 sys=0.00, real=0.02 secs] 
2020-02-15T12:23:49.441+0800: 1146.873: Total time for which application threads were stopped: 0.0265641 seconds, Stopping threads took: 0.0000381 seconds
2020-02-15T12:23:49.441+0800: 1146.873: [CMS-concurrent-sweep-start]
2020-02-15T12:23:49.463+0800: 1146.895: [CMS-concurrent-sweep: 0.022/0.022 secs] [Times: user=0.02 sys=0.00, real=0.03 secs] 
2020-02-15T12:23:49.463+0800: 1146.895: [CMS-concurrent-reset-start]
2020-02-15T12:23:49.463+0800: 1146.896: [CMS-concurrent-reset: 0.000/0.000 secs] [Times: user=0.00 sys=0.00, real=0.00 secs] 
2020-02-15T12:23:51.463+0800: 1148.895: [GC (CMS Initial Mark) [1 CMS-initial-mark: 37901K(43712K)] 39115K(63360K), 0.0041509 secs] [Times: user=0.00 sys=0.00, real=0.00 secs] 
2020-02-15T12:23:51.467+0800: 1148.899: Total time for which application threads were stopped: 0.0043111 seconds, Stopping threads took: 0.0000402 seconds
2020-02-15T12:23:51.467+0800: 1148.899: [CMS-concurrent-mark-start]
2020-02-15T12:23:51.531+0800: 1148.964: [CMS-concurrent-mark: 0.065/0.065 secs] [Times: user=0.06 sys=0.00, real=0.07 secs] 
2020-02-15T12:23:51.531+0800: 1148.964: [CMS-concurrent-preclean-start]
2020-02-15T12:23:51.533+0800: 1148.966: [CMS-concurrent-preclean: 0.002/0.002 secs] [Times: user=0.01 sys=0.00, real=0.00 secs] 
2020-02-15T12:23:51.534+0800: 1148.966: [GC (CMS Final Remark) [YG occupancy: 1214 K (19648 K)]2020-02-15T12:23:51.534+0800: 1148.966: [Rescan (parallel) , 0.0024883 secs]2020-02-15T12:23:51.536+0800: 1148.968: [weak refs processing, 0.0002282 secs]2020-02-15T12:23:51.536+0800: 1148.969: [class unloading, 0.0131160 secs]2020-02-15T12:23:51.550+0800: 1148.982: [scrub symbol table, 0.0132379 secs]2020-02-15T12:23:51.563+0800: 1148.995: [scrub string table, 0.0009524 secs][1 CMS-remark: 37901K(43712K)] 39115K(63360K), 0.0301566 secs] [Times: user=0.02 sys=0.00, real=0.03 secs] 
2020-02-15T12:23:51.564+0800: 1148.996: Total time for which application threads were stopped: 0.0303089 seconds, Stopping threads took: 0.0000381 seconds
2020-02-15T12:23:51.564+0800: 1148.996: [CMS-concurrent-sweep-start]
2020-02-15T12:23:51.583+0800: 1149.015: [CMS-concurrent-sweep: 0.019/0.019 secs] [Times: user=0.02 sys=0.00, real=0.02 secs] 
2020-02-15T12:23:51.583+0800: 1149.015: [CMS-concurrent-reset-start]
2020-02-15T12:23:51.583+0800: 1149.015: [CMS-concurrent-reset: 0.000/0.000 secs] [Times: user=0.00 sys=0.00, real=0.00 secs] 
2020-02-15T12:23:53.582+0800: 1151.014: [GC (CMS Initial Mark) [1 CMS-initial-mark: 37901K(43712K)] 39925K(63360K), 0.0048151 secs] [Times: user=0.00 sys=0.00, real=0.00 secs] 
2020-02-15T12:23:53.587+0800: 1151.019: Total time for which application threads were stopped: 0.0050209 seconds, Stopping threads took: 0.0000687 seconds
2020-02-15T12:23:53.587+0800: 1151.019: [CMS-concurrent-mark-start]
2020-02-15T12:23:53.665+0800: 1151.097: [CMS-concurrent-mark: 0.078/0.078 secs] [Times: user=0.07 sys=0.00, real=0.08 secs] 
2020-02-15T12:23:53.665+0800: 1151.097: [CMS-concurrent-preclean-start]
2020-02-15T12:23:53.668+0800: 1151.100: [CMS-concurrent-preclean: 0.002/0.002 secs] [Times: user=0.01 sys=0.00, real=0.00 secs] 
2020-02-15T12:23:53.668+0800: 1151.100: [GC (CMS Final Remark) [YG occupancy: 2024 K (19648 K)]2020-02-15T12:23:53.668+0800: 1151.100: [Rescan (parallel) , 0.0033885 secs]2020-02-15T12:23:53.671+0800: 1151.103: [weak refs processing, 0.0002502 secs]2020-02-15T12:23:53.671+0800: 1151.104: [class unloading, 0.0144820 secs]2020-02-15T12:23:53.686+0800: 1151.118: [scrub symbol table, 0.0122444 secs]2020-02-15T12:23:53.698+0800: 1151.130: [scrub string table, 0.0010132 secs][1 CMS-remark: 37901K(43712K)] 39925K(63360K), 0.0315536 secs] [Times: user=0.03 sys=0.00, real=0.03 secs] 
2020-02-15T12:23:53.699+0800: 1151.131: Total time for which application threads were stopped: 0.0317307 seconds, Stopping threads took: 0.0000389 seconds
2020-02-15T12:23:53.699+0800: 1151.132: [CMS-concurrent-sweep-start]
2020-02-15T12:23:53.718+0800: 1151.150: [CMS-concurrent-sweep: 0.018/0.018 secs] [Times: user=0.01 sys=0.00, real=0.02 secs] 
2020-02-15T12:23:53.718+0800: 1151.150: [CMS-concurrent-reset-start]
2020-02-15T12:23:53.718+0800: 1151.150: [CMS-concurrent-reset: 0.000/0.000 secs] [Times: user=0.00 sys=0.00, real=0.00 secs] 
2020-02-15T12:23:55.717+0800: 1153.149: [GC (CMS Initial Mark) [1 CMS-initial-mark: 37901K(43712K)] 40496K(63360K), 0.0052645 secs] [Times: user=0.01 sys=0.00, real=0.01 secs] 
2020-02-15T12:23:55.722+0800: 1153.155: Total time for which application threads were stopped: 0.0054759 seconds, Stopping threads took: 0.0000536 seconds
2020-02-15T12:23:55.722+0800: 1153.155: [CMS-concurrent-mark-start]
2020-02-15T12:23:55.795+0800: 1153.227: [CMS-concurrent-mark: 0.072/0.072 secs] [Times: user=0.07 sys=0.00, real=0.07 secs] 
2020-02-15T12:23:55.795+0800: 1153.227: [CMS-concurrent-preclean-start]
2020-02-15T12:23:55.797+0800: 1153.229: [CMS-concurrent-preclean: 0.002/0.002 secs] [Times: user=0.00 sys=0.00, real=0.00 secs] 
2020-02-15T12:23:55.797+0800: 1153.229: [CMS-concurrent-abortable-preclean-start]
 CMS: abort preclean due to time 2020-02-15T12:24:00.832+0800: 1158.264: [CMS-concurrent-abortable-preclean: 0.128/5.035 secs] [Times: user=0.15 sys=0.00, real=5.04 secs] 
2020-02-15T12:24:00.832+0800: 1158.264: [GC (CMS Final Remark) [YG occupancy: 4184 K (19648 K)]2020-02-15T12:24:00.832+0800: 1158.264: [Rescan (parallel) , 0.0075216 secs]2020-02-15T12:24:00.840+0800: 1158.272: [weak refs processing, 0.0004012 secs]2020-02-15T12:24:00.840+0800: 1158.272: [class unloading, 0.0208412 secs]2020-02-15T12:24:00.861+0800: 1158.293: [scrub symbol table, 0.0132039 secs]2020-02-15T12:24:00.874+0800: 1158.307: [scrub string table, 0.0014373 secs][1 CMS-remark: 37901K(43712K)] 42085K(63360K), 0.0436692 secs] [Times: user=0.04 sys=0.00, real=0.04 secs] 
2020-02-15T12:24:00.876+0800: 1158.308: Total time for which application threads were stopped: 0.0438787 seconds, Stopping threads took: 0.0000450 seconds
2020-02-15T12:24:00.878+0800: 1158.310: [CMS-concurrent-sweep-start]
2020-02-15T12:24:00.928+0800: 1158.361: [CMS-concurrent-sweep: 0.050/0.051 secs] [Times: user=0.04 sys=0.00, real=0.05 secs] 
2020-02-15T12:24:00.929+0800: 1158.361: [CMS-concurrent-reset-start]
2020-02-15T12:24:00.929+0800: 1158.361: [CMS-concurrent-reset: 0.000/0.000 secs] [Times: user=0.00 sys=0.00, real=0.00 secs] 
2020-02-15T12:24:02.928+0800: 1160.360: [GC (CMS Initial Mark) [1 CMS-initial-mark: 37901K(43712K)] 42723K(63360K), 0.0070185 secs] [Times: user=0.00 sys=0.00, real=0.01 secs] 
2020-02-15T12:24:02.935+0800: 1160.367: Total time for which application threads were stopped: 0.0072818 seconds, Stopping threads took: 0.0000576 seconds
2020-02-15T12:24:02.935+0800: 1160.367: [CMS-concurrent-mark-start]
2020-02-15T12:24:03.014+0800: 1160.446: [CMS-concurrent-mark: 0.079/0.079 secs] [Times: user=0.08 sys=0.00, real=0.08 secs] 
2020-02-15T12:24:03.014+0800: 1160.446: [CMS-concurrent-preclean-start]
2020-02-15T12:24:03.016+0800: 1160.448: [CMS-concurrent-preclean: 0.002/0.002 secs] [Times: user=0.00 sys=0.00, real=0.00 secs] 
2020-02-15T12:24:03.016+0800: 1160.448: [CMS-concurrent-abortable-preclean-start]
 CMS: abort preclean due to time 2020-02-15T12:24:08.048+0800: 1165.480: [CMS-concurrent-abortable-preclean: 0.126/5.031 secs] [Times: user=0.15 sys=0.00, real=5.03 secs] 
2020-02-15T12:24:08.048+0800: 1165.480: [GC (CMS Final Remark) [YG occupancy: 6882 K (19648 K)]2020-02-15T12:24:08.048+0800: 1165.480: [Rescan (parallel) , 0.0076219 secs]2020-02-15T12:24:08.056+0800: 1165.488: [weak refs processing, 0.0002672 secs]2020-02-15T12:24:08.056+0800: 1165.488: [class unloading, 0.0147430 secs]2020-02-15T12:24:08.071+0800: 1165.503: [scrub symbol table, 0.0122489 secs]2020-02-15T12:24:08.083+0800: 1165.515: [scrub string table, 0.0009814 secs][1 CMS-remark: 37901K(43712K)] 44783K(63360K), 0.0360879 secs] [Times: user=0.03 sys=0.01, real=0.04 secs] 
2020-02-15T12:24:08.084+0800: 1165.516: Total time for which application threads were stopped: 0.0362719 seconds, Stopping threads took: 0.0000419 seconds
2020-02-15T12:24:08.084+0800: 1165.516: [CMS-concurrent-sweep-start]
2020-02-15T12:24:08.102+0800: 1165.535: [CMS-concurrent-sweep: 0.018/0.018 secs] [Times: user=0.02 sys=0.00, real=0.02 secs] 
2020-02-15T12:24:08.103+0800: 1165.535: [CMS-concurrent-reset-start]
2020-02-15T12:24:08.103+0800: 1165.535: [CMS-concurrent-reset: 0.000/0.000 secs] [Times: user=0.00 sys=0.00, real=0.00 secs] 
2020-02-15T12:24:10.102+0800: 1167.534: [GC (CMS Initial Mark) [1 CMS-initial-mark: 37901K(43712K)] 45382K(63360K), 0.0088565 secs] [Times: user=0.00 sys=0.00, real=0.00 secs] 
2020-02-15T12:24:10.111+0800: 1167.543: Total time for which application threads were stopped: 0.0090598 seconds, Stopping threads took: 0.0000418 seconds
2020-02-15T12:24:10.111+0800: 1167.543: [CMS-concurrent-mark-start]
2020-02-15T12:24:10.184+0800: 1167.616: [CMS-concurrent-mark: 0.073/0.073 secs] [Times: user=0.08 sys=0.00, real=0.08 secs] 
2020-02-15T12:24:10.184+0800: 1167.616: [CMS-concurrent-preclean-start]
2020-02-15T12:24:10.187+0800: 1167.619: [CMS-concurrent-preclean: 0.002/0.002 secs] [Times: user=0.00 sys=0.00, real=0.00 secs] 
2020-02-15T12:24:10.187+0800: 1167.619: [CMS-concurrent-abortable-preclean-start]
 CMS: abort preclean due to time 2020-02-15T12:24:15.218+0800: 1172.650: [CMS-concurrent-abortable-preclean: 0.126/5.031 secs] [Times: user=0.16 sys=0.00, real=5.03 secs] 
2020-02-15T12:24:15.218+0800: 1172.650: [GC (CMS Final Remark) [YG occupancy: 9663 K (19648 K)]2020-02-15T12:24:15.218+0800: 1172.650: [Rescan (parallel) , 0.0091396 secs]2020-02-15T12:24:15.228+0800: 1172.660: [weak refs processing, 0.0002585 secs]2020-02-15T12:24:15.228+0800: 1172.660: [class unloading, 0.0148440 secs]2020-02-15T12:24:15.243+0800: 1172.675: [scrub symbol table, 0.0102306 secs]2020-02-15T12:24:15.253+0800: 1172.685: [scrub string table, 0.0010038 secs][1 CMS-remark: 37901K(43712K)] 47564K(63360K), 0.0356850 secs] [Times: user=0.04 sys=0.00, real=0.04 secs] 
2020-02-15T12:24:15.254+0800: 1172.686: Total time for which application threads were stopped: 0.0358669 seconds, Stopping threads took: 0.0000476 seconds
2020-02-15T12:24:15.254+0800: 1172.686: [CMS-concurrent-sweep-start]
2020-02-15T12:24:15.273+0800: 1172.705: [CMS-concurrent-sweep: 0.019/0.019 secs] [Times: user=0.02 sys=0.00, real=0.02 secs] 
2020-02-15T12:24:15.273+0800: 1172.705: [CMS-concurrent-reset-start]
2020-02-15T12:24:15.273+0800: 1172.705: [CMS-concurrent-reset: 0.000/0.000 secs] [Times: user=0.00 sys=0.00, real=0.00 secs] 
2020-02-15T12:24:17.273+0800: 1174.705: [GC (CMS Initial Mark) [1 CMS-initial-mark: 37901K(43712K)] 48430K(63360K), 0.0097182 secs] [Times: user=0.01 sys=0.00, real=0.01 secs] 
2020-02-15T12:24:17.282+0800: 1174.714: Total time for which application threads were stopped: 0.0099556 seconds, Stopping threads took: 0.0000467 seconds
2020-02-15T12:24:17.282+0800: 1174.715: [CMS-concurrent-mark-start]
2020-02-15T12:24:17.355+0800: 1174.787: [CMS-concurrent-mark: 0.072/0.072 secs] [Times: user=0.07 sys=0.00, real=0.07 secs] 
2020-02-15T12:24:17.355+0800: 1174.787: [CMS-concurrent-preclean-start]
2020-02-15T12:24:17.357+0800: 1174.789: [CMS-concurrent-preclean: 0.002/0.002 secs] [Times: user=0.00 sys=0.00, real=0.00 secs] 
2020-02-15T12:24:17.357+0800: 1174.789: [CMS-concurrent-abortable-preclean-start]
 CMS: abort preclean due to time 2020-02-15T12:24:22.400+0800: 1179.832: [CMS-concurrent-abortable-preclean: 0.122/5.042 secs] [Times: user=0.15 sys=0.01, real=5.04 secs] 
2020-02-15T12:24:22.400+0800: 1179.832: [GC (CMS Final Remark) [YG occupancy: 11926 K (19648 K)]2020-02-15T12:24:22.400+0800: 1179.832: [Rescan (parallel) , 0.0105362 secs]2020-02-15T12:24:22.411+0800: 1179.843: [weak refs processing, 0.0002501 secs]2020-02-15T12:24:22.411+0800: 1179.843: [class unloading, 0.0137617 secs]2020-02-15T12:24:22.425+0800: 1179.857: [scrub symbol table, 0.0095785 secs]2020-02-15T12:24:22.434+0800: 1179.866: [scrub string table, 0.0009775 secs][1 CMS-remark: 37901K(43712K)] 49827K(63360K), 0.0353042 secs] [Times: user=0.03 sys=0.00, real=0.04 secs] 
2020-02-15T12:24:22.435+0800: 1179.868: Total time for which application threads were stopped: 0.0355024 seconds, Stopping threads took: 0.0000412 seconds
2020-02-15T12:24:22.435+0800: 1179.868: [CMS-concurrent-sweep-start]
2020-02-15T12:24:22.454+0800: 1179.886: [CMS-concurrent-sweep: 0.018/0.018 secs] [Times: user=0.02 sys=0.00, real=0.02 secs] 
2020-02-15T12:24:22.454+0800: 1179.886: [CMS-concurrent-reset-start]
2020-02-15T12:24:22.454+0800: 1179.886: [CMS-concurrent-reset: 0.000/0.000 secs] [Times: user=0.00 sys=0.00, real=0.00 secs] 
2020-02-15T12:24:23.436+0800: 1180.868: Total time for which application threads were stopped: 0.0001858 seconds, Stopping threads took: 0.0000462 seconds
2020-02-15T12:24:24.454+0800: 1181.886: [GC (CMS Initial Mark) [1 CMS-initial-mark: 37901K(43712K)] 50565K(63360K), 0.0133911 secs] [Times: user=0.02 sys=0.00, real=0.01 secs] 
2020-02-15T12:24:24.468+0800: 1181.900: Total time for which application threads were stopped: 0.0136391 seconds, Stopping threads took: 0.0000520 seconds
2020-02-15T12:24:24.468+0800: 1181.900: [CMS-concurrent-mark-start]
2020-02-15T12:24:24.546+0800: 1181.978: [CMS-concurrent-mark: 0.079/0.079 secs] [Times: user=0.07 sys=0.00, real=0.08 secs] 
2020-02-15T12:24:24.546+0800: 1181.979: [CMS-concurrent-preclean-start]
2020-02-15T12:24:24.549+0800: 1181.981: [CMS-concurrent-preclean: 0.002/0.002 secs] [Times: user=0.00 sys=0.00, real=0.00 secs] 
2020-02-15T12:24:24.549+0800: 1181.981: [CMS-concurrent-abortable-preclean-start]
2020-02-15T12:24:26.468+0800: 1183.900: Total time for which application threads were stopped: 0.0001691 seconds, Stopping threads took: 0.0000453 seconds
 CMS: abort preclean due to time 2020-02-15T12:24:29.649+0800: 1187.081: [CMS-concurrent-abortable-preclean: 0.124/5.100 secs] [Times: user=0.15 sys=0.00, real=5.10 secs] 
2020-02-15T12:24:29.650+0800: 1187.082: [GC (CMS Final Remark) [YG occupancy: 14925 K (19648 K)]2020-02-15T12:24:29.650+0800: 1187.082: [Rescan (parallel) , 0.0117137 secs]2020-02-15T12:24:29.661+0800: 1187.094: [weak refs processing, 0.0004999 secs]2020-02-15T12:24:29.662+0800: 1187.094: [class unloading, 0.0151185 secs]2020-02-15T12:24:29.677+0800: 1187.109: [scrub symbol table, 0.0112594 secs]2020-02-15T12:24:29.688+0800: 1187.120: [scrub string table, 0.0009954 secs][1 CMS-remark: 37901K(43712K)] 52826K(63360K), 0.0398220 secs] [Times: user=0.04 sys=0.00, real=0.04 secs] 
2020-02-15T12:24:29.689+0800: 1187.122: Total time for which application threads were stopped: 0.0399994 seconds, Stopping threads took: 0.0000509 seconds
2020-02-15T12:24:29.690+0800: 1187.122: [CMS-concurrent-sweep-start]
2020-02-15T12:24:29.708+0800: 1187.140: [CMS-concurrent-sweep: 0.019/0.019 secs] [Times: user=0.02 sys=0.00, real=0.02 secs] 
2020-02-15T12:24:29.708+0800: 1187.140: [CMS-concurrent-reset-start]
2020-02-15T12:24:29.708+0800: 1187.141: [CMS-concurrent-reset: 0.000/0.000 secs] [Times: user=0.00 sys=0.00, real=0.00 secs] 
2020-02-15T12:24:31.708+0800: 1189.140: [GC (CMS Initial Mark) [1 CMS-initial-mark: 37901K(43712K)] 53184K(63360K), 0.0117153 secs] [Times: user=0.02 sys=0.00, real=0.01 secs] 
2020-02-15T12:24:31.719+0800: 1189.152: Total time for which application threads were stopped: 0.0119325 seconds, Stopping threads took: 0.0000434 seconds
2020-02-15T12:24:31.720+0800: 1189.152: [CMS-concurrent-mark-start]
2020-02-15T12:24:31.791+0800: 1189.224: [CMS-concurrent-mark: 0.072/0.072 secs] [Times: user=0.07 sys=0.00, real=0.08 secs] 
2020-02-15T12:24:31.792+0800: 1189.224: [CMS-concurrent-preclean-start]
2020-02-15T12:24:31.794+0800: 1189.226: [CMS-concurrent-preclean: 0.002/0.002 secs] [Times: user=0.00 sys=0.00, real=0.00 secs] 
2020-02-15T12:24:31.794+0800: 1189.226: [CMS-concurrent-abortable-preclean-start]
 CMS: abort preclean due to time 2020-02-15T12:24:36.823+0800: 1194.255: [CMS-concurrent-abortable-preclean: 0.124/5.029 secs] [Times: user=0.14 sys=0.01, real=5.03 secs] 
2020-02-15T12:24:36.823+0800: 1194.255: [GC (CMS Final Remark) [YG occupancy: 17403 K (19648 K)]2020-02-15T12:24:36.823+0800: 1194.255: [Rescan (parallel) , 0.0142909 secs]2020-02-15T12:24:36.837+0800: 1194.270: [weak refs processing, 0.0002885 secs]2020-02-15T12:24:36.838+0800: 1194.270: [class unloading, 0.0143764 secs]2020-02-15T12:24:36.852+0800: 1194.284: [scrub symbol table, 0.0104418 secs]2020-02-15T12:24:36.863+0800: 1194.295: [scrub string table, 0.0010412 secs][1 CMS-remark: 37901K(43712K)] 55304K(63360K), 0.0406811 secs] [Times: user=0.04 sys=0.00, real=0.04 secs] 
2020-02-15T12:24:36.864+0800: 1194.296: Total time for which application threads were stopped: 0.0408557 seconds, Stopping threads took: 0.0000514 seconds
2020-02-15T12:24:36.864+0800: 1194.296: [CMS-concurrent-sweep-start]
2020-02-15T12:24:36.883+0800: 1194.315: [CMS-concurrent-sweep: 0.019/0.019 secs] [Times: user=0.02 sys=0.00, real=0.02 secs] 
2020-02-15T12:24:36.883+0800: 1194.315: [CMS-concurrent-reset-start]
2020-02-15T12:24:36.883+0800: 1194.315: [CMS-concurrent-reset: 0.000/0.000 secs] [Times: user=0.00 sys=0.00, real=0.00 secs] 
2020-02-15T12:24:37.884+0800: 1195.316: [GC (Allocation Failure) 2020-02-15T12:24:37.884+0800: 1195.316: [ParNew
Desired survivor size 1114112 bytes, new threshold 6 (max 6)
- age   1:      26112 bytes,      26112 total
- age   2:       5840 bytes,      31952 total
- age   3:       2976 bytes,      34928 total
- age   4:       1456 bytes,      36384 total
- age   5:       2120 bytes,      38504 total
- age   6:       2176 bytes,      40680 total
: 17558K->56K(19648K), 0.0041890 secs] 55459K->37958K(63360K), 0.0042988 secs] [Times: user=0.01 sys=0.00, real=0.00 secs] 
2020-02-15T12:24:37.888+0800: 1195.320: Total time for which application threads were stopped: 0.0044992 seconds, Stopping threads took: 0.0000350 seconds
2020-02-15T12:24:37.890+0800: 1195.322: [GC (CMS Initial Mark) [1 CMS-initial-mark: 37902K(43712K)] 38147K(63360K), 0.0037741 secs] [Times: user=0.00 sys=0.00, real=0.01 secs] 
2020-02-15T12:24:37.894+0800: 1195.326: Total time for which application threads were stopped: 0.0039461 seconds, Stopping threads took: 0.0000509 seconds
2020-02-15T12:24:37.894+0800: 1195.326: [CMS-concurrent-mark-start]
2020-02-15T12:24:37.904+0800: 1195.336: Total time for which application threads were stopped: 0.0001409 seconds, Stopping threads took: 0.0000418 seconds
2020-02-15T12:24:37.904+0800: 1195.336: Total time for which application threads were stopped: 0.0000400 seconds, Stopping threads took: 0.0000082 seconds
2020-02-15T12:24:37.904+0800: 1195.336: Total time for which application threads were stopped: 0.0000365 seconds, Stopping threads took: 0.0000070 seconds
2020-02-15T12:24:37.963+0800: 1195.395: [CMS-concurrent-mark: 0.068/0.068 secs] [Times: user=0.07 sys=0.00, real=0.07 secs] 
2020-02-15T12:24:37.963+0800: 1195.395: [CMS-concurrent-preclean-start]
2020-02-15T12:24:37.965+0800: 1195.397: [CMS-concurrent-preclean: 0.002/0.002 secs] [Times: user=0.00 sys=0.00, real=0.00 secs] 
2020-02-15T12:24:37.965+0800: 1195.397: [GC (CMS Final Remark) [YG occupancy: 245 K (19648 K)]2020-02-15T12:24:37.965+0800: 1195.397: [Rescan (parallel) , 0.0023240 secs]2020-02-15T12:24:37.967+0800: 1195.399: [weak refs processing, 0.0002275 secs]2020-02-15T12:24:37.968+0800: 1195.400: [class unloading, 0.0142173 secs]2020-02-15T12:24:37.982+0800: 1195.414: [scrub symbol table, 0.0118068 secs]2020-02-15T12:24:37.994+0800: 1195.426: [scrub string table, 0.0009701 secs][1 CMS-remark: 37902K(43712K)] 38147K(63360K), 0.0297357 secs] [Times: user=0.03 sys=0.00, real=0.03 secs] 
2020-02-15T12:24:37.995+0800: 1195.427: Total time for which application threads were stopped: 0.0298923 seconds, Stopping threads took: 0.0000384 seconds
2020-02-15T12:24:37.995+0800: 1195.427: [CMS-concurrent-sweep-start]
2020-02-15T12:24:38.013+0800: 1195.445: [CMS-concurrent-sweep: 0.018/0.018 secs] [Times: user=0.02 sys=0.00, real=0.02 secs] 
2020-02-15T12:24:38.013+0800: 1195.445: [CMS-concurrent-reset-start]
2020-02-15T12:24:38.013+0800: 1195.445: [CMS-concurrent-reset: 0.000/0.000 secs] [Times: user=0.00 sys=0.00, real=0.00 secs] 
2020-02-15T12:24:40.013+0800: 1197.445: [GC (CMS Initial Mark) [1 CMS-initial-mark: 37902K(43712K)] 38723K(63360K), 0.0043263 secs] [Times: user=0.00 sys=0.00, real=0.00 secs] 
2020-02-15T12:24:40.017+0800: 1197.449: Total time for which application threads were stopped: 0.0045652 seconds, Stopping threads took: 0.0000437 seconds
2020-02-15T12:24:40.017+0800: 1197.449: [CMS-concurrent-mark-start]
2020-02-15T12:24:40.091+0800: 1197.523: [CMS-concurrent-mark: 0.074/0.074 secs] [Times: user=0.07 sys=0.00, real=0.07 secs] 
2020-02-15T12:24:40.091+0800: 1197.523: [CMS-concurrent-preclean-start]
2020-02-15T12:24:40.094+0800: 1197.526: [CMS-concurrent-preclean: 0.002/0.002 secs] [Times: user=0.00 sys=0.00, real=0.01 secs] 
2020-02-15T12:24:40.094+0800: 1197.526: [GC (CMS Final Remark) [YG occupancy: 821 K (19648 K)]2020-02-15T12:24:40.094+0800: 1197.526: [Rescan (parallel) , 0.0037353 secs]2020-02-15T12:24:40.098+0800: 1197.530: [weak refs processing, 0.0002532 secs]2020-02-15T12:24:40.098+0800: 1197.530: [class unloading, 0.0150205 secs]2020-02-15T12:24:40.113+0800: 1197.545: [scrub symbol table, 0.0126902 secs]2020-02-15T12:24:40.126+0800: 1197.558: [scrub string table, 0.0009976 secs][1 CMS-remark: 37902K(43712K)] 38723K(63360K), 0.0328957 secs] [Times: user=0.03 sys=0.01, real=0.03 secs] 
2020-02-15T12:24:40.127+0800: 1197.559: Total time for which application threads were stopped: 0.0330644 seconds, Stopping threads took: 0.0000413 seconds
2020-02-15T12:24:40.127+0800: 1197.559: [CMS-concurrent-sweep-start]
2020-02-15T12:24:40.145+0800: 1197.577: [CMS-concurrent-sweep: 0.018/0.018 secs] [Times: user=0.02 sys=0.00, real=0.02 secs] 
2020-02-15T12:24:40.145+0800: 1197.577: [CMS-concurrent-reset-start]
2020-02-15T12:24:40.145+0800: 1197.577: [CMS-concurrent-reset: 0.000/0.000 secs] [Times: user=0.00 sys=0.00, real=0.00 secs] 
2020-02-15T12:24:42.145+0800: 1199.577: [GC (CMS Initial Mark) [1 CMS-initial-mark: 37902K(43712K)] 39528K(63360K), 0.0047335 secs] [Times: user=0.00 sys=0.00, real=0.00 secs] 
2020-02-15T12:24:42.149+0800: 1199.582: Total time for which application threads were stopped: 0.0049643 seconds, Stopping threads took: 0.0000407 seconds
2020-02-15T12:24:42.150+0800: 1199.582: [CMS-concurrent-mark-start]
2020-02-15T12:24:42.221+0800: 1199.653: [CMS-concurrent-mark: 0.071/0.071 secs] [Times: user=0.07 sys=0.00, real=0.07 secs] 
2020-02-15T12:24:42.221+0800: 1199.653: [CMS-concurrent-preclean-start]
2020-02-15T12:24:42.223+0800: 1199.655: [CMS-concurrent-preclean: 0.002/0.002 secs] [Times: user=0.01 sys=0.00, real=0.01 secs] 
2020-02-15T12:24:42.223+0800: 1199.655: [GC (CMS Final Remark) [YG occupancy: 1626 K (19648 K)]2020-02-15T12:24:42.223+0800: 1199.655: [Rescan (parallel) , 0.0032105 secs]2020-02-15T12:24:42.226+0800: 1199.658: [weak refs processing, 0.0004262 secs]2020-02-15T12:24:42.227+0800: 1199.659: [class unloading, 0.0141348 secs]2020-02-15T12:24:42.241+0800: 1199.673: [scrub symbol table, 0.0095376 secs]2020-02-15T12:24:42.250+0800: 1199.683: [scrub string table, 0.0011540 secs][1 CMS-remark: 37902K(43712K)] 39528K(63360K), 0.0286335 secs] [Times: user=0.02 sys=0.00, real=0.03 secs] 
2020-02-15T12:24:42.252+0800: 1199.684: Total time for which application threads were stopped: 0.0287994 seconds, Stopping threads took: 0.0000382 seconds
2020-02-15T12:24:42.252+0800: 1199.684: [CMS-concurrent-sweep-start]
2020-02-15T12:24:42.270+0800: 1199.702: [CMS-concurrent-sweep: 0.019/0.019 secs] [Times: user=0.02 sys=0.00, real=0.01 secs] 
2020-02-15T12:24:42.270+0800: 1199.703: [CMS-concurrent-reset-start]
2020-02-15T12:24:42.271+0800: 1199.703: [CMS-concurrent-reset: 0.000/0.000 secs] [Times: user=0.00 sys=0.00, real=0.00 secs] 
2020-02-15T12:24:43.252+0800: 1200.684: Total time for which application threads were stopped: 0.0001924 seconds, Stopping threads took: 0.0000502 seconds
2020-02-15T12:24:44.252+0800: 1201.684: Total time for which application threads were stopped: 0.0001706 seconds, Stopping threads took: 0.0000451 seconds
2020-02-15T12:24:44.271+0800: 1201.703: [GC (CMS Initial Mark) [1 CMS-initial-mark: 37902K(43712K)] 40346K(63360K), 0.0054755 secs] [Times: user=0.01 sys=0.00, real=0.01 secs] 
2020-02-15T12:24:44.276+0800: 1201.708: Total time for which application threads were stopped: 0.0057155 seconds, Stopping threads took: 0.0000580 seconds
2020-02-15T12:24:44.276+0800: 1201.708: [CMS-concurrent-mark-start]
2020-02-15T12:24:44.367+0800: 1201.800: [CMS-concurrent-mark: 0.091/0.091 secs] [Times: user=0.09 sys=0.00, real=0.09 secs] 
2020-02-15T12:24:44.368+0800: 1201.800: [CMS-concurrent-preclean-start]
2020-02-15T12:24:44.370+0800: 1201.802: [CMS-concurrent-preclean: 0.002/0.002 secs] [Times: user=0.00 sys=0.00, real=0.00 secs] 
2020-02-15T12:24:44.370+0800: 1201.802: [CMS-concurrent-abortable-preclean-start]
 CMS: abort preclean due to time 2020-02-15T12:24:49.400+0800: 1206.833: [CMS-concurrent-abortable-preclean: 0.117/5.031 secs] [Times: user=0.13 sys=0.01, real=5.03 secs] 
2020-02-15T12:24:49.401+0800: 1206.833: [GC (CMS Final Remark) [YG occupancy: 4323 K (19648 K)]2020-02-15T12:24:49.401+0800: 1206.833: [Rescan (parallel) , 0.0056901 secs]2020-02-15T12:24:49.406+0800: 1206.839: [weak refs processing, 0.0002682 secs]2020-02-15T12:24:49.407+0800: 1206.839: [class unloading, 0.0146893 secs]2020-02-15T12:24:49.422+0800: 1206.854: [scrub symbol table, 0.0114716 secs]2020-02-15T12:24:49.433+0800: 1206.865: [scrub string table, 0.0010491 secs][1 CMS-remark: 37902K(43712K)] 42225K(63360K), 0.0333976 secs] [Times: user=0.04 sys=0.00, real=0.04 secs] 
2020-02-15T12:24:49.434+0800: 1206.866: Total time for which application threads were stopped: 0.0335711 seconds, Stopping threads took: 0.0000505 seconds
2020-02-15T12:24:49.434+0800: 1206.867: [CMS-concurrent-sweep-start]
2020-02-15T12:24:49.454+0800: 1206.886: [CMS-concurrent-sweep: 0.020/0.020 secs] [Times: user=0.01 sys=0.00, real=0.02 secs] 
2020-02-15T12:24:49.454+0800: 1206.886: [CMS-concurrent-reset-start]
2020-02-15T12:24:49.454+0800: 1206.886: [CMS-concurrent-reset: 0.000/0.000 secs] [Times: user=0.01 sys=0.00, real=0.00 secs] 
2020-02-15T12:24:51.453+0800: 1208.886: [GC (CMS Initial Mark) [1 CMS-initial-mark: 37902K(43712K)] 43188K(63360K), 0.0069266 secs] [Times: user=0.01 sys=0.00, real=0.00 secs] 
2020-02-15T12:24:51.460+0800: 1208.893: Total time for which application threads were stopped: 0.0071788 seconds, Stopping threads took: 0.0000588 seconds
2020-02-15T12:24:51.461+0800: 1208.893: [CMS-concurrent-mark-start]
2020-02-15T12:24:51.533+0800: 1208.965: [CMS-concurrent-mark: 0.072/0.072 secs] [Times: user=0.07 sys=0.00, real=0.08 secs] 
2020-02-15T12:24:51.533+0800: 1208.965: [CMS-concurrent-preclean-start]
2020-02-15T12:24:51.535+0800: 1208.967: [CMS-concurrent-preclean: 0.002/0.002 secs] [Times: user=0.00 sys=0.00, real=0.00 secs] 
2020-02-15T12:24:51.535+0800: 1208.968: [CMS-concurrent-abortable-preclean-start]
2020-02-15T12:24:54.461+0800: 1211.893: Total time for which application threads were stopped: 0.0001450 seconds, Stopping threads took: 0.0000421 seconds
2020-02-15T12:24:56.461+0800: 1213.893: Total time for which application threads were stopped: 0.0001458 seconds, Stopping threads took: 0.0000424 seconds
 CMS: abort preclean due to time 2020-02-15T12:24:56.566+0800: 1213.998: [CMS-concurrent-abortable-preclean: 0.118/5.030 secs] [Times: user=0.15 sys=0.00, real=5.03 secs] 
2020-02-15T12:24:56.566+0800: 1213.998: [GC (CMS Final Remark) [YG occupancy: 7361 K (19648 K)]2020-02-15T12:24:56.566+0800: 1213.998: [Rescan (parallel) , 0.0078397 secs]2020-02-15T12:24:56.574+0800: 1214.006: [weak refs processing, 0.0002662 secs]2020-02-15T12:24:56.574+0800: 1214.006: [class unloading, 0.0145626 secs]2020-02-15T12:24:56.589+0800: 1214.021: [scrub symbol table, 0.0110908 secs]2020-02-15T12:24:56.600+0800: 1214.032: [scrub string table, 0.0010286 secs][1 CMS-remark: 37902K(43712K)] 45263K(63360K), 0.0350080 secs] [Times: user=0.03 sys=0.00, real=0.03 secs] 
2020-02-15T12:24:56.601+0800: 1214.033: Total time for which application threads were stopped: 0.0351687 seconds, Stopping threads took: 0.0000373 seconds
2020-02-15T12:24:56.601+0800: 1214.033: [CMS-concurrent-sweep-start]
2020-02-15T12:24:56.621+0800: 1214.053: [CMS-concurrent-sweep: 0.020/0.020 secs] [Times: user=0.02 sys=0.00, real=0.02 secs] 
2020-02-15T12:24:56.621+0800: 1214.053: [CMS-concurrent-reset-start]
2020-02-15T12:24:56.621+0800: 1214.053: [CMS-concurrent-reset: 0.000/0.000 secs] [Times: user=0.00 sys=0.00, real=0.00 secs] 
2020-02-15T12:24:58.620+0800: 1216.053: [GC (CMS Initial Mark) [1 CMS-initial-mark: 37902K(43712K)] 45889K(63360K), 0.0075428 secs] [Times: user=0.01 sys=0.00, real=0.01 secs] 
2020-02-15T12:24:58.628+0800: 1216.060: Total time for which application threads were stopped: 0.0077423 seconds, Stopping threads took: 0.0000335 seconds
2020-02-15T12:24:58.628+0800: 1216.060: [CMS-concurrent-mark-start]
2020-02-15T12:24:58.697+0800: 1216.129: [CMS-concurrent-mark: 0.069/0.069 secs] [Times: user=0.06 sys=0.00, real=0.07 secs] 
2020-02-15T12:24:58.697+0800: 1216.129: [CMS-concurrent-preclean-start]
2020-02-15T12:24:58.705+0800: 1216.137: [CMS-concurrent-preclean: 0.008/0.008 secs] [Times: user=0.01 sys=0.00, real=0.01 secs] 
2020-02-15T12:24:58.705+0800: 1216.137: [CMS-concurrent-abortable-preclean-start]
2020-02-15T12:24:59.628+0800: 1217.060: Total time for which application threads were stopped: 0.0001618 seconds, Stopping threads took: 0.0000429 seconds
 CMS: abort preclean due to time 2020-02-15T12:25:03.751+0800: 1221.183: [CMS-concurrent-abortable-preclean: 0.122/5.047 secs] [Times: user=0.15 sys=0.00, real=5.05 secs] 
2020-02-15T12:25:03.752+0800: 1221.184: [GC (CMS Final Remark) [YG occupancy: 9501 K (19648 K)]2020-02-15T12:25:03.752+0800: 1221.184: [Rescan (parallel) , 0.0090128 secs]2020-02-15T12:25:03.761+0800: 1221.193: [weak refs processing, 0.0002592 secs]2020-02-15T12:25:03.761+0800: 1221.193: [class unloading, 0.0143769 secs]2020-02-15T12:25:03.775+0800: 1221.207: [scrub symbol table, 0.0112569 secs]2020-02-15T12:25:03.787+0800: 1221.219: [scrub string table, 0.0009863 secs][1 CMS-remark: 37902K(43712K)] 47403K(63360K), 0.0361309 secs] [Times: user=0.03 sys=0.00, real=0.03 secs] 
2020-02-15T12:25:03.788+0800: 1221.220: Total time for which application threads were stopped: 0.0363116 seconds, Stopping threads took: 0.0000468 seconds
2020-02-15T12:25:03.788+0800: 1221.220: [CMS-concurrent-sweep-start]
2020-02-15T12:25:03.807+0800: 1221.239: [CMS-concurrent-sweep: 0.019/0.019 secs] [Times: user=0.02 sys=0.00, real=0.02 secs] 
2020-02-15T12:25:03.807+0800: 1221.239: [CMS-concurrent-reset-start]
2020-02-15T12:25:03.807+0800: 1221.239: [CMS-concurrent-reset: 0.000/0.000 secs] [Times: user=0.00 sys=0.00, real=0.00 secs] 
2020-02-15T12:25:05.788+0800: 1223.220: Total time for which application threads were stopped: 0.0001625 seconds, Stopping threads took: 0.0000509 seconds
2020-02-15T12:25:05.806+0800: 1223.239: [GC (CMS Initial Mark) [1 CMS-initial-mark: 37902K(43712K)] 48363K(63360K), 0.0093204 secs] [Times: user=0.00 sys=0.00, real=0.01 secs] 
2020-02-15T12:25:05.816+0800: 1223.248: Total time for which application threads were stopped: 0.0095400 seconds, Stopping threads took: 0.0000534 seconds
2020-02-15T12:25:05.816+0800: 1223.248: [CMS-concurrent-mark-start]
2020-02-15T12:25:05.887+0800: 1223.319: [CMS-concurrent-mark: 0.071/0.071 secs] [Times: user=0.07 sys=0.00, real=0.07 secs] 
2020-02-15T12:25:05.887+0800: 1223.319: [CMS-concurrent-preclean-start]
2020-02-15T12:25:05.889+0800: 1223.321: [CMS-concurrent-preclean: 0.002/0.002 secs] [Times: user=0.01 sys=0.00, real=0.00 secs] 
2020-02-15T12:25:05.889+0800: 1223.321: [CMS-concurrent-abortable-preclean-start]
2020-02-15T12:25:06.816+0800: 1224.248: Total time for which application threads were stopped: 0.0001800 seconds, Stopping threads took: 0.0000451 seconds
2020-02-15T12:25:08.816+0800: 1226.249: Total time for which application threads were stopped: 0.0001649 seconds, Stopping threads took: 0.0000569 seconds
2020-02-15T12:25:10.817+0800: 1228.249: Total time for which application threads were stopped: 0.0002061 seconds, Stopping threads took: 0.0000531 seconds
 CMS: abort preclean due to time 2020-02-15T12:25:10.922+0800: 1228.354: [CMS-concurrent-abortable-preclean: 0.122/5.033 secs] [Times: user=0.14 sys=0.01, real=5.04 secs] 
2020-02-15T12:25:10.922+0800: 1228.354: [GC (CMS Final Remark) [YG occupancy: 11673 K (19648 K)]2020-02-15T12:25:10.922+0800: 1228.354: [Rescan (parallel) , 0.0102871 secs]2020-02-15T12:25:10.933+0800: 1228.365: [weak refs processing, 0.0002710 secs]2020-02-15T12:25:10.933+0800: 1228.365: [class unloading, 0.0191581 secs]2020-02-15T12:25:10.952+0800: 1228.384: [scrub symbol table, 0.0111744 secs]2020-02-15T12:25:10.964+0800: 1228.396: [scrub string table, 0.0010256 secs][1 CMS-remark: 37902K(43712K)] 49575K(63360K), 0.0423922 secs] [Times: user=0.04 sys=0.00, real=0.04 secs] 
2020-02-15T12:25:10.965+0800: 1228.397: Total time for which application threads were stopped: 0.0425511 seconds, Stopping threads took: 0.0000389 seconds
2020-02-15T12:25:10.967+0800: 1228.399: [CMS-concurrent-sweep-start]
2020-02-15T12:25:10.987+0800: 1228.419: [CMS-concurrent-sweep: 0.020/0.020 secs] [Times: user=0.02 sys=0.00, real=0.02 secs] 
2020-02-15T12:25:10.987+0800: 1228.419: [CMS-concurrent-reset-start]
2020-02-15T12:25:10.987+0800: 1228.419: [CMS-concurrent-reset: 0.000/0.000 secs] [Times: user=0.00 sys=0.00, real=0.00 secs] 
2020-02-15T12:25:11.965+0800: 1229.397: Total time for which application threads were stopped: 0.0001590 seconds, Stopping threads took: 0.0000441 seconds
2020-02-15T12:25:12.986+0800: 1230.418: [GC (CMS Initial Mark) [1 CMS-initial-mark: 37902K(43712K)] 50270K(63360K), 0.0106629 secs] [Times: user=0.01 sys=0.00, real=0.01 secs] 
2020-02-15T12:25:12.997+0800: 1230.429: Total time for which application threads were stopped: 0.0108731 seconds, Stopping threads took: 0.0000435 seconds
2020-02-15T12:25:12.997+0800: 1230.429: [CMS-concurrent-mark-start]
2020-02-15T12:25:13.070+0800: 1230.502: [CMS-concurrent-mark: 0.073/0.073 secs] [Times: user=0.07 sys=0.00, real=0.07 secs] 
2020-02-15T12:25:13.070+0800: 1230.502: [CMS-concurrent-preclean-start]
2020-02-15T12:25:13.072+0800: 1230.504: [CMS-concurrent-preclean: 0.002/0.002 secs] [Times: user=0.00 sys=0.00, real=0.01 secs] 
2020-02-15T12:25:13.072+0800: 1230.505: [CMS-concurrent-abortable-preclean-start]
2020-02-15T12:25:14.997+0800: 1232.429: Total time for which application threads were stopped: 0.0001513 seconds, Stopping threads took: 0.0000468 seconds
2020-02-15T12:25:16.998+0800: 1234.430: Total time for which application threads were stopped: 0.0001524 seconds, Stopping threads took: 0.0000447 seconds
 CMS: abort preclean due to time 2020-02-15T12:25:18.127+0800: 1235.559: [CMS-concurrent-abortable-preclean: 0.120/5.055 secs] [Times: user=0.16 sys=0.00, real=5.05 secs] 
2020-02-15T12:25:18.128+0800: 1235.560: [GC (CMS Final Remark) [YG occupancy: 14576 K (19648 K)]2020-02-15T12:25:18.128+0800: 1235.560: [Rescan (parallel) , 0.0115183 secs]2020-02-15T12:25:18.139+0800: 1235.571: [weak refs processing, 0.0002776 secs]2020-02-15T12:25:18.139+0800: 1235.572: [class unloading, 0.0141756 secs]2020-02-15T12:25:18.154+0800: 1235.586: [scrub symbol table, 0.0105760 secs]2020-02-15T12:25:18.164+0800: 1235.596: [scrub string table, 0.0010005 secs][1 CMS-remark: 37902K(43712K)] 52478K(63360K), 0.0377795 secs] [Times: user=0.03 sys=0.00, real=0.04 secs] 
2020-02-15T12:25:18.165+0800: 1235.598: Total time for which application threads were stopped: 0.0379434 seconds, Stopping threads took: 0.0000421 seconds
2020-02-15T12:25:18.165+0800: 1235.598: [CMS-concurrent-sweep-start]
2020-02-15T12:25:18.185+0800: 1235.617: [CMS-concurrent-sweep: 0.019/0.019 secs] [Times: user=0.02 sys=0.00, real=0.02 secs] 
2020-02-15T12:25:18.185+0800: 1235.617: [CMS-concurrent-reset-start]
2020-02-15T12:25:18.185+0800: 1235.617: [CMS-concurrent-reset: 0.000/0.000 secs] [Times: user=0.00 sys=0.00, real=0.00 secs] 
2020-02-15T12:25:19.166+0800: 1236.598: Total time for which application threads were stopped: 0.0001550 seconds, Stopping threads took: 0.0000429 seconds
2020-02-15T12:25:20.185+0800: 1237.617: [GC (CMS Initial Mark) [1 CMS-initial-mark: 37902K(43712K)] 53254K(63360K), 0.0129731 secs] [Times: user=0.01 sys=0.00, real=0.01 secs] 
2020-02-15T12:25:20.198+0800: 1237.630: Total time for which application threads were stopped: 0.0131890 seconds, Stopping threads took: 0.0000425 seconds
2020-02-15T12:25:20.198+0800: 1237.630: [CMS-concurrent-mark-start]
2020-02-15T12:25:20.271+0800: 1237.703: [CMS-concurrent-mark: 0.073/0.073 secs] [Times: user=0.07 sys=0.00, real=0.07 secs] 
2020-02-15T12:25:20.271+0800: 1237.703: [CMS-concurrent-preclean-start]
2020-02-15T12:25:20.274+0800: 1237.706: [CMS-concurrent-preclean: 0.002/0.003 secs] [Times: user=0.01 sys=0.00, real=0.01 secs] 
2020-02-15T12:25:20.274+0800: 1237.706: [CMS-concurrent-abortable-preclean-start]
2020-02-15T12:25:22.199+0800: 1239.631: Total time for which application threads were stopped: 0.0001534 seconds, Stopping threads took: 0.0000482 seconds
2020-02-15T12:25:24.200+0800: 1241.632: Total time for which application threads were stopped: 0.0001734 seconds, Stopping threads took: 0.0000679 seconds
 CMS: abort preclean due to time 2020-02-15T12:25:25.330+0800: 1242.762: [CMS-concurrent-abortable-preclean: 0.123/5.056 secs] [Times: user=0.14 sys=0.01, real=5.05 secs] 
2020-02-15T12:25:25.330+0800: 1242.762: [GC (CMS Final Remark) [YG occupancy: 17423 K (19648 K)]2020-02-15T12:25:25.330+0800: 1242.762: [Rescan (parallel) , 0.0129403 secs]2020-02-15T12:25:25.343+0800: 1242.775: [weak refs processing, 0.0002685 secs]2020-02-15T12:25:25.343+0800: 1242.775: [class unloading, 0.0138024 secs]2020-02-15T12:25:25.357+0800: 1242.789: [scrub symbol table, 0.0116172 secs]2020-02-15T12:25:25.369+0800: 1242.801: [scrub string table, 0.0009733 secs][1 CMS-remark: 37902K(43712K)] 55325K(63360K), 0.0398189 secs] [Times: user=0.04 sys=0.00, real=0.04 secs] 
2020-02-15T12:25:25.370+0800: 1242.802: Total time for which application threads were stopped: 0.0399751 seconds, Stopping threads took: 0.0000387 seconds
2020-02-15T12:25:25.370+0800: 1242.802: [CMS-concurrent-sweep-start]
2020-02-15T12:25:25.388+0800: 1242.820: [CMS-concurrent-sweep: 0.018/0.018 secs] [Times: user=0.02 sys=0.00, real=0.02 secs] 
2020-02-15T12:25:25.388+0800: 1242.820: [CMS-concurrent-reset-start]
2020-02-15T12:25:25.388+0800: 1242.821: [CMS-concurrent-reset: 0.000/0.000 secs] [Times: user=0.00 sys=0.00, real=0.00 secs] 
2020-02-15T12:25:25.996+0800: 1243.428: [GC (Allocation Failure) 2020-02-15T12:25:25.996+0800: 1243.428: [ParNew
Desired survivor size 1114112 bytes, new threshold 6 (max 6)
- age   1:      28832 bytes,      28832 total
- age   2:        368 bytes,      29200 total
- age   3:       3032 bytes,      32232 total
- age   4:       2976 bytes,      35208 total
- age   5:       1456 bytes,      36664 total
- age   6:       2120 bytes,      38784 total
: 17528K->73K(19648K), 0.0062350 secs] 55430K->37977K(63360K), 0.0063625 secs] [Times: user=0.00 sys=0.00, real=0.01 secs] 
2020-02-15T12:25:26.003+0800: 1243.435: Total time for which application threads were stopped: 0.0066221 seconds, Stopping threads took: 0.0000407 seconds
2020-02-15T12:25:26.005+0800: 1243.437: [GC (CMS Initial Mark) [1 CMS-initial-mark: 37904K(43712K)] 38167K(63360K), 0.0045695 secs] [Times: user=0.00 sys=0.00, real=0.00 secs] 
2020-02-15T12:25:26.009+0800: 1243.442: Total time for which application threads were stopped: 0.0047930 seconds, Stopping threads took: 0.0000301 seconds
2020-02-15T12:25:26.009+0800: 1243.442: [CMS-concurrent-mark-start]
2020-02-15T12:25:26.014+0800: 1243.446: Total time for which application threads were stopped: 0.0001519 seconds, Stopping threads took: 0.0000339 seconds
2020-02-15T12:25:26.014+0800: 1243.446: Total time for which application threads were stopped: 0.0000685 seconds, Stopping threads took: 0.0000135 seconds
2020-02-15T12:25:26.014+0800: 1243.446: Total time for which application threads were stopped: 0.0002359 seconds, Stopping threads took: 0.0000119 seconds
2020-02-15T12:25:26.121+0800: 1243.553: [CMS-concurrent-mark: 0.111/0.111 secs] [Times: user=0.11 sys=0.00, real=0.11 secs] 
2020-02-15T12:25:26.121+0800: 1243.553: [CMS-concurrent-preclean-start]
2020-02-15T12:25:26.124+0800: 1243.556: [CMS-concurrent-preclean: 0.003/0.003 secs] [Times: user=0.00 sys=0.00, real=0.01 secs] 
2020-02-15T12:25:26.124+0800: 1243.556: [GC (CMS Final Remark) [YG occupancy: 263 K (19648 K)]2020-02-15T12:25:26.124+0800: 1243.556: [Rescan (parallel) , 0.0045529 secs]2020-02-15T12:25:26.129+0800: 1243.561: [weak refs processing, 0.0003676 secs]2020-02-15T12:25:26.129+0800: 1243.561: [class unloading, 0.0212394 secs]2020-02-15T12:25:26.150+0800: 1243.582: [scrub symbol table, 0.0190935 secs]2020-02-15T12:25:26.169+0800: 1243.602: [scrub string table, 0.0014862 secs][1 CMS-remark: 37904K(43712K)] 38167K(63360K), 0.0470801 secs] [Times: user=0.05 sys=0.00, real=0.04 secs] 
2020-02-15T12:25:26.171+0800: 1243.603: Total time for which application threads were stopped: 0.0473310 seconds, Stopping threads took: 0.0000527 seconds
2020-02-15T12:25:26.171+0800: 1243.603: [CMS-concurrent-sweep-start]
2020-02-15T12:25:26.200+0800: 1243.632: [CMS-concurrent-sweep: 0.029/0.029 secs] [Times: user=0.03 sys=0.00, real=0.03 secs] 
2020-02-15T12:25:26.200+0800: 1243.632: [CMS-concurrent-reset-start]
2020-02-15T12:25:26.200+0800: 1243.632: [CMS-concurrent-reset: 0.000/0.000 secs] [Times: user=0.00 sys=0.00, real=0.00 secs] 
2020-02-15T12:25:28.199+0800: 1245.632: [GC (CMS Initial Mark) [1 CMS-initial-mark: 37904K(43712K)] 38722K(63360K), 0.0044437 secs] [Times: user=0.01 sys=0.00, real=0.01 secs] 
2020-02-15T12:25:28.204+0800: 1245.636: Total time for which application threads were stopped: 0.0047029 seconds, Stopping threads took: 0.0000541 seconds
2020-02-15T12:25:28.204+0800: 1245.636: [CMS-concurrent-mark-start]
2020-02-15T12:25:28.278+0800: 1245.711: [CMS-concurrent-mark: 0.074/0.074 secs] [Times: user=0.07 sys=0.00, real=0.07 secs] 
2020-02-15T12:25:28.279+0800: 1245.711: [CMS-concurrent-preclean-start]
2020-02-15T12:25:28.281+0800: 1245.713: [CMS-concurrent-preclean: 0.002/0.002 secs] [Times: user=0.00 sys=0.00, real=0.00 secs] 
2020-02-15T12:25:28.281+0800: 1245.713: [GC (CMS Final Remark) [YG occupancy: 818 K (19648 K)]2020-02-15T12:25:28.281+0800: 1245.713: [Rescan (parallel) , 0.0037013 secs]2020-02-15T12:25:28.285+0800: 1245.717: [weak refs processing, 0.0002593 secs]2020-02-15T12:25:28.285+0800: 1245.717: [class unloading, 0.0160356 secs]2020-02-15T12:25:28.301+0800: 1245.733: [scrub symbol table, 0.0146856 secs]2020-02-15T12:25:28.316+0800: 1245.748: [scrub string table, 0.0009935 secs][1 CMS-remark: 37904K(43712K)] 38722K(63360K), 0.0358856 secs] [Times: user=0.04 sys=0.00, real=0.04 secs] 
2020-02-15T12:25:28.317+0800: 1245.749: Total time for which application threads were stopped: 0.0360573 seconds, Stopping threads took: 0.0000396 seconds
2020-02-15T12:25:28.317+0800: 1245.749: [CMS-concurrent-sweep-start]
2020-02-15T12:25:28.336+0800: 1245.768: [CMS-concurrent-sweep: 0.018/0.018 secs] [Times: user=0.02 sys=0.00, real=0.02 secs] 
2020-02-15T12:25:28.336+0800: 1245.768: [CMS-concurrent-reset-start]
2020-02-15T12:25:28.336+0800: 1245.768: [CMS-concurrent-reset: 0.000/0.000 secs] [Times: user=0.00 sys=0.00, real=0.00 secs] 
2020-02-15T12:25:30.335+0800: 1247.767: [GC (CMS Initial Mark) [1 CMS-initial-mark: 37904K(43712K)] 39546K(63360K), 0.0048464 secs] [Times: user=0.00 sys=0.00, real=0.00 secs] 
2020-02-15T12:25:30.340+0800: 1247.772: Total time for which application threads were stopped: 0.0050676 seconds, Stopping threads took: 0.0000478 seconds
2020-02-15T12:25:30.340+0800: 1247.772: [CMS-concurrent-mark-start]
2020-02-15T12:25:30.414+0800: 1247.846: [CMS-concurrent-mark: 0.074/0.074 secs] [Times: user=0.08 sys=0.00, real=0.08 secs] 
2020-02-15T12:25:30.414+0800: 1247.846: [CMS-concurrent-preclean-start]
2020-02-15T12:25:30.417+0800: 1247.849: [CMS-concurrent-preclean: 0.003/0.003 secs] [Times: user=0.00 sys=0.00, real=0.00 secs] 
2020-02-15T12:25:30.417+0800: 1247.849: [GC (CMS Final Remark) [YG occupancy: 1642 K (19648 K)]2020-02-15T12:25:30.417+0800: 1247.849: [Rescan (parallel) , 0.0043796 secs]2020-02-15T12:25:30.421+0800: 1247.853: [weak refs processing, 0.0002673 secs]2020-02-15T12:25:30.422+0800: 1247.854: [class unloading, 0.0147342 secs]2020-02-15T12:25:30.436+0800: 1247.868: [scrub symbol table, 0.0135044 secs]2020-02-15T12:25:30.450+0800: 1247.882: [scrub string table, 0.0010118 secs][1 CMS-remark: 37904K(43712K)] 39546K(63360K), 0.0341155 secs] [Times: user=0.03 sys=0.00, real=0.03 secs] 
2020-02-15T12:25:30.451+0800: 1247.883: Total time for which application threads were stopped: 0.0342814 seconds, Stopping threads took: 0.0000427 seconds
2020-02-15T12:25:30.451+0800: 1247.883: [CMS-concurrent-sweep-start]
2020-02-15T12:25:30.470+0800: 1247.902: [CMS-concurrent-sweep: 0.019/0.019 secs] [Times: user=0.02 sys=0.00, real=0.02 secs] 
2020-02-15T12:25:30.470+0800: 1247.902: [CMS-concurrent-reset-start]
2020-02-15T12:25:30.470+0800: 1247.902: [CMS-concurrent-reset: 0.000/0.000 secs] [Times: user=0.00 sys=0.00, real=0.00 secs] 
2020-02-15T12:25:32.469+0800: 1249.902: [GC (CMS Initial Mark) [1 CMS-initial-mark: 37904K(43712K)] 40250K(63360K), 0.0051620 secs] [Times: user=0.00 sys=0.00, real=0.01 secs] 
2020-02-15T12:25:32.475+0800: 1249.907: Total time for which application threads were stopped: 0.0053882 seconds, Stopping threads took: 0.0000434 seconds
2020-02-15T12:25:32.475+0800: 1249.907: [CMS-concurrent-mark-start]
2020-02-15T12:25:32.547+0800: 1249.979: [CMS-concurrent-mark: 0.072/0.072 secs] [Times: user=0.07 sys=0.00, real=0.07 secs] 
2020-02-15T12:25:32.547+0800: 1249.979: [CMS-concurrent-preclean-start]
2020-02-15T12:25:32.549+0800: 1249.982: [CMS-concurrent-preclean: 0.003/0.003 secs] [Times: user=0.00 sys=0.00, real=0.00 secs] 
2020-02-15T12:25:32.550+0800: 1249.982: [CMS-concurrent-abortable-preclean-start]
2020-02-15T12:25:34.475+0800: 1251.907: Total time for which application threads were stopped: 0.0001551 seconds, Stopping threads took: 0.0000447 seconds
 CMS: abort preclean due to time 2020-02-15T12:25:37.621+0800: 1255.053: [CMS-concurrent-abortable-preclean: 0.115/5.071 secs] [Times: user=0.20 sys=0.00, real=5.07 secs] 
2020-02-15T12:25:37.621+0800: 1255.053: [GC (CMS Final Remark) [YG occupancy: 4248 K (19648 K)]2020-02-15T12:25:37.621+0800: 1255.053: [Rescan (parallel) , 0.0050702 secs]2020-02-15T12:25:37.626+0800: 1255.058: [weak refs processing, 0.0125564 secs]2020-02-15T12:25:37.639+0800: 1255.071: [class unloading, 0.0480242 secs]2020-02-15T12:25:37.687+0800: 1255.119: [scrub symbol table, 0.0443424 secs]2020-02-15T12:25:37.731+0800: 1255.163: [scrub string table, 0.0009940 secs][1 CMS-remark: 37904K(43712K)] 42153K(63360K), 0.1112038 secs] [Times: user=0.03 sys=0.00, real=0.12 secs] 
2020-02-15T12:25:37.754+0800: 1255.186: Total time for which application threads were stopped: 0.1333355 seconds, Stopping threads took: 0.0000440 seconds
2020-02-15T12:25:37.754+0800: 1255.187: [CMS-concurrent-sweep-start]
2020-02-15T12:25:37.814+0800: 1255.246: [CMS-concurrent-sweep: 0.059/0.059 secs] [Times: user=0.02 sys=0.00, real=0.06 secs] 
2020-02-15T12:25:37.814+0800: 1255.246: [CMS-concurrent-reset-start]
2020-02-15T12:25:37.814+0800: 1255.246: [CMS-concurrent-reset: 0.000/0.000 secs] [Times: user=0.00 sys=0.00, real=0.00 secs] 
2020-02-15T12:25:39.817+0800: 1257.249: [GC (CMS Initial Mark) [1 CMS-initial-mark: 37904K(43712K)] 42955K(63360K), 0.0198863 secs] [Times: user=0.01 sys=0.00, real=0.02 secs] 
2020-02-15T12:25:39.836+0800: 1257.269: Total time for which application threads were stopped: 0.0201224 seconds, Stopping threads took: 0.0000484 seconds
2020-02-15T12:25:39.837+0800: 1257.269: [CMS-concurrent-mark-start]
2020-02-15T12:25:40.157+0800: 1257.590: [CMS-concurrent-mark: 0.321/0.321 secs] [Times: user=0.07 sys=0.00, real=0.32 secs] 
2020-02-15T12:25:40.158+0800: 1257.590: [CMS-concurrent-preclean-start]
2020-02-15T12:25:40.160+0800: 1257.592: [CMS-concurrent-preclean: 0.002/0.002 secs] [Times: user=0.00 sys=0.00, real=0.00 secs] 
2020-02-15T12:25:40.160+0800: 1257.592: [CMS-concurrent-abortable-preclean-start]
2020-02-15T12:25:41.844+0800: 1259.276: Total time for which application threads were stopped: 0.0001683 seconds, Stopping threads took: 0.0000713 seconds
 CMS: abort preclean due to time 2020-02-15T12:25:45.203+0800: 1262.635: [CMS-concurrent-abortable-preclean: 0.114/5.043 secs] [Times: user=0.15 sys=0.00, real=5.05 secs] 
2020-02-15T12:25:45.203+0800: 1262.635: [GC (CMS Final Remark) [YG occupancy: 7261 K (19648 K)]2020-02-15T12:25:45.203+0800: 1262.635: [Rescan (parallel) , 0.0177031 secs]2020-02-15T12:25:45.221+0800: 1262.653: [weak refs processing, 0.0002730 secs]2020-02-15T12:25:45.221+0800: 1262.653: [class unloading, 0.0614157 secs]2020-02-15T12:25:45.283+0800: 1262.715: [scrub symbol table, 0.0140745 secs]2020-02-15T12:25:45.297+0800: 1262.729: [scrub string table, 0.0149743 secs][1 CMS-remark: 37904K(43712K)] 45166K(63360K), 0.1086809 secs] [Times: user=0.03 sys=0.01, real=0.11 secs] 
2020-02-15T12:25:45.312+0800: 1262.744: Total time for which application threads were stopped: 0.1088627 seconds, Stopping threads took: 0.0000369 seconds
2020-02-15T12:25:45.312+0800: 1262.744: [CMS-concurrent-sweep-start]
2020-02-15T12:25:45.360+0800: 1262.792: [CMS-concurrent-sweep: 0.048/0.048 secs] [Times: user=0.02 sys=0.00, real=0.04 secs] 
2020-02-15T12:25:45.360+0800: 1262.792: [CMS-concurrent-reset-start]
2020-02-15T12:25:45.360+0800: 1262.792: [CMS-concurrent-reset: 0.000/0.000 secs] [Times: user=0.00 sys=0.00, real=0.00 secs] 
2020-02-15T12:25:47.362+0800: 1264.794: [GC (CMS Initial Mark) [1 CMS-initial-mark: 37904K(43712K)] 45921K(63360K), 0.0076188 secs] [Times: user=0.00 sys=0.00, real=0.00 secs] 
2020-02-15T12:25:47.369+0800: 1264.801: Total time for which application threads were stopped: 0.0077986 seconds, Stopping threads took: 0.0000395 seconds
2020-02-15T12:25:47.369+0800: 1264.801: [CMS-concurrent-mark-start]
2020-02-15T12:25:47.589+0800: 1265.021: [CMS-concurrent-mark: 0.219/0.219 secs] [Times: user=0.07 sys=0.00, real=0.22 secs] 
2020-02-15T12:25:47.589+0800: 1265.021: [CMS-concurrent-preclean-start]
2020-02-15T12:25:47.591+0800: 1265.024: [CMS-concurrent-preclean: 0.003/0.003 secs] [Times: user=0.01 sys=0.00, real=0.01 secs] 
2020-02-15T12:25:47.591+0800: 1265.024: [CMS-concurrent-abortable-preclean-start]
2020-02-15T12:25:51.395+0800: 1268.827: Total time for which application threads were stopped: 0.0001540 seconds, Stopping threads took: 0.0000392 seconds
 CMS: abort preclean due to time 2020-02-15T12:25:52.625+0800: 1270.057: [CMS-concurrent-abortable-preclean: 0.141/5.034 secs] [Times: user=0.13 sys=0.00, real=5.03 secs] 
2020-02-15T12:25:52.626+0800: 1270.058: [GC (CMS Final Remark) [YG occupancy: 9595 K (19648 K)]2020-02-15T12:25:52.626+0800: 1270.058: [Rescan (parallel) , 0.0084271 secs]2020-02-15T12:25:52.634+0800: 1270.066: [weak refs processing, 0.0002466 secs]2020-02-15T12:25:52.634+0800: 1270.066: [class unloading, 0.0139513 secs]2020-02-15T12:25:52.648+0800: 1270.080: [scrub symbol table, 0.0098102 secs]2020-02-15T12:25:52.658+0800: 1270.090: [scrub string table, 0.0011477 secs][1 CMS-remark: 37904K(43712K)] 47499K(63360K), 0.0338145 secs] [Times: user=0.03 sys=0.00, real=0.03 secs] 
2020-02-15T12:25:52.659+0800: 1270.092: Total time for which application threads were stopped: 0.0339767 seconds, Stopping threads took: 0.0000386 seconds
2020-02-15T12:25:52.659+0800: 1270.092: [CMS-concurrent-sweep-start]
2020-02-15T12:25:52.678+0800: 1270.110: [CMS-concurrent-sweep: 0.018/0.018 secs] [Times: user=0.02 sys=0.00, real=0.02 secs] 
2020-02-15T12:25:52.678+0800: 1270.110: [CMS-concurrent-reset-start]
2020-02-15T12:25:52.678+0800: 1270.110: [CMS-concurrent-reset: 0.000/0.000 secs] [Times: user=0.00 sys=0.00, real=0.00 secs] 
2020-02-15T12:25:54.677+0800: 1272.109: [GC (CMS Initial Mark) [1 CMS-initial-mark: 37904K(43712K)] 48245K(63360K), 0.0096749 secs] [Times: user=0.01 sys=0.00, real=0.01 secs] 
2020-02-15T12:25:54.687+0800: 1272.119: Total time for which application threads were stopped: 0.0098567 seconds, Stopping threads took: 0.0000442 seconds
2020-02-15T12:25:54.687+0800: 1272.119: [CMS-concurrent-mark-start]
2020-02-15T12:25:54.757+0800: 1272.189: [CMS-concurrent-mark: 0.070/0.070 secs] [Times: user=0.07 sys=0.00, real=0.07 secs] 
2020-02-15T12:25:54.757+0800: 1272.189: [CMS-concurrent-preclean-start]
2020-02-15T12:25:54.759+0800: 1272.191: [CMS-concurrent-preclean: 0.002/0.002 secs] [Times: user=0.00 sys=0.00, real=0.00 secs] 
2020-02-15T12:25:54.759+0800: 1272.191: [CMS-concurrent-abortable-preclean-start]
2020-02-15T12:25:57.687+0800: 1275.119: Total time for which application threads were stopped: 0.0001588 seconds, Stopping threads took: 0.0000415 seconds
 CMS: abort preclean due to time 2020-02-15T12:25:59.840+0800: 1277.272: [CMS-concurrent-abortable-preclean: 0.118/5.081 secs] [Times: user=0.13 sys=0.00, real=5.08 secs] 
2020-02-15T12:25:59.841+0800: 1277.273: [GC (CMS Final Remark) [YG occupancy: 12302 K (19648 K)]2020-02-15T12:25:59.841+0800: 1277.273: [Rescan (parallel) , 0.0097418 secs]2020-02-15T12:25:59.850+0800: 1277.282: [weak refs processing, 0.0002501 secs]2020-02-15T12:25:59.851+0800: 1277.283: [class unloading, 0.0132311 secs]2020-02-15T12:25:59.864+0800: 1277.296: [scrub symbol table, 0.0087025 secs]2020-02-15T12:25:59.873+0800: 1277.305: [scrub string table, 0.0011057 secs][1 CMS-remark: 37904K(43712K)] 50206K(63360K), 0.0331759 secs] [Times: user=0.03 sys=0.00, real=0.04 secs] 
2020-02-15T12:25:59.874+0800: 1277.306: Total time for which application threads were stopped: 0.0333386 seconds, Stopping threads took: 0.0000447 seconds
2020-02-15T12:25:59.874+0800: 1277.306: [CMS-concurrent-sweep-start]
2020-02-15T12:25:59.892+0800: 1277.324: [CMS-concurrent-sweep: 0.018/0.018 secs] [Times: user=0.02 sys=0.00, real=0.02 secs] 
2020-02-15T12:25:59.892+0800: 1277.324: [CMS-concurrent-reset-start]
2020-02-15T12:25:59.892+0800: 1277.324: [CMS-concurrent-reset: 0.000/0.000 secs] [Times: user=0.00 sys=0.00, real=0.00 secs] 
2020-02-15T12:26:01.891+0800: 1279.323: [GC (CMS Initial Mark) [1 CMS-initial-mark: 37904K(43712K)] 51026K(63360K), 0.0115563 secs] [Times: user=0.01 sys=0.00, real=0.02 secs] 
2020-02-15T12:26:01.903+0800: 1279.335: Total time for which application threads were stopped: 0.0117895 seconds, Stopping threads took: 0.0000561 seconds
2020-02-15T12:26:01.903+0800: 1279.335: [CMS-concurrent-mark-start]
2020-02-15T12:26:01.974+0800: 1279.406: [CMS-concurrent-mark: 0.071/0.071 secs] [Times: user=0.07 sys=0.00, real=0.07 secs] 
2020-02-15T12:26:01.974+0800: 1279.406: [CMS-concurrent-preclean-start]
2020-02-15T12:26:01.976+0800: 1279.409: [CMS-concurrent-preclean: 0.002/0.002 secs] [Times: user=0.00 sys=0.00, real=0.00 secs] 
2020-02-15T12:26:01.977+0800: 1279.409: [CMS-concurrent-abortable-preclean-start]
 CMS: abort preclean due to time 2020-02-15T12:26:07.001+0800: 1284.433: [CMS-concurrent-abortable-preclean: 0.117/5.024 secs] [Times: user=0.15 sys=0.00, real=5.02 secs] 
2020-02-15T12:26:07.001+0800: 1284.433: [GC (CMS Final Remark) [YG occupancy: 15143 K (19648 K)]2020-02-15T12:26:07.001+0800: 1284.433: [Rescan (parallel) , 0.0110205 secs]2020-02-15T12:26:07.012+0800: 1284.444: [weak refs processing, 0.0002518 secs]2020-02-15T12:26:07.012+0800: 1284.444: [class unloading, 0.0132997 secs]2020-02-15T12:26:07.025+0800: 1284.457: [scrub symbol table, 0.0090264 secs]2020-02-15T12:26:07.034+0800: 1284.467: [scrub string table, 0.0010291 secs][1 CMS-remark: 37904K(43712K)] 53047K(63360K), 0.0347871 secs] [Times: user=0.03 sys=0.00, real=0.04 secs] 
2020-02-15T12:26:07.036+0800: 1284.468: Total time for which application threads were stopped: 0.0349385 seconds, Stopping threads took: 0.0000370 seconds
2020-02-15T12:26:07.036+0800: 1284.468: [CMS-concurrent-sweep-start]
2020-02-15T12:26:07.054+0800: 1284.486: [CMS-concurrent-sweep: 0.019/0.019 secs] [Times: user=0.02 sys=0.00, real=0.02 secs] 
2020-02-15T12:26:07.054+0800: 1284.486: [CMS-concurrent-reset-start]
2020-02-15T12:26:07.054+0800: 1284.487: [CMS-concurrent-reset: 0.000/0.000 secs] [Times: user=0.00 sys=0.00, real=0.00 secs] 
2020-02-15T12:26:09.054+0800: 1286.486: [GC (CMS Initial Mark) [1 CMS-initial-mark: 37904K(43712K)] 53638K(63360K), 0.0117066 secs] [Times: user=0.01 sys=0.00, real=0.01 secs] 
2020-02-15T12:26:09.066+0800: 1286.498: Total time for which application threads were stopped: 0.0119272 seconds, Stopping threads took: 0.0000439 seconds
2020-02-15T12:26:09.066+0800: 1286.498: [CMS-concurrent-mark-start]
2020-02-15T12:26:09.146+0800: 1286.578: [CMS-concurrent-mark: 0.080/0.080 secs] [Times: user=0.08 sys=0.00, real=0.08 secs] 
2020-02-15T12:26:09.146+0800: 1286.578: [CMS-concurrent-preclean-start]
2020-02-15T12:26:09.148+0800: 1286.580: [CMS-concurrent-preclean: 0.002/0.002 secs] [Times: user=0.00 sys=0.00, real=0.00 secs] 
2020-02-15T12:26:09.148+0800: 1286.580: [CMS-concurrent-abortable-preclean-start]
2020-02-15T12:26:13.067+0800: 1290.499: Total time for which application threads were stopped: 0.0001845 seconds, Stopping threads took: 0.0000699 seconds
 CMS: abort preclean due to time 2020-02-15T12:26:14.195+0800: 1291.627: [CMS-concurrent-abortable-preclean: 0.117/5.047 secs] [Times: user=0.14 sys=0.00, real=5.05 secs] 
2020-02-15T12:26:14.195+0800: 1291.628: [GC (CMS Final Remark) [YG occupancy: 17422 K (19648 K)]2020-02-15T12:26:14.195+0800: 1291.628: [Rescan (parallel) , 0.0127706 secs]2020-02-15T12:26:14.208+0800: 1291.640: [weak refs processing, 0.0002671 secs]2020-02-15T12:26:14.209+0800: 1291.641: [class unloading, 0.0138335 secs]2020-02-15T12:26:14.222+0800: 1291.654: [scrub symbol table, 0.0093299 secs]2020-02-15T12:26:14.232+0800: 1291.664: [scrub string table, 0.0009798 secs][1 CMS-remark: 37904K(43712K)] 55326K(63360K), 0.0373563 secs] [Times: user=0.03 sys=0.00, real=0.04 secs] 
2020-02-15T12:26:14.233+0800: 1291.665: Total time for which application threads were stopped: 0.0375333 seconds, Stopping threads took: 0.0000523 seconds
2020-02-15T12:26:14.233+0800: 1291.665: [CMS-concurrent-sweep-start]
2020-02-15T12:26:14.251+0800: 1291.683: [CMS-concurrent-sweep: 0.018/0.018 secs] [Times: user=0.02 sys=0.00, real=0.01 secs] 
2020-02-15T12:26:14.251+0800: 1291.683: [CMS-concurrent-reset-start]
2020-02-15T12:26:14.251+0800: 1291.683: [CMS-concurrent-reset: 0.000/0.000 secs] [Times: user=0.00 sys=0.00, real=0.00 secs] 
2020-02-15T12:26:14.965+0800: 1292.397: [GC (Allocation Failure) 2020-02-15T12:26:14.965+0800: 1292.397: [ParNew
Desired survivor size 1114112 bytes, new threshold 6 (max 6)
- age   1:      35416 bytes,      35416 total
- age   2:       1840 bytes,      37256 total
- age   3:        288 bytes,      37544 total
- age   4:       3032 bytes,      40576 total
- age   5:       2976 bytes,      43552 total
- age   6:       1456 bytes,      45008 total
: 17545K->46K(19648K), 0.0039634 secs] 55449K->37952K(63360K), 0.0040468 secs] [Times: user=0.01 sys=0.00, real=0.00 secs] 
2020-02-15T12:26:14.969+0800: 1292.401: Total time for which application threads were stopped: 0.0042559 seconds, Stopping threads took: 0.0000370 seconds
2020-02-15T12:26:14.975+0800: 1292.407: [GC (CMS Initial Mark) [1 CMS-initial-mark: 37906K(43712K)] 38445K(63360K), 0.0027303 secs] [Times: user=0.00 sys=0.00, real=0.00 secs] 
2020-02-15T12:26:14.977+0800: 1292.409: Total time for which application threads were stopped: 0.0028150 seconds, Stopping threads took: 0.0000128 seconds
2020-02-15T12:26:14.977+0800: 1292.410: [CMS-concurrent-mark-start]
2020-02-15T12:26:14.984+0800: 1292.416: Total time for which application threads were stopped: 0.0000583 seconds, Stopping threads took: 0.0000138 seconds
2020-02-15T12:26:15.044+0800: 1292.476: [CMS-concurrent-mark: 0.066/0.066 secs] [Times: user=0.07 sys=0.00, real=0.07 secs] 
2020-02-15T12:26:15.044+0800: 1292.476: [CMS-concurrent-preclean-start]
2020-02-15T12:26:15.046+0800: 1292.478: [CMS-concurrent-preclean: 0.002/0.002 secs] [Times: user=0.00 sys=0.00, real=0.00 secs] 
2020-02-15T12:26:15.046+0800: 1292.478: [GC (CMS Final Remark) [YG occupancy: 563 K (19648 K)]2020-02-15T12:26:15.046+0800: 1292.478: [Rescan (parallel) , 0.0024501 secs]2020-02-15T12:26:15.049+0800: 1292.481: [weak refs processing, 0.0002264 secs]2020-02-15T12:26:15.049+0800: 1292.481: [class unloading, 0.0137947 secs]2020-02-15T12:26:15.063+0800: 1292.495: [scrub symbol table, 0.0087075 secs]2020-02-15T12:26:15.072+0800: 1292.504: [scrub string table, 0.0011895 secs][1 CMS-remark: 37906K(43712K)] 38469K(63360K), 0.0265115 secs] [Times: user=0.03 sys=0.00, real=0.03 secs] 
2020-02-15T12:26:15.073+0800: 1292.505: Total time for which application threads were stopped: 0.0266637 seconds, Stopping threads took: 0.0000366 seconds
2020-02-15T12:26:15.073+0800: 1292.505: [CMS-concurrent-sweep-start]
2020-02-15T12:26:15.091+0800: 1292.523: [CMS-concurrent-sweep: 0.018/0.018 secs] [Times: user=0.01 sys=0.00, real=0.01 secs] 
2020-02-15T12:26:15.091+0800: 1292.523: [CMS-concurrent-reset-start]
2020-02-15T12:26:15.091+0800: 1292.523: [CMS-concurrent-reset: 0.000/0.000 secs] [Times: user=0.01 sys=0.00, real=0.00 secs] 
2020-02-15T12:26:17.073+0800: 1294.505: Total time for which application threads were stopped: 0.0002215 seconds, Stopping threads took: 0.0000485 seconds
2020-02-15T12:26:17.090+0800: 1294.523: [GC (CMS Initial Mark) [1 CMS-initial-mark: 37906K(43712K)] 39084K(63360K), 0.0041286 secs] [Times: user=0.00 sys=0.00, real=0.01 secs] 
2020-02-15T12:26:17.095+0800: 1294.527: Total time for which application threads were stopped: 0.0042639 seconds, Stopping threads took: 0.0000319 seconds
2020-02-15T12:26:17.095+0800: 1294.527: [CMS-concurrent-mark-start]
2020-02-15T12:26:17.167+0800: 1294.599: [CMS-concurrent-mark: 0.072/0.072 secs] [Times: user=0.07 sys=0.00, real=0.07 secs] 
2020-02-15T12:26:17.167+0800: 1294.599: [CMS-concurrent-preclean-start]
2020-02-15T12:26:17.169+0800: 1294.601: [CMS-concurrent-preclean: 0.002/0.002 secs] [Times: user=0.00 sys=0.00, real=0.00 secs] 
2020-02-15T12:26:17.169+0800: 1294.601: [GC (CMS Final Remark) [YG occupancy: 1420 K (19648 K)]2020-02-15T12:26:17.169+0800: 1294.601: [Rescan (parallel) , 0.0025874 secs]2020-02-15T12:26:17.172+0800: 1294.604: [weak refs processing, 0.0002245 secs]2020-02-15T12:26:17.172+0800: 1294.604: [class unloading, 0.0135530 secs]2020-02-15T12:26:17.186+0800: 1294.618: [scrub symbol table, 0.0093846 secs]2020-02-15T12:26:17.195+0800: 1294.627: [scrub string table, 0.0009481 secs][1 CMS-remark: 37906K(43712K)] 39327K(63360K), 0.0268524 secs] [Times: user=0.03 sys=0.00, real=0.03 secs] 
2020-02-15T12:26:17.196+0800: 1294.628: Total time for which application threads were stopped: 0.0270124 seconds, Stopping threads took: 0.0000372 seconds
2020-02-15T12:26:17.196+0800: 1294.628: [CMS-concurrent-sweep-start]
2020-02-15T12:26:17.214+0800: 1294.646: [CMS-concurrent-sweep: 0.018/0.018 secs] [Times: user=0.01 sys=0.00, real=0.02 secs] 
2020-02-15T12:26:17.214+0800: 1294.646: [CMS-concurrent-reset-start]
2020-02-15T12:26:17.214+0800: 1294.646: [CMS-concurrent-reset: 0.000/0.000 secs] [Times: user=0.00 sys=0.00, real=0.00 secs] 
2020-02-15T12:26:19.213+0800: 1296.645: [GC (CMS Initial Mark) [1 CMS-initial-mark: 37906K(43712K)] 39955K(63360K), 0.0046762 secs] [Times: user=0.01 sys=0.00, real=0.00 secs] 
2020-02-15T12:26:19.218+0800: 1296.650: Total time for which application threads were stopped: 0.0048612 seconds, Stopping threads took: 0.0000428 seconds
2020-02-15T12:26:19.218+0800: 1296.650: [CMS-concurrent-mark-start]
2020-02-15T12:26:19.283+0800: 1296.715: [CMS-concurrent-mark: 0.065/0.065 secs] [Times: user=0.06 sys=0.00, real=0.07 secs] 
2020-02-15T12:26:19.283+0800: 1296.715: [CMS-concurrent-preclean-start]
2020-02-15T12:26:19.285+0800: 1296.718: [CMS-concurrent-preclean: 0.002/0.002 secs] [Times: user=0.00 sys=0.00, real=0.00 secs] 
2020-02-15T12:26:19.286+0800: 1296.718: [GC (CMS Final Remark) [YG occupancy: 2049 K (19648 K)]2020-02-15T12:26:19.286+0800: 1296.718: [Rescan (parallel) , 0.0033326 secs]2020-02-15T12:26:19.289+0800: 1296.721: [weak refs processing, 0.0002313 secs]2020-02-15T12:26:19.289+0800: 1296.721: [class unloading, 0.0132941 secs]2020-02-15T12:26:19.303+0800: 1296.735: [scrub symbol table, 0.0094154 secs]2020-02-15T12:26:19.312+0800: 1296.744: [scrub string table, 0.0009572 secs][1 CMS-remark: 37906K(43712K)] 39955K(63360K), 0.0273734 secs] [Times: user=0.03 sys=0.00, real=0.03 secs] 
2020-02-15T12:26:19.313+0800: 1296.745: Total time for which application threads were stopped: 0.0275345 seconds, Stopping threads took: 0.0000377 seconds
2020-02-15T12:26:19.313+0800: 1296.745: [CMS-concurrent-sweep-start]
2020-02-15T12:26:19.331+0800: 1296.763: [CMS-concurrent-sweep: 0.018/0.018 secs] [Times: user=0.02 sys=0.00, real=0.01 secs] 
2020-02-15T12:26:19.331+0800: 1296.763: [CMS-concurrent-reset-start]
2020-02-15T12:26:19.331+0800: 1296.764: [CMS-concurrent-reset: 0.000/0.000 secs] [Times: user=0.00 sys=0.00, real=0.00 secs] 
2020-02-15T12:26:21.331+0800: 1298.763: [GC (CMS Initial Mark) [1 CMS-initial-mark: 37906K(43712K)] 40232K(63360K), 0.0055163 secs] [Times: user=0.01 sys=0.00, real=0.01 secs] 
2020-02-15T12:26:21.336+0800: 1298.769: Total time for which application threads were stopped: 0.0057578 seconds, Stopping threads took: 0.0000535 seconds
2020-02-15T12:26:21.336+0800: 1298.769: [CMS-concurrent-mark-start]
2020-02-15T12:26:21.421+0800: 1298.853: [CMS-concurrent-mark: 0.085/0.085 secs] [Times: user=0.08 sys=0.00, real=0.08 secs] 
2020-02-15T12:26:21.421+0800: 1298.853: [CMS-concurrent-preclean-start]
2020-02-15T12:26:21.435+0800: 1298.867: [CMS-concurrent-preclean: 0.014/0.014 secs] [Times: user=0.01 sys=0.00, real=0.02 secs] 
2020-02-15T12:26:21.435+0800: 1298.867: [CMS-concurrent-abortable-preclean-start]
2020-02-15T12:26:22.337+0800: 1299.769: Total time for which application threads were stopped: 0.0001513 seconds, Stopping threads took: 0.0000443 seconds
 CMS: abort preclean due to time 2020-02-15T12:26:26.443+0800: 1303.875: [CMS-concurrent-abortable-preclean: 0.124/5.008 secs] [Times: user=0.15 sys=0.00, real=5.01 secs] 
2020-02-15T12:26:26.443+0800: 1303.875: [GC (CMS Final Remark) [YG occupancy: 4516 K (19648 K)]2020-02-15T12:26:26.443+0800: 1303.875: [Rescan (parallel) , 0.0091468 secs]2020-02-15T12:26:26.453+0800: 1303.885: [weak refs processing, 0.0003726 secs]2020-02-15T12:26:26.453+0800: 1303.885: [class unloading, 0.0197138 secs]2020-02-15T12:26:26.473+0800: 1303.905: [scrub symbol table, 0.0137294 secs]2020-02-15T12:26:26.487+0800: 1303.919: [scrub string table, 0.0014102 secs][1 CMS-remark: 37906K(43712K)] 42422K(63360K), 0.0446968 secs] [Times: user=0.04 sys=0.00, real=0.04 secs] 
2020-02-15T12:26:26.488+0800: 1303.920: Total time for which application threads were stopped: 0.0449446 seconds, Stopping threads took: 0.0000467 seconds
2020-02-15T12:26:26.491+0800: 1303.923: [CMS-concurrent-sweep-start]
2020-02-15T12:26:26.525+0800: 1303.957: [CMS-concurrent-sweep: 0.034/0.034 secs] [Times: user=0.03 sys=0.00, real=0.04 secs] 
2020-02-15T12:26:26.525+0800: 1303.957: [CMS-concurrent-reset-start]
2020-02-15T12:26:26.525+0800: 1303.957: [CMS-concurrent-reset: 0.000/0.000 secs] [Times: user=0.00 sys=0.00, real=0.00 secs] 
2020-02-15T12:26:27.488+0800: 1304.921: Total time for which application threads were stopped: 0.0002332 seconds, Stopping threads took: 0.0000552 seconds
2020-02-15T12:26:28.525+0800: 1305.957: [GC (CMS Initial Mark) [1 CMS-initial-mark: 37906K(43712K)] 42998K(63360K), 0.0064693 secs] [Times: user=0.01 sys=0.00, real=0.00 secs] 
2020-02-15T12:26:28.531+0800: 1305.963: Total time for which application threads were stopped: 0.0066827 seconds, Stopping threads took: 0.0000441 seconds
2020-02-15T12:26:28.531+0800: 1305.963: [CMS-concurrent-mark-start]
2020-02-15T12:26:28.606+0800: 1306.038: [CMS-concurrent-mark: 0.075/0.075 secs] [Times: user=0.07 sys=0.00, real=0.07 secs] 
2020-02-15T12:26:28.606+0800: 1306.038: [CMS-concurrent-preclean-start]
2020-02-15T12:26:28.608+0800: 1306.040: [CMS-concurrent-preclean: 0.002/0.002 secs] [Times: user=0.00 sys=0.00, real=0.00 secs] 
2020-02-15T12:26:28.608+0800: 1306.040: [CMS-concurrent-abortable-preclean-start]
2020-02-15T12:26:29.532+0800: 1306.964: Total time for which application threads were stopped: 0.0001506 seconds, Stopping threads took: 0.0000395 seconds
2020-02-15T12:26:31.532+0800: 1308.964: Total time for which application threads were stopped: 0.0001640 seconds, Stopping threads took: 0.0000552 seconds
 CMS: abort preclean due to time 2020-02-15T12:26:33.687+0800: 1311.119: [CMS-concurrent-abortable-preclean: 0.123/5.078 secs] [Times: user=0.17 sys=0.01, real=5.08 secs] 
2020-02-15T12:26:33.687+0800: 1311.119: [GC (CMS Final Remark) [YG occupancy: 6494 K (19648 K)]2020-02-15T12:26:33.687+0800: 1311.119: [Rescan (parallel) , 0.0056215 secs]2020-02-15T12:26:33.693+0800: 1311.125: [weak refs processing, 0.0002741 secs]2020-02-15T12:26:33.693+0800: 1311.125: [class unloading, 0.0134042 secs]2020-02-15T12:26:33.706+0800: 1311.139: [scrub symbol table, 0.0093999 secs]2020-02-15T12:26:33.716+0800: 1311.148: [scrub string table, 0.0009343 secs][1 CMS-remark: 37906K(43712K)] 44400K(63360K), 0.0297831 secs] [Times: user=0.03 sys=0.00, real=0.03 secs] 
2020-02-15T12:26:33.717+0800: 1311.149: Total time for which application threads were stopped: 0.0299539 seconds, Stopping threads took: 0.0000497 seconds
2020-02-15T12:26:33.717+0800: 1311.149: [CMS-concurrent-sweep-start]
2020-02-15T12:26:33.735+0800: 1311.167: [CMS-concurrent-sweep: 0.018/0.018 secs] [Times: user=0.01 sys=0.00, real=0.02 secs] 
2020-02-15T12:26:33.735+0800: 1311.167: [CMS-concurrent-reset-start]
2020-02-15T12:26:33.735+0800: 1311.167: [CMS-concurrent-reset: 0.000/0.000 secs] [Times: user=0.00 sys=0.00, real=0.00 secs] 
2020-02-15T12:26:34.717+0800: 1312.149: Total time for which application threads were stopped: 0.0001651 seconds, Stopping threads took: 0.0000409 seconds
2020-02-15T12:26:35.717+0800: 1313.149: Total time for which application threads were stopped: 0.0001725 seconds, Stopping threads took: 0.0000446 seconds
2020-02-15T12:26:35.735+0800: 1313.167: [GC (CMS Initial Mark) [1 CMS-initial-mark: 37906K(43712K)] 45852K(63360K), 0.0083687 secs] [Times: user=0.01 sys=0.00, real=0.01 secs] 
2020-02-15T12:26:35.743+0800: 1313.175: Total time for which application threads were stopped: 0.0084918 seconds, Stopping threads took: 0.0000164 seconds
2020-02-15T12:26:35.743+0800: 1313.175: [CMS-concurrent-mark-start]
2020-02-15T12:26:35.809+0800: 1313.241: [CMS-concurrent-mark: 0.066/0.066 secs] [Times: user=0.06 sys=0.00, real=0.06 secs] 
2020-02-15T12:26:35.809+0800: 1313.241: [CMS-concurrent-preclean-start]
2020-02-15T12:26:35.811+0800: 1313.243: [CMS-concurrent-preclean: 0.002/0.002 secs] [Times: user=0.00 sys=0.00, real=0.00 secs] 
2020-02-15T12:26:35.811+0800: 1313.243: [CMS-concurrent-abortable-preclean-start]
2020-02-15T12:26:37.743+0800: 1315.175: Total time for which application threads were stopped: 0.0001856 seconds, Stopping threads took: 0.0000431 seconds
2020-02-15T12:26:39.744+0800: 1317.176: Total time for which application threads were stopped: 0.0001522 seconds, Stopping threads took: 0.0000450 seconds
 CMS: abort preclean due to time 2020-02-15T12:26:40.874+0800: 1318.306: [CMS-concurrent-abortable-preclean: 0.123/5.063 secs] [Times: user=0.15 sys=0.00, real=5.07 secs] 
2020-02-15T12:26:40.875+0800: 1318.307: [GC (CMS Final Remark) [YG occupancy: 9232 K (19648 K)]2020-02-15T12:26:40.875+0800: 1318.307: [Rescan (parallel) , 0.0080971 secs]2020-02-15T12:26:40.883+0800: 1318.315: [weak refs processing, 0.0002622 secs]2020-02-15T12:26:40.883+0800: 1318.315: [class unloading, 0.0141284 secs]2020-02-15T12:26:40.897+0800: 1318.329: [scrub symbol table, 0.0092750 secs]2020-02-15T12:26:40.906+0800: 1318.339: [scrub string table, 0.0010110 secs][1 CMS-remark: 37906K(43712K)] 47138K(63360K), 0.0329610 secs] [Times: user=0.03 sys=0.00, real=0.03 secs] 
2020-02-15T12:26:40.908+0800: 1318.340: Total time for which application threads were stopped: 0.0331260 seconds, Stopping threads took: 0.0000469 seconds
2020-02-15T12:26:40.908+0800: 1318.340: [CMS-concurrent-sweep-start]
2020-02-15T12:26:40.926+0800: 1318.358: [CMS-concurrent-sweep: 0.018/0.018 secs] [Times: user=0.02 sys=0.00, real=0.02 secs] 
2020-02-15T12:26:40.926+0800: 1318.358: [CMS-concurrent-reset-start]
2020-02-15T12:26:40.926+0800: 1318.358: [CMS-concurrent-reset: 0.000/0.000 secs] [Times: user=0.00 sys=0.00, real=0.00 secs] 
2020-02-15T12:26:42.925+0800: 1320.357: [GC (CMS Initial Mark) [1 CMS-initial-mark: 37906K(43712K)] 47995K(63360K), 0.0132210 secs] [Times: user=0.02 sys=0.00, real=0.01 secs] 
2020-02-15T12:26:42.939+0800: 1320.371: Total time for which application threads were stopped: 0.0135868 seconds, Stopping threads took: 0.0000976 seconds
2020-02-15T12:26:42.939+0800: 1320.371: [CMS-concurrent-mark-start]
2020-02-15T12:26:43.028+0800: 1320.461: [CMS-concurrent-mark: 0.090/0.090 secs] [Times: user=0.09 sys=0.00, real=0.09 secs] 
2020-02-15T12:26:43.029+0800: 1320.461: [CMS-concurrent-preclean-start]
2020-02-15T12:26:43.031+0800: 1320.463: [CMS-concurrent-preclean: 0.003/0.003 secs] [Times: user=0.00 sys=0.00, real=0.00 secs] 
2020-02-15T12:26:43.031+0800: 1320.463: [CMS-concurrent-abortable-preclean-start]
 CMS: abort preclean due to time 2020-02-15T12:26:48.057+0800: 1325.489: [CMS-concurrent-abortable-preclean: 0.121/5.026 secs] [Times: user=0.14 sys=0.01, real=5.03 secs] 
2020-02-15T12:26:48.057+0800: 1325.490: [GC (CMS Final Remark) [YG occupancy: 12254 K (19648 K)]2020-02-15T12:26:48.057+0800: 1325.490: [Rescan (parallel) , 0.0097795 secs]2020-02-15T12:26:48.067+0800: 1325.499: [weak refs processing, 0.0007268 secs]2020-02-15T12:26:48.068+0800: 1325.500: [class unloading, 0.0143466 secs]2020-02-15T12:26:48.082+0800: 1325.514: [scrub symbol table, 0.0096395 secs]2020-02-15T12:26:48.092+0800: 1325.524: [scrub string table, 0.0009932 secs][1 CMS-remark: 37906K(43712K)] 50160K(63360K), 0.0357181 secs] [Times: user=0.03 sys=0.00, real=0.04 secs] 
2020-02-15T12:26:48.093+0800: 1325.525: Total time for which application threads were stopped: 0.0358879 seconds, Stopping threads took: 0.0000394 seconds
2020-02-15T12:26:48.093+0800: 1325.525: [CMS-concurrent-sweep-start]
2020-02-15T12:26:48.112+0800: 1325.544: [CMS-concurrent-sweep: 0.019/0.019 secs] [Times: user=0.02 sys=0.00, real=0.02 secs] 
2020-02-15T12:26:48.112+0800: 1325.544: [CMS-concurrent-reset-start]
2020-02-15T12:26:48.112+0800: 1325.544: [CMS-concurrent-reset: 0.000/0.000 secs] [Times: user=0.00 sys=0.00, real=0.00 secs] 
2020-02-15T12:26:50.112+0800: 1327.544: [GC (CMS Initial Mark) [1 CMS-initial-mark: 37906K(43712K)] 50565K(63360K), 0.0283138 secs] [Times: user=0.02 sys=0.00, real=0.02 secs] 
2020-02-15T12:26:50.140+0800: 1327.572: Total time for which application threads were stopped: 0.0286262 seconds, Stopping threads took: 0.0000556 seconds
2020-02-15T12:26:50.140+0800: 1327.572: [CMS-concurrent-mark-start]
2020-02-15T12:26:50.307+0800: 1327.739: [CMS-concurrent-mark: 0.167/0.167 secs] [Times: user=0.08 sys=0.00, real=0.17 secs] 
2020-02-15T12:26:50.307+0800: 1327.739: [CMS-concurrent-preclean-start]
2020-02-15T12:26:50.310+0800: 1327.742: [CMS-concurrent-preclean: 0.002/0.002 secs] [Times: user=0.00 sys=0.00, real=0.00 secs] 
2020-02-15T12:26:50.310+0800: 1327.742: [CMS-concurrent-abortable-preclean-start]
 CMS: abort preclean due to time 2020-02-15T12:26:55.341+0800: 1332.773: [CMS-concurrent-abortable-preclean: 0.119/5.031 secs] [Times: user=0.14 sys=0.00, real=5.03 secs] 
2020-02-15T12:26:55.341+0800: 1332.773: [GC (CMS Final Remark) [YG occupancy: 14970 K (19648 K)]2020-02-15T12:26:55.341+0800: 1332.773: [Rescan (parallel) , 0.0109490 secs]2020-02-15T12:26:55.352+0800: 1332.784: [weak refs processing, 0.0002398 secs]2020-02-15T12:26:55.352+0800: 1332.784: [class unloading, 0.0135966 secs]2020-02-15T12:26:55.366+0800: 1332.798: [scrub symbol table, 0.0095042 secs]2020-02-15T12:26:55.375+0800: 1332.808: [scrub string table, 0.0009606 secs][1 CMS-remark: 37906K(43712K)] 52877K(63360K), 0.0354142 secs] [Times: user=0.04 sys=0.00, real=0.04 secs] 
2020-02-15T12:26:55.377+0800: 1332.809: Total time for which application threads were stopped: 0.0355779 seconds, Stopping threads took: 0.0000473 seconds
2020-02-15T12:26:55.377+0800: 1332.809: [CMS-concurrent-sweep-start]
2020-02-15T12:26:55.395+0800: 1332.827: [CMS-concurrent-sweep: 0.018/0.018 secs] [Times: user=0.02 sys=0.00, real=0.02 secs] 
2020-02-15T12:26:55.395+0800: 1332.827: [CMS-concurrent-reset-start]
2020-02-15T12:26:55.395+0800: 1332.827: [CMS-concurrent-reset: 0.000/0.000 secs] [Times: user=0.00 sys=0.00, real=0.00 secs] 
2020-02-15T12:26:57.394+0800: 1334.826: [GC (CMS Initial Mark) [1 CMS-initial-mark: 37906K(43712K)] 53631K(63360K), 0.0123883 secs] [Times: user=0.02 sys=0.00, real=0.01 secs] 
2020-02-15T12:26:57.407+0800: 1334.839: Total time for which application threads were stopped: 0.0126662 seconds, Stopping threads took: 0.0000441 seconds
2020-02-15T12:26:57.407+0800: 1334.839: [CMS-concurrent-mark-start]
2020-02-15T12:26:57.480+0800: 1334.912: [CMS-concurrent-mark: 0.073/0.073 secs] [Times: user=0.07 sys=0.00, real=0.07 secs] 
2020-02-15T12:26:57.480+0800: 1334.912: [CMS-concurrent-preclean-start]
2020-02-15T12:26:57.482+0800: 1334.914: [CMS-concurrent-preclean: 0.002/0.002 secs] [Times: user=0.00 sys=0.00, real=0.01 secs] 
2020-02-15T12:26:57.482+0800: 1334.914: [CMS-concurrent-abortable-preclean-start]
2020-02-15T12:26:59.407+0800: 1336.839: Total time for which application threads were stopped: 0.0001775 seconds, Stopping threads took: 0.0000491 seconds
2020-02-15T12:27:02.407+0800: 1339.839: Total time for which application threads were stopped: 0.0001726 seconds, Stopping threads took: 0.0000515 seconds
 CMS: abort preclean due to time 2020-02-15T12:27:02.512+0800: 1339.944: [CMS-concurrent-abortable-preclean: 0.126/5.030 secs] [Times: user=0.14 sys=0.01, real=5.03 secs] 
2020-02-15T12:27:02.513+0800: 1339.945: [GC (CMS Final Remark) [YG occupancy: 17321 K (19648 K)]2020-02-15T12:27:02.513+0800: 1339.945: [Rescan (parallel) , 0.0133071 secs]2020-02-15T12:27:02.526+0800: 1339.958: [weak refs processing, 0.0002744 secs]2020-02-15T12:27:02.526+0800: 1339.958: [class unloading, 0.0147942 secs]2020-02-15T12:27:02.541+0800: 1339.973: [scrub symbol table, 0.0131929 secs]2020-02-15T12:27:02.554+0800: 1339.986: [scrub string table, 0.0010379 secs][1 CMS-remark: 37906K(43712K)] 55228K(63360K), 0.0428733 secs] [Times: user=0.05 sys=0.00, real=0.04 secs] 
2020-02-15T12:27:02.555+0800: 1339.988: Total time for which application threads were stopped: 0.0430370 seconds, Stopping threads took: 0.0000397 seconds
2020-02-15T12:27:02.556+0800: 1339.988: [CMS-concurrent-sweep-start]
2020-02-15T12:27:02.574+0800: 1340.006: [CMS-concurrent-sweep: 0.018/0.018 secs] [Times: user=0.01 sys=0.00, real=0.02 secs] 
2020-02-15T12:27:02.574+0800: 1340.006: [CMS-concurrent-reset-start]
2020-02-15T12:27:02.574+0800: 1340.006: [CMS-concurrent-reset: 0.000/0.000 secs] [Times: user=0.00 sys=0.00, real=0.00 secs] 
2020-02-15T12:27:04.129+0800: 1341.561: [GC (Allocation Failure) 2020-02-15T12:27:04.129+0800: 1341.561: [ParNew
Desired survivor size 1114112 bytes, new threshold 6 (max 6)
- age   1:      29144 bytes,      29144 total
- age   2:       4528 bytes,      33672 total
- age   3:       1720 bytes,      35392 total
- age   4:        288 bytes,      35680 total
- age   5:       3032 bytes,      38712 total
- age   6:       2976 bytes,      41688 total
: 17518K->77K(19648K), 0.0052047 secs] 55424K->37985K(63360K), 0.0053664 secs] [Times: user=0.00 sys=0.00, real=0.01 secs] 
2020-02-15T12:27:04.135+0800: 1341.567: Total time for which application threads were stopped: 0.0056337 seconds, Stopping threads took: 0.0000430 seconds
2020-02-15T12:27:04.140+0800: 1341.572: [GC (CMS Initial Mark) [1 CMS-initial-mark: 37907K(43712K)] 38309K(63360K), 0.0049369 secs] [Times: user=0.01 sys=0.00, real=0.01 secs] 
2020-02-15T12:27:04.145+0800: 1341.577: Total time for which application threads were stopped: 0.0051742 seconds, Stopping threads took: 0.0000391 seconds
2020-02-15T12:27:04.145+0800: 1341.577: [CMS-concurrent-mark-start]
2020-02-15T12:27:04.150+0800: 1341.582: Total time for which application threads were stopped: 0.0001560 seconds, Stopping threads took: 0.0000367 seconds
2020-02-15T12:27:04.150+0800: 1341.582: Total time for which application threads were stopped: 0.0000601 seconds, Stopping threads took: 0.0000114 seconds
2020-02-15T12:27:04.150+0800: 1341.582: Total time for which application threads were stopped: 0.0000576 seconds, Stopping threads took: 0.0000105 seconds
2020-02-15T12:27:04.253+0800: 1341.685: [CMS-concurrent-mark: 0.107/0.108 secs] [Times: user=0.10 sys=0.00, real=0.11 secs] 
2020-02-15T12:27:04.253+0800: 1341.685: [CMS-concurrent-preclean-start]
2020-02-15T12:27:04.256+0800: 1341.688: [CMS-concurrent-preclean: 0.003/0.003 secs] [Times: user=0.00 sys=0.00, real=0.00 secs] 
2020-02-15T12:27:04.256+0800: 1341.688: [GC (CMS Final Remark) [YG occupancy: 401 K (19648 K)]2020-02-15T12:27:04.256+0800: 1341.688: [Rescan (parallel) , 0.0033179 secs]2020-02-15T12:27:04.259+0800: 1341.691: [weak refs processing, 0.0005016 secs]2020-02-15T12:27:04.260+0800: 1341.692: [class unloading, 0.0196275 secs]2020-02-15T12:27:04.280+0800: 1341.712: [scrub symbol table, 0.0151884 secs]2020-02-15T12:27:04.295+0800: 1341.727: [scrub string table, 0.0013656 secs][1 CMS-remark: 37907K(43712K)] 38309K(63360K), 0.0402893 secs] [Times: user=0.04 sys=0.00, real=0.04 secs] 
2020-02-15T12:27:04.296+0800: 1341.728: Total time for which application threads were stopped: 0.0404972 seconds, Stopping threads took: 0.0000498 seconds
2020-02-15T12:27:04.296+0800: 1341.728: [CMS-concurrent-sweep-start]
2020-02-15T12:27:04.325+0800: 1341.757: [CMS-concurrent-sweep: 0.028/0.028 secs] [Times: user=0.03 sys=0.00, real=0.03 secs] 
2020-02-15T12:27:04.325+0800: 1341.757: [CMS-concurrent-reset-start]
2020-02-15T12:27:04.325+0800: 1341.757: [CMS-concurrent-reset: 0.000/0.000 secs] [Times: user=0.00 sys=0.00, real=0.00 secs] 
2020-02-15T12:27:06.324+0800: 1343.756: [GC (CMS Initial Mark) [1 CMS-initial-mark: 37907K(43712K)] 39205K(63360K), 0.0050945 secs] [Times: user=0.01 sys=0.00, real=0.00 secs] 
2020-02-15T12:27:06.329+0800: 1343.761: Total time for which application threads were stopped: 0.0053402 seconds, Stopping threads took: 0.0000458 seconds
2020-02-15T12:27:06.329+0800: 1343.762: [CMS-concurrent-mark-start]
2020-02-15T12:27:06.432+0800: 1343.864: [CMS-concurrent-mark: 0.102/0.102 secs] [Times: user=0.10 sys=0.00, real=0.11 secs] 
2020-02-15T12:27:06.432+0800: 1343.864: [CMS-concurrent-preclean-start]
2020-02-15T12:27:06.435+0800: 1343.867: [CMS-concurrent-preclean: 0.003/0.003 secs] [Times: user=0.00 sys=0.00, real=0.00 secs] 
2020-02-15T12:27:06.435+0800: 1343.867: [GC (CMS Final Remark) [YG occupancy: 1299 K (19648 K)]2020-02-15T12:27:06.435+0800: 1343.867: [Rescan (parallel) , 0.0047316 secs]2020-02-15T12:27:06.440+0800: 1343.872: [weak refs processing, 0.0003819 secs]2020-02-15T12:27:06.440+0800: 1343.873: [class unloading, 0.0200419 secs]2020-02-15T12:27:06.461+0800: 1343.893: [scrub symbol table, 0.0151638 secs]2020-02-15T12:27:06.476+0800: 1343.908: [scrub string table, 0.0014086 secs][1 CMS-remark: 37907K(43712K)] 39207K(63360K), 0.0420189 secs] [Times: user=0.04 sys=0.00, real=0.04 secs] 
2020-02-15T12:27:06.477+0800: 1343.909: Total time for which application threads were stopped: 0.0422129 seconds, Stopping threads took: 0.0000457 seconds
2020-02-15T12:27:06.478+0800: 1343.910: [CMS-concurrent-sweep-start]
2020-02-15T12:27:06.496+0800: 1343.928: [CMS-concurrent-sweep: 0.018/0.018 secs] [Times: user=0.02 sys=0.00, real=0.02 secs] 
2020-02-15T12:27:06.496+0800: 1343.928: [CMS-concurrent-reset-start]
2020-02-15T12:27:06.496+0800: 1343.928: [CMS-concurrent-reset: 0.000/0.000 secs] [Times: user=0.00 sys=0.00, real=0.00 secs] 
2020-02-15T12:27:08.496+0800: 1345.928: [GC (CMS Initial Mark) [1 CMS-initial-mark: 37907K(43712K)] 40012K(63360K), 0.0049743 secs] [Times: user=0.00 sys=0.00, real=0.00 secs] 
2020-02-15T12:27:08.501+0800: 1345.933: Total time for which application threads were stopped: 0.0051787 seconds, Stopping threads took: 0.0000452 seconds
2020-02-15T12:27:08.501+0800: 1345.933: [CMS-concurrent-mark-start]
2020-02-15T12:27:08.573+0800: 1346.006: [CMS-concurrent-mark: 0.073/0.073 secs] [Times: user=0.07 sys=0.00, real=0.08 secs] 
2020-02-15T12:27:08.574+0800: 1346.006: [CMS-concurrent-preclean-start]
2020-02-15T12:27:08.576+0800: 1346.008: [CMS-concurrent-preclean: 0.002/0.002 secs] [Times: user=0.01 sys=0.00, real=0.00 secs] 
2020-02-15T12:27:08.576+0800: 1346.008: [GC (CMS Final Remark) [YG occupancy: 2104 K (19648 K)]2020-02-15T12:27:08.576+0800: 1346.008: [Rescan (parallel) , 0.0032689 secs]2020-02-15T12:27:08.579+0800: 1346.011: [weak refs processing, 0.0002521 secs]2020-02-15T12:27:08.580+0800: 1346.012: [class unloading, 0.0162082 secs]2020-02-15T12:27:08.596+0800: 1346.028: [scrub symbol table, 0.0103828 secs]2020-02-15T12:27:08.606+0800: 1346.038: [scrub string table, 0.0010081 secs][1 CMS-remark: 37907K(43712K)] 40012K(63360K), 0.0313103 secs] [Times: user=0.03 sys=0.00, real=0.03 secs] 
2020-02-15T12:27:08.607+0800: 1346.039: Total time for which application threads were stopped: 0.0314629 seconds, Stopping threads took: 0.0000367 seconds
2020-02-15T12:27:08.607+0800: 1346.039: [CMS-concurrent-sweep-start]
2020-02-15T12:27:08.627+0800: 1346.059: [CMS-concurrent-sweep: 0.019/0.019 secs] [Times: user=0.01 sys=0.00, real=0.02 secs] 
2020-02-15T12:27:08.627+0800: 1346.059: [CMS-concurrent-reset-start]
2020-02-15T12:27:08.627+0800: 1346.059: [CMS-concurrent-reset: 0.000/0.000 secs] [Times: user=0.00 sys=0.00, real=0.00 secs] 
2020-02-15T12:27:10.626+0800: 1348.058: [GC (CMS Initial Mark) [1 CMS-initial-mark: 37907K(43712K)] 40550K(63360K), 0.0056581 secs] [Times: user=0.01 sys=0.00, real=0.01 secs] 
2020-02-15T12:27:10.632+0800: 1348.064: Total time for which application threads were stopped: 0.0058770 seconds, Stopping threads took: 0.0000445 seconds
2020-02-15T12:27:10.632+0800: 1348.064: [CMS-concurrent-mark-start]
2020-02-15T12:27:10.703+0800: 1348.135: [CMS-concurrent-mark: 0.071/0.071 secs] [Times: user=0.07 sys=0.00, real=0.07 secs] 
2020-02-15T12:27:10.703+0800: 1348.135: [CMS-concurrent-preclean-start]
2020-02-15T12:27:10.706+0800: 1348.138: [CMS-concurrent-preclean: 0.002/0.002 secs] [Times: user=0.00 sys=0.00, real=0.00 secs] 
2020-02-15T12:27:10.706+0800: 1348.138: [CMS-concurrent-abortable-preclean-start]
2020-02-15T12:27:13.632+0800: 1351.065: Total time for which application threads were stopped: 0.0002350 seconds, Stopping threads took: 0.0000956 seconds
2020-02-15T12:27:15.633+0800: 1353.065: Total time for which application threads were stopped: 0.0001795 seconds, Stopping threads took: 0.0000589 seconds
 CMS: abort preclean due to time 2020-02-15T12:27:15.738+0800: 1353.170: [CMS-concurrent-abortable-preclean: 0.123/5.032 secs] [Times: user=0.16 sys=0.00, real=5.03 secs] 
2020-02-15T12:27:15.738+0800: 1353.170: [GC (CMS Final Remark) [YG occupancy: 4839 K (19648 K)]2020-02-15T12:27:15.738+0800: 1353.170: [Rescan (parallel) , 0.0061002 secs]2020-02-15T12:27:15.744+0800: 1353.176: [weak refs processing, 0.0002650 secs]2020-02-15T12:27:15.744+0800: 1353.176: [class unloading, 0.0142659 secs]2020-02-15T12:27:15.759+0800: 1353.191: [scrub symbol table, 0.0113399 secs]2020-02-15T12:27:15.770+0800: 1353.202: [scrub string table, 0.0009724 secs][1 CMS-remark: 37907K(43712K)] 42747K(63360K), 0.0331665 secs] [Times: user=0.03 sys=0.00, real=0.03 secs] 
2020-02-15T12:27:15.771+0800: 1353.203: Total time for which application threads were stopped: 0.0333235 seconds, Stopping threads took: 0.0000367 seconds
2020-02-15T12:27:15.771+0800: 1353.203: [CMS-concurrent-sweep-start]
2020-02-15T12:27:15.789+0800: 1353.221: [CMS-concurrent-sweep: 0.018/0.018 secs] [Times: user=0.02 sys=0.00, real=0.02 secs] 
2020-02-15T12:27:15.789+0800: 1353.221: [CMS-concurrent-reset-start]
2020-02-15T12:27:15.790+0800: 1353.222: [CMS-concurrent-reset: 0.000/0.000 secs] [Times: user=0.00 sys=0.00, real=0.00 secs] 
2020-02-15T12:27:17.775+0800: 1355.207: Total time for which application threads were stopped: 0.0001756 seconds, Stopping threads took: 0.0000446 seconds
2020-02-15T12:27:17.790+0800: 1355.222: [GC (CMS Initial Mark) [1 CMS-initial-mark: 37907K(43712K)] 43452K(63360K), 0.0068270 secs] [Times: user=0.01 sys=0.00, real=0.01 secs] 
2020-02-15T12:27:17.797+0800: 1355.229: Total time for which application threads were stopped: 0.0070411 seconds, Stopping threads took: 0.0000428 seconds
2020-02-15T12:27:17.797+0800: 1355.229: [CMS-concurrent-mark-start]
2020-02-15T12:27:17.869+0800: 1355.301: [CMS-concurrent-mark: 0.072/0.072 secs] [Times: user=0.07 sys=0.00, real=0.07 secs] 
2020-02-15T12:27:17.869+0800: 1355.301: [CMS-concurrent-preclean-start]
2020-02-15T12:27:17.871+0800: 1355.303: [CMS-concurrent-preclean: 0.002/0.002 secs] [Times: user=0.00 sys=0.00, real=0.00 secs] 
2020-02-15T12:27:17.871+0800: 1355.303: [CMS-concurrent-abortable-preclean-start]
2020-02-15T12:27:20.797+0800: 1358.229: Total time for which application threads were stopped: 0.0001611 seconds, Stopping threads took: 0.0000509 seconds
 CMS: abort preclean due to time 2020-02-15T12:27:22.951+0800: 1360.383: [CMS-concurrent-abortable-preclean: 0.120/5.080 secs] [Times: user=0.15 sys=0.00, real=5.08 secs] 
2020-02-15T12:27:22.951+0800: 1360.383: [GC (CMS Final Remark) [YG occupancy: 6997 K (19648 K)]2020-02-15T12:27:22.951+0800: 1360.383: [Rescan (parallel) , 0.0063322 secs]2020-02-15T12:27:22.958+0800: 1360.390: [weak refs processing, 0.0002442 secs]2020-02-15T12:27:22.958+0800: 1360.390: [class unloading, 0.0140121 secs]2020-02-15T12:27:22.972+0800: 1360.404: [scrub symbol table, 0.0093501 secs]2020-02-15T12:27:22.981+0800: 1360.414: [scrub string table, 0.0009845 secs][1 CMS-remark: 37907K(43712K)] 44905K(63360K), 0.0311074 secs] [Times: user=0.03 sys=0.00, real=0.03 secs] 
2020-02-15T12:27:22.982+0800: 1360.415: Total time for which application threads were stopped: 0.0312742 seconds, Stopping threads took: 0.0000376 seconds
2020-02-15T12:27:22.983+0800: 1360.415: [CMS-concurrent-sweep-start]
2020-02-15T12:27:23.001+0800: 1360.433: [CMS-concurrent-sweep: 0.018/0.018 secs] [Times: user=0.02 sys=0.00, real=0.01 secs] 
2020-02-15T12:27:23.001+0800: 1360.433: [CMS-concurrent-reset-start]
2020-02-15T12:27:23.001+0800: 1360.433: [CMS-concurrent-reset: 0.000/0.000 secs] [Times: user=0.00 sys=0.00, real=0.00 secs] 
2020-02-15T12:27:25.000+0800: 1362.432: [GC (CMS Initial Mark) [1 CMS-initial-mark: 37907K(43712K)] 46416K(63360K), 0.0078155 secs] [Times: user=0.00 sys=0.00, real=0.01 secs] 
2020-02-15T12:27:25.008+0800: 1362.440: Total time for which application threads were stopped: 0.0080104 seconds, Stopping threads took: 0.0000355 seconds
2020-02-15T12:27:25.008+0800: 1362.440: [CMS-concurrent-mark-start]
2020-02-15T12:27:25.077+0800: 1362.509: [CMS-concurrent-mark: 0.069/0.069 secs] [Times: user=0.07 sys=0.00, real=0.07 secs] 
2020-02-15T12:27:25.077+0800: 1362.509: [CMS-concurrent-preclean-start]
2020-02-15T12:27:25.079+0800: 1362.511: [CMS-concurrent-preclean: 0.002/0.002 secs] [Times: user=0.00 sys=0.00, real=0.00 secs] 
2020-02-15T12:27:25.079+0800: 1362.511: [CMS-concurrent-abortable-preclean-start]
2020-02-15T12:27:27.008+0800: 1364.440: Total time for which application threads were stopped: 0.0001535 seconds, Stopping threads took: 0.0000494 seconds
 CMS: abort preclean due to time 2020-02-15T12:27:30.084+0800: 1367.516: [CMS-concurrent-abortable-preclean: 0.117/5.005 secs] [Times: user=0.14 sys=0.00, real=5.01 secs] 
2020-02-15T12:27:30.084+0800: 1367.516: [GC (CMS Final Remark) [YG occupancy: 9969 K (19648 K)]2020-02-15T12:27:30.084+0800: 1367.516: [Rescan (parallel) , 0.0073758 secs]2020-02-15T12:27:30.092+0800: 1367.524: [weak refs processing, 0.0002750 secs]2020-02-15T12:27:30.092+0800: 1367.524: [class unloading, 0.0141530 secs]2020-02-15T12:27:30.106+0800: 1367.538: [scrub symbol table, 0.0088964 secs]2020-02-15T12:27:30.115+0800: 1367.547: [scrub string table, 0.0009600 secs][1 CMS-remark: 37907K(43712K)] 47877K(63360K), 0.0318372 secs] [Times: user=0.03 sys=0.00, real=0.03 secs] 
2020-02-15T12:27:30.116+0800: 1367.548: Total time for which application threads were stopped: 0.0319900 seconds, Stopping threads took: 0.0000362 seconds
2020-02-15T12:27:30.116+0800: 1367.548: [CMS-concurrent-sweep-start]
2020-02-15T12:27:30.134+0800: 1367.566: [CMS-concurrent-sweep: 0.018/0.018 secs] [Times: user=0.02 sys=0.00, real=0.02 secs] 
2020-02-15T12:27:30.134+0800: 1367.566: [CMS-concurrent-reset-start]
2020-02-15T12:27:30.134+0800: 1367.567: [CMS-concurrent-reset: 0.000/0.000 secs] [Times: user=0.00 sys=0.00, real=0.00 secs] 
2020-02-15T12:27:32.134+0800: 1369.566: [GC (CMS Initial Mark) [1 CMS-initial-mark: 37907K(43712K)] 48375K(63360K), 0.0103019 secs] [Times: user=0.01 sys=0.00, real=0.01 secs] 
2020-02-15T12:27:32.144+0800: 1369.576: Total time for which application threads were stopped: 0.0105613 seconds, Stopping threads took: 0.0000558 seconds
2020-02-15T12:27:32.144+0800: 1369.576: [CMS-concurrent-mark-start]
2020-02-15T12:27:32.216+0800: 1369.648: [CMS-concurrent-mark: 0.072/0.072 secs] [Times: user=0.07 sys=0.00, real=0.07 secs] 
2020-02-15T12:27:32.216+0800: 1369.648: [CMS-concurrent-preclean-start]
2020-02-15T12:27:32.218+0800: 1369.650: [CMS-concurrent-preclean: 0.002/0.002 secs] [Times: user=0.00 sys=0.00, real=0.00 secs] 
2020-02-15T12:27:32.218+0800: 1369.650: [CMS-concurrent-abortable-preclean-start]
 CMS: abort preclean due to time 2020-02-15T12:27:37.248+0800: 1374.680: [CMS-concurrent-abortable-preclean: 0.124/5.029 secs] [Times: user=0.14 sys=0.01, real=5.03 secs] 
2020-02-15T12:27:37.248+0800: 1374.680: [GC (CMS Final Remark) [YG occupancy: 12546 K (19648 K)]2020-02-15T12:27:37.248+0800: 1374.680: [Rescan (parallel) , 0.0100430 secs]2020-02-15T12:27:37.258+0800: 1374.690: [weak refs processing, 0.0002468 secs]2020-02-15T12:27:37.258+0800: 1374.690: [class unloading, 0.0134680 secs]2020-02-15T12:27:37.272+0800: 1374.704: [scrub symbol table, 0.0091573 secs]2020-02-15T12:27:37.281+0800: 1374.713: [scrub string table, 0.0009969 secs][1 CMS-remark: 37907K(43712K)] 50454K(63360K), 0.0341130 secs] [Times: user=0.04 sys=0.00, real=0.04 secs] 
2020-02-15T12:27:37.282+0800: 1374.714: Total time for which application threads were stopped: 0.0343038 seconds, Stopping threads took: 0.0000392 seconds
2020-02-15T12:27:37.282+0800: 1374.714: [CMS-concurrent-sweep-start]
2020-02-15T12:27:37.300+0800: 1374.732: [CMS-concurrent-sweep: 0.018/0.018 secs] [Times: user=0.02 sys=0.00, real=0.01 secs] 
2020-02-15T12:27:37.300+0800: 1374.732: [CMS-concurrent-reset-start]
2020-02-15T12:27:37.300+0800: 1374.732: [CMS-concurrent-reset: 0.000/0.000 secs] [Times: user=0.00 sys=0.00, real=0.00 secs] 
2020-02-15T12:27:38.282+0800: 1375.714: Total time for which application threads were stopped: 0.0001668 seconds, Stopping threads took: 0.0000437 seconds
2020-02-15T12:27:39.300+0800: 1376.732: [GC (CMS Initial Mark) [1 CMS-initial-mark: 37907K(43712K)] 51276K(63360K), 0.0110356 secs] [Times: user=0.01 sys=0.00, real=0.01 secs] 
2020-02-15T12:27:39.311+0800: 1376.743: Total time for which application threads were stopped: 0.0112559 seconds, Stopping threads took: 0.0000465 seconds
2020-02-15T12:27:39.311+0800: 1376.743: [CMS-concurrent-mark-start]
2020-02-15T12:27:39.383+0800: 1376.815: [CMS-concurrent-mark: 0.072/0.072 secs] [Times: user=0.07 sys=0.00, real=0.08 secs] 
2020-02-15T12:27:39.383+0800: 1376.815: [CMS-concurrent-preclean-start]
2020-02-15T12:27:39.385+0800: 1376.817: [CMS-concurrent-preclean: 0.002/0.002 secs] [Times: user=0.00 sys=0.00, real=0.00 secs] 
2020-02-15T12:27:39.385+0800: 1376.817: [CMS-concurrent-abortable-preclean-start]
2020-02-15T12:27:41.311+0800: 1378.743: Total time for which application threads were stopped: 0.0002051 seconds, Stopping threads took: 0.0000895 seconds
 CMS: abort preclean due to time 2020-02-15T12:27:44.395+0800: 1381.827: [CMS-concurrent-abortable-preclean: 0.118/5.009 secs] [Times: user=0.16 sys=0.01, real=5.01 secs] 
2020-02-15T12:27:44.395+0800: 1381.827: [GC (CMS Final Remark) [YG occupancy: 14960 K (19648 K)]2020-02-15T12:27:44.395+0800: 1381.827: [Rescan (parallel) , 0.0117206 secs]2020-02-15T12:27:44.407+0800: 1381.839: [weak refs processing, 0.0002658 secs]2020-02-15T12:27:44.407+0800: 1381.839: [class unloading, 0.0142147 secs]2020-02-15T12:27:44.421+0800: 1381.853: [scrub symbol table, 0.0131891 secs]2020-02-15T12:27:44.434+0800: 1381.867: [scrub string table, 0.0011851 secs][1 CMS-remark: 37907K(43712K)] 52867K(63360K), 0.0408141 secs] [Times: user=0.04 sys=0.00, real=0.04 secs] 
2020-02-15T12:27:44.436+0800: 1381.868: Total time for which application threads were stopped: 0.0409753 seconds, Stopping threads took: 0.0000401 seconds
2020-02-15T12:27:44.436+0800: 1381.868: [CMS-concurrent-sweep-start]
2020-02-15T12:27:44.454+0800: 1381.886: [CMS-concurrent-sweep: 0.018/0.018 secs] [Times: user=0.02 sys=0.00, real=0.02 secs] 
2020-02-15T12:27:44.454+0800: 1381.886: [CMS-concurrent-reset-start]
2020-02-15T12:27:44.454+0800: 1381.886: [CMS-concurrent-reset: 0.000/0.000 secs] [Times: user=0.00 sys=0.00, real=0.00 secs] 
2020-02-15T12:27:46.454+0800: 1383.886: [GC (CMS Initial Mark) [1 CMS-initial-mark: 37907K(43712K)] 53442K(63360K), 0.0120193 secs] [Times: user=0.02 sys=0.00, real=0.01 secs] 
2020-02-15T12:27:46.466+0800: 1383.898: Total time for which application threads were stopped: 0.0122622 seconds, Stopping threads took: 0.0000672 seconds
2020-02-15T12:27:46.466+0800: 1383.898: [CMS-concurrent-mark-start]
2020-02-15T12:27:46.537+0800: 1383.969: [CMS-concurrent-mark: 0.071/0.071 secs] [Times: user=0.06 sys=0.00, real=0.07 secs] 
2020-02-15T12:27:46.537+0800: 1383.969: [CMS-concurrent-preclean-start]
2020-02-15T12:27:46.539+0800: 1383.971: [CMS-concurrent-preclean: 0.002/0.002 secs] [Times: user=0.01 sys=0.00, real=0.00 secs] 
2020-02-15T12:27:46.539+0800: 1383.971: [CMS-concurrent-abortable-preclean-start]
 CMS: abort preclean due to time 2020-02-15T12:27:51.570+0800: 1389.003: [CMS-concurrent-abortable-preclean: 0.118/5.031 secs] [Times: user=0.14 sys=0.00, real=5.03 secs] 
2020-02-15T12:27:51.571+0800: 1389.003: [GC (CMS Final Remark) [YG occupancy: 17245 K (19648 K)]2020-02-15T12:27:51.571+0800: 1389.003: [Rescan (parallel) , 0.0131486 secs]2020-02-15T12:27:51.584+0800: 1389.016: [weak refs processing, 0.0002778 secs]2020-02-15T12:27:51.584+0800: 1389.016: [class unloading, 0.0139335 secs]2020-02-15T12:27:51.598+0800: 1389.030: [scrub symbol table, 0.0097370 secs]2020-02-15T12:27:51.608+0800: 1389.040: [scrub string table, 0.0010161 secs][1 CMS-remark: 37907K(43712K)] 55153K(63360K), 0.0383403 secs] [Times: user=0.03 sys=0.00, real=0.04 secs] 
2020-02-15T12:27:51.609+0800: 1389.041: Total time for which application threads were stopped: 0.0385028 seconds, Stopping threads took: 0.0000396 seconds
2020-02-15T12:27:51.609+0800: 1389.041: [CMS-concurrent-sweep-start]
2020-02-15T12:27:51.639+0800: 1389.071: [CMS-concurrent-sweep: 0.030/0.030 secs] [Times: user=0.02 sys=0.00, real=0.03 secs] 
2020-02-15T12:27:51.639+0800: 1389.071: [CMS-concurrent-reset-start]
2020-02-15T12:27:51.639+0800: 1389.072: [CMS-concurrent-reset: 0.000/0.000 secs] [Times: user=0.00 sys=0.00, real=0.00 secs] 
2020-02-15T12:27:51.820+0800: 1389.252: [GC (Allocation Failure) 2020-02-15T12:27:51.820+0800: 1389.252: [ParNew
Desired survivor size 1114112 bytes, new threshold 6 (max 6)
- age   1:      34856 bytes,      34856 total
- age   2:       3864 bytes,      38720 total
- age   3:       3848 bytes,      42568 total
- age   4:       1720 bytes,      44288 total
- age   5:        288 bytes,      44576 total
- age   6:       3032 bytes,      47608 total
: 17549K->49K(19648K), 0.0041415 secs] 55457K->37960K(63360K), 0.0042408 secs] [Times: user=0.00 sys=0.00, real=0.01 secs] 
2020-02-15T12:27:51.824+0800: 1389.256: Total time for which application threads were stopped: 0.0044566 seconds, Stopping threads took: 0.0000380 seconds
2020-02-15T12:27:51.827+0800: 1389.259: [GC (CMS Initial Mark) [1 CMS-initial-mark: 37910K(43712K)] 38298K(63360K), 0.0041368 secs] [Times: user=0.01 sys=0.00, real=0.00 secs] 
2020-02-15T12:27:51.831+0800: 1389.263: Total time for which application threads were stopped: 0.0042888 seconds, Stopping threads took: 0.0000234 seconds
2020-02-15T12:27:51.831+0800: 1389.263: [CMS-concurrent-mark-start]
2020-02-15T12:27:51.837+0800: 1389.269: Total time for which application threads were stopped: 0.0001333 seconds, Stopping threads took: 0.0000332 seconds
2020-02-15T12:27:51.837+0800: 1389.269: Total time for which application threads were stopped: 0.0000410 seconds, Stopping threads took: 0.0000084 seconds
2020-02-15T12:27:51.837+0800: 1389.269: Total time for which application threads were stopped: 0.0000369 seconds, Stopping threads took: 0.0000072 seconds
2020-02-15T12:27:51.903+0800: 1389.335: [CMS-concurrent-mark: 0.071/0.071 secs] [Times: user=0.07 sys=0.00, real=0.08 secs] 
2020-02-15T12:27:51.903+0800: 1389.335: [CMS-concurrent-preclean-start]
2020-02-15T12:27:51.905+0800: 1389.337: [CMS-concurrent-preclean: 0.002/0.002 secs] [Times: user=0.00 sys=0.00, real=0.00 secs] 
2020-02-15T12:27:51.905+0800: 1389.337: [GC (CMS Final Remark) [YG occupancy: 387 K (19648 K)]2020-02-15T12:27:51.905+0800: 1389.337: [Rescan (parallel) , 0.0027843 secs]2020-02-15T12:27:51.908+0800: 1389.340: [weak refs processing, 0.0002428 secs]2020-02-15T12:27:51.908+0800: 1389.340: [class unloading, 0.0138643 secs]2020-02-15T12:27:51.922+0800: 1389.354: [scrub symbol table, 0.0094095 secs]2020-02-15T12:27:51.932+0800: 1389.364: [scrub string table, 0.0011506 secs][1 CMS-remark: 37910K(43712K)] 38298K(63360K), 0.0276422 secs] [Times: user=0.03 sys=0.00, real=0.03 secs] 
2020-02-15T12:27:51.933+0800: 1389.365: Total time for which application threads were stopped: 0.0278132 seconds, Stopping threads took: 0.0000413 seconds
2020-02-15T12:27:51.933+0800: 1389.365: [CMS-concurrent-sweep-start]
2020-02-15T12:27:51.951+0800: 1389.383: [CMS-concurrent-sweep: 0.018/0.018 secs] [Times: user=0.02 sys=0.00, real=0.01 secs] 
2020-02-15T12:27:51.951+0800: 1389.383: [CMS-concurrent-reset-start]
2020-02-15T12:27:51.951+0800: 1389.383: [CMS-concurrent-reset: 0.000/0.000 secs] [Times: user=0.00 sys=0.00, real=0.00 secs] 
2020-02-15T12:27:53.950+0800: 1391.382: [GC (CMS Initial Mark) [1 CMS-initial-mark: 37910K(43712K)] 38374K(63360K), 0.0039688 secs] [Times: user=0.00 sys=0.00, real=0.01 secs] 
2020-02-15T12:27:53.954+0800: 1391.386: Total time for which application threads were stopped: 0.0041648 seconds, Stopping threads took: 0.0000411 seconds
2020-02-15T12:27:53.954+0800: 1391.386: [CMS-concurrent-mark-start]
2020-02-15T12:27:54.032+0800: 1391.464: [CMS-concurrent-mark: 0.078/0.078 secs] [Times: user=0.07 sys=0.00, real=0.08 secs] 
2020-02-15T12:27:54.032+0800: 1391.464: [CMS-concurrent-preclean-start]
2020-02-15T12:27:54.035+0800: 1391.467: [CMS-concurrent-preclean: 0.002/0.002 secs] [Times: user=0.00 sys=0.00, real=0.00 secs] 
2020-02-15T12:27:54.035+0800: 1391.467: [GC (CMS Final Remark) [YG occupancy: 463 K (19648 K)]2020-02-15T12:27:54.035+0800: 1391.467: [Rescan (parallel) , 0.0036026 secs]2020-02-15T12:27:54.038+0800: 1391.471: [weak refs processing, 0.0002792 secs]2020-02-15T12:27:54.039+0800: 1391.471: [class unloading, 0.0147656 secs]2020-02-15T12:27:54.054+0800: 1391.486: [scrub symbol table, 0.0110889 secs]2020-02-15T12:27:54.065+0800: 1391.497: [scrub string table, 0.0009873 secs][1 CMS-remark: 37910K(43712K)] 38374K(63360K), 0.0309374 secs] [Times: user=0.03 sys=0.00, real=0.03 secs] 
2020-02-15T12:27:54.066+0800: 1391.498: Total time for which application threads were stopped: 0.0311089 seconds, Stopping threads took: 0.0000433 seconds
2020-02-15T12:27:54.066+0800: 1391.498: [CMS-concurrent-sweep-start]
2020-02-15T12:27:54.084+0800: 1391.516: [CMS-concurrent-sweep: 0.018/0.018 secs] [Times: user=0.02 sys=0.00, real=0.02 secs] 
2020-02-15T12:27:54.084+0800: 1391.516: [CMS-concurrent-reset-start]
2020-02-15T12:27:54.084+0800: 1391.517: [CMS-concurrent-reset: 0.000/0.000 secs] [Times: user=0.00 sys=0.00, real=0.00 secs] 
2020-02-15T12:27:55.066+0800: 1392.498: Total time for which application threads were stopped: 0.0001772 seconds, Stopping threads took: 0.0000458 seconds
2020-02-15T12:27:56.084+0800: 1393.516: [GC (CMS Initial Mark) [1 CMS-initial-mark: 37910K(43712K)] 39632K(63360K), 0.0046990 secs] [Times: user=0.01 sys=0.00, real=0.00 secs] 
2020-02-15T12:27:56.089+0800: 1393.521: Total time for which application threads were stopped: 0.0049181 seconds, Stopping threads took: 0.0000451 seconds
2020-02-15T12:27:56.089+0800: 1393.521: [CMS-concurrent-mark-start]
2020-02-15T12:27:56.162+0800: 1393.594: [CMS-concurrent-mark: 0.073/0.073 secs] [Times: user=0.07 sys=0.00, real=0.08 secs] 
2020-02-15T12:27:56.162+0800: 1393.595: [CMS-concurrent-preclean-start]
2020-02-15T12:27:56.165+0800: 1393.597: [CMS-concurrent-preclean: 0.002/0.002 secs] [Times: user=0.00 sys=0.00, real=0.00 secs] 
2020-02-15T12:27:56.165+0800: 1393.597: [GC (CMS Final Remark) [YG occupancy: 1721 K (19648 K)]2020-02-15T12:27:56.165+0800: 1393.597: [Rescan (parallel) , 0.0034978 secs]2020-02-15T12:27:56.168+0800: 1393.601: [weak refs processing, 0.0002334 secs]2020-02-15T12:27:56.169+0800: 1393.601: [class unloading, 0.0141188 secs]2020-02-15T12:27:56.183+0800: 1393.615: [scrub symbol table, 0.0135367 secs]2020-02-15T12:27:56.196+0800: 1393.629: [scrub string table, 0.0010172 secs][1 CMS-remark: 37910K(43712K)] 39632K(63360K), 0.0325976 secs] [Times: user=0.03 sys=0.00, real=0.03 secs] 
2020-02-15T12:27:56.198+0800: 1393.630: Total time for which application threads were stopped: 0.0327586 seconds, Stopping threads took: 0.0000380 seconds
2020-02-15T12:27:56.198+0800: 1393.630: [CMS-concurrent-sweep-start]
2020-02-15T12:27:56.216+0800: 1393.648: [CMS-concurrent-sweep: 0.018/0.018 secs] [Times: user=0.02 sys=0.00, real=0.02 secs] 
2020-02-15T12:27:56.216+0800: 1393.648: [CMS-concurrent-reset-start]
2020-02-15T12:27:56.216+0800: 1393.648: [CMS-concurrent-reset: 0.000/0.000 secs] [Times: user=0.00 sys=0.00, real=0.00 secs] 
2020-02-15T12:27:58.215+0800: 1395.647: [GC (CMS Initial Mark) [1 CMS-initial-mark: 37910K(43712K)] 40371K(63360K), 0.0050449 secs] [Times: user=0.00 sys=0.00, real=0.00 secs] 
2020-02-15T12:27:58.220+0800: 1395.653: Total time for which application threads were stopped: 0.0052627 seconds, Stopping threads took: 0.0000432 seconds
2020-02-15T12:27:58.221+0800: 1395.653: [CMS-concurrent-mark-start]
2020-02-15T12:27:58.291+0800: 1395.723: [CMS-concurrent-mark: 0.071/0.071 secs] [Times: user=0.07 sys=0.00, real=0.07 secs] 
2020-02-15T12:27:58.291+0800: 1395.723: [CMS-concurrent-preclean-start]
2020-02-15T12:27:58.294+0800: 1395.726: [CMS-concurrent-preclean: 0.002/0.002 secs] [Times: user=0.01 sys=0.00, real=0.01 secs] 
2020-02-15T12:27:58.294+0800: 1395.726: [CMS-concurrent-abortable-preclean-start]
 CMS: abort preclean due to time 2020-02-15T12:28:03.325+0800: 1400.757: [CMS-concurrent-abortable-preclean: 0.123/5.031 secs] [Times: user=0.18 sys=0.00, real=5.03 secs] 
2020-02-15T12:28:03.325+0800: 1400.757: [GC (CMS Final Remark) [YG occupancy: 4115 K (19648 K)]2020-02-15T12:28:03.325+0800: 1400.757: [Rescan (parallel) , 0.0056478 secs]2020-02-15T12:28:03.331+0800: 1400.763: [weak refs processing, 0.0002744 secs]2020-02-15T12:28:03.331+0800: 1400.763: [class unloading, 0.0145584 secs]2020-02-15T12:28:03.346+0800: 1400.778: [scrub symbol table, 0.0118797 secs]2020-02-15T12:28:03.358+0800: 1400.790: [scrub string table, 0.0009975 secs][1 CMS-remark: 37910K(43712K)] 42026K(63360K), 0.0336215 secs] [Times: user=0.03 sys=0.00, real=0.03 secs] 
2020-02-15T12:28:03.359+0800: 1400.791: Total time for which application threads were stopped: 0.0338000 seconds, Stopping threads took: 0.0000428 seconds
2020-02-15T12:28:03.359+0800: 1400.791: [CMS-concurrent-sweep-start]
2020-02-15T12:28:03.378+0800: 1400.810: [CMS-concurrent-sweep: 0.019/0.019 secs] [Times: user=0.02 sys=0.00, real=0.02 secs] 
2020-02-15T12:28:03.378+0800: 1400.810: [CMS-concurrent-reset-start]
2020-02-15T12:28:03.378+0800: 1400.810: [CMS-concurrent-reset: 0.000/0.000 secs] [Times: user=0.00 sys=0.00, real=0.00 secs] 
2020-02-15T12:28:05.359+0800: 1402.791: Total time for which application threads were stopped: 0.0001771 seconds, Stopping threads took: 0.0000467 seconds
2020-02-15T12:28:05.378+0800: 1402.810: [GC (CMS Initial Mark) [1 CMS-initial-mark: 37910K(43712K)] 43174K(63360K), 0.0066812 secs] [Times: user=0.00 sys=0.00, real=0.01 secs] 
2020-02-15T12:28:05.384+0800: 1402.816: Total time for which application threads were stopped: 0.0068865 seconds, Stopping threads took: 0.0000561 seconds
2020-02-15T12:28:05.384+0800: 1402.816: [CMS-concurrent-mark-start]
2020-02-15T12:28:05.455+0800: 1402.887: [CMS-concurrent-mark: 0.071/0.071 secs] [Times: user=0.07 sys=0.00, real=0.07 secs] 
2020-02-15T12:28:05.455+0800: 1402.887: [CMS-concurrent-preclean-start]
2020-02-15T12:28:05.458+0800: 1402.890: [CMS-concurrent-preclean: 0.003/0.003 secs] [Times: user=0.01 sys=0.00, real=0.00 secs] 
2020-02-15T12:28:05.458+0800: 1402.890: [CMS-concurrent-abortable-preclean-start]
 CMS: abort preclean due to time 2020-02-15T12:28:10.488+0800: 1407.920: [CMS-concurrent-abortable-preclean: 0.125/5.030 secs] [Times: user=0.20 sys=0.00, real=5.03 secs] 
2020-02-15T12:28:10.488+0800: 1407.920: [GC (CMS Final Remark) [YG occupancy: 6775 K (19648 K)]2020-02-15T12:28:10.488+0800: 1407.920: [Rescan (parallel) , 0.0074793 secs]2020-02-15T12:28:10.496+0800: 1407.928: [weak refs processing, 0.0002585 secs]2020-02-15T12:28:10.496+0800: 1407.928: [class unloading, 0.0152909 secs]2020-02-15T12:28:10.511+0800: 1407.943: [scrub symbol table, 0.0114255 secs]2020-02-15T12:28:10.523+0800: 1407.955: [scrub string table, 0.0010300 secs][1 CMS-remark: 37910K(43712K)] 44685K(63360K), 0.0356931 secs] [Times: user=0.03 sys=0.00, real=0.04 secs] 
2020-02-15T12:28:10.524+0800: 1407.956: Total time for which application threads were stopped: 0.0358588 seconds, Stopping threads took: 0.0000382 seconds
2020-02-15T12:28:10.524+0800: 1407.956: [CMS-concurrent-sweep-start]
2020-02-15T12:28:10.543+0800: 1407.975: [CMS-concurrent-sweep: 0.018/0.018 secs] [Times: user=0.02 sys=0.00, real=0.02 secs] 
2020-02-15T12:28:10.543+0800: 1407.975: [CMS-concurrent-reset-start]
2020-02-15T12:28:10.543+0800: 1407.975: [CMS-concurrent-reset: 0.000/0.000 secs] [Times: user=0.00 sys=0.00, real=0.00 secs] 
2020-02-15T12:28:12.542+0800: 1409.974: [GC (CMS Initial Mark) [1 CMS-initial-mark: 37910K(43712K)] 45390K(63360K), 0.0081265 secs] [Times: user=0.01 sys=0.00, real=0.00 secs] 
2020-02-15T12:28:12.550+0800: 1409.982: Total time for which application threads were stopped: 0.0083530 seconds, Stopping threads took: 0.0000427 seconds
2020-02-15T12:28:12.550+0800: 1409.982: [CMS-concurrent-mark-start]
2020-02-15T12:28:12.623+0800: 1410.055: [CMS-concurrent-mark: 0.073/0.073 secs] [Times: user=0.07 sys=0.00, real=0.08 secs] 
2020-02-15T12:28:12.623+0800: 1410.055: [CMS-concurrent-preclean-start]
2020-02-15T12:28:12.626+0800: 1410.058: [CMS-concurrent-preclean: 0.002/0.002 secs] [Times: user=0.00 sys=0.00, real=0.00 secs] 
2020-02-15T12:28:12.626+0800: 1410.058: [CMS-concurrent-abortable-preclean-start]
2020-02-15T12:28:14.551+0800: 1411.983: Total time for which application threads were stopped: 0.0001486 seconds, Stopping threads took: 0.0000436 seconds
2020-02-15T12:28:15.551+0800: 1412.983: Total time for which application threads were stopped: 0.0001526 seconds, Stopping threads took: 0.0000444 seconds
 CMS: abort preclean due to time 2020-02-15T12:28:17.707+0800: 1415.139: [CMS-concurrent-abortable-preclean: 0.127/5.081 secs] [Times: user=0.17 sys=0.01, real=5.08 secs] 
2020-02-15T12:28:17.707+0800: 1415.139: [GC (CMS Final Remark) [YG occupancy: 9611 K (19648 K)]2020-02-15T12:28:17.707+0800: 1415.139: [Rescan (parallel) , 0.0080695 secs]2020-02-15T12:28:17.715+0800: 1415.147: [weak refs processing, 0.0002527 secs]2020-02-15T12:28:17.716+0800: 1415.148: [class unloading, 0.0150033 secs]2020-02-15T12:28:17.731+0800: 1415.163: [scrub symbol table, 0.0100104 secs]2020-02-15T12:28:17.741+0800: 1415.173: [scrub string table, 0.0010250 secs][1 CMS-remark: 37910K(43712K)] 47522K(63360K), 0.0345470 secs] [Times: user=0.03 sys=0.00, real=0.04 secs] 
2020-02-15T12:28:17.742+0800: 1415.174: Total time for which application threads were stopped: 0.0347316 seconds, Stopping threads took: 0.0000593 seconds
2020-02-15T12:28:17.742+0800: 1415.174: [CMS-concurrent-sweep-start]
2020-02-15T12:28:17.761+0800: 1415.193: [CMS-concurrent-sweep: 0.019/0.019 secs] [Times: user=0.02 sys=0.00, real=0.01 secs] 
2020-02-15T12:28:17.761+0800: 1415.193: [CMS-concurrent-reset-start]
2020-02-15T12:28:17.761+0800: 1415.193: [CMS-concurrent-reset: 0.000/0.000 secs] [Times: user=0.00 sys=0.00, real=0.00 secs] 
2020-02-15T12:28:19.760+0800: 1417.192: [GC (CMS Initial Mark) [1 CMS-initial-mark: 37910K(43712K)] 48015K(63360K), 0.0097098 secs] [Times: user=0.01 sys=0.00, real=0.01 secs] 
2020-02-15T12:28:19.770+0800: 1417.202: Total time for which application threads were stopped: 0.0099191 seconds, Stopping threads took: 0.0000443 seconds
2020-02-15T12:28:19.770+0800: 1417.202: [CMS-concurrent-mark-start]
2020-02-15T12:28:19.861+0800: 1417.293: [CMS-concurrent-mark: 0.091/0.091 secs] [Times: user=0.09 sys=0.00, real=0.09 secs] 
2020-02-15T12:28:19.861+0800: 1417.293: [CMS-concurrent-preclean-start]
2020-02-15T12:28:19.864+0800: 1417.296: [CMS-concurrent-preclean: 0.002/0.002 secs] [Times: user=0.01 sys=0.00, real=0.01 secs] 
2020-02-15T12:28:19.864+0800: 1417.296: [CMS-concurrent-abortable-preclean-start]
 CMS: abort preclean due to time 2020-02-15T12:28:24.895+0800: 1422.327: [CMS-concurrent-abortable-preclean: 0.122/5.031 secs] [Times: user=0.14 sys=0.01, real=5.03 secs] 
2020-02-15T12:28:24.895+0800: 1422.327: [GC (CMS Final Remark) [YG occupancy: 11812 K (19648 K)]2020-02-15T12:28:24.895+0800: 1422.327: [Rescan (parallel) , 0.0101098 secs]2020-02-15T12:28:24.905+0800: 1422.337: [weak refs processing, 0.0002797 secs]2020-02-15T12:28:24.906+0800: 1422.338: [class unloading, 0.0134145 secs]2020-02-15T12:28:24.919+0800: 1422.351: [scrub symbol table, 0.0093190 secs]2020-02-15T12:28:24.928+0800: 1422.361: [scrub string table, 0.0009818 secs][1 CMS-remark: 37910K(43712K)] 49723K(63360K), 0.0342453 secs] [Times: user=0.03 sys=0.00, real=0.03 secs] 
2020-02-15T12:28:24.930+0800: 1422.362: Total time for which application threads were stopped: 0.0344269 seconds, Stopping threads took: 0.0000464 seconds
2020-02-15T12:28:24.930+0800: 1422.362: [CMS-concurrent-sweep-start]
2020-02-15T12:28:24.948+0800: 1422.380: [CMS-concurrent-sweep: 0.018/0.018 secs] [Times: user=0.02 sys=0.00, real=0.02 secs] 
2020-02-15T12:28:24.948+0800: 1422.380: [CMS-concurrent-reset-start]
2020-02-15T12:28:24.948+0800: 1422.380: [CMS-concurrent-reset: 0.000/0.000 secs] [Times: user=0.00 sys=0.00, real=0.00 secs] 
2020-02-15T12:28:25.930+0800: 1423.362: Total time for which application threads were stopped: 0.0001750 seconds, Stopping threads took: 0.0000468 seconds
2020-02-15T12:28:26.948+0800: 1424.380: [GC (CMS Initial Mark) [1 CMS-initial-mark: 37910K(43712K)] 51166K(63360K), 0.0168013 secs] [Times: user=0.02 sys=0.00, real=0.02 secs] 
2020-02-15T12:28:26.965+0800: 1424.397: Total time for which application threads were stopped: 0.0170857 seconds, Stopping threads took: 0.0000512 seconds
2020-02-15T12:28:26.965+0800: 1424.397: [CMS-concurrent-mark-start]
2020-02-15T12:28:27.076+0800: 1424.508: [CMS-concurrent-mark: 0.111/0.111 secs] [Times: user=0.11 sys=0.00, real=0.11 secs] 
2020-02-15T12:28:27.076+0800: 1424.508: [CMS-concurrent-preclean-start]
2020-02-15T12:28:27.079+0800: 1424.511: [CMS-concurrent-preclean: 0.003/0.003 secs] [Times: user=0.00 sys=0.00, real=0.00 secs] 
2020-02-15T12:28:27.079+0800: 1424.511: [CMS-concurrent-abortable-preclean-start]
 CMS: abort preclean due to time 2020-02-15T12:28:32.114+0800: 1429.547: [CMS-concurrent-abortable-preclean: 0.125/5.035 secs] [Times: user=0.14 sys=0.00, real=5.04 secs] 
2020-02-15T12:28:32.115+0800: 1429.547: [GC (CMS Final Remark) [YG occupancy: 14477 K (19648 K)]2020-02-15T12:28:32.115+0800: 1429.547: [Rescan (parallel) , 0.0121909 secs]2020-02-15T12:28:32.127+0800: 1429.559: [weak refs processing, 0.0003203 secs]2020-02-15T12:28:32.127+0800: 1429.559: [class unloading, 0.0146982 secs]2020-02-15T12:28:32.142+0800: 1429.574: [scrub symbol table, 0.0112576 secs]2020-02-15T12:28:32.153+0800: 1429.585: [scrub string table, 0.0010151 secs][1 CMS-remark: 37910K(43712K)] 52388K(63360K), 0.0397146 secs] [Times: user=0.04 sys=0.00, real=0.04 secs] 
2020-02-15T12:28:32.155+0800: 1429.587: Total time for which application threads were stopped: 0.0398738 seconds, Stopping threads took: 0.0000403 seconds
2020-02-15T12:28:32.155+0800: 1429.587: [CMS-concurrent-sweep-start]
2020-02-15T12:28:32.174+0800: 1429.606: [CMS-concurrent-sweep: 0.019/0.019 secs] [Times: user=0.01 sys=0.00, real=0.02 secs] 
2020-02-15T12:28:32.174+0800: 1429.606: [CMS-concurrent-reset-start]
2020-02-15T12:28:32.174+0800: 1429.606: [CMS-concurrent-reset: 0.000/0.000 secs] [Times: user=0.00 sys=0.00, real=0.00 secs] 
2020-02-15T12:28:34.173+0800: 1431.605: [GC (CMS Initial Mark) [1 CMS-initial-mark: 37910K(43712K)] 52767K(63360K), 0.0190412 secs] [Times: user=0.02 sys=0.00, real=0.02 secs] 
2020-02-15T12:28:34.192+0800: 1431.624: Total time for which application threads were stopped: 0.0193281 seconds, Stopping threads took: 0.0000631 seconds
2020-02-15T12:28:34.192+0800: 1431.625: [CMS-concurrent-mark-start]
2020-02-15T12:28:34.299+0800: 1431.731: [CMS-concurrent-mark: 0.106/0.106 secs] [Times: user=0.10 sys=0.00, real=0.10 secs] 
2020-02-15T12:28:34.299+0800: 1431.731: [CMS-concurrent-preclean-start]
2020-02-15T12:28:34.301+0800: 1431.733: [CMS-concurrent-preclean: 0.002/0.002 secs] [Times: user=0.00 sys=0.00, real=0.00 secs] 
2020-02-15T12:28:34.301+0800: 1431.733: [CMS-concurrent-abortable-preclean-start]
2020-02-15T12:28:37.193+0800: 1434.625: Total time for which application threads were stopped: 0.0001715 seconds, Stopping threads took: 0.0000410 seconds
2020-02-15T12:28:39.193+0800: 1436.625: Total time for which application threads were stopped: 0.0001550 seconds, Stopping threads took: 0.0000455 seconds
 CMS: abort preclean due to time 2020-02-15T12:28:39.401+0800: 1436.833: [CMS-concurrent-abortable-preclean: 0.132/5.100 secs] [Times: user=0.17 sys=0.00, real=5.10 secs] 
2020-02-15T12:28:39.401+0800: 1436.833: [GC (CMS Final Remark) [YG occupancy: 16875 K (19648 K)]2020-02-15T12:28:39.401+0800: 1436.833: [Rescan (parallel) , 0.0125984 secs]2020-02-15T12:28:39.414+0800: 1436.846: [weak refs processing, 0.0002479 secs]2020-02-15T12:28:39.414+0800: 1436.846: [class unloading, 0.0139975 secs]2020-02-15T12:28:39.428+0800: 1436.860: [scrub symbol table, 0.0094144 secs]2020-02-15T12:28:39.437+0800: 1436.869: [scrub string table, 0.0010106 secs][1 CMS-remark: 37910K(43712K)] 54786K(63360K), 0.0374552 secs] [Times: user=0.04 sys=0.00, real=0.04 secs] 
2020-02-15T12:28:39.438+0800: 1436.870: Total time for which application threads were stopped: 0.0376114 seconds, Stopping threads took: 0.0000416 seconds
2020-02-15T12:28:39.439+0800: 1436.871: [CMS-concurrent-sweep-start]
2020-02-15T12:28:39.457+0800: 1436.889: [CMS-concurrent-sweep: 0.018/0.018 secs] [Times: user=0.01 sys=0.00, real=0.02 secs] 
2020-02-15T12:28:39.457+0800: 1436.889: [CMS-concurrent-reset-start]
2020-02-15T12:28:39.457+0800: 1436.889: [CMS-concurrent-reset: 0.000/0.000 secs] [Times: user=0.00 sys=0.00, real=0.00 secs] 
2020-02-15T12:28:40.439+0800: 1437.871: Total time for which application threads were stopped: 0.0002167 seconds, Stopping threads took: 0.0000719 seconds
2020-02-15T12:28:41.322+0800: 1438.754: [GC (Allocation Failure) 2020-02-15T12:28:41.322+0800: 1438.755: [ParNew
Desired survivor size 1114112 bytes, new threshold 6 (max 6)
- age   1:     100192 bytes,     100192 total
- age   2:       1000 bytes,     101192 total
- age   3:       3864 bytes,     105056 total
- age   4:       3848 bytes,     108904 total
- age   5:       1720 bytes,     110624 total
- age   6:        288 bytes,     110912 total
: 17521K->145K(19648K), 0.0045741 secs] 55432K->38059K(63360K), 0.0046495 secs] [Times: user=0.01 sys=0.00, real=0.00 secs] 
2020-02-15T12:28:41.327+0800: 1438.759: Total time for which application threads were stopped: 0.0049012 seconds, Stopping threads took: 0.0000376 seconds
2020-02-15T12:28:41.328+0800: 1438.760: [GC (CMS Initial Mark) [1 CMS-initial-mark: 37913K(43712K)] 38185K(63360K), 0.0026984 secs] [Times: user=0.00 sys=0.00, real=0.00 secs] 
2020-02-15T12:28:41.330+0800: 1438.763: Total time for which application threads were stopped: 0.0027841 seconds, Stopping threads took: 0.0000145 seconds
2020-02-15T12:28:41.331+0800: 1438.763: [CMS-concurrent-mark-start]
2020-02-15T12:28:41.336+0800: 1438.768: Total time for which application threads were stopped: 0.0000594 seconds, Stopping threads took: 0.0000143 seconds
2020-02-15T12:28:41.413+0800: 1438.845: [CMS-concurrent-mark: 0.082/0.082 secs] [Times: user=0.07 sys=0.00, real=0.09 secs] 
2020-02-15T12:28:41.413+0800: 1438.845: [CMS-concurrent-preclean-start]
2020-02-15T12:28:41.417+0800: 1438.849: [CMS-concurrent-preclean: 0.005/0.005 secs] [Times: user=0.00 sys=0.00, real=0.00 secs] 
2020-02-15T12:28:41.418+0800: 1438.850: [GC (CMS Final Remark) [YG occupancy: 271 K (19648 K)]2020-02-15T12:28:41.418+0800: 1438.850: [Rescan (parallel) , 0.0078887 secs]2020-02-15T12:28:41.426+0800: 1438.858: [weak refs processing, 0.0002468 secs]2020-02-15T12:28:41.426+0800: 1438.858: [class unloading, 0.0179687 secs]2020-02-15T12:28:41.444+0800: 1438.876: [scrub symbol table, 0.0093878 secs]2020-02-15T12:28:41.453+0800: 1438.885: [scrub string table, 0.0009760 secs][1 CMS-remark: 37913K(43712K)] 38185K(63360K), 0.0366289 secs] [Times: user=0.03 sys=0.00, real=0.04 secs] 
2020-02-15T12:28:41.454+0800: 1438.886: Total time for which application threads were stopped: 0.0367883 seconds, Stopping threads took: 0.0000368 seconds
2020-02-15T12:28:41.454+0800: 1438.887: [CMS-concurrent-sweep-start]
2020-02-15T12:28:41.480+0800: 1438.912: [CMS-concurrent-sweep: 0.025/0.025 secs] [Times: user=0.01 sys=0.00, real=0.02 secs] 
2020-02-15T12:28:41.480+0800: 1438.912: [CMS-concurrent-reset-start]
2020-02-15T12:28:41.480+0800: 1438.912: [CMS-concurrent-reset: 0.000/0.000 secs] [Times: user=0.00 sys=0.00, real=0.00 secs] 
2020-02-15T12:28:43.479+0800: 1440.912: [GC (CMS Initial Mark) [1 CMS-initial-mark: 37912K(43712K)] 38741K(63360K), 0.0040122 secs] [Times: user=0.01 sys=0.00, real=0.01 secs] 
2020-02-15T12:28:43.483+0800: 1440.916: Total time for which application threads were stopped: 0.0041865 seconds, Stopping threads took: 0.0000573 seconds
2020-02-15T12:28:43.484+0800: 1440.916: [CMS-concurrent-mark-start]
2020-02-15T12:28:43.553+0800: 1440.985: [CMS-concurrent-mark: 0.070/0.070 secs] [Times: user=0.07 sys=0.00, real=0.07 secs] 
2020-02-15T12:28:43.553+0800: 1440.985: [CMS-concurrent-preclean-start]
2020-02-15T12:28:43.556+0800: 1440.988: [CMS-concurrent-preclean: 0.002/0.002 secs] [Times: user=0.00 sys=0.00, real=0.00 secs] 
2020-02-15T12:28:43.556+0800: 1440.988: [GC (CMS Final Remark) [YG occupancy: 835 K (19648 K)]2020-02-15T12:28:43.556+0800: 1440.988: [Rescan (parallel) , 0.0023772 secs]2020-02-15T12:28:43.558+0800: 1440.990: [weak refs processing, 0.0002629 secs]2020-02-15T12:28:43.558+0800: 1440.990: [class unloading, 0.0142641 secs]2020-02-15T12:28:43.573+0800: 1441.005: [scrub symbol table, 0.0088679 secs]2020-02-15T12:28:43.582+0800: 1441.014: [scrub string table, 0.0017384 secs][1 CMS-remark: 37912K(43712K)] 38747K(63360K), 0.0280759 secs] [Times: user=0.02 sys=0.00, real=0.03 secs] 
2020-02-15T12:28:43.584+0800: 1441.016: Total time for which application threads were stopped: 0.0282233 seconds, Stopping threads took: 0.0000371 seconds
2020-02-15T12:28:43.590+0800: 1441.022: [CMS-concurrent-sweep-start]
2020-02-15T12:28:43.624+0800: 1441.056: [CMS-concurrent-sweep: 0.034/0.034 secs] [Times: user=0.03 sys=0.00, real=0.04 secs] 
2020-02-15T12:28:43.624+0800: 1441.056: [CMS-concurrent-reset-start]
2020-02-15T12:28:43.624+0800: 1441.057: [CMS-concurrent-reset: 0.000/0.000 secs] [Times: user=0.00 sys=0.00, real=0.00 secs] 
2020-02-15T12:28:44.584+0800: 1442.016: Total time for which application threads were stopped: 0.0002018 seconds, Stopping threads took: 0.0000451 seconds
2020-02-15T12:28:45.584+0800: 1443.016: Total time for which application threads were stopped: 0.0001408 seconds, Stopping threads took: 0.0000445 seconds
2020-02-15T12:28:45.625+0800: 1443.057: [GC (CMS Initial Mark) [1 CMS-initial-mark: 37912K(43712K)] 40203K(63360K), 0.0055656 secs] [Times: user=0.01 sys=0.00, real=0.00 secs] 
2020-02-15T12:28:45.630+0800: 1443.062: Total time for which application threads were stopped: 0.0057576 seconds, Stopping threads took: 0.0000514 seconds
2020-02-15T12:28:45.630+0800: 1443.062: [CMS-concurrent-mark-start]
2020-02-15T12:28:45.701+0800: 1443.133: [CMS-concurrent-mark: 0.071/0.071 secs] [Times: user=0.07 sys=0.00, real=0.07 secs] 
2020-02-15T12:28:45.701+0800: 1443.133: [CMS-concurrent-preclean-start]
2020-02-15T12:28:45.704+0800: 1443.136: [CMS-concurrent-preclean: 0.002/0.002 secs] [Times: user=0.00 sys=0.00, real=0.01 secs] 
2020-02-15T12:28:45.704+0800: 1443.136: [CMS-concurrent-abortable-preclean-start]
 CMS: abort preclean due to time 2020-02-15T12:28:50.736+0800: 1448.169: [CMS-concurrent-abortable-preclean: 0.122/5.033 secs] [Times: user=0.14 sys=0.00, real=5.03 secs] 
2020-02-15T12:28:50.737+0800: 1448.169: [GC (CMS Final Remark) [YG occupancy: 3816 K (19648 K)]2020-02-15T12:28:50.737+0800: 1448.169: [Rescan (parallel) , 0.0062239 secs]2020-02-15T12:28:50.743+0800: 1448.175: [weak refs processing, 0.0002806 secs]2020-02-15T12:28:50.743+0800: 1448.175: [class unloading, 0.0148496 secs]2020-02-15T12:28:50.758+0800: 1448.190: [scrub symbol table, 0.0131900 secs]2020-02-15T12:28:50.771+0800: 1448.204: [scrub string table, 0.0010220 secs][1 CMS-remark: 37912K(43712K)] 41728K(63360K), 0.0358052 secs] [Times: user=0.03 sys=0.00, real=0.04 secs] 
2020-02-15T12:28:50.773+0800: 1448.205: Total time for which application threads were stopped: 0.0360646 seconds, Stopping threads took: 0.0000556 seconds
2020-02-15T12:28:50.773+0800: 1448.205: [CMS-concurrent-sweep-start]
2020-02-15T12:28:50.792+0800: 1448.224: [CMS-concurrent-sweep: 0.019/0.019 secs] [Times: user=0.02 sys=0.00, real=0.02 secs] 
2020-02-15T12:28:50.792+0800: 1448.224: [CMS-concurrent-reset-start]
2020-02-15T12:28:50.792+0800: 1448.224: [CMS-concurrent-reset: 0.000/0.000 secs] [Times: user=0.00 sys=0.00, real=0.00 secs] 
2020-02-15T12:28:51.773+0800: 1449.205: Total time for which application threads were stopped: 0.0001534 seconds, Stopping threads took: 0.0000437 seconds
2020-02-15T12:28:52.791+0800: 1450.223: [GC (CMS Initial Mark) [1 CMS-initial-mark: 37912K(43712K)] 42485K(63360K), 0.0059266 secs] [Times: user=0.00 sys=0.00, real=0.01 secs] 
2020-02-15T12:28:52.797+0800: 1450.229: Total time for which application threads were stopped: 0.0060938 seconds, Stopping threads took: 0.0000530 seconds
2020-02-15T12:28:52.797+0800: 1450.229: [CMS-concurrent-mark-start]
2020-02-15T12:28:52.868+0800: 1450.301: [CMS-concurrent-mark: 0.071/0.071 secs] [Times: user=0.07 sys=0.00, real=0.07 secs] 
2020-02-15T12:28:52.868+0800: 1450.301: [CMS-concurrent-preclean-start]
2020-02-15T12:28:52.871+0800: 1450.303: [CMS-concurrent-preclean: 0.003/0.003 secs] [Times: user=0.00 sys=0.00, real=0.00 secs] 
2020-02-15T12:28:52.871+0800: 1450.303: [CMS-concurrent-abortable-preclean-start]
 CMS: abort preclean due to time 2020-02-15T12:28:57.930+0800: 1455.362: [CMS-concurrent-abortable-preclean: 0.119/5.059 secs] [Times: user=0.14 sys=0.00, real=5.06 secs] 
2020-02-15T12:28:57.931+0800: 1455.363: [GC (CMS Final Remark) [YG occupancy: 6583 K (19648 K)]2020-02-15T12:28:57.931+0800: 1455.363: [Rescan (parallel) , 0.0069412 secs]2020-02-15T12:28:57.938+0800: 1455.370: [weak refs processing, 0.0002678 secs]2020-02-15T12:28:57.938+0800: 1455.370: [class unloading, 0.0500674 secs]2020-02-15T12:28:57.988+0800: 1455.420: [scrub symbol table, 0.0332458 secs]2020-02-15T12:28:58.021+0800: 1455.454: [scrub string table, 0.0009568 secs][1 CMS-remark: 37912K(43712K)] 44495K(63360K), 0.0916757 secs] [Times: user=0.04 sys=0.00, real=0.10 secs] 
2020-02-15T12:28:58.023+0800: 1455.455: Total time for which application threads were stopped: 0.0918284 seconds, Stopping threads took: 0.0000364 seconds
2020-02-15T12:28:58.023+0800: 1455.455: [CMS-concurrent-sweep-start]
2020-02-15T12:28:58.058+0800: 1455.490: [CMS-concurrent-sweep: 0.035/0.035 secs] [Times: user=0.02 sys=0.00, real=0.03 secs] 
2020-02-15T12:28:58.058+0800: 1455.490: [CMS-concurrent-reset-start]
2020-02-15T12:28:58.058+0800: 1455.490: [CMS-concurrent-reset: 0.000/0.000 secs] [Times: user=0.00 sys=0.00, real=0.00 secs] 
2020-02-15T12:29:00.061+0800: 1457.493: [GC (CMS Initial Mark) [1 CMS-initial-mark: 37912K(43712K)] 45209K(63360K), 0.0074980 secs] [Times: user=0.01 sys=0.00, real=0.01 secs] 
2020-02-15T12:29:00.068+0800: 1457.500: Total time for which application threads were stopped: 0.0077370 seconds, Stopping threads took: 0.0000427 seconds
2020-02-15T12:29:00.068+0800: 1457.500: [CMS-concurrent-mark-start]
2020-02-15T12:29:00.362+0800: 1457.795: [CMS-concurrent-mark: 0.294/0.294 secs] [Times: user=0.07 sys=0.00, real=0.30 secs] 
2020-02-15T12:29:00.363+0800: 1457.795: [CMS-concurrent-preclean-start]
2020-02-15T12:29:00.365+0800: 1457.797: [CMS-concurrent-preclean: 0.002/0.002 secs] [Times: user=0.01 sys=0.00, real=0.00 secs] 
2020-02-15T12:29:00.365+0800: 1457.797: [CMS-concurrent-abortable-preclean-start]
 CMS: abort preclean due to time 2020-02-15T12:29:05.400+0800: 1462.832: [CMS-concurrent-abortable-preclean: 0.118/5.035 secs] [Times: user=0.13 sys=0.00, real=5.03 secs] 
2020-02-15T12:29:05.400+0800: 1462.832: [GC (CMS Final Remark) [YG occupancy: 9392 K (19648 K)]2020-02-15T12:29:05.400+0800: 1462.832: [Rescan (parallel) , 0.0198200 secs]2020-02-15T12:29:05.420+0800: 1462.852: [weak refs processing, 0.0002778 secs]2020-02-15T12:29:05.420+0800: 1462.853: [class unloading, 0.0521508 secs]2020-02-15T12:29:05.473+0800: 1462.905: [scrub symbol table, 0.0263353 secs]2020-02-15T12:29:05.499+0800: 1462.931: [scrub string table, 0.0169200 secs][1 CMS-remark: 37912K(43712K)] 47304K(63360K), 0.1157749 secs] [Times: user=0.04 sys=0.00, real=0.12 secs] 
2020-02-15T12:29:05.516+0800: 1462.948: Total time for which application threads were stopped: 0.1159392 seconds, Stopping threads took: 0.0000372 seconds
2020-02-15T12:29:05.516+0800: 1462.948: [CMS-concurrent-sweep-start]
2020-02-15T12:29:05.549+0800: 1462.981: [CMS-concurrent-sweep: 0.033/0.033 secs] [Times: user=0.02 sys=0.00, real=0.03 secs] 
2020-02-15T12:29:05.549+0800: 1462.981: [CMS-concurrent-reset-start]
2020-02-15T12:29:05.549+0800: 1462.981: [CMS-concurrent-reset: 0.000/0.000 secs] [Times: user=0.00 sys=0.00, real=0.00 secs] 
2020-02-15T12:29:07.549+0800: 1464.981: [GC (CMS Initial Mark) [1 CMS-initial-mark: 37912K(43712K)] 48041K(63360K), 0.0122066 secs] [Times: user=0.01 sys=0.00, real=0.01 secs] 
2020-02-15T12:29:07.561+0800: 1464.993: Total time for which application threads were stopped: 0.0124070 seconds, Stopping threads took: 0.0000391 seconds
2020-02-15T12:29:07.561+0800: 1464.993: [CMS-concurrent-mark-start]
2020-02-15T12:29:07.804+0800: 1465.236: [CMS-concurrent-mark: 0.243/0.243 secs] [Times: user=0.07 sys=0.00, real=0.25 secs] 
2020-02-15T12:29:07.804+0800: 1465.236: [CMS-concurrent-preclean-start]
2020-02-15T12:29:07.807+0800: 1465.239: [CMS-concurrent-preclean: 0.002/0.002 secs] [Times: user=0.01 sys=0.00, real=0.00 secs] 
2020-02-15T12:29:07.807+0800: 1465.239: [CMS-concurrent-abortable-preclean-start]
 CMS: abort preclean due to time 2020-02-15T12:29:12.871+0800: 1470.303: [CMS-concurrent-abortable-preclean: 0.115/5.065 secs] [Times: user=0.13 sys=0.01, real=5.06 secs] 
2020-02-15T12:29:12.872+0800: 1470.304: [GC (CMS Final Remark) [YG occupancy: 11535 K (19648 K)]2020-02-15T12:29:12.872+0800: 1470.304: [Rescan (parallel) , 0.0391319 secs]2020-02-15T12:29:12.911+0800: 1470.343: [weak refs processing, 0.0003912 secs]2020-02-15T12:29:12.911+0800: 1470.343: [class unloading, 0.0529183 secs]2020-02-15T12:29:12.964+0800: 1470.396: [scrub symbol table, 0.0508134 secs]2020-02-15T12:29:13.015+0800: 1470.447: [scrub string table, 0.0116489 secs][1 CMS-remark: 37912K(43712K)] 49448K(63360K), 0.1552081 secs] [Times: user=0.05 sys=0.00, real=0.15 secs] 
2020-02-15T12:29:13.027+0800: 1470.459: Total time for which application threads were stopped: 0.1554098 seconds, Stopping threads took: 0.0000467 seconds
2020-02-15T12:29:13.027+0800: 1470.459: [CMS-concurrent-sweep-start]
2020-02-15T12:29:13.114+0800: 1470.546: [CMS-concurrent-sweep: 0.087/0.087 secs] [Times: user=0.03 sys=0.00, real=0.09 secs] 
2020-02-15T12:29:13.114+0800: 1470.546: [CMS-concurrent-reset-start]
2020-02-15T12:29:13.115+0800: 1470.547: [CMS-concurrent-reset: 0.000/0.000 secs] [Times: user=0.00 sys=0.00, real=0.00 secs] 
2020-02-15T12:29:15.116+0800: 1472.548: [GC (CMS Initial Mark) [1 CMS-initial-mark: 37912K(43712K)] 50263K(63360K), 0.0207808 secs] [Times: user=0.01 sys=0.00, real=0.02 secs] 
2020-02-15T12:29:15.137+0800: 1472.569: Total time for which application threads were stopped: 0.0210282 seconds, Stopping threads took: 0.0000464 seconds
2020-02-15T12:29:15.138+0800: 1472.570: [CMS-concurrent-mark-start]
2020-02-15T12:29:15.295+0800: 1472.727: [CMS-concurrent-mark: 0.157/0.157 secs] [Times: user=0.08 sys=0.00, real=0.16 secs] 
2020-02-15T12:29:15.295+0800: 1472.727: [CMS-concurrent-preclean-start]
2020-02-15T12:29:15.306+0800: 1472.738: [CMS-concurrent-preclean: 0.011/0.011 secs] [Times: user=0.00 sys=0.00, real=0.01 secs] 
2020-02-15T12:29:15.306+0800: 1472.738: [CMS-concurrent-abortable-preclean-start]
 CMS: abort preclean due to time 2020-02-15T12:29:20.358+0800: 1477.809: [CMS-concurrent-abortable-preclean: 0.117/5.053 secs] [Times: user=0.13 sys=0.00, real=5.07 secs] 
2020-02-15T12:29:20.377+0800: 1477.809: [GC (CMS Final Remark) [YG occupancy: 14246 K (19648 K)]2020-02-15T12:29:20.377+0800: 1477.809: [Rescan (parallel) , 0.0125593 secs]2020-02-15T12:29:20.390+0800: 1477.822: [weak refs processing, 0.0002741 secs]2020-02-15T12:29:20.390+0800: 1477.822: [class unloading, 0.0260990 secs]2020-02-15T12:29:20.416+0800: 1477.848: [scrub symbol table, 0.0172690 secs]2020-02-15T12:29:20.433+0800: 1477.865: [scrub string table, 0.0010147 secs][1 CMS-remark: 37912K(43712K)] 52158K(63360K), 0.0574770 secs] [Times: user=0.04 sys=0.00, real=0.06 secs] 
2020-02-15T12:29:20.434+0800: 1477.867: Total time for which application threads were stopped: 0.0576552 seconds, Stopping threads took: 0.0000540 seconds
2020-02-15T12:29:20.438+0800: 1477.870: [CMS-concurrent-sweep-start]
2020-02-15T12:29:20.478+0800: 1477.910: [CMS-concurrent-sweep: 0.022/0.022 secs] [Times: user=0.02 sys=0.00, real=0.04 secs] 
2020-02-15T12:29:20.478+0800: 1477.911: [CMS-concurrent-reset-start]
2020-02-15T12:29:20.479+0800: 1477.911: [CMS-concurrent-reset: 0.000/0.000 secs] [Times: user=0.00 sys=0.00, real=0.00 secs] 
2020-02-15T12:29:24.420+0800: 1481.872: [GC (CMS Initial Mark) [1 CMS-initial-mark: 37912K(43712K)] 52544K(63360K), 0.1957856 secs] [Times: user=0.02 sys=0.00, real=0.20 secs] 
2020-02-15T12:29:24.616+0800: 1482.048: Total time for which application threads were stopped: 0.2305383 seconds, Stopping threads took: 0.0344456 seconds
2020-02-15T12:29:24.616+0800: 1482.048: [CMS-concurrent-mark-start]
2020-02-15T12:29:24.742+0800: 1482.174: [CMS-concurrent-mark: 0.126/0.126 secs] [Times: user=0.11 sys=0.00, real=0.13 secs] 
2020-02-15T12:29:24.742+0800: 1482.174: [CMS-concurrent-preclean-start]
2020-02-15T12:29:24.757+0800: 1482.189: [CMS-concurrent-preclean: 0.015/0.015 secs] [Times: user=0.00 sys=0.00, real=0.01 secs] 
